[1;34m[02:51:52][0m 运行 A（async-ping）--delay-us 500 --duration-sec 60 --progress-sec 0 --json /home/ec2-user/dpdk-async-ping/logs/ab-20261001-025146/A-1.json  → /home/ec2-user/dpdk-async-ping/logs/A-20261001-025152.log
EAL: No free 1048576 kB hugepages reported on node 0
ENA_DRIVER: ena_get_metrics_entries(): 0x6 customer metrics are supported
ENA_DRIVER: ena_rx_queue_release(): Rx queue 0:0 released
ENA_DRIVER: ena_tx_queue_release(): Tx queue 0:0 released

==================== A · async-ping（自研 rt runtime） ====================
sessions 64  delay 500 µs  duration 60 s (实际 60.00 s)  payload 64 B  timeout 10000 µs  TSC 2.600 GHz
sent 5643717  received 5643717  timeouts 0  late 0  in-flight-at-end 0  unexpected 0  foreign 1  tsc-mismatch 0  other 0  arp-replied 0  tx-full 0  no-mbuf 0
对账：sent − received − timeouts − in-flight = 0（应为 0）；丢包 = timeouts = 0（其中 0 个迟到收到）
收包对账：rx 5643718 − (received + late + unexpected + foreign + other + arp) = 0（应为 0）

metric (ns)                       count      min     mean      p50      p90      p99    p99.9   p99.99        max
in-process ①+②  [排名指标]          5643717       60      197      180      250      360      460      601      15820
seg① send  T1−T0                5643717       40       55       50       60       80      180      300      14250
seg② recv  T3−T2                5643717       20      142      130      190      300      401      530      15770
end-to-end T3−T0                5643717    52470   180233   161083   248123   252849   256000   263876     323360
seg③ wake→next T0               5643717       30      137       70      320      721     1141     1560      13090
sleep error                     5643717        0       37       10      110      290      803     2664      21810
deadline→next T0 (误差+③)         5643717       30      175       70      429      803     1332     3212      22260
  (诊断) seg① 距上次发送<100ns               0        0        0        0        0        0        0        0          0
  (诊断) seg① 100–250ns                13       60       63       60       70       70       70       70         70
  (诊断) seg① 250–500ns           1570988       40       55       50       60      160      210      310       3760
  (诊断) seg① 500ns–2µs           2983186       40       54       50       60       70      170      290      14250
  (诊断) seg① ≥2µs                1089530       40       55       50       60       70      170      290       3700
  (诊断) 维护: rte_timer_manage      599896       20       25       20       30       30       40      721       3320
  (诊断) 维护: 整个节拍                  599896       50      286       60      740     1221     1449     1704      32750

rx_burst 包数分布（非空 burst）：1:77.00%  2:18.85%  3:3.72%  4:0.43%  其余更大的 burst 共 105 次（最大一次 32 个包）
主循环被外部打断：空轮询 > 1 µs 共 12957 次（累计 38.0 ms，最长 100.2 µs）；取包前 > 10 µs 共 22 次（累计 0.4 ms，最长 87.6 µs）
port: ipackets 5643718  opackets 5643823  imissed 0  ierrors 0  oerrors 0  rx_nombuf 0
AWS allowance（本次运行增量）：bw_in_allowance_exceeded=0  bw_out_allowance_exceeded=0  pps_allowance_exceeded=0  conntrack_allowance_exceeded=0  linklocal_allowance_exceeded=0
mbuf：pool 8191，初值 avail 8191（端口启动后 7168），关停后 avail 8191 → 泄漏 0 ✔
退出原因：到达 --duration-sec，停止发送并等在途请求收尾
异常包明细（最多 16 条）：
  [tsc 152600941243114] foreign：来自 13.214.173.166 的 echo reply（不是对端），id=16509 seq=14618，已丢弃
[1;34m[02:52:53][0m 退出码 0；报告：（由调用者指定）
