[1;34m[02:55:58][0m 运行 A（async-ping）--delay-us 500 --duration-sec 60 --progress-sec 0 --json /home/ec2-user/dpdk-async-ping/logs/ab-20261001-025146/A-3.json  → /home/ec2-user/dpdk-async-ping/logs/A-20261001-025558.log
EAL: No free 1048576 kB hugepages reported on node 0
ENA_DRIVER: ena_get_metrics_entries(): 0x6 customer metrics are supported
ENA_DRIVER: ena_rx_queue_release(): Rx queue 0:0 released
ENA_DRIVER: ena_tx_queue_release(): Tx queue 0:0 released

==================== A · async-ping（自研 rt runtime） ====================
sessions 64  delay 500 µs  duration 60 s (实际 60.00 s)  payload 64 B  timeout 10000 µs  TSC 2.600 GHz
sent 5806932  received 5806932  timeouts 0  late 0  in-flight-at-end 0  unexpected 0  foreign 0  tsc-mismatch 0  other 0  arp-replied 1  tx-full 0  no-mbuf 0
对账：sent − received − timeouts − in-flight = 0（应为 0）；丢包 = timeouts = 0（其中 0 个迟到收到）
收包对账：rx 5806933 − (received + late + unexpected + foreign + other + arp) = 0（应为 0）

metric (ns)                       count      min     mean      p50      p90      p99    p99.9   p99.99        max
in-process ①+②  [排名指标]          5806932       60      197      180      250      360      469      601      15850
seg① send  T1−T0                5806932       40       55       50       60       80      180      300       4130
seg② recv  T3−T2                5806932       20      142      130      190      300      410      521      15800
end-to-end T3−T0                5806932    53350   161099   158720   230793   235520   249698   295384     362210
seg③ wake→next T0               5806932       40      140       70      330      730     1147     1827       7620
sleep error                     5806932        0       40       10      110      360      950     2775      86520
deadline→next T0 (误差+③)         5806932       40      179       70      429      870     1680     3310      86900
  (诊断) seg① 距上次发送<100ns               0        0        0        0        0        0        0        0          0
  (诊断) seg① 100–250ns                19       60       70       60       70      170      170      170        170
  (诊断) seg① 250–500ns           1603451       40       56       50       60      160      230      320       4060
  (诊断) seg① 500ns–2µs           2912477       40       54       50       60       70      170      280       4060
  (诊断) seg① ≥2µs                1290985       40       55       50       60       70      170      280       4130
  (诊断) 维护: rte_timer_manage      599892       20       25       20       30       30       40      852       3150
  (诊断) 维护: 整个节拍                  599892       50      303      210      790     1110     1289     1815      11770

rx_burst 包数分布（非空 burst）：1:77.88%  2:17.61%  3:3.82%  4:0.69%  其余更大的 burst 共 140 次（最大一次 14 个包）
主循环被外部打断：空轮询 > 1 µs 共 12797 次（累计 37.5 ms，最长 87.0 µs）；取包前 > 10 µs 共 10 次（累计 0.2 ms，最长 49.2 µs）
port: ipackets 5806933  opackets 5807039  imissed 0  ierrors 0  oerrors 0  rx_nombuf 0
AWS allowance（本次运行增量）：bw_in_allowance_exceeded=0  bw_out_allowance_exceeded=0  pps_allowance_exceeded=0  conntrack_allowance_exceeded=0  linklocal_allowance_exceeded=0
mbuf：pool 8191，初值 avail 8191（端口启动后 7168），关停后 avail 8191 → 泄漏 0 ✔
退出原因：到达 --duration-sec，停止发送并等在途请求收尾
[1;34m[02:56:58][0m 退出码 0；报告：（由调用者指定）
