[1;34m[05:06:14][0m 运行 A（async-ping）--progress-sec 0 --json logs/sessions/day2b-v1/A-600.json --delay-us 500 --duration-sec 600 --samples logs/tmp/day2b-v1-A.samples  → /dev/null
EAL: No free 1048576 kB hugepages reported on node 0
ENA_DRIVER: ena_get_metrics_entries(): 0x6 customer metrics are supported
ENA_DRIVER: ena_rx_queue_release(): Rx queue 0:0 released
ENA_DRIVER: ena_tx_queue_release(): Tx queue 0:0 released

==================== A · async-ping（自研 rt runtime） ====================
sessions 64  delay 500 µs  duration 600 s (实际 600.00 s)  payload 64 B  timeout 10000 µs  TSC 2.600 GHz
sent 56940213  received 56940213  timeouts 0  late 0  in-flight-at-end 0  unexpected 0  foreign 0  tsc-mismatch 0  other 2  arp-replied 10  tx-full 0  no-mbuf 0
对账：sent − received − timeouts − in-flight = 0（应为 0）；丢包 = timeouts = 0（其中 0 个迟到收到）
收包对账：rx 56940225 − (received + late + unexpected + foreign + other + arp) = 0（应为 0）

metric (ns)                       count      min     mean      p50      p90      p99    p99.9   p99.99        max
in-process ①+②  [排名指标]         56940213       60      205      190      270      390      500      641      25150
seg① send  T1−T0               56940213       40       58       50       60      160      250      300      15880
seg② recv  T3−T2               56940213       20      147      130      200      310      429      549      25010
end-to-end T3−T0               56940213    35500   174220   161083   230793   238670   244972   259150     428120
seg③ wake→next T0              56940213       30      135       70      320      721     1129     1529      11330
sleep error                    56940213        0       37       10      110      290      721     1716      81260
deadline→next T0 (误差+③)        56940213       40      172       80      429      809     1221     2356      82120
  (诊断) seg① 距上次发送<100ns               0        0        0        0        0        0        0        0          0
  (诊断) seg① 100–250ns               160       60       70       70       70      170      180      180        180
  (诊断) seg① 250–500ns          15149949       40       59       50       70      160      260      310      15880
  (诊断) seg① 500ns–2µs          30548148       40       57       50       60      160      250      300      15640
  (诊断) seg① ≥2µs               11241956       40       57       50       60      150      250      300      15280
  (诊断) 维护: rte_timer_manage     5998825       20       28       30       30       40       40     1080       4680
  (诊断) 维护: 整个节拍                 5998825       40      286       60      721     1018     1258     2049      29100

段① ≥ 125 ns 的样本占 4.574%（段①是两段式分布，它的 p99 落在哪一段只看这个占比在 1% 的哪一边）
rx_burst 包数分布（非空 burst）：1:78.07%  2:18.14%  3:3.34%  4:0.44%  其余更大的 burst 共 506 次（最大一次 31 个包）
主循环被外部打断：空轮询 > 1 µs 共 129802 次（累计 257.4 ms，最长 95.6 µs）；取包前 > 10 µs 共 123 次（累计 2.2 ms，最长 109.3 µs）
port: ipackets 56940225  opackets 56940289  imissed 0  ierrors 0  oerrors 0  rx_nombuf 0
AWS allowance（本次运行增量）：bw_in_allowance_exceeded=0  bw_out_allowance_exceeded=0  pps_allowance_exceeded=0  conntrack_allowance_exceeded=0  linklocal_allowance_exceeded=0
mbuf：pool 8191，初值 avail 8191（端口启动后 7168），关停后 avail 8191 → 泄漏 0 ✔
退出原因：到达 --duration-sec，停止发送并等在途请求收尾
构建：commit ea2e92b1d3ac · rustc 1.98.1 (48a229cea 2026-09-01) · DPDK 25.11.3 · release
环境：AMD EPYC 9R45 · 内核 6.18.48-107.148.amzn2023.x86_64 · 网卡 0000:28:00.0 驱动 igb_uio（写合并映射：是）· clocksource tsc · rdtscp constant_tsc nonstop_tsc tsc_known_freq
时钟：读一次 rdtscp 平均 17.4 ns（每个被测段恰好含一次）；TSC 读数步长 26 周期 = 10.0 ns（时间戳分辨率，所有时间差都是它的整数倍）；周期→纳秒换算与 CLOCK_MONOTONIC_RAW 相差 +0.1 ppm
原始样本：56940213 个 → logs/tmp/day2b-v1-A.samples（容量 77541976）
[1;34m[05:16:14][0m 退出码 0；报告：（由调用者指定）
