[1;34m[15:29:11][0m 运行 A（async-ping）--delay-us 500 --duration-sec 60 --progress-sec 0 --json logs/sessions/v4-reboot1/ab/A-6.json  → /dev/null
EAL: No free 1048576 kB hugepages reported on node 0
ENA_DRIVER: ena_get_metrics_entries(): 0x6 customer metrics are supported
ENA_DRIVER: ena_rx_queue_release(): Rx queue 0:0 released
ENA_DRIVER: ena_tx_queue_release(): Tx queue 0:0 released

==================== A · async-ping（自研 rt runtime） ====================
sessions 64  delay 500 µs  duration 60 s (实际 60.00 s)  payload 64 B  timeout 10000 µs  TSC 2.600 GHz
sent 6918104  received 6918104  timeouts 0  late 0  in-flight-at-end 0  unexpected 0  foreign 0  tsc-mismatch 0  other 0  arp-replied 1  tx-full 0  no-mbuf 0
对账：sent − received − timeouts − in-flight = 0（应为 0）；丢包 = timeouts = 0（其中 0 个迟到收到）
收包对账：rx 6918105 − (received + late + unexpected + foreign + tsc-mismatch + other + arp) = 0（应为 0）

metric (ns)                       count      min     mean      p50      p90      p99    p99.9   p99.99        max
in-process ①+②  [排名指标]          6918104       60      184      180      220      320      401      509      24710
seg① send  T1−T0                6918104       40       54       50       60       70      160      250       4990
seg② recv  T3−T2                6918104       20      130      120      170      260      340      441      24650
end-to-end T3−T0                6918104    24910    54944    52972    55729   110670   240246   257575     303630
seg③ wake→next T0               6918104       40       94       60      310      469      730     1227      32570
sleep error                     6918104        0       27       10      110      250      580     2984      32670
deadline→next T0 (误差+③)         6918104       40      121       70      401      709     1141     3360      32970
  (诊断) seg① 距上次发送<100ns               0        0        0        0        0        0        0        0          0
  (诊断) seg① 100–250ns                 9       60       66       70       70       70       70       70         70
  (诊断) seg① 250–500ns           1008740       40       54       50       60       70      170      280       3960
  (诊断) seg① 500ns–2µs           3229938       40       54       50       60       70      160      240       4580
  (诊断) seg① ≥2µs                2679417       40       54       50       60       70      160      240       4990
  (诊断) 维护: rte_timer_manage      599887       20       25       20       30       30       40     1061       3330
  (诊断) 维护: 整个节拍                  599887       50      407      370      610      809     1030     2886      33580

段① ≥ 125 ns 的样本占 0.255%（段①是两段式分布，它的 p99 落在哪一段只看这个占比在 1% 的哪一边）
rx_burst 包数分布（非空 burst）：1:88.82%  2:10.14%  3:0.98%  4:0.05%  其余更大的 burst 共 68 次（最大一次 16 个包）
主循环被外部打断：空轮询 > 1 µs 共 11796 次（累计 35.0 ms，最长 26.4 µs）；取包前 > 10 µs 共 28 次（累计 0.5 ms，最长 47.0 µs）
port: ipackets 6918105  opackets 6918227  imissed 0  ierrors 0  oerrors 0  rx_nombuf 0
AWS allowance（本次运行增量）：bw_in_allowance_exceeded=0  bw_out_allowance_exceeded=0  pps_allowance_exceeded=0  conntrack_allowance_exceeded=0  linklocal_allowance_exceeded=0
mbuf：pool 8191，初值 avail 8191（端口启动后 7168），关停后 avail 8191 → 泄漏 0 ✔
退出原因：到达 --duration-sec，停止发送并等在途请求收尾
构建：commit d8324d9e3936 · rustc 1.98.1 (48a229cea 2026-09-01) · DPDK 25.11.3 · release
环境：AMD EPYC 9R45 · 内核 6.18.48-107.148.amzn2023.x86_64 · 网卡 0000:28:00.0 驱动 igb_uio（写合并映射：是）· clocksource tsc · rdtscp constant_tsc nonstop_tsc tsc_known_freq
时钟：读一次 rdtscp 平均 17.6 ns（每个被测段恰好含一次）；TSC 读数步长 26 周期 = 10.0 ns（时间戳分辨率，所有时间差都是它的整数倍）；周期→纳秒换算与 CLOCK_MONOTONIC_RAW 相差 +0.1 ppm
[1;34m[15:30:12][0m 退出码 0；报告：（由调用者指定）
