[1;34m[15:36:13][0m 运行 B（raw-ping）--delay-us 500 --duration-sec 60 --progress-sec 0 --json logs/sessions/v4-reboot1/ab/B-10.json  → /dev/null
EAL: No free 1048576 kB hugepages reported on node 0
ENA_DRIVER: ena_get_metrics_entries(): 0x6 customer metrics are supported
ENA_DRIVER: ena_rx_queue_release(): Rx queue 0:0 released
ENA_DRIVER: ena_tx_queue_release(): Tx queue 0:0 released

==================== B · raw-ping（手写 busy-poll，无 runtime） ====================
sessions 64  delay 500 µs  duration 60 s (实际 60.00 s)  payload 64 B  timeout 10000 µs  TSC 2.600 GHz
sent 6909185  received 6909185  timeouts 0  late 0  in-flight-at-end 0  unexpected 0  foreign 0  tsc-mismatch 0  other 0  arp-replied 1  tx-full 0  no-mbuf 0
对账：sent − received − timeouts − in-flight = 0（应为 0）；丢包 = timeouts = 0（其中 0 个迟到收到）
收包对账：rx 6909186 − (received + late + unexpected + foreign + tsc-mismatch + other + arp) = 0（应为 0）

metric (ns)                       count      min     mean      p50      p90      p99    p99.9   p99.99        max
in-process ①+②  [排名指标]          6909185       50      179      170      220      420      530      641      15950
seg① send  T1−T0                6909185       40       59       50       60      310      320      429       6250
seg② recv  T3−T2                6909185       10      120      110      160      260      320      420      15900
end-to-end T3−T0                6909185    24590    55682    52972    55729   224492   244972   248123     300900
seg③ wake→next T0               6909185       20       76       50      280      380      429      780       5460
sleep error                     6909185        0       24       10      100      240      521     2886      26090
deadline→next T0 (误差+③)         6909185       30      101       60      320      481      821     3132      26150
  (诊断) seg① 距上次发送<100ns          144755      200      307      310      320      420      450      938       3700
  (诊断) seg① 100–250ns              1024       50      201      200      210      310      490      500        500
  (诊断) seg① 250–500ns            889258       40       54       50       60       70      160      260       4570
  (诊断) seg① 500ns–2µs           3178446       40       53       50       60       70      160      240       4220
  (诊断) seg① ≥2µs                2695702       40       54       50       60       70      160      240       6250
  (诊断) 维护: rte_timer_manage      599891       20       25       20       30       30       40      950       3670
  (诊断) 维护: 整个节拍                  599891       40      438      441      620      809     1061     2824      22500

段① ≥ 125 ns 的样本占 2.342%（段①是两段式分布，它的 p99 落在哪一段只看这个占比在 1% 的哪一边）
rx_burst 包数分布（非空 burst）：1:88.57%  2:10.31%  3:1.07%  4:0.05%  其余更大的 burst 共 57 次（最大一次 12 个包）
主循环被外部打断：空轮询 > 1 µs 共 11777 次（累计 34.5 ms，最长 39.8 µs）；取包前 > 10 µs 共 18 次（累计 0.3 ms，最长 19.6 µs）
port: ipackets 6909186  opackets 6909308  imissed 0  ierrors 0  oerrors 0  rx_nombuf 0
AWS allowance（本次运行增量）：bw_in_allowance_exceeded=0  bw_out_allowance_exceeded=0  pps_allowance_exceeded=0  conntrack_allowance_exceeded=0  linklocal_allowance_exceeded=0
mbuf：pool 8191，初值 avail 8191（端口启动后 7168），关停后 avail 8191 → 泄漏 0 ✔
退出原因：到达 --duration-sec，停止发送并等在途请求收尾
构建：commit d8324d9e3936 · rustc 1.98.1 (48a229cea 2026-09-01) · DPDK 25.11.3 · release
环境：AMD EPYC 9R45 · 内核 6.18.48-107.148.amzn2023.x86_64 · 网卡 0000:28:00.0 驱动 igb_uio（写合并映射：是）· clocksource tsc · rdtscp constant_tsc nonstop_tsc tsc_known_freq
时钟：读一次 rdtscp 平均 17.6 ns（每个被测段恰好含一次）；TSC 读数步长 26 周期 = 10.0 ns（时间戳分辨率，所有时间差都是它的整数倍）；周期→纳秒换算与 CLOCK_MONOTONIC_RAW 相差 +0.1 ppm
[1;34m[15:37:13][0m 退出码 0；报告：（由调用者指定）
