[1;34m[15:14:37][0m 运行 A（async-ping）--progress-sec 0 --json logs/soak/A-1800.json --delay-us 500 --duration-sec 1800  → /dev/null
EAL: No free 1048576 kB hugepages reported on node 0
ENA_DRIVER: ena_get_metrics_entries(): 0x6 customer metrics are supported
ENA_DRIVER: ena_rx_queue_release(): Rx queue 0:0 released
ENA_DRIVER: ena_tx_queue_release(): Tx queue 0:0 released

==================== A · async-ping（自研 rt runtime） ====================
sessions 64  delay 500 µs  duration 1800 s (实际 1800.01 s)  payload 64 B  timeout 10000 µs  TSC 2.600 GHz
sent 174844110  received 174844110  timeouts 0  late 0  in-flight-at-end 0  unexpected 0  foreign 2  tsc-mismatch 0  other 34  arp-replied 30  tx-full 0  no-mbuf 0
对账：sent − received − timeouts − in-flight = 0（应为 0）；丢包 = timeouts = 0（其中 0 个迟到收到）
收包对账：rx 174844176 − (received + late + unexpected + foreign + other + arp) = 0（应为 0）

metric (ns)                       count      min     mean      p50      p90      p99    p99.9   p99.99        max
in-process ①+②  [排名指标]        174844110       60      186      180      230      330      420      540     115720
seg① send  T1−T0              174844110       40       54       50       60       70      170      280     114200
seg② recv  T3−T2              174844110       20      133      120      180      280      350      460     115670
end-to-end T3−T0              174844110    35390   158701   160295   164233   241821   251273   267027     412960
seg③ wake→next T0             174844110       30      135       70      320      721     1129     1529     109300
sleep error                   174844110        0       37       10      120      270      629     1606     114830
deadline→next T0 (误差+③)       174844110       40      172       70      441      821     1209     2184     115630
  (诊断) seg① 距上次发送<100ns               0        0        0        0        0        0        0        0          0
  (诊断) seg① 100–250ns               447       50       66       60       70      170      180      180        180
  (诊断) seg① 250–500ns          46719073       40       54       50       60      150      190      310      70270
  (诊断) seg① 500ns–2µs          92663169       40       53       50       60       70      160      230     114200
  (诊断) seg① ≥2µs               35461421       40       54       50       60       70      160      220       4500
  (诊断) 维护: rte_timer_manage    17996638       20       24       20       30       30       40      589       2810
  (诊断) 维护: 整个节拍                17996638       40      277       60      669      920     1172     1593      16430

段① ≥ 125 ns 的样本占 0.477%（段①是两段式分布，它的 p99 落在哪一段只看这个占比在 1% 的哪一边）
rx_burst 包数分布（非空 burst）：1:78.27%  2:17.83%  3:3.41%  4:0.49%  其余更大的 burst 共 1216 次（最大一次 32 个包）
主循环被外部打断：空轮询 > 1 µs 共 390603 次（累计 723.0 ms，最长 148.2 µs）；取包前 > 10 µs 共 307 次（累计 6.3 ms，最长 115.3 µs）
port: ipackets 174844176  opackets 235928599  imissed 0  ierrors 0  oerrors 0  rx_nombuf 0
AWS allowance（本次运行增量）：bw_in_allowance_exceeded=0  bw_out_allowance_exceeded=0  pps_allowance_exceeded=0  conntrack_allowance_exceeded=0  linklocal_allowance_exceeded=0
mbuf：pool 8191，初值 avail 8191（端口启动后 7168），关停后 avail 8191 → 泄漏 0 ✔
退出原因：到达 --duration-sec，停止发送并等在途请求收尾
构建：commit f5b43e521118 · rustc 1.98.1 (48a229cea 2026-09-01) · DPDK 25.11.3 · release
环境：AMD EPYC 9R45 · 内核 6.18.48-107.148.amzn2023.x86_64 · 网卡 0000:28:00.0 驱动 igb_uio（写合并映射：是）· clocksource tsc · rdtscp constant_tsc nonstop_tsc tsc_known_freq
时钟：读一次 rdtscp 平均 17.3 ns（每个被测段恰好含一次）；TSC 读数步长 26 周期 = 10.0 ns（时间戳分辨率，所有时间差都是它的整数倍）；周期→纳秒换算与 CLOCK_MONOTONIC_RAW 相差 -0.7 ppm
异常包明细（最多 16 条）：
  [tsc 34635545666440] foreign：来自 13.214.173.166 的 echo reply（不是对端），id=16509 seq=14618，已丢弃
  [tsc 36868467442044] foreign：来自 13.214.173.166 的 echo reply（不是对端），id=16509 seq=14618，已丢弃
[1;34m[15:44:38][0m 退出码 0；报告：（由调用者指定）
