[1;34m[16:58:33][0m 运行 A（async-ping）--delay-us 500 --duration-sec 60 --progress-sec 0 --json /home/ec2-user/dpdk-async-ping/logs/ab-20261001-165521/A-2.json  → /dev/null
EAL: No free 1048576 kB hugepages reported on node 0
ENA_DRIVER: ena_get_metrics_entries(): 0x6 customer metrics are supported
ENA_DRIVER: ena_rx_queue_release(): Rx queue 0:0 released
ENA_DRIVER: ena_tx_queue_release(): Tx queue 0:0 released

==================== A · async-ping（自研 rt runtime） ====================
sessions 64  delay 500 µs  duration 60 s (实际 60.00 s)  payload 64 B  timeout 10000 µs  TSC 2.600 GHz
sent 5299663  received 5299663  timeouts 0  late 0  in-flight-at-end 0  unexpected 0  foreign 0  tsc-mismatch 0  other 2  arp-replied 1  tx-full 0  no-mbuf 0
对账：sent − received − timeouts − in-flight = 0（应为 0）；丢包 = timeouts = 0（其中 0 个迟到收到）
收包对账：rx 5299666 − (received + late + unexpected + foreign + other + arp) = 0（应为 0）

metric (ns)                       count      min     mean      p50      p90      p99    p99.9   p99.99        max
in-process ①+②  [排名指标]          5299663       70      187      180      230      330      420      549      15460
seg① send  T1−T0                5299663       40       55       50       60       70      180      290      15270
seg② recv  T3−T2                5299663       20      132      120      180      280      350      469       3420
end-to-end T3−T0                5299663    38420   224392   229218   232369   235520   249698   300110     372100
seg③ wake→next T0               5299663       40      143       70      320      721     1129     1606       6600
sleep error                     5299663        0       40       10      120      290      730     1704      15630
deadline→next T0 (误差+③)         5299663       40      184       70      450      840     1283     2504      16120
  (诊断) seg① 距上次发送<100ns               0        0        0        0        0        0        0        0          0
  (诊断) seg① 100–250ns                19       50       64       60       80       80       80       80         80
  (诊断) seg① 250–500ns           1540127       40       56       50       60      160      220      310      15270
  (诊断) seg① 500ns–2µs           2683960       40       54       50       60       70      170      260       2540
  (诊断) seg① ≥2µs                1075557       40       55       50       60       70      170      270       2300
  (诊断) 维护: rte_timer_manage      599909       20       24       20       30       30       40      610       2220
  (诊断) 维护: 整个节拍                  599909       40      264       50      780     1000     1147     1840      14960

段① ≥ 125 ns 的样本占 0.671%（段①是两段式分布，它的 p99 落在哪一段只看这个占比在 1% 的哪一边）
rx_burst 包数分布（非空 burst）：1:75.98%  2:19.30%  3:4.08%  4:0.63%  其余更大的 burst 共 46 次（最大一次 18 个包）
主循环被外部打断：空轮询 > 1 µs 共 13172 次（累计 24.9 ms，最长 41.9 µs）；取包前 > 10 µs 共 10 次（累计 0.1 ms，最长 17.8 µs）
port: ipackets 5299666  opackets 66384123  imissed 0  ierrors 0  oerrors 0  rx_nombuf 0
AWS allowance（本次运行增量）：bw_in_allowance_exceeded=0  bw_out_allowance_exceeded=0  pps_allowance_exceeded=0  conntrack_allowance_exceeded=0  linklocal_allowance_exceeded=0
mbuf：pool 8191，初值 avail 8191（端口启动后 7168），关停后 avail 8191 → 泄漏 0 ✔
退出原因：到达 --duration-sec，停止发送并等在途请求收尾
构建：commit f5b43e521118 · rustc 1.98.1 (48a229cea 2026-09-01) · DPDK 25.11.3 · release
环境：AMD EPYC 9R45 · 内核 6.18.48-107.148.amzn2023.x86_64 · 网卡 0000:28:00.0 驱动 igb_uio（写合并映射：是）· clocksource tsc · rdtscp constant_tsc nonstop_tsc tsc_known_freq
时钟：读一次 rdtscp 平均 17.6 ns（每个被测段恰好含一次）；TSC 读数步长 26 周期 = 10.0 ns（时间戳分辨率，所有时间差都是它的整数倍）；周期→纳秒换算与 CLOCK_MONOTONIC_RAW 相差 -0.7 ppm
[1;34m[16:59:34][0m 退出码 0；报告：（由调用者指定）
