[1;34m[17:09:36][0m 运行 B（raw-ping）--delay-us 500 --duration-sec 60 --progress-sec 0 --json /home/ec2-user/dpdk-async-ping/logs/ab-20261001-165521/B-8.json  → /dev/null
EAL: No free 1048576 kB hugepages reported on node 0
ENA_DRIVER: ena_get_metrics_entries(): 0x6 customer metrics are supported
ENA_DRIVER: ena_rx_queue_release(): Rx queue 0:0 released
ENA_DRIVER: ena_tx_queue_release(): Tx queue 0:0 released

==================== B · raw-ping（手写 busy-poll，无 runtime） ====================
sessions 64  delay 500 µs  duration 60 s (实际 60.00 s)  payload 64 B  timeout 10000 µs  TSC 2.600 GHz
sent 5813979  received 5813979  timeouts 0  late 0  in-flight-at-end 0  unexpected 0  foreign 0  tsc-mismatch 0  other 4  arp-replied 1  tx-full 0  no-mbuf 0
对账：sent − received − timeouts − in-flight = 0（应为 0）；丢包 = timeouts = 0（其中 0 个迟到收到）
收包对账：rx 5813984 − (received + late + unexpected + foreign + other + arp) = 0（应为 0）

metric (ns)                       count      min     mean      p50      p90      p99    p99.9   p99.99        max
in-process ①+②  [排名指标]          5813979       50      186      160      250      450      561      669      15830
seg① send  T1−T0                5813979       40       68       50       70      310      330      420      13920
seg② recv  T3−T2                5813979       10      119      110      160      260      330      441      15780
end-to-end T3−T0                5813979    41570   160334   160295   163446   166596   222916   233944     306870
seg③ wake→next T0               5813979       20      110       50      300      410      761     1092       8130
sleep error                     5813979        0       36       10      110      290      570     1560      98750
deadline→next T0 (误差+③)         5813979       30      146       60      410      681      950     1852      98840
  (诊断) seg① 距上次发送<100ns          338017      220      305      310      320      330      429     1129       3260
  (诊断) seg① 100–250ns               164       60      188      200      230      310      320      320        320
  (诊断) seg① 250–500ns           1304520       40       53       50       60       70      160      270       2210
  (诊断) seg① 500ns–2µs           2982609       40       53       50       60       70      160      250      13920
  (诊断) seg① ≥2µs                1188669       40       53       50       60       70      160      250       2400
  (诊断) 维护: rte_timer_manage      599902       20       25       20       30       30       40      589       2060
  (诊断) 维护: 整个节拍                  599902       40      282       60      721      827      932     1467      15890

段① ≥ 125 ns 的样本占 6.087%（段①是两段式分布，它的 p99 落在哪一段只看这个占比在 1% 的哪一边）
rx_burst 包数分布（非空 burst）：1:77.00%  2:18.40%  3:3.96%  4:0.64%  其余更大的 burst 共 48 次（最大一次 18 个包）
主循环被外部打断：空轮询 > 1 µs 共 13134 次（累计 24.3 ms，最长 100.5 µs）；取包前 > 10 µs 共 12 次（累计 0.2 ms，最长 15.9 µs）
port: ipackets 5813984  opackets 66898439  imissed 0  ierrors 0  oerrors 0  rx_nombuf 0
AWS allowance（本次运行增量）：bw_in_allowance_exceeded=0  bw_out_allowance_exceeded=0  pps_allowance_exceeded=0  conntrack_allowance_exceeded=0  linklocal_allowance_exceeded=0
mbuf：pool 8191，初值 avail 8191（端口启动后 7168），关停后 avail 8191 → 泄漏 0 ✔
退出原因：到达 --duration-sec，停止发送并等在途请求收尾
构建：commit f5b43e521118 · rustc 1.98.1 (48a229cea 2026-09-01) · DPDK 25.11.3 · release
环境：AMD EPYC 9R45 · 内核 6.18.48-107.148.amzn2023.x86_64 · 网卡 0000:28:00.0 驱动 igb_uio（写合并映射：是）· clocksource tsc · rdtscp constant_tsc nonstop_tsc tsc_known_freq
时钟：读一次 rdtscp 平均 17.5 ns（每个被测段恰好含一次）；TSC 读数步长 26 周期 = 10.0 ns（时间戳分辨率，所有时间差都是它的整数倍）；周期→纳秒换算与 CLOCK_MONOTONIC_RAW 相差 -0.7 ppm
[1;34m[17:10:36][0m 退出码 0；报告：（由调用者指定）
