[1;34m[14:58:52][0m 运行 A（async-ping）--progress-sec 0 --json logs/diag/A-mfence.json --delay-us 500 --duration-sec 300 --diag-pre-t0 mfence --samples logs/tmp/A-mfence.samples  → /dev/null
EAL: No free 1048576 kB hugepages reported on node 0
ENA_DRIVER: ena_get_metrics_entries(): 0x6 customer metrics are supported
ENA_DRIVER: ena_rx_queue_release(): Rx queue 0:0 released
ENA_DRIVER: ena_tx_queue_release(): Tx queue 0:0 released

==================== A · async-ping（自研 rt runtime） ====================
★ 诊断运行（mfence-before-t0）：这份结果不参与 A − B 排名
sessions 64  delay 500 µs  duration 300 s (实际 300.00 s)  payload 64 B  timeout 10000 µs  TSC 2.600 GHz
sent 29481625  received 29481625  timeouts 0  late 0  in-flight-at-end 0  unexpected 0  foreign 0  tsc-mismatch 0  other 7  arp-replied 5  tx-full 0  no-mbuf 0
对账：sent − received − timeouts − in-flight = 0（应为 0）；丢包 = timeouts = 0（其中 0 个迟到收到）
收包对账：rx 29481637 − (received + late + unexpected + foreign + other + arp) = 0（应为 0）

metric (ns)                       count      min     mean      p50      p90      p99    p99.9   p99.99        max
in-process ①+②  [排名指标]         29481625       60      192      180      240      330      420      540      15940
seg① send  T1−T0               29481625       40       54       50       60       70      170      280      15600
seg② recv  T3−T2               29481625       20      138      130      180      280      350      460      15880
end-to-end T3−T0               29481625    35810   151053   159507   163446   233944   248123   256000     522450
seg③ wake→next T0              29481625       50      157       80      330      749     1172     1606      15880
sleep error                    29481625        0       43       10      140      290      749     1643      25000
deadline→next T0 (误差+③)        29481625       50      200       90      481      889     1338     2233      25480
  (诊断) seg① 距上次发送<100ns               0        0        0        0        0        0        0        0          0
  (诊断) seg① 100–250ns                78       60       66       60       70      180      180      180        180
  (诊断) seg① 250–500ns           7617577       40       55       50       60      150      190      310      15600
  (诊断) seg① 500ns–2µs          15532550       40       54       50       60       70      160      240      12690
  (诊断) seg① ≥2µs                6331420       40       55       50       60       70      160      230       4580
  (诊断) 维护: rte_timer_manage     2999417       20       24       20       30       30       40      932       2950
  (诊断) 维护: 整个节拍                 2999417       40      286      180      690      932     1141     1975      16820

段① ≥ 125 ns 的样本占 0.516%（段①是两段式分布，它的 p99 落在哪一段只看这个占比在 1% 的哪一边）
rx_burst 包数分布（非空 burst）：1:79.02%  2:17.28%  3:3.21%  4:0.50%  其余更大的 burst 共 214 次（最大一次 28 个包）
主循环被外部打断：空轮询 > 1 µs 共 64636 次（累计 120.7 ms，最长 29.6 µs）；取包前 > 10 µs 共 43 次（累计 0.7 ms，最长 110.9 µs）
port: ipackets 29481637  opackets 90566089  imissed 0  ierrors 0  oerrors 0  rx_nombuf 0
AWS allowance（本次运行增量）：bw_in_allowance_exceeded=0  bw_out_allowance_exceeded=0  pps_allowance_exceeded=0  conntrack_allowance_exceeded=0  linklocal_allowance_exceeded=0
mbuf：pool 8191，初值 avail 8191（端口启动后 7168），关停后 avail 8191 → 泄漏 0 ✔
退出原因：到达 --duration-sec，停止发送并等在途请求收尾
构建：commit f5b43e521118 · rustc 1.98.1 (48a229cea 2026-09-01) · DPDK 25.11.3 · release
环境：AMD EPYC 9R45 · 内核 6.18.48-107.148.amzn2023.x86_64 · 网卡 0000:28:00.0 驱动 igb_uio（写合并映射：是）· clocksource tsc · rdtscp constant_tsc nonstop_tsc tsc_known_freq
时钟：读一次 rdtscp 平均 17.6 ns（每个被测段恰好含一次）；TSC 读数步长 26 周期 = 10.0 ns（时间戳分辨率，所有时间差都是它的整数倍）；周期→纳秒换算与 CLOCK_MONOTONIC_RAW 相差 -0.7 ppm
原始样本：29481625 个 → logs/tmp/A-mfence.samples（容量 38773036）
[1;34m[15:03:53][0m 退出码 0；报告：（由调用者指定）
