[1;34m[15:08:00][0m 运行 B（raw-ping）--progress-sec 0 --json logs/diag/B-stores-48.json --delay-us 500 --duration-sec 20 --diag-pre-t0 stores --diag-stores 48  → /dev/null
EAL: No free 1048576 kB hugepages reported on node 0
ENA_DRIVER: ena_get_metrics_entries(): 0x6 customer metrics are supported
ENA_DRIVER: ena_rx_queue_release(): Rx queue 0:0 released
ENA_DRIVER: ena_tx_queue_release(): Tx queue 0:0 released

==================== B · raw-ping（手写 busy-poll，无 runtime） ====================
★ 诊断运行（48-stores-before-t0）：这份结果不参与 A − B 排名
sessions 64  delay 500 µs  duration 20 s (实际 20.00 s)  payload 64 B  timeout 10000 µs  TSC 2.600 GHz
sent 1969502  received 1969502  timeouts 0  late 0  in-flight-at-end 0  unexpected 0  foreign 0  tsc-mismatch 0  other 0  arp-replied 0  tx-full 0  no-mbuf 0
对账：sent − received − timeouts − in-flight = 0（应为 0）；丢包 = timeouts = 0（其中 0 个迟到收到）
收包对账：rx 1969502 − (received + late + unexpected + foreign + other + arp) = 0（应为 0）

metric (ns)                       count      min     mean      p50      p90      p99    p99.9   p99.99        max
in-process ①+②  [排名指标]          1969502       50      173      160      220      310      390      500       4040
seg① send  T1−T0                1969502       40       53       50       60       70      160      260       3920
seg② recv  T3−T2                1969502       10      120      110      160      260      330      420       2330
end-to-end T3−T0                1969502    35080   149776   109095   233944   243396   249698   263876     310320
seg③ wake→next T0               1969502       30      107       60      300      669      809     1178       4640
sleep error                     1969502        0       30       10      110      250      570     1523      15550
deadline→next T0 (误差+③)         1969502       30      137       60      420      770     1110     1938      15630
  (诊断) seg① 距上次发送<100ns               1       70       70       70       70       70       70       70         70
  (诊断) seg① 100–250ns                 6       60       63       60       70       70       70       70         70
  (诊断) seg① 250–500ns            422414       40       53       50       60       70      170      290       2310
  (诊断) seg① 500ns–2µs           1042955       40       53       50       60       70      160      220       2830
  (诊断) seg① ≥2µs                 504126       40       53       50       60       70      160      250       3920
  (诊断) 维护: rte_timer_manage      199973       20       24       20       30       30       40      601       1910
  (诊断) 维护: 整个节拍                  199973       40      307      230      803     1129     1289     1618      14330

段① ≥ 125 ns 的样本占 0.294%（段①是两段式分布，它的 p99 落在哪一段只看这个占比在 1% 的哪一边）
rx_burst 包数分布（非空 burst）：1:82.19%  2:15.82%  3:1.87%  4:0.12%  其余更大的 burst 共 4 次（最大一次 11 个包）
主循环被外部打断：空轮询 > 1 µs 共 4302 次（累计 7.8 ms，最长 39.9 µs）；取包前 > 10 µs 共 4 次（累计 0.1 ms，最长 14.8 µs）
port: ipackets 1969502  opackets 63053961  imissed 0  ierrors 0  oerrors 0  rx_nombuf 0
AWS allowance（本次运行增量）：bw_in_allowance_exceeded=0  bw_out_allowance_exceeded=0  pps_allowance_exceeded=0  conntrack_allowance_exceeded=0  linklocal_allowance_exceeded=0
mbuf：pool 8191，初值 avail 8191（端口启动后 7168），关停后 avail 8191 → 泄漏 0 ✔
退出原因：到达 --duration-sec，停止发送并等在途请求收尾
构建：commit f5b43e521118 · rustc 1.98.1 (48a229cea 2026-09-01) · DPDK 25.11.3 · release
环境：AMD EPYC 9R45 · 内核 6.18.48-107.148.amzn2023.x86_64 · 网卡 0000:28:00.0 驱动 igb_uio（写合并映射：是）· clocksource tsc · rdtscp constant_tsc nonstop_tsc tsc_known_freq
时钟：读一次 rdtscp 平均 17.6 ns（每个被测段恰好含一次）；TSC 读数步长 26 周期 = 10.0 ns（时间戳分辨率，所有时间差都是它的整数倍）；周期→纳秒换算与 CLOCK_MONOTONIC_RAW 相差 -0.7 ppm
[1;34m[15:08:20][0m 退出码 0；报告：（由调用者指定）
