[1;34m[09:15:24][0m 运行 A（async-ping）--progress-sec 0 --json logs/soak/A-1800.json --delay-us 500 --duration-sec 1800  → /home/ec2-user/dpdk-async-ping/logs/A-20261001-091524.log
EAL: No free 1048576 kB hugepages reported on node 0
ENA_DRIVER: ena_get_metrics_entries(): 0x6 customer metrics are supported
ENA_DRIVER: ena_rx_queue_release(): Rx queue 0:0 released
ENA_DRIVER: ena_tx_queue_release(): Tx queue 0:0 released

==================== A · async-ping（自研 rt runtime） ====================
sessions 64  delay 500 µs  duration 1800 s (实际 1800.02 s)  payload 64 B  timeout 10000 µs  TSC 2.600 GHz
sent 164441621  received 164441621  timeouts 0  late 0  in-flight-at-end 0  unexpected 0  foreign 2  tsc-mismatch 0  other 11  arp-replied 29  tx-full 0  no-mbuf 0
对账：sent − received − timeouts − in-flight = 0（应为 0）；丢包 = timeouts = 0（其中 0 个迟到收到）
收包对账：rx 164441663 − (received + late + unexpected + foreign + other + arp) = 0（应为 0）

metric (ns)                       count      min     mean      p50      p90      p99    p99.9   p99.99        max
in-process ①+②  [排名指标]        164441621       60      204      190      260      370      469      629     164430
seg① send  T1−T0              164441621       40       54       50       60       70      180      290     146010
seg② recv  T3−T2              164441621       20      150      140      200      310      410      540     164380
end-to-end T3−T0              164441621    52210   200377   227643   246547   251273   256000   289083     499640
seg③ wake→next T0             164441621       30      138       70      330      740     1147     2000     119480
sleep error                   164441621        0       38       10      110      300      870     3033     155580
deadline→next T0 (误差+③)       164441621       30      176       70      429      821     1480     3680     156850
  (诊断) seg① 距上次发送<100ns               1       70       70       70       70       70       70       70         70
  (诊断) seg① 100–250ns               442       60       67       70       70       80      190      190        190
  (诊断) seg① 250–500ns          45499811       40       55       50       60      160      200      310      15770
  (诊断) seg① 500ns–2µs          86777260       40       54       50       60       70      170      270     146010
  (诊断) seg① ≥2µs               32164107       40       55       50       60       70      170      260      11510
  (诊断) 维护: rte_timer_manage    17996385       20       29       30       30       40       40      852      46390
  (诊断) 维护: 整个节拍                17996385       50      284       60      780     1301     1523     2036     130450

段① ≥ 125 ns 的样本占 0.576%（段①是两段式分布，它的 p99 落在哪一段只看这个占比在 1% 的哪一边）
rx_burst 包数分布（非空 burst）：1:77.22%  2:18.70%  3:3.61%  4:0.47%  其余更大的 burst 共 4034 次（最大一次 32 个包）
主循环被外部打断：空轮询 > 1 µs 共 388199 次（累计 1210.2 ms，最长 200.8 µs）；取包前 > 10 µs 共 339 次（累计 6.8 ms，最长 218.1 µs）
port: ipackets 164441663  opackets 164441756  imissed 0  ierrors 0  oerrors 0  rx_nombuf 0
AWS allowance（本次运行增量）：bw_in_allowance_exceeded=0  bw_out_allowance_exceeded=0  pps_allowance_exceeded=0  conntrack_allowance_exceeded=0  linklocal_allowance_exceeded=0
mbuf：pool 8191，初值 avail 8191（端口启动后 7168），关停后 avail 8191 → 泄漏 0 ✔
退出原因：到达 --duration-sec，停止发送并等在途请求收尾
构建：commit ea2e92b1d3ac · rustc 1.98.1 (48a229cea 2026-09-01) · DPDK 25.11.3 · release
环境：AMD EPYC 9R45 · 内核 6.18.48-107.148.amzn2023.x86_64 · 网卡 0000:28:00.0 驱动 igb_uio（写合并映射：是）· clocksource tsc · rdtscp constant_tsc nonstop_tsc tsc_known_freq
时钟：读一次 rdtscp 平均 18.1 ns（每个被测段恰好含一次）；TSC 读数步长 26 周期 = 10.0 ns（时间戳分辨率，所有时间差都是它的整数倍）；周期→纳秒换算与 CLOCK_MONOTONIC_RAW 相差 -0.7 ppm
异常包明细（最多 16 条）：
  [tsc 214406982784332] foreign：来自 13.214.173.166 的 echo reply（不是对端），id=16509 seq=14618，已丢弃
  [tsc 216739541557370] foreign：来自 13.214.173.166 的 echo reply（不是对端），id=16509 seq=14618，已丢弃
[1;34m[09:45:24][0m 退出码 0；报告：（由调用者指定）
