[1;34m[13:28:03][0m 运行 A（async-ping）--progress-sec 0 --json logs/soak/A-1800.json --delay-us 500 --duration-sec 1800  → /dev/null
EAL: No free 1048576 kB hugepages reported on node 0
ENA_DRIVER: ena_get_metrics_entries(): 0x6 customer metrics are supported
ENA_DRIVER: ena_rx_queue_release(): Rx queue 0:0 released
ENA_DRIVER: ena_tx_queue_release(): Tx queue 0:0 released

==================== A · async-ping（自研 rt runtime） ====================
sessions 64  delay 500 µs  duration 1800 s (实际 1800.01 s)  payload 64 B  timeout 10000 µs  TSC 2.600 GHz
sent 204770393  received 204770393  timeouts 0  late 0  in-flight-at-end 0  unexpected 0  foreign 2  tsc-mismatch 0  other 17  arp-replied 29  tx-full 0  no-mbuf 0
对账：sent − received − timeouts − in-flight = 0（应为 0）；丢包 = timeouts = 0（其中 0 个迟到收到）
收包对账：rx 204770441 − (received + late + unexpected + foreign + tsc-mismatch + other + arp) = 0（应为 0）

metric (ns)                       count      min     mean      p50      p90      p99    p99.9   p99.99        max
in-process ①+②  [排名指标]        204770393       60      184      180      220      320      401      509      36040
seg① send  T1−T0              204770393       40       54       50       60       70      160      250      15520
seg② recv  T3−T2              204770393       20      130      120      170      270      340      441      35990
end-to-end T3−T0              204770393    22910    62457    52972    60849   163446   235520   249698     424340
seg③ wake→next T0             204770393       40       97       60      310      690      809     1240      33080
sleep error                   204770393        0       27       10      110      260      589     2984      84680
deadline→next T0 (误差+③)       204770393       40      125       70      410      770     1172     3384      85340
  (诊断) seg① 距上次发送<100ns               0        0        0        0        0        0        0        0          0
  (诊断) seg① 100–250ns               430       50       65       60       70       80      190      190        190
  (诊断) seg① 250–500ns          31852209       40       54       50       60       70      170      280      15520
  (诊断) seg① 500ns–2µs          95616697       40       54       50       60       70      160      230      15420
  (诊断) seg① ≥2µs               77301057       40       54       50       60       70      160      230      15450
  (诊断) 维护: rte_timer_manage    17996249       20       25       20       30       30       40     1141       6470
  (诊断) 维护: 整个节拍                17996249       40      393      360      610      803      987     2775      35150

段① ≥ 125 ns 的样本占 0.238%（段①是两段式分布，它的 p99 落在哪一段只看这个占比在 1% 的哪一边）
rx_burst 包数分布（非空 burst）：1:88.12%  2:10.61%  3:1.19%  4:0.08%  其余更大的 burst 共 2035 次（最大一次 25 个包）
主循环被外部打断：空轮询 > 1 µs 共 354929 次（累计 1050.0 ms，最长 44.3 µs）；取包前 > 10 µs 共 693 次（累计 11.0 ms，最长 140.9 µs）
port: ipackets 204770441  opackets 2137489863  imissed 0  ierrors 0  oerrors 0  rx_nombuf 0
AWS allowance（本次运行增量）：bw_in_allowance_exceeded=0  bw_out_allowance_exceeded=0  pps_allowance_exceeded=0  conntrack_allowance_exceeded=0  linklocal_allowance_exceeded=0
mbuf：pool 8191，初值 avail 8191（端口启动后 7168），关停后 avail 8191 → 泄漏 0 ✔
退出原因：到达 --duration-sec，停止发送并等在途请求收尾
构建：commit e50c0f882898 · rustc 1.98.1 (48a229cea 2026-09-01) · DPDK 25.11.3 · release
环境：AMD EPYC 9R45 · 内核 6.18.48-107.148.amzn2023.x86_64 · 网卡 0000:28:00.0 驱动 igb_uio（写合并映射：是）· clocksource tsc · rdtscp constant_tsc nonstop_tsc tsc_known_freq
时钟：读一次 rdtscp 平均 17.6 ns（每个被测段恰好含一次）；TSC 读数步长 26 周期 = 10.0 ns（时间戳分辨率，所有时间差都是它的整数倍）；周期→纳秒换算与 CLOCK_MONOTONIC_RAW 相差 +0.1 ppm
异常包明细（最多 16 条）：
  [tsc 99592478142037] foreign：来自 13.214.173.166 的 echo reply（不是对端），id=16509 seq=14618，已丢弃
  [tsc 101849749260295] foreign：来自 13.214.173.166 的 echo reply（不是对端），id=16509 seq=14618，已丢弃
[1;34m[13:58:03][0m 退出码 0；报告：（由调用者指定）
