[1;34m[15:44:42][0m 运行 B（raw-ping）--progress-sec 0 --json logs/soak/B-1800.json --delay-us 500 --duration-sec 1800  → /dev/null
EAL: No free 1048576 kB hugepages reported on node 0
ENA_DRIVER: ena_get_metrics_entries(): 0x6 customer metrics are supported
ENA_DRIVER: ena_rx_queue_release(): Rx queue 0:0 released
ENA_DRIVER: ena_tx_queue_release(): Tx queue 0:0 released

==================== B · raw-ping（手写 busy-poll，无 runtime） ====================
sessions 64  delay 500 µs  duration 1800 s (实际 1800.01 s)  payload 64 B  timeout 10000 µs  TSC 2.600 GHz
sent 173815412  received 173815411  timeouts 1  late 0  in-flight-at-end 0  unexpected 0  foreign 2  tsc-mismatch 0  other 23  arp-replied 29  tx-full 0  no-mbuf 0
对账：sent − received − timeouts − in-flight = 0（应为 0）；丢包 = timeouts = 1（其中 0 个迟到收到）
收包对账：rx 173815465 − (received + late + unexpected + foreign + other + arp) = 0（应为 0）

metric (ns)                       count      min     mean      p50      p90      p99    p99.9   p99.99        max
in-process ①+②  [排名指标]        173815411       50      187      170      250      450      561      669      41570
seg① send  T1−T0              173815411       40       66       50       70      320      330      429      15970
seg② recv  T3−T2              173815411       10      121      110      170      260      340      441      41520
end-to-end T3−T0              173815411    34250   162634   160295   227643   233944   246547   259150     470130
seg③ wake→next T0             173815412       20      105       50      300      410      761      901     109210
sleep error                   173815412        0       33       10      110      260      549     1547     108220
deadline→next T0 (误差+③)       173815412       20      138       60      410      620      883     1852     109220
  (诊断) seg① 距上次发送<100ns         8873561       60      307      310      320      330      441      610      15970
  (诊断) seg① 100–250ns            545859       50      203      200      210      220      310      441       2610
  (诊断) seg① 250–500ns          36708785       40       53       50       60       70      160      260       8170
  (诊断) seg① 500ns–2µs          91768457       40       53       50       60       70      160      230      11340
  (诊断) seg① ≥2µs               35918749       40       54       50       60       70      160      220       9000
  (诊断) 维护: rte_timer_manage    17996899       20       26       30       30       40       40      580       2430
  (诊断) 维护: 整个节拍                17996899       40      275       60      681      932     1129     1606      22930

段① ≥ 125 ns 的样本占 5.608%（段①是两段式分布，它的 p99 落在哪一段只看这个占比在 1% 的哪一边）
rx_burst 包数分布（非空 burst）：1:78.04%  2:18.13%  3:3.41%  4:0.42%  其余更大的 burst 共 1024 次（最大一次 32 个包）
主循环被外部打断：空轮询 > 1 µs 共 392055 次（累计 727.5 ms，最长 128.3 µs）；取包前 > 10 µs 共 276 次（累计 5.7 ms，最长 127.6 µs）
port: ipackets 173815465  opackets 234899900  imissed 0  ierrors 0  oerrors 0  rx_nombuf 0
AWS allowance（本次运行增量）：bw_in_allowance_exceeded=0  bw_out_allowance_exceeded=0  pps_allowance_exceeded=0  conntrack_allowance_exceeded=0  linklocal_allowance_exceeded=0
mbuf：pool 8191，初值 avail 8191（端口启动后 7168），关停后 avail 8191 → 泄漏 0 ✔
退出原因：到达 --duration-sec，停止发送并等在途请求收尾
构建：commit f5b43e521118 · rustc 1.98.1 (48a229cea 2026-09-01) · DPDK 25.11.3 · release
环境：AMD EPYC 9R45 · 内核 6.18.48-107.148.amzn2023.x86_64 · 网卡 0000:28:00.0 驱动 igb_uio（写合并映射：是）· clocksource tsc · rdtscp constant_tsc nonstop_tsc tsc_known_freq
时钟：读一次 rdtscp 平均 17.5 ns（每个被测段恰好含一次）；TSC 读数步长 26 周期 = 10.0 ns（时间戳分辨率，所有时间差都是它的整数倍）；周期→纳秒换算与 CLOCK_MONOTONIC_RAW 相差 -0.7 ppm
异常包明细（最多 16 条）：
  [tsc 39152462323888] foreign：来自 13.214.173.166 的 echo reply（不是对端），id=16509 seq=14618，已丢弃
  [tsc 41294356793850] foreign：来自 13.214.173.166 的 echo reply（不是对端），id=16509 seq=14618，已丢弃
[1;34m[16:14:43][0m 退出码 0；报告：（由调用者指定）
