[1;34m[13:22:01][0m 运行 A（async-ping）--progress-sec 0 --json logs/final/A-vsC.json --delay-us 940 --duration-sec 60  → /dev/null
EAL: No free 1048576 kB hugepages reported on node 0
ENA_DRIVER: ena_get_metrics_entries(): 0x6 customer metrics are supported
ENA_DRIVER: ena_rx_queue_release(): Rx queue 0:0 released
ENA_DRIVER: ena_tx_queue_release(): Tx queue 0:0 released

==================== A · async-ping（自研 rt runtime） ====================
sessions 64  delay 940 µs  duration 60 s (实际 60.00 s)  payload 64 B  timeout 10000 µs  TSC 2.600 GHz
sent 3696195  received 3696195  timeouts 0  late 0  in-flight-at-end 0  unexpected 0  foreign 0  tsc-mismatch 0  other 1  arp-replied 1  tx-full 0  no-mbuf 0
对账：sent − received − timeouts − in-flight = 0（应为 0）；丢包 = timeouts = 0（其中 0 个迟到收到）
收包对账：rx 3696197 − (received + late + unexpected + foreign + tsc-mismatch + other + arp) = 0（应为 0）

metric (ns)                       count      min     mean      p50      p90      p99    p99.9   p99.99        max
in-process ①+②  [排名指标]          3696195       60      188      180      230      330      429      549      15900
seg① send  T1−T0                3696195       40       54       50       60       80      180      290       4470
seg② recv  T3−T2                3696195       20      133      120      180      280      360      481      15850
end-to-end T3−T0                3696195    26350    98740   114609   121698   125636   187864   229218     471450
seg③ wake→next T0               3696195       40      130       70      310      709     1123     1606      14320
sleep error                     3696195        0       36       10      120      280      770     3095      28850
deadline→next T0 (误差+③)         3696195       40      166       70      441      821     1412     3630      29110
  (诊断) seg① 距上次发送<100ns               0        0        0        0        0        0        0        0          0
  (诊断) seg① 100–250ns                 8       60       65       60       70       70       70       70         70
  (诊断) seg① 250–500ns            905972       40       56       50       60      160      220      310       3490
  (诊断) seg① 500ns–2µs           1838978       40       54       50       60       70      170      270       4470
  (诊断) seg① ≥2µs                 951237       40       55       50       60       70      170      280       3930
  (诊断) 维护: rte_timer_manage      599936       20       24       20       30       30       30     1043       4040
  (诊断) 维护: 整个节拍                  599936       40      221       50      620      883     1018     1766       9020

段① ≥ 125 ns 的样本占 0.744%（段①是两段式分布，它的 p99 落在哪一段只看这个占比在 1% 的哪一边）
rx_burst 包数分布（非空 burst）：1:80.75%  2:15.65%  3:3.06%  4:0.53%  其余更大的 burst 共 100 次（最大一次 32 个包）
主循环被外部打断：空轮询 > 1 µs 共 13569 次（累计 40.7 ms，最长 30.8 µs）；取包前 > 10 µs 共 9 次（累计 0.3 ms，最长 137.8 µs）
port: ipackets 3696197  opackets 1936415637  imissed 0  ierrors 0  oerrors 0  rx_nombuf 0
AWS allowance（本次运行增量）：bw_in_allowance_exceeded=0  bw_out_allowance_exceeded=0  pps_allowance_exceeded=0  conntrack_allowance_exceeded=0  linklocal_allowance_exceeded=0
mbuf：pool 8191，初值 avail 8191（端口启动后 7168），关停后 avail 8191 → 泄漏 0 ✔
退出原因：到达 --duration-sec，停止发送并等在途请求收尾
构建：commit e50c0f882898 · rustc 1.98.1 (48a229cea 2026-09-01) · DPDK 25.11.3 · release
环境：AMD EPYC 9R45 · 内核 6.18.48-107.148.amzn2023.x86_64 · 网卡 0000:28:00.0 驱动 igb_uio（写合并映射：是）· clocksource tsc · rdtscp constant_tsc nonstop_tsc tsc_known_freq
时钟：读一次 rdtscp 平均 17.6 ns（每个被测段恰好含一次）；TSC 读数步长 26 周期 = 10.0 ns（时间戳分辨率，所有时间差都是它的整数倍）；周期→纳秒换算与 CLOCK_MONOTONIC_RAW 相差 +0.1 ppm
[1;34m[13:23:02][0m 退出码 0；报告：（由调用者指定）
