[1;34m[16:45:10][0m 运行 B（raw-ping）--progress-sec 0 --json logs/final/B-600.json --delay-us 500 --duration-sec 600 --samples logs/tmp/B-600.samples  → /dev/null
EAL: No free 1048576 kB hugepages reported on node 0
ENA_DRIVER: ena_get_metrics_entries(): 0x6 customer metrics are supported
ENA_DRIVER: ena_rx_queue_release(): Rx queue 0:0 released
ENA_DRIVER: ena_tx_queue_release(): Tx queue 0:0 released

==================== B · raw-ping（手写 busy-poll，无 runtime） ====================
sessions 64  delay 500 µs  duration 600 s (实际 600.00 s)  payload 64 B  timeout 10000 µs  TSC 2.600 GHz
sent 58263125  received 58263125  timeouts 0  late 0  in-flight-at-end 0  unexpected 0  foreign 1  tsc-mismatch 0  other 13  arp-replied 9  tx-full 0  no-mbuf 0
对账：sent − received − timeouts − in-flight = 0（应为 0）；丢包 = timeouts = 0（其中 0 个迟到收到）
收包对账：rx 58263148 − (received + late + unexpected + foreign + other + arp) = 0（应为 0）

metric (ns)                       count      min     mean      p50      p90      p99    p99.9   p99.99        max
in-process ①+②  [排名指标]         58263125       50      187      170      250      450      561      660      15880
seg① send  T1−T0               58263125       40       66       50       70      310      330      429      13290
seg② recv  T3−T2               58263125       10      121      110      170      260      340      429      15830
end-to-end T3−T0               58263125    35380   158939   160295   163446   240246   246547   252849     470640
seg③ wake→next T0              58263125       20      107       50      300      410      770      938      42340
sleep error                    58263125        0       34       10      110      260      561     1618      42630
deadline→next T0 (误差+③)        58263125       30      141       60      410      641      920     1926      42800
  (诊断) seg① 距上次发送<100ns         3026387       60      305      300      320      330      429      601      11570
  (诊断) seg① 100–250ns             13331       50      204      200      220      250      370      809       1140
  (诊断) seg① 250–500ns          12472940       40       53       50       60       70      160      260       5550
  (诊断) seg① 500ns–2µs          30773731       40       53       50       60       70      160      240      13290
  (诊断) seg① ≥2µs               11976736       40       54       50       60       70      160      230      12350
  (诊断) 维护: rte_timer_manage     5998966       20       24       20       30       30       40      629       2790
  (诊断) 维护: 整个节拍                 5998966       40      269       60      650      870     1067     1680      19660

段① ≥ 125 ns 的样本占 5.452%（段①是两段式分布，它的 p99 落在哪一段只看这个占比在 1% 的哪一边）
rx_burst 包数分布（非空 burst）：1:78.07%  2:18.06%  3:3.42%  4:0.46%  其余更大的 burst 共 362 次（最大一次 27 个包）
主循环被外部打断：空轮询 > 1 µs 共 130400 次（累计 252.0 ms，最长 44.7 µs）；取包前 > 10 µs 共 89 次（累计 1.3 ms，最长 23.8 µs）
port: ipackets 58263148  opackets 119347593  imissed 0  ierrors 0  oerrors 0  rx_nombuf 0
AWS allowance（本次运行增量）：bw_in_allowance_exceeded=0  bw_out_allowance_exceeded=0  pps_allowance_exceeded=0  conntrack_allowance_exceeded=0  linklocal_allowance_exceeded=0
mbuf：pool 8191，初值 avail 8191（端口启动后 7168），关停后 avail 8191 → 泄漏 0 ✔
退出原因：到达 --duration-sec，停止发送并等在途请求收尾
构建：commit f5b43e521118 · rustc 1.98.1 (48a229cea 2026-09-01) · DPDK 25.11.3 · release
环境：AMD EPYC 9R45 · 内核 6.18.48-107.148.amzn2023.x86_64 · 网卡 0000:28:00.0 驱动 igb_uio（写合并映射：是）· clocksource tsc · rdtscp constant_tsc nonstop_tsc tsc_known_freq
时钟：读一次 rdtscp 平均 17.5 ns（每个被测段恰好含一次）；TSC 读数步长 26 周期 = 10.0 ns（时间戳分辨率，所有时间差都是它的整数倍）；周期→纳秒换算与 CLOCK_MONOTONIC_RAW 相差 -0.7 ppm
原始样本：58263125 个 → logs/tmp/B-600.samples（容量 77541976）
异常包明细（最多 16 条）：
  [tsc 47890439933522] foreign：来自 13.214.173.166 的 echo reply（不是对端），id=16509 seq=14618，已丢弃
[1;34m[16:55:10][0m 退出码 0；报告：（由调用者指定）
