[1;34m[08:23:09][0m 运行 B（raw-ping）--progress-sec 0 --json logs/final/B-600.json --delay-us 500 --duration-sec 600 --samples logs/tmp/B-600.samples  → /home/ec2-user/dpdk-async-ping/logs/B-20261001-082309.log
EAL: No free 1048576 kB hugepages reported on node 0
ENA_DRIVER: ena_get_metrics_entries(): 0x6 customer metrics are supported
ENA_DRIVER: ena_rx_queue_release(): Rx queue 0:0 released
ENA_DRIVER: ena_tx_queue_release(): Tx queue 0:0 released

==================== B · raw-ping（手写 busy-poll，无 runtime） ====================
sessions 64  delay 500 µs  duration 600 s (实际 600.01 s)  payload 64 B  timeout 10000 µs  TSC 2.600 GHz
sent 52370895  received 52370895  timeouts 0  late 0  in-flight-at-end 0  unexpected 0  foreign 1  tsc-mismatch 0  other 7  arp-replied 10  tx-full 0  no-mbuf 0
对账：sent − received − timeouts − in-flight = 0（应为 0）；丢包 = timeouts = 0（其中 0 个迟到收到）
收包对账：rx 52370913 − (received + late + unexpected + foreign + other + arp) = 0（应为 0）

metric (ns)                       count      min     mean      p50      p90      p99    p99.9   p99.99        max
in-process ①+②  [排名指标]         52370895       50      202      180      270      481      589      721     109560
seg① send  T1−T0               52370895       40       67       50       70      320      340      429      15770
seg② recv  T3−T2               52370895       10      135      120      190      280      370      481     109500
end-to-end T3−T0               52370895    51880   233092   237095   244972   249698   254424   301686     406290
seg③ wake→next T0              52370895       20      105       50      300      420      780     1258     110350
sleep error                    52370895        0       35       10      110      290      740     2935     116460
deadline→next T0 (误差+③)        52370895       20      140       60      420      629     1092     3335     116550
  (诊断) seg① 距上次发送<100ns         2431382       60      314      310      330      350      450     1160       5080
  (诊断) seg① 100–250ns            308331       50      211      210      220      230      330      460       4020
  (诊断) seg① 250–500ns          10869935       40       54       50       60       70      170      290       6000
  (诊断) seg① 500ns–2µs          28312005       40       54       50       60       70      170      280      12070
  (诊断) seg① ≥2µs               10449242       40       55       50       60       80      170      280      15770
  (诊断) 维护: rte_timer_manage     5998954       20       25       20       30       30       40     1012       5820
  (诊断) 维护: 整个节拍                 5998954       40      257       60      821     1160     1369     2024     108510

段① ≥ 125 ns 的样本占 5.775%（段①是两段式分布，它的 p99 落在哪一段只看这个占比在 1% 的哪一边）
rx_burst 包数分布（非空 burst）：1:78.32%  2:18.27%  3:3.07%  4:0.34%  其余更大的 burst 共 1068 次（最大一次 32 个包）
主循环被外部打断：空轮询 > 1 µs 共 130441 次（累计 402.4 ms，最长 116.7 µs）；取包前 > 10 µs 共 121 次（累计 2.3 ms，最长 105.0 µs）
port: ipackets 52370913  opackets 52371011  imissed 0  ierrors 0  oerrors 0  rx_nombuf 0
AWS allowance（本次运行增量）：bw_in_allowance_exceeded=0  bw_out_allowance_exceeded=0  pps_allowance_exceeded=0  conntrack_allowance_exceeded=0  linklocal_allowance_exceeded=0
mbuf：pool 8191，初值 avail 8191（端口启动后 7168），关停后 avail 8191 → 泄漏 0 ✔
退出原因：到达 --duration-sec，停止发送并等在途请求收尾
构建：commit ea2e92b1d3ac · rustc 1.98.1 (48a229cea 2026-09-01) · DPDK 25.11.3 · release
环境：AMD EPYC 9R45 · 内核 6.18.48-107.148.amzn2023.x86_64 · 网卡 0000:28:00.0 驱动 igb_uio（写合并映射：是）· clocksource tsc · rdtscp constant_tsc nonstop_tsc tsc_known_freq
时钟：读一次 rdtscp 平均 17.8 ns（每个被测段恰好含一次）；TSC 读数步长 26 周期 = 10.0 ns（时间戳分辨率，所有时间差都是它的整数倍）；周期→纳秒换算与 CLOCK_MONOTONIC_RAW 相差 -0.7 ppm
原始样本：52370895 个 → logs/tmp/B-600.samples（容量 77541976）
异常包明细（最多 16 条）：
  [tsc 205097711244972] foreign：来自 13.214.173.166 的 echo reply（不是对端），id=16509 seq=14618，已丢弃
[1;34m[08:33:10][0m 退出码 0；报告：（由调用者指定）
