[1;34m[14:44:37][0m 运行 A（async-ping）--delay-us 500 --duration-sec 60 --progress-sec 0 --json /home/ec2-user/dpdk-async-ping/logs/ab-20261001-143319/A-6.json  → /dev/null
EAL: No free 1048576 kB hugepages reported on node 0
ENA_DRIVER: ena_get_metrics_entries(): 0x6 customer metrics are supported
ENA_DRIVER: ena_rx_queue_release(): Rx queue 0:0 released
ENA_DRIVER: ena_tx_queue_release(): Tx queue 0:0 released

==================== A · async-ping（自研 rt runtime） ====================
sessions 64  delay 500 µs  duration 60 s (实际 60.00 s)  payload 64 B  timeout 10000 µs  TSC 2.600 GHz
sent 5236554  received 5236490  timeouts 64  late 0  in-flight-at-end 0  unexpected 4842  foreign 0  tsc-mismatch 0  other 1  arp-replied 0  tx-full 0  no-mbuf 0
对账：sent − received − timeouts − in-flight = 0（应为 0）；丢包 = timeouts = 64（其中 0 个迟到收到）
收包对账：rx 5241333 − (received + late + unexpected + foreign + other + arp) = 0（应为 0）

metric (ns)                       count      min     mean      p50      p90      p99    p99.9   p99.99        max
in-process ①+②  [排名指标]          5236490       60      197      190      250      350      450     1704     106790
seg① send  T1−T0                5236490       40       55       50       60       80      180      901     101920
seg② recv  T3−T2                5236490       20      142      130      190      290      380      907       9910
end-to-end T3−T0                5236490    38440   232728   246547   251273   254424   262301   319015    3220680
seg③ wake→next T0               5236554       30      142       70      330      730     1147     3384     133090
sleep error                     5236554        0       98       10      120      320      920     3058    3153280
deadline→next T0 (误差+③)         5236554       40      240       80      450      852     1529     5698    3154740
  (诊断) seg① 距上次发送<100ns               0        0        0        0        0        0        0        0          0
  (诊断) seg① 100–250ns                14       60       64       60       70       70       70       70         70
  (诊断) seg① 250–500ns           1445823       40       56       50       60      160      230      987       4120
  (诊断) seg① 500ns–2µs           2802889       40       54       50       60       70      170      300      14270
  (诊断) seg① ≥2µs                 987764       40       55       50       60       80      180     1012     101920
  (诊断) 维护: rte_timer_manage      599574       20       29       30       30       40       40      610      14500
  (诊断) 维护: 整个节拍                  599574       40      286       60      969     1400     1560     1987      34240

段① ≥ 125 ns 的样本占 0.836%（段①是两段式分布，它的 p99 落在哪一段只看这个占比在 1% 的哪一边）
rx_burst 包数分布（非空 burst）：1:77.71%  2:18.12%  3:3.60%  4:0.57%  其余更大的 burst 共 133 次（最大一次 32 个包）
主循环被外部打断：空轮询 > 1 µs 共 13250 次（累计 59.7 ms，最长 27108.3 µs）；取包前 > 10 µs 共 33 次（累计 6.5 ms，最长 3156.9 µs）
port: ipackets 1221871  opackets 62301240  imissed 0  ierrors 0  oerrors 0  rx_nombuf 0
AWS allowance（本次运行增量）：bw_in_allowance_exceeded=0  bw_out_allowance_exceeded=0  pps_allowance_exceeded=0  conntrack_allowance_exceeded=0  linklocal_allowance_exceeded=0
mbuf：pool 8191，初值 avail 8191（端口启动后 7168），关停后 avail 8191 → 泄漏 0 ✔
退出原因：到达 --duration-sec，停止发送并等在途请求收尾
构建：commit f5b43e521118 · rustc 1.98.1 (48a229cea 2026-09-01) · DPDK 25.11.3 · release
环境：AMD EPYC 9R45 · 内核 6.18.48-107.148.amzn2023.x86_64 · 网卡 0000:28:00.0 驱动 igb_uio（写合并映射：是）· clocksource tsc · rdtscp constant_tsc nonstop_tsc tsc_known_freq
时钟：读一次 rdtscp 平均 17.7 ns（每个被测段恰好含一次）；TSC 读数步长 26 周期 = 10.0 ns（时间戳分辨率，所有时间差都是它的整数倍）；周期→纳秒换算与 CLOCK_MONOTONIC_RAW 相差 -0.7 ppm
异常包明细（最多 16 条）：
  [tsc 28368157602932] unexpected：id=4 seq=4074，该 session 正在等 None
  [tsc 28368157616920] unexpected：id=52 seq=4074，该 session 正在等 None
  [tsc 28368157618324] unexpected：id=36 seq=4075，该 session 正在等 None
  [tsc 28368158492652] unexpected：id=34 seq=4075，该 session 正在等 None
  [tsc 28368158504924] unexpected：id=18 seq=4075，该 session 正在等 None
  [tsc 28368158506380] unexpected：id=50 seq=4075，该 session 正在等 None
  [tsc 28368158517352] unexpected：id=2 seq=4075，该 session 正在等 None
  [tsc 28368158522318] unexpected：id=20 seq=4074，该 session 正在等 None
  [tsc 28368158557574] unexpected：id=31 seq=4071，该 session 正在等 None
  [tsc 28368158562436] unexpected：id=1 seq=4073，该 session 正在等 None
  [tsc 28368158592284] unexpected：id=33 seq=4073，该 session 正在等 None
  [tsc 28368158595820] unexpected：id=5 seq=4073，该 session 正在等 None
  [tsc 28368158599720] unexpected：id=63 seq=4072，该 session 正在等 None
  [tsc 28368158607598] unexpected：id=37 seq=4073，该 session 正在等 None
  [tsc 28368158624056] unexpected：id=47 seq=4072，该 session 正在等 None
  [tsc 28368158626552] unexpected：id=49 seq=4073，该 session 正在等 None
[1;34m[14:45:37][0m 退出码 0；报告：（由调用者指定）
