[1;34m[14:48:38][0m 运行 A（async-ping）--delay-us 500 --duration-sec 60 --progress-sec 0 --json /home/ec2-user/dpdk-async-ping/logs/ab-20261001-143319/A-8.json  → /dev/null
EAL: No free 1048576 kB hugepages reported on node 0
ENA_DRIVER: ena_get_metrics_entries(): 0x6 customer metrics are supported
ENA_DRIVER: ena_rx_queue_release(): Rx queue 0:0 released
ENA_DRIVER: ena_tx_queue_release(): Tx queue 0:0 released

==================== A · async-ping（自研 rt runtime） ====================
sessions 64  delay 500 µs  duration 60 s (实际 60.00 s)  payload 64 B  timeout 10000 µs  TSC 2.600 GHz
sent 5902193  received 5902193  timeouts 0  late 0  in-flight-at-end 0  unexpected 0  foreign 0  tsc-mismatch 0  other 0  arp-replied 1  tx-full 0  no-mbuf 0
对账：sent − received − timeouts − in-flight = 0（应为 0）；丢包 = timeouts = 0（其中 0 个迟到收到）
收包对账：rx 5902194 − (received + late + unexpected + foreign + other + arp) = 0（应为 0）

metric (ns)                       count      min     mean      p50      p90      p99    p99.9   p99.99        max
in-process ①+②  [排名指标]          5902193       60      187      180      230      330      420      549      16090
seg① send  T1−T0                5902193       40       54       50       60       70      170      280       5780
seg② recv  T3−T2                5902193       20      133      120      180      280      360      469      16040
end-to-end T3−T0                5902193    36060   150439   159507   163446   241821   249698   296960     472460
seg③ wake→next T0               5902193       40      131       60      320      721     1129     1541       9510
sleep error                     5902193        0       36       10      120      280      700     1606     109370
deadline→next T0 (误差+③)         5902193       40      167       70      441      821     1258     2221     109600
  (诊断) seg① 距上次发送<100ns               0        0        0        0        0        0        0        0          0
  (诊断) seg① 100–250ns                19       50       64       60       80       80       80       80         80
  (诊断) seg① 250–500ns           1513708       40       55       50       60      160      200      310       2580
  (诊断) seg① 500ns–2µs           3109251       40       54       50       60       70      160      240       5780
  (诊断) seg① ≥2µs                1279215       40       55       50       60       70      160      250       2580
  (诊断) 维护: rte_timer_manage      599899       20       24       20       30       30       40      641       2230
  (诊断) 维护: 整个节拍                  599899       40      287      190      690      950     1190     1667      14770

段① ≥ 125 ns 的样本占 0.553%（段①是两段式分布，它的 p99 落在哪一段只看这个占比在 1% 的哪一边）
rx_burst 包数分布（非空 burst）：1:79.45%  2:16.89%  3:3.12%  4:0.54%  其余更大的 burst 共 42 次（最大一次 23 个包）
主循环被外部打断：空轮询 > 1 µs 共 12956 次（累计 23.9 ms，最长 105.1 µs）；取包前 > 10 µs 共 5 次（累计 0.2 ms，最长 141.3 µs）
port: ipackets 5902194  opackets 66986653  imissed 0  ierrors 0  oerrors 0  rx_nombuf 0
AWS allowance（本次运行增量）：bw_in_allowance_exceeded=0  bw_out_allowance_exceeded=0  pps_allowance_exceeded=0  conntrack_allowance_exceeded=0  linklocal_allowance_exceeded=0
mbuf：pool 8191，初值 avail 8191（端口启动后 7168），关停后 avail 8191 → 泄漏 0 ✔
退出原因：到达 --duration-sec，停止发送并等在途请求收尾
构建：commit f5b43e521118 · rustc 1.98.1 (48a229cea 2026-09-01) · DPDK 25.11.3 · release
环境：AMD EPYC 9R45 · 内核 6.18.48-107.148.amzn2023.x86_64 · 网卡 0000:28:00.0 驱动 igb_uio（写合并映射：是）· clocksource tsc · rdtscp constant_tsc nonstop_tsc tsc_known_freq
时钟：读一次 rdtscp 平均 17.5 ns（每个被测段恰好含一次）；TSC 读数步长 26 周期 = 10.0 ns（时间戳分辨率，所有时间差都是它的整数倍）；周期→纳秒换算与 CLOCK_MONOTONIC_RAW 相差 -0.7 ppm
[1;34m[14:49:38][0m 退出码 0；报告：（由调用者指定）
