[1;34m[14:35:35][0m 运行 B（raw-ping）--delay-us 500 --duration-sec 60 --progress-sec 0 --json /home/ec2-user/dpdk-async-ping/logs/ab-20261001-143319/B-2.json  → /dev/null
EAL: No free 1048576 kB hugepages reported on node 0
ENA_DRIVER: ena_get_metrics_entries(): 0x6 customer metrics are supported
ENA_DRIVER: ena_rx_queue_release(): Rx queue 0:0 released
ENA_DRIVER: ena_tx_queue_release(): Tx queue 0:0 released

==================== B · raw-ping（手写 busy-poll，无 runtime） ====================
sessions 64  delay 500 µs  duration 60 s (实际 60.00 s)  payload 64 B  timeout 10000 µs  TSC 2.600 GHz
sent 5148849  received 5148849  timeouts 0  late 0  in-flight-at-end 0  unexpected 0  foreign 0  tsc-mismatch 0  other 2  arp-replied 1  tx-full 0  no-mbuf 0
对账：sent − received − timeouts − in-flight = 0（应为 0）；丢包 = timeouts = 0（其中 0 个迟到收到）
收包对账：rx 5148852 − (received + late + unexpected + foreign + other + arp) = 0（应为 0）

metric (ns)                       count      min     mean      p50      p90      p99    p99.9   p99.99        max
in-process ①+②  [排名指标]          5148849       50      222      190      330      521      629      840      15730
seg① send  T1−T0                5148849       40       75       50       80      350      370      450       4720
seg② recv  T3−T2                5148849       10      147      130      200      300      390      570      15680
end-to-end T3−T0                5148849    54980   245658   246547   249698   252849   257575   304836     381620
seg③ wake→next T0               5148849       20      103       50      310      441      809     2701      17040
sleep error                     5148849        0       36       10      110      340      852     3310     108840
deadline→next T0 (误差+③)         5148849       20      140       60      420      660     1190     4689     108910
  (诊断) seg① 距上次发送<100ns          241047       70      332      330      360      370      469     1338       4720
  (诊断) seg① 100–250ns            231401       60      219      220      230      250      360      509       4600
  (诊断) seg① 250–500ns            919707       40       55       50       60       80      210      320       4270
  (诊断) seg① 500ns–2µs           2770612       40       55       50       60       70      190      310       4230
  (诊断) seg① ≥2µs                 986082       40       55       50       60       80      190      300       3950
  (诊断) 维护: rte_timer_manage      599891       20       25       20       30       30       40      620       3690
  (诊断) 维护: 整个节拍                  599891       50      258       60      889     1301     1498     2504      90770

段① ≥ 125 ns 的样本占 9.827%（段①是两段式分布，它的 p99 落在哪一段只看这个占比在 1% 的哪一边）
rx_burst 包数分布（非空 burst）：1:77.30%  2:19.01%  3:3.34%  4:0.35%  其余更大的 burst 共 180 次（最大一次 32 个包）
主循环被外部打断：空轮询 > 1 µs 共 13167 次（累计 43.2 ms，最长 110.5 µs）；取包前 > 10 µs 共 13 次（累计 0.3 ms，最长 108.8 µs）
port: ipackets 5148852  opackets 5148908  imissed 0  ierrors 0  oerrors 0  rx_nombuf 0
AWS allowance（本次运行增量）：bw_in_allowance_exceeded=0  bw_out_allowance_exceeded=0  pps_allowance_exceeded=0  conntrack_allowance_exceeded=0  linklocal_allowance_exceeded=0
mbuf：pool 8191，初值 avail 8191（端口启动后 7168），关停后 avail 8191 → 泄漏 0 ✔
退出原因：到达 --duration-sec，停止发送并等在途请求收尾
构建：commit f5b43e521118 · rustc 1.98.1 (48a229cea 2026-09-01) · DPDK 25.11.3 · release
环境：AMD EPYC 9R45 · 内核 6.18.48-107.148.amzn2023.x86_64 · 网卡 0000:28:00.0 驱动 igb_uio（写合并映射：是）· clocksource tsc · rdtscp constant_tsc nonstop_tsc tsc_known_freq
时钟：读一次 rdtscp 平均 17.7 ns（每个被测段恰好含一次）；TSC 读数步长 26 周期 = 10.0 ns（时间戳分辨率，所有时间差都是它的整数倍）；周期→纳秒换算与 CLOCK_MONOTONIC_RAW 相差 -0.7 ppm
[1;34m[14:36:35][0m 退出码 0；报告：（由调用者指定）
