[1;34m[14:47:37][0m 运行 B（raw-ping）--delay-us 500 --duration-sec 60 --progress-sec 0 --json /home/ec2-user/dpdk-async-ping/logs/ab-20261001-143319/B-8.json  → /dev/null
EAL: No free 1048576 kB hugepages reported on node 0
ENA_DRIVER: ena_get_metrics_entries(): 0x6 customer metrics are supported
ENA_DRIVER: ena_rx_queue_release(): Rx queue 0:0 released
ENA_DRIVER: ena_tx_queue_release(): Tx queue 0:0 released

==================== B · raw-ping（手写 busy-poll，无 runtime） ====================
sessions 64  delay 500 µs  duration 60 s (实际 60.00 s)  payload 64 B  timeout 10000 µs  TSC 2.600 GHz
sent 5854480  received 5854480  timeouts 0  late 0  in-flight-at-end 0  unexpected 0  foreign 0  tsc-mismatch 0  other 0  arp-replied 1  tx-full 0  no-mbuf 0
对账：sent − received − timeouts − in-flight = 0（应为 0）；丢包 = timeouts = 0（其中 0 个迟到收到）
收包对账：rx 5854481 − (received + late + unexpected + foreign + other + arp) = 0（应为 0）

metric (ns)                       count      min     mean      p50      p90      p99    p99.9   p99.99        max
in-process ①+②  [排名指标]          5854480       50      198      170      310      460      570      690      15520
seg① send  T1−T0                5854480       40       76       50      200      310      330      429      13050
seg② recv  T3−T2                5854480       10      122      110      170      270      350      450      15470
end-to-end T3−T0                5854480    37470   155782   160295   163446   166596   230793   235520     309560
seg③ wake→next T0               5854480       20       94       50      290      401      749     1092      13560
sleep error                     5854480        0       33       10      110      270      549     1541      22900
deadline→next T0 (误差+③)         5854480       20      127       60      390      561      883     1926      22960
  (诊断) seg① 距上次发送<100ns          297014       60      304      300      320      330      429      610       2710
  (诊断) seg① 100–250ns            383960       60      204      200      210      220      320      460       5600
  (诊断) seg① 250–500ns            870624       40       53       50       60       70      200      290      13050
  (诊断) seg① 500ns–2µs           3105411       40       53       50       60       70      160      250       2560
  (诊断) seg① ≥2µs                1197471       40       53       50       60       70      160      250       2110
  (诊断) 维护: rte_timer_manage      599901       20       30       30       30       40       40      561       2490
  (诊断) 维护: 整个节拍                  599901       40      268       60      629      821     1043     1480      10250

段① ≥ 125 ns 的样本占 11.915%（段①是两段式分布，它的 p99 落在哪一段只看这个占比在 1% 的哪一边）
rx_burst 包数分布（非空 burst）：1:77.93%  2:18.35%  3:3.34%  4:0.39%  其余更大的 burst 共 55 次（最大一次 32 个包）
主循环被外部打断：空轮询 > 1 µs 共 13103 次（累计 23.5 ms，最长 36.7 µs）；取包前 > 10 µs 共 17 次（累计 0.4 ms，最长 144.1 µs）
port: ipackets 5854481  opackets 66938940  imissed 0  ierrors 0  oerrors 0  rx_nombuf 0
AWS allowance（本次运行增量）：bw_in_allowance_exceeded=0  bw_out_allowance_exceeded=0  pps_allowance_exceeded=0  conntrack_allowance_exceeded=0  linklocal_allowance_exceeded=0
mbuf：pool 8191，初值 avail 8191（端口启动后 7168），关停后 avail 8191 → 泄漏 0 ✔
退出原因：到达 --duration-sec，停止发送并等在途请求收尾
构建：commit f5b43e521118 · rustc 1.98.1 (48a229cea 2026-09-01) · DPDK 25.11.3 · release
环境：AMD EPYC 9R45 · 内核 6.18.48-107.148.amzn2023.x86_64 · 网卡 0000:28:00.0 驱动 igb_uio（写合并映射：是）· clocksource tsc · rdtscp constant_tsc nonstop_tsc tsc_known_freq
时钟：读一次 rdtscp 平均 17.6 ns（每个被测段恰好含一次）；TSC 读数步长 26 周期 = 10.0 ns（时间戳分辨率，所有时间差都是它的整数倍）；周期→纳秒换算与 CLOCK_MONOTONIC_RAW 相差 -0.7 ppm
[1;34m[14:48:38][0m 退出码 0；报告：（由调用者指定）
