[1;34m[14:50:38][0m 运行 B（raw-ping）--delay-us 500 --duration-sec 60 --progress-sec 0 --json /home/ec2-user/dpdk-async-ping/logs/ab-20261001-143319/B-9.json  → /dev/null
EAL: No free 1048576 kB hugepages reported on node 0
ENA_DRIVER: ena_get_metrics_entries(): 0x6 customer metrics are supported
ENA_DRIVER: ena_rx_queue_release(): Rx queue 0:0 released
ENA_DRIVER: ena_tx_queue_release(): Tx queue 0:0 released

==================== B · raw-ping（手写 busy-poll，无 runtime） ====================
sessions 64  delay 500 µs  duration 60 s (实际 60.00 s)  payload 64 B  timeout 10000 µs  TSC 2.600 GHz
sent 5862325  received 5862325  timeouts 0  late 0  in-flight-at-end 0  unexpected 0  foreign 0  tsc-mismatch 0  other 3  arp-replied 1  tx-full 0  no-mbuf 0
对账：sent − received − timeouts − in-flight = 0（应为 0）；丢包 = timeouts = 0（其中 0 个迟到收到）
收包对账：rx 5862329 − (received + late + unexpected + foreign + other + arp) = 0（应为 0）

metric (ns)                       count      min     mean      p50      p90      p99    p99.9   p99.99        max
in-process ①+②  [排名指标]          5862325       50      187      170      250      450      561      681      15710
seg① send  T1−T0                5862325       40       66       50       70      320      330      441       4280
seg② recv  T3−T2                5862325       10      121      110      170      260      340      450      15660
end-to-end T3−T0                5862325    36100   154893   160295   163446   168172   244972   267027     319440
seg③ wake→next T0               5862325       20      104       50      300      410      761      901       9780
sleep error                     5862325        0       33       10      110      270      561     1449      78190
deadline→next T0 (误差+③)         5862325       30      137       60      410      641      901     1815      78370
  (诊断) seg① 距上次发送<100ns          298615       70      307      310      320      340      441      963       3150
  (诊断) seg① 100–250ns             10112       50      203      200      210      220      310      370        420
  (诊断) seg① 250–500ns           1214467       40       53       50       60       70      160      250       2590
  (诊断) seg① 500ns–2µs           3126556       40       53       50       60       70      160      240       3820
  (诊断) seg① ≥2µs                1212575       40       53       50       60       70      160      240       4280
  (诊断) 维护: rte_timer_manage      599900       20       24       20       30       30       40      601       2310
  (诊断) 维护: 整个节拍                  599900       40      273       60      660      870     1080     1655      13980

段① ≥ 125 ns 的样本占 5.475%（段①是两段式分布，它的 p99 落在哪一段只看这个占比在 1% 的哪一边）
rx_burst 包数分布（非空 burst）：1:78.85%  2:17.43%  3:3.22%  4:0.50%  其余更大的 burst 共 40 次（最大一次 32 个包）
主循环被外部打断：空轮询 > 1 µs 共 13032 次（累计 23.4 ms，最长 151.1 µs）；取包前 > 10 µs 共 11 次（累计 0.3 ms，最长 108.0 µs）
port: ipackets 5862329  opackets 66946785  imissed 0  ierrors 0  oerrors 0  rx_nombuf 0
AWS allowance（本次运行增量）：bw_in_allowance_exceeded=0  bw_out_allowance_exceeded=0  pps_allowance_exceeded=0  conntrack_allowance_exceeded=0  linklocal_allowance_exceeded=0
mbuf：pool 8191，初值 avail 8191（端口启动后 7168），关停后 avail 8191 → 泄漏 0 ✔
退出原因：到达 --duration-sec，停止发送并等在途请求收尾
构建：commit f5b43e521118 · rustc 1.98.1 (48a229cea 2026-09-01) · DPDK 25.11.3 · release
环境：AMD EPYC 9R45 · 内核 6.18.48-107.148.amzn2023.x86_64 · 网卡 0000:28:00.0 驱动 igb_uio（写合并映射：是）· clocksource tsc · rdtscp constant_tsc nonstop_tsc tsc_known_freq
时钟：读一次 rdtscp 平均 17.5 ns（每个被测段恰好含一次）；TSC 读数步长 26 周期 = 10.0 ns（时间戳分辨率，所有时间差都是它的整数倍）；周期→纳秒换算与 CLOCK_MONOTONIC_RAW 相差 -0.7 ppm
[1;34m[14:51:38][0m 退出码 0；报告：（由调用者指定）
