[1;34m[08:51:21][0m 运行 B（raw-ping）--delay-us 500 --duration-sec 60 --progress-sec 0 --json logs/sessions/v3/ab/B-10.json  → /dev/null
EAL: No free 1048576 kB hugepages reported on node 0
ENA_DRIVER: ena_get_metrics_entries(): 0x6 customer metrics are supported
ENA_DRIVER: ena_rx_queue_release(): Rx queue 0:0 released
ENA_DRIVER: ena_tx_queue_release(): Tx queue 0:0 released

==================== B · raw-ping（手写 busy-poll，无 runtime） ====================
sessions 64  delay 500 µs  duration 60 s (实际 60.00 s)  payload 64 B  timeout 10000 µs  TSC 2.600 GHz
sent 5812971  received 5812971  timeouts 0  late 0  in-flight-at-end 0  unexpected 0  foreign 0  tsc-mismatch 0  other 0  arp-replied 1  tx-full 0  no-mbuf 0
对账：sent − received − timeouts − in-flight = 0（应为 0）；丢包 = timeouts = 0（其中 0 个迟到收到）
收包对账：rx 5812972 − (received + late + unexpected + foreign + other + arp) = 0（应为 0）

metric (ns)                       count      min     mean      p50      p90      p99    p99.9   p99.99        max
in-process ①+②  [排名指标]          5812971       50      191      170      260      450      561      681      31560
seg① send  T1−T0                5812971       40       66       50       70      310      320      429      11970
seg② recv  T3−T2                5812971       10      125      120      170      270      350      450      31490
end-to-end T3−T0                5812971    35370   160460   159507   238670   243396   249698   278055     370570
seg③ wake→next T0               5812971       20      100       50      290      401      749     1092      13000
sleep error                     5812971        0       32       10      110      270      580     1704      22000
deadline→next T0 (误差+③)         5812971       30      132       60      401      561      901     2024      22100
  (诊断) seg① 距上次发送<100ns          256781      210      302      300      310      330      450      549      11970
  (诊断) seg① 100–250ns             62036       60      203      200      210      220      310      390       1880
  (诊断) seg① 250–500ns           1134474       40       53       50       60       70      170      270       2510
  (诊断) seg① 500ns–2µs           3136241       40       53       50       60       70      160      250       3250
  (诊断) seg① ≥2µs                1223439       40       54       50       60       70      160      260       2490
  (诊断) 维护: rte_timer_manage      599903       20       25       20       30       30       40     1012       3120
  (诊断) 维护: 整个节拍                  599903       40      289      190      721     1061     1227     1716      16000

段① ≥ 125 ns 的样本占 5.785%（段①是两段式分布，它的 p99 落在哪一段只看这个占比在 1% 的哪一边）
rx_burst 包数分布（非空 burst）：1:79.19%  2:17.51%  3:2.99%  4:0.30%  其余更大的 burst 共 50 次（最大一次 29 个包）
主循环被外部打断：空轮询 > 1 µs 共 13141 次（累计 24.7 ms，最长 37.9 µs）；取包前 > 10 µs 共 9 次（累计 0.1 ms，最长 16.8 µs）
port: ipackets 5812972  opackets 5813038  imissed 0  ierrors 0  oerrors 0  rx_nombuf 0
AWS allowance（本次运行增量）：bw_in_allowance_exceeded=0  bw_out_allowance_exceeded=0  pps_allowance_exceeded=0  conntrack_allowance_exceeded=0  linklocal_allowance_exceeded=0
mbuf：pool 8191，初值 avail 8191（端口启动后 7168），关停后 avail 8191 → 泄漏 0 ✔
退出原因：到达 --duration-sec，停止发送并等在途请求收尾
构建：commit 2e781cd5192a · rustc 1.98.1 (48a229cea 2026-09-01) · DPDK 25.11.3 · release
环境：AMD EPYC 9R45 · 内核 6.18.48-107.148.amzn2023.x86_64 · 网卡 0000:28:00.0 驱动 igb_uio（写合并映射：是）· clocksource tsc · rdtscp constant_tsc nonstop_tsc tsc_known_freq
时钟：读一次 rdtscp 平均 17.5 ns（每个被测段恰好含一次）；TSC 读数步长 26 周期 = 10.0 ns（时间戳分辨率，所有时间差都是它的整数倍）；周期→纳秒换算与 CLOCK_MONOTONIC_RAW 相差 +0.1 ppm
[1;34m[08:52:21][0m 退出码 0；报告：（由调用者指定）
