[1;34m[08:38:18][0m 运行 B（raw-ping）--delay-us 500 --duration-sec 60 --progress-sec 0 --json logs/sessions/v3/ab/B-3.json  → /dev/null
EAL: No free 1048576 kB hugepages reported on node 0
ENA_DRIVER: ena_get_metrics_entries(): 0x6 customer metrics are supported
ENA_DRIVER: ena_rx_queue_release(): Rx queue 0:0 released
ENA_DRIVER: ena_tx_queue_release(): Tx queue 0:0 released

==================== B · raw-ping（手写 busy-poll，无 runtime） ====================
sessions 64  delay 500 µs  duration 60 s (实际 60.00 s)  payload 64 B  timeout 10000 µs  TSC 2.600 GHz
sent 5813896  received 5813896  timeouts 0  late 0  in-flight-at-end 0  unexpected 0  foreign 0  tsc-mismatch 0  other 0  arp-replied 0  tx-full 0  no-mbuf 0
对账：sent − received − timeouts − in-flight = 0（应为 0）；丢包 = timeouts = 0（其中 0 个迟到收到）
收包对账：rx 5813896 − (received + late + unexpected + foreign + other + arp) = 0（应为 0）

metric (ns)                       count      min     mean      p50      p90      p99    p99.9   p99.99        max
in-process ①+②  [排名指标]          5813896       50      192      170      270      460      570      681       4310
seg① send  T1−T0                5813896       40       68       50       70      310      330      420       4180
seg② recv  T3−T2                5813896       10      124      110      170      270      360      460       3430
end-to-end T3−T0                5813896    42790   160342   160295   163446   168172   180775   233944     306230
seg③ wake→next T0               5813896       30      112       50      290      401      749     1098      10340
sleep error                     5813896        0       36       10      110      300      561     1593      85160
deadline→next T0 (误差+③)         5813896       30      147       60      410      650      938     1926      85250
  (诊断) seg① 距上次发送<100ns          337668      140      303      300      320      330      429      509       3450
  (诊断) seg① 100–250ns               222       50      185      190      220      260      310      310        310
  (诊断) seg① 250–500ns           1347580       40       53       50       60       70      160      270       4180
  (诊断) seg① 500ns–2µs           2956448       40       53       50       60       70      160      250       2490
  (诊断) seg① ≥2µs                1171978       40       54       50       60       70      160      240       2380
  (诊断) 维护: rte_timer_manage      599903       20       29       30       30       40       40      669       2650
  (诊断) 维护: 整个节拍                  599903       40      267       60      641      803      938     1704      41130

段① ≥ 125 ns 的样本占 6.070%（段①是两段式分布，它的 p99 落在哪一段只看这个占比在 1% 的哪一边）
rx_burst 包数分布（非空 burst）：1:75.95%  2:19.08%  3:4.39%  4:0.58%  其余更大的 burst 共 49 次（最大一次 25 个包）
主循环被外部打断：空轮询 > 1 µs 共 13169 次（累计 24.7 ms，最长 108.1 µs）；取包前 > 10 µs 共 4 次（累计 0.1 ms，最长 15.7 µs）
port: ipackets 5813896  opackets 5813962  imissed 0  ierrors 0  oerrors 0  rx_nombuf 0
AWS allowance（本次运行增量）：bw_in_allowance_exceeded=0  bw_out_allowance_exceeded=0  pps_allowance_exceeded=0  conntrack_allowance_exceeded=0  linklocal_allowance_exceeded=0
mbuf：pool 8191，初值 avail 8191（端口启动后 7168），关停后 avail 8191 → 泄漏 0 ✔
退出原因：到达 --duration-sec，停止发送并等在途请求收尾
构建：commit 2e781cd5192a · rustc 1.98.1 (48a229cea 2026-09-01) · DPDK 25.11.3 · release
环境：AMD EPYC 9R45 · 内核 6.18.48-107.148.amzn2023.x86_64 · 网卡 0000:28:00.0 驱动 igb_uio（写合并映射：是）· clocksource tsc · rdtscp constant_tsc nonstop_tsc tsc_known_freq
时钟：读一次 rdtscp 平均 17.5 ns（每个被测段恰好含一次）；TSC 读数步长 26 周期 = 10.0 ns（时间戳分辨率，所有时间差都是它的整数倍）；周期→纳秒换算与 CLOCK_MONOTONIC_RAW 相差 +0.1 ppm
[1;34m[08:39:18][0m 退出码 0；报告：（由调用者指定）
