[1;34m[08:46:19][0m 运行 B（raw-ping）--delay-us 500 --duration-sec 60 --progress-sec 0 --json logs/sessions/v3/ab/B-7.json  → /dev/null
EAL: No free 1048576 kB hugepages reported on node 0
ENA_DRIVER: ena_get_metrics_entries(): 0x6 customer metrics are supported
ENA_DRIVER: ena_rx_queue_release(): Rx queue 0:0 released
ENA_DRIVER: ena_tx_queue_release(): Tx queue 0:0 released

==================== B · raw-ping（手写 busy-poll，无 runtime） ====================
sessions 64  delay 500 µs  duration 60 s (实际 60.00 s)  payload 64 B  timeout 10000 µs  TSC 2.600 GHz
sent 5824866  received 5824866  timeouts 0  late 0  in-flight-at-end 0  unexpected 0  foreign 0  tsc-mismatch 0  other 1  arp-replied 1  tx-full 0  no-mbuf 0
对账：sent − received − timeouts − in-flight = 0（应为 0）；丢包 = timeouts = 0（其中 0 个迟到收到）
收包对账：rx 5824868 − (received + late + unexpected + foreign + other + arp) = 0（应为 0）

metric (ns)                       count      min     mean      p50      p90      p99    p99.9   p99.99        max
in-process ①+②  [排名指标]          5824866       50      189      170      250      441      549      669      15980
seg① send  T1−T0                5824866       40       64       50       60      310      320      410       6280
seg② recv  T3−T2                5824866       10      124      120      170      270      350      460      15670
end-to-end T3−T0                5824866    37470   159107   160295   164233   170535   232369   248123     305770
seg③ wake→next T0               5824866       20      104       50      290      401      749     1110      21940
sleep error                     5824866        0       32       10      110      260      540     1692      34830
deadline→next T0 (误差+③)         5824866       30      137       60      410      561      870     2110      34930
  (诊断) seg① 距上次发送<100ns          263085       60      299      300      310      330      429      690       3170
  (诊断) seg① 100–250ns              2772       50      202      200      210      230      420     2110       2110
  (诊断) seg① 250–500ns           1263645       40       53       50       60       70      160      260       2640
  (诊断) seg① 500ns–2µs           3214346       40       53       50       60       70      160      240       6280
  (诊断) seg① ≥2µs                1081018       40       54       50       60       70      160      250       3050
  (诊断) 维护: rte_timer_manage      599902       20       25       20       30       30       40      721       3150
  (诊断) 维护: 整个节拍                  599902       40      277       60      700      889     1067     1790      27570

段① ≥ 125 ns 的样本占 4.802%（段①是两段式分布，它的 p99 落在哪一段只看这个占比在 1% 的哪一边）
rx_burst 包数分布（非空 burst）：1:78.32%  2:18.24%  3:3.12%  4:0.32%  其余更大的 burst 共 57 次（最大一次 30 个包）
主循环被外部打断：空轮询 > 1 µs 共 13172 次（累计 24.9 ms，最长 102.1 µs）；取包前 > 10 µs 共 8 次（累计 0.1 ms，最长 17.4 µs）
port: ipackets 5824868  opackets 5824933  imissed 0  ierrors 0  oerrors 0  rx_nombuf 0
AWS allowance（本次运行增量）：bw_in_allowance_exceeded=0  bw_out_allowance_exceeded=0  pps_allowance_exceeded=0  conntrack_allowance_exceeded=0  linklocal_allowance_exceeded=0
mbuf：pool 8191，初值 avail 8191（端口启动后 7168），关停后 avail 8191 → 泄漏 0 ✔
退出原因：到达 --duration-sec，停止发送并等在途请求收尾
构建：commit 2e781cd5192a · rustc 1.98.1 (48a229cea 2026-09-01) · DPDK 25.11.3 · release
环境：AMD EPYC 9R45 · 内核 6.18.48-107.148.amzn2023.x86_64 · 网卡 0000:28:00.0 驱动 igb_uio（写合并映射：是）· clocksource tsc · rdtscp constant_tsc nonstop_tsc tsc_known_freq
时钟：读一次 rdtscp 平均 17.6 ns（每个被测段恰好含一次）；TSC 读数步长 26 周期 = 10.0 ns（时间戳分辨率，所有时间差都是它的整数倍）；周期→纳秒换算与 CLOCK_MONOTONIC_RAW 相差 +0.1 ppm
[1;34m[08:47:20][0m 退出码 0；报告：（由调用者指定）
