[1;34m[12:14:59][0m 运行 B（raw-ping）--delay-us 500 --duration-sec 60 --progress-sec 0 --json logs/sessions/reboot1/ab/B-6.json  → /dev/null
EAL: No free 1048576 kB hugepages reported on node 0
ENA_DRIVER: ena_get_metrics_entries(): 0x6 customer metrics are supported
ENA_DRIVER: ena_rx_queue_release(): Rx queue 0:0 released
ENA_DRIVER: ena_tx_queue_release(): Tx queue 0:0 released

==================== B · raw-ping（手写 busy-poll，无 runtime） ====================
sessions 64  delay 500 µs  duration 60 s (实际 60.00 s)  payload 64 B  timeout 10000 µs  TSC 2.600 GHz
sent 5641323  received 5641323  timeouts 0  late 0  in-flight-at-end 0  unexpected 0  foreign 0  tsc-mismatch 0  other 1  arp-replied 1  tx-full 0  no-mbuf 0
对账：sent − received − timeouts − in-flight = 0（应为 0）；丢包 = timeouts = 0（其中 0 个迟到收到）
收包对账：rx 5641325 − (received + late + unexpected + foreign + other + arp) = 0（应为 0）

metric (ns)                       count      min     mean      p50      p90      p99    p99.9   p99.99        max
in-process ①+②  [排名指标]          5641323       50      203      180      310      481      580      700      15860
seg① send  T1−T0                5641323       40       73       50       70      320      330      429       4230
seg② recv  T3−T2                5641323       10      130      120      180      280      360      469      15810
end-to-end T3−T0                5641323    52280   180556   238670   249698   254424   257575   287507     384180
seg③ wake→next T0               5641323       20      101       50      300      410      780     1221      13400
sleep error                     5641323        0       36       10      110      350      821     2738      14260
deadline→next T0 (误差+③)         5641323       20      137       60      410      669     1172     3021      14460
  (诊断) seg① 距上次发送<100ns          313630      130      310      310      320      340      441      589       4160
  (诊断) seg① 100–250ns            180341       60      208      210      220      230      320      410       3300
  (诊断) seg① 250–500ns           1020033       40       54       50       60       70      180      290       3830
  (诊断) seg① 500ns–2µs           2876783       40       54       50       60       70      170      260       4230
  (诊断) seg① ≥2µs                1250536       40       54       50       60       70      170      250       3760
  (诊断) 维护: rte_timer_manage      599901       20       25       20       30       30       40      580       3480
  (诊断) 维护: 整个节拍                  599901       50      296      200      901     1307     1461     1803      11990

段① ≥ 125 ns 的样本占 9.058%（段①是两段式分布，它的 p99 落在哪一段只看这个占比在 1% 的哪一边）
rx_burst 包数分布（非空 burst）：1:78.24%  2:17.70%  3:3.57%  4:0.49%  其余更大的 burst 共 144 次（最大一次 28 个包）
主循环被外部打断：空轮询 > 1 µs 共 12895 次（累计 38.9 ms，最长 55.9 µs）；取包前 > 10 µs 共 9 次（累计 0.2 ms，最长 33.2 µs）
port: ipackets 5641325  opackets 5641382  imissed 0  ierrors 0  oerrors 0  rx_nombuf 0
AWS allowance（本次运行增量）：bw_in_allowance_exceeded=0  bw_out_allowance_exceeded=0  pps_allowance_exceeded=0  conntrack_allowance_exceeded=0  linklocal_allowance_exceeded=0
mbuf：pool 8191，初值 avail 8191（端口启动后 7168），关停后 avail 8191 → 泄漏 0 ✔
退出原因：到达 --duration-sec，停止发送并等在途请求收尾
构建：commit 11334b196717 · rustc 1.98.1 (48a229cea 2026-09-01) · DPDK 25.11.3 · release
环境：AMD EPYC 9R45 · 内核 6.18.48-107.148.amzn2023.x86_64 · 网卡 0000:28:00.0 驱动 igb_uio（写合并映射：是）· clocksource tsc · rdtscp constant_tsc nonstop_tsc tsc_known_freq
时钟：读一次 rdtscp 平均 17.7 ns（每个被测段恰好含一次）；TSC 读数步长 26 周期 = 10.0 ns（时间戳分辨率，所有时间差都是它的整数倍）；周期→纳秒换算与 CLOCK_MONOTONIC_RAW 相差 -0.7 ppm
[1;34m[12:15:59][0m 退出码 0；报告：（由调用者指定）
