[1;34m[12:22:01][0m 运行 B（raw-ping）--delay-us 500 --duration-sec 60 --progress-sec 0 --json logs/sessions/reboot1/ab/B-9.json  → /dev/null
EAL: No free 1048576 kB hugepages reported on node 0
ENA_DRIVER: ena_get_metrics_entries(): 0x6 customer metrics are supported
ENA_DRIVER: ena_rx_queue_release(): Rx queue 0:0 released
ENA_DRIVER: ena_tx_queue_release(): Tx queue 0:0 released

==================== B · raw-ping（手写 busy-poll，无 runtime） ====================
sessions 64  delay 500 µs  duration 60 s (实际 60.00 s)  payload 64 B  timeout 10000 µs  TSC 2.600 GHz
sent 5834031  received 5834031  timeouts 0  late 0  in-flight-at-end 0  unexpected 0  foreign 0  tsc-mismatch 0  other 0  arp-replied 1  tx-full 0  no-mbuf 0
对账：sent − received − timeouts − in-flight = 0（应为 0）；丢包 = timeouts = 0（其中 0 个迟到收到）
收包对账：rx 5834032 − (received + late + unexpected + foreign + other + arp) = 0（应为 0）

metric (ns)                       count      min     mean      p50      p90      p99    p99.9   p99.99        max
in-process ①+②  [排名指标]          5834031       50      217      190      340      500      610      761      15660
seg① send  T1−T0                5834031       40       79       50      210      340      370      460       7260
seg② recv  T3−T2                5834031       10      138      130      190      290      380      490      15600
end-to-end T3−T0                5834031    55270   158071   160295   164233   170535   230793   235520     321050
seg③ wake→next T0               5834031       30      101       50      300      441      840     1913      18990
sleep error                     5834031        0       37       10      110      310      730     3236     106010
deadline→next T0 (误差+③)         5834031       30      138       60      410      620     1141     3950     106070
  (诊断) seg① 距上次发送<100ns          286676       60      321      310      350      370      481     1301       5940
  (诊断) seg① 100–250ns            397076       60      216      210      230      290      380      500       4710
  (诊断) seg① 250–500ns            917229       40       55       50       60      150      220      330       5020
  (诊断) seg① 500ns–2µs           3040061       40       55       50       60       80      200      310       7260
  (诊断) seg① ≥2µs                1192989       40       55       50       60       80      200      300       4270
  (诊断) 维护: rte_timer_manage      599887       20       25       30       30       30       40      730       3150
  (诊断) 维护: 整个节拍                  599887       50      285       60      681      963     1123     2036     100700

段① ≥ 125 ns 的样本占 12.447%（段①是两段式分布，它的 p99 落在哪一段只看这个占比在 1% 的哪一边）
rx_burst 包数分布（非空 burst）：1:77.33%  2:18.65%  3:3.55%  4:0.46%  其余更大的 burst 共 185 次（最大一次 32 个包）
主循环被外部打断：空轮询 > 1 µs 共 12805 次（累计 41.7 ms，最长 108.7 µs）；取包前 > 10 µs 共 11 次（累计 0.2 ms，最长 60.1 µs）
port: ipackets 5834032  opackets 5834090  imissed 0  ierrors 0  oerrors 0  rx_nombuf 0
AWS allowance（本次运行增量）：bw_in_allowance_exceeded=0  bw_out_allowance_exceeded=0  pps_allowance_exceeded=0  conntrack_allowance_exceeded=0  linklocal_allowance_exceeded=0
mbuf：pool 8191，初值 avail 8191（端口启动后 7168），关停后 avail 8191 → 泄漏 0 ✔
退出原因：到达 --duration-sec，停止发送并等在途请求收尾
构建：commit 11334b196717 · rustc 1.98.1 (48a229cea 2026-09-01) · DPDK 25.11.3 · release
环境：AMD EPYC 9R45 · 内核 6.18.48-107.148.amzn2023.x86_64 · 网卡 0000:28:00.0 驱动 igb_uio（写合并映射：是）· clocksource tsc · rdtscp constant_tsc nonstop_tsc tsc_known_freq
时钟：读一次 rdtscp 平均 17.7 ns（每个被测段恰好含一次）；TSC 读数步长 26 周期 = 10.0 ns（时间戳分辨率，所有时间差都是它的整数倍）；周期→纳秒换算与 CLOCK_MONOTONIC_RAW 相差 -0.7 ppm
[1;34m[12:23:01][0m 退出码 0；报告：（由调用者指定）
