[1;34m[14:23:06][0m 运行 B（raw-ping）--progress-sec 0 --json logs/final/B-600.json --delay-us 500 --duration-sec 600 --samples logs/tmp/B-600.samples  → /dev/null
EAL: No free 1048576 kB hugepages reported on node 0
ENA_DRIVER: ena_get_metrics_entries(): 0x6 customer metrics are supported
ENA_DRIVER: ena_rx_queue_release(): Rx queue 0:0 released
ENA_DRIVER: ena_tx_queue_release(): Tx queue 0:0 released

==================== B · raw-ping（手写 busy-poll，无 runtime） ====================
sessions 64  delay 500 µs  duration 600 s (实际 600.01 s)  payload 64 B  timeout 10000 µs  TSC 2.600 GHz
sent 52764035  received 52764035  timeouts 0  late 0  in-flight-at-end 0  unexpected 0  foreign 1  tsc-mismatch 0  other 7  arp-replied 9  tx-full 0  no-mbuf 0
对账：sent − received − timeouts − in-flight = 0（应为 0）；丢包 = timeouts = 0（其中 0 个迟到收到）
收包对账：rx 52764052 − (received + late + unexpected + foreign + other + arp) = 0（应为 0）

metric (ns)                       count      min     mean      p50      p90      p99    p99.9   p99.99        max
in-process ①+②  [排名指标]         52764035       50      201      180      280      469      580      700      33210
seg① send  T1−T0               52764035       40       70       50       70      320      330      420       6640
seg② recv  T3−T2               52764035       10      131      120      180      280      360      469      33160
end-to-end T3−T0               52764035    52080   227627   246547   251273   254424   259150   306412     404080
seg③ wake→next T0              52764035       20      106       50      300      410      780     1147      15040
sleep error                    52764035        0       36       10      110      350      803     2726      33980
deadline→next T0 (误差+③)        52764035       20      142       60      410      669     1098     3083      34190
  (诊断) seg① 距上次发送<100ns         2856547       60      309      310      320      330      429      790       5340
  (诊断) seg① 100–250ns            512681       60      209      210      220      230      320      450       4380
  (诊断) seg① 250–500ns          11005236       40       55       50       60       70      180      290       4760
  (诊断) seg① 500ns–2µs          27941691       40       54       50       60       70      170      280       6640
  (诊断) seg① ≥2µs               10447880       40       55       50       60       80      170      280       4770
  (诊断) 维护: rte_timer_manage     5998989       20       25       20       30       30       40      950       3880
  (诊断) 维护: 整个节拍                 5998989       50      268       60      889     1320     1492     1889      24600

段① ≥ 125 ns 的样本占 6.833%（段①是两段式分布，它的 p99 落在哪一段只看这个占比在 1% 的哪一边）
rx_burst 包数分布（非空 burst）：1:77.63%  2:18.36%  3:3.50%  4:0.50%  其余更大的 burst 共 1168 次（最大一次 32 个包）
主循环被外部打断：空轮询 > 1 µs 共 130970 次（累计 389.2 ms，最长 52.0 µs）；取包前 > 10 µs 共 99 次（累计 1.6 ms，最长 46.4 µs）
port: ipackets 52764052  opackets 52764102  imissed 0  ierrors 0  oerrors 0  rx_nombuf 0
AWS allowance（本次运行增量）：bw_in_allowance_exceeded=0  bw_out_allowance_exceeded=0  pps_allowance_exceeded=0  conntrack_allowance_exceeded=0  linklocal_allowance_exceeded=0
mbuf：pool 8191，初值 avail 8191（端口启动后 7168），关停后 avail 8191 → 泄漏 0 ✔
退出原因：到达 --duration-sec，停止发送并等在途请求收尾
构建：commit f5b43e521118 · rustc 1.98.1 (48a229cea 2026-09-01) · DPDK 25.11.3 · release
环境：AMD EPYC 9R45 · 内核 6.18.48-107.148.amzn2023.x86_64 · 网卡 0000:28:00.0 驱动 igb_uio（写合并映射：是）· clocksource tsc · rdtscp constant_tsc nonstop_tsc tsc_known_freq
时钟：读一次 rdtscp 平均 17.7 ns（每个被测段恰好含一次）；TSC 读数步长 26 周期 = 10.0 ns（时间戳分辨率，所有时间差都是它的整数倍）；周期→纳秒换算与 CLOCK_MONOTONIC_RAW 相差 -0.7 ppm
原始样本：52764035 个 → logs/tmp/B-600.samples（容量 77541976）
异常包明细（最多 16 条）：
  [tsc 25407586355216] foreign：来自 13.214.173.166 的 echo reply（不是对端），id=16509 seq=14618，已丢弃
[1;34m[14:33:06][0m 退出码 0；报告：（由调用者指定）
