[1;34m[01:29:14][0m 运行 A（async-ping）--progress-sec 0 --json logs/sessions/day2-raw/drift/A1-012.json --delay-us 500 --duration-sec 20  → /dev/null
EAL: No free 1048576 kB hugepages reported on node 0
ENA_DRIVER: ena_get_metrics_entries(): 0x6 customer metrics are supported
ENA_DRIVER: ena_rx_queue_release(): Rx queue 0:0 released
ENA_DRIVER: ena_tx_queue_release(): Tx queue 0:0 released

==================== A · async-ping（自研 rt runtime） ====================
sessions 64  delay 500 µs  duration 20 s (实际 20.00 s)  payload 64 B  timeout 10000 µs  TSC 2.600 GHz
sent 1974951  received 1974951  timeouts 0  late 0  in-flight-at-end 0  unexpected 0  foreign 0  tsc-mismatch 0  other 0  arp-replied 0  tx-full 0  no-mbuf 0
对账：sent − received − timeouts − in-flight = 0（应为 0）；丢包 = timeouts = 0（其中 0 个迟到收到）
收包对账：rx 1974951 − (received + late + unexpected + foreign + other + arp) = 0（应为 0）

metric (ns)                       count      min     mean      p50      p90      p99    p99.9   p99.99        max
in-process ①+②  [排名指标]          1974951       70      210      200      270      380      500      709      31380
seg① send  T1−T0                1974951       40       55       50       60       70      180      280       5540
seg② recv  T3−T2                1974951       20      156      140      220      320      441      629      31330
end-to-end T3−T0                1974951    36100   147959   159507   163446   235520   248123   300110     319880
seg③ wake→next T0               1974951       40      128       70      310      700     1110     2024      12370
sleep error                     1974951        0       35       10      110      290      770     3261      42100
deadline→next T0 (误差+③)         1974951       40      163       70      420      770     1221     4640      42900
  (诊断) seg① 距上次发送<100ns               0        0        0        0        0        0        0        0          0
  (诊断) seg① 100–250ns                 6       60       65       60       70       70       70       70         70
  (诊断) seg① 250–500ns            506520       40       55       50       60      150      210      290       4160
  (诊断) seg① 500ns–2µs           1032750       40       54       50       60       70      170      260       5540
  (诊断) seg① ≥2µs                 435675       40       55       50       60       70      170      240       5450
  (诊断) 维护: rte_timer_manage      199972       20       26       30       30       40       40      650       2070
  (诊断) 维护: 整个节拍                  199972       40      323      210      803     1080     1307     2073      25260

段① ≥ 125 ns 的样本占 0.509%（段①是两段式分布，它的 p99 落在哪一段只看这个占比在 1% 的哪一边）
rx_burst 包数分布（非空 burst）：1:79.08%  2:17.43%  3:3.16%  4:0.34%  其余更大的 burst 共 33 次（最大一次 25 个包）
主循环被外部打断：空轮询 > 1 µs 共 4328 次（累计 9.9 ms，最长 126.3 µs）；取包前 > 10 µs 共 5 次（累计 0.1 ms，最长 20.7 µs）
port: ipackets 1974951  opackets 1975106  imissed 0  ierrors 0  oerrors 0  rx_nombuf 0
AWS allowance（本次运行增量）：bw_in_allowance_exceeded=0  bw_out_allowance_exceeded=0  pps_allowance_exceeded=0  conntrack_allowance_exceeded=0  linklocal_allowance_exceeded=0
mbuf：pool 8191，初值 avail 8191（端口启动后 7168），关停后 avail 8191 → 泄漏 0 ✔
退出原因：到达 --duration-sec，停止发送并等在途请求收尾
构建：commit ea2e92b1d3ac · rustc 1.98.1 (48a229cea 2026-09-01) · DPDK 25.11.3 · release
环境：AMD EPYC 9R45 · 内核 6.18.48-107.148.amzn2023.x86_64 · 网卡 0000:28:00.0 驱动 igb_uio（写合并映射：是）· clocksource tsc · rdtscp constant_tsc nonstop_tsc tsc_known_freq
时钟：读一次 rdtscp 平均 17.6 ns（每个被测段恰好含一次）；TSC 读数步长 26 周期 = 10.0 ns（时间戳分辨率，所有时间差都是它的整数倍）；周期→纳秒换算与 CLOCK_MONOTONIC_RAW 相差 +0.1 ppm
[1;34m[01:29:34][0m 退出码 0；报告：（由调用者指定）
