[1;34m[01:46:46][0m 运行 A（async-ping）--progress-sec 0 --json logs/sessions/day2-raw/drift/A1-029.json --delay-us 500 --duration-sec 20  → /dev/null
EAL: No free 1048576 kB hugepages reported on node 0
ENA_DRIVER: ena_get_metrics_entries(): 0x6 customer metrics are supported
ENA_DRIVER: ena_rx_queue_release(): Rx queue 0:0 released
ENA_DRIVER: ena_tx_queue_release(): Tx queue 0:0 released

==================== A · async-ping（自研 rt runtime） ====================
sessions 64  delay 500 µs  duration 20 s (实际 20.00 s)  payload 64 B  timeout 10000 µs  TSC 2.600 GHz
sent 1983880  received 1983880  timeouts 0  late 0  in-flight-at-end 0  unexpected 0  foreign 0  tsc-mismatch 0  other 1  arp-replied 0  tx-full 0  no-mbuf 0
对账：sent − received − timeouts − in-flight = 0（应为 0）；丢包 = timeouts = 0（其中 0 个迟到收到）
收包对账：rx 1983881 − (received + late + unexpected + foreign + other + arp) = 0（应为 0）

metric (ns)                       count      min     mean      p50      p90      p99    p99.9   p99.99        max
in-process ①+②  [排名指标]          1983880       70      209      200      270      370      490      721       6270
seg① send  T1−T0                1983880       40       55       50       60       70      180      280       5940
seg② recv  T3−T2                1983880       20      154      140      220      320      429      620       6220
end-to-end T3−T0                1983880    35200   145050   109095   230793   246547   252849   304836     363720
seg③ wake→next T0               1983880       40      119       70      310      700     1098     1541       6550
sleep error                     1983880        0       34       10      110      310      790     2270      18710
deadline→next T0 (误差+③)         1983880       40      154       70      420      770     1178     3046      19060
  (诊断) seg① 距上次发送<100ns               0        0        0        0        0        0        0        0          0
  (诊断) seg① 100–250ns                 3       70       73       70       80       80       80       80         80
  (诊断) seg① 250–500ns            452100       40       55       50       60       80      200      300       5940
  (诊断) seg① 500ns–2µs           1017462       40       54       50       60       70      170      260       5040
  (诊断) seg① ≥2µs                 514315       40       55       50       60       70      170      260       2760
  (诊断) 维护: rte_timer_manage      199974       20       25       20       30       30       40      620       2000
  (诊断) 维护: 整个节拍                  199974       40      338      250      858     1172     1381     1926       8500

段① ≥ 125 ns 的样本占 0.441%（段①是两段式分布，它的 p99 落在哪一段只看这个占比在 1% 的哪一边）
rx_burst 包数分布（非空 burst）：1:81.39%  2:15.97%  3:2.41%  4:0.23%  其余更大的 burst 共 30 次（最大一次 20 个包）
主循环被外部打断：空轮询 > 1 µs 共 4262 次（累计 9.3 ms，最长 20.5 µs）；取包前 > 10 µs 共 5 次（累计 0.1 ms，最长 22.7 µs）
port: ipackets 1983881  opackets 1984035  imissed 0  ierrors 0  oerrors 0  rx_nombuf 0
AWS allowance（本次运行增量）：bw_in_allowance_exceeded=0  bw_out_allowance_exceeded=0  pps_allowance_exceeded=0  conntrack_allowance_exceeded=0  linklocal_allowance_exceeded=0
mbuf：pool 8191，初值 avail 8191（端口启动后 7168），关停后 avail 8191 → 泄漏 0 ✔
退出原因：到达 --duration-sec，停止发送并等在途请求收尾
构建：commit ea2e92b1d3ac · rustc 1.98.1 (48a229cea 2026-09-01) · DPDK 25.11.3 · release
环境：AMD EPYC 9R45 · 内核 6.18.48-107.148.amzn2023.x86_64 · 网卡 0000:28:00.0 驱动 igb_uio（写合并映射：是）· clocksource tsc · rdtscp constant_tsc nonstop_tsc tsc_known_freq
时钟：读一次 rdtscp 平均 17.7 ns（每个被测段恰好含一次）；TSC 读数步长 26 周期 = 10.0 ns（时间戳分辨率，所有时间差都是它的整数倍）；周期→纳秒换算与 CLOCK_MONOTONIC_RAW 相差 +0.1 ppm
[1;34m[01:47:06][0m 退出码 0；报告：（由调用者指定）
