[1;34m[01:51:09][0m 运行 A（async-ping）--progress-sec 0 --json logs/sessions/day2-raw/drift/A1-034.json --delay-us 500 --duration-sec 20  → /dev/null
EAL: No free 1048576 kB hugepages reported on node 0
ENA_DRIVER: ena_get_metrics_entries(): 0x6 customer metrics are supported
ENA_DRIVER: ena_rx_queue_release(): Rx queue 0:0 released
ENA_DRIVER: ena_tx_queue_release(): Tx queue 0:0 released

==================== A · async-ping（自研 rt runtime） ====================
sessions 64  delay 500 µs  duration 20 s (实际 20.00 s)  payload 64 B  timeout 10000 µs  TSC 2.600 GHz
sent 1951899  received 1951899  timeouts 0  late 0  in-flight-at-end 0  unexpected 0  foreign 0  tsc-mismatch 0  other 0  arp-replied 0  tx-full 0  no-mbuf 0
对账：sent − received − timeouts − in-flight = 0（应为 0）；丢包 = timeouts = 0（其中 0 个迟到收到）
收包对账：rx 1951899 − (received + late + unexpected + foreign + other + arp) = 0（应为 0）

metric (ns)                       count      min     mean      p50      p90      p99    p99.9   p99.99        max
in-process ①+②  [排名指标]          1951899       60      206      190      270      370      490      721       6310
seg① send  T1−T0                1951899       40       54       50       60       70      180      280       6150
seg② recv  T3−T2                1951899       20      152      140      210      310      429      620       5430
end-to-end T3−T0                1951899    36380   155613   160295   163446   229218   244972   270178     307370
seg③ wake→next T0               1951899       40      128       70      320      700     1110     1492       9670
sleep error                     1951899        0       33       10      110      280      749     2196      32740
deadline→next T0 (误差+③)         1951899       40      161       70      420      770     1141     2972      33050
  (诊断) seg① 距上次发送<100ns               0        0        0        0        0        0        0        0          0
  (诊断) seg① 100–250ns                 7       60       69       70       80       80       80       80         80
  (诊断) seg① 250–500ns            508106       40       54       50       60      140      200      290       5260
  (诊断) seg① 500ns–2µs           1039902       40       54       50       60       70      170      270       6150
  (诊断) seg① ≥2µs                 403884       40       54       50       60       70      170      250       2560
  (诊断) 维护: rte_timer_manage      199974       20       25       20       30       30       40      580       2670
  (诊断) 维护: 整个节拍                  199974       40      313       60      790     1012     1178     1827      14330

段① ≥ 125 ns 的样本占 0.472%（段①是两段式分布，它的 p99 落在哪一段只看这个占比在 1% 的哪一边）
rx_burst 包数分布（非空 burst）：1:78.41%  2:18.13%  3:3.17%  4:0.29%  其余更大的 burst 共 19 次（最大一次 20 个包）
主循环被外部打断：空轮询 > 1 µs 共 4336 次（累计 9.6 ms，最长 40.3 µs）；取包前 > 10 µs 共 6 次（累计 0.1 ms，最长 15.8 µs）
port: ipackets 1951899  opackets 1952054  imissed 0  ierrors 0  oerrors 0  rx_nombuf 0
AWS allowance（本次运行增量）：bw_in_allowance_exceeded=0  bw_out_allowance_exceeded=0  pps_allowance_exceeded=0  conntrack_allowance_exceeded=0  linklocal_allowance_exceeded=0
mbuf：pool 8191，初值 avail 8191（端口启动后 7168），关停后 avail 8191 → 泄漏 0 ✔
退出原因：到达 --duration-sec，停止发送并等在途请求收尾
构建：commit ea2e92b1d3ac · rustc 1.98.1 (48a229cea 2026-09-01) · DPDK 25.11.3 · release
环境：AMD EPYC 9R45 · 内核 6.18.48-107.148.amzn2023.x86_64 · 网卡 0000:28:00.0 驱动 igb_uio（写合并映射：是）· clocksource tsc · rdtscp constant_tsc nonstop_tsc tsc_known_freq
时钟：读一次 rdtscp 平均 17.7 ns（每个被测段恰好含一次）；TSC 读数步长 26 周期 = 10.0 ns（时间戳分辨率，所有时间差都是它的整数倍）；周期→纳秒换算与 CLOCK_MONOTONIC_RAW 相差 +0.1 ppm
[1;34m[01:51:29][0m 退出码 0；报告：（由调用者指定）
