[1;34m[01:20:49][0m 运行 A（async-ping）--progress-sec 0 --json logs/sessions/day2-raw/drift/A1-004.json --delay-us 500 --duration-sec 20  → /dev/null
EAL: No free 1048576 kB hugepages reported on node 0
ENA_DRIVER: ena_get_metrics_entries(): 0x6 customer metrics are supported
ENA_DRIVER: ena_rx_queue_release(): Rx queue 0:0 released
ENA_DRIVER: ena_tx_queue_release(): Tx queue 0:0 released

==================== A · async-ping（自研 rt runtime） ====================
sessions 64  delay 500 µs  duration 20 s (实际 20.00 s)  payload 64 B  timeout 10000 µs  TSC 2.600 GHz
sent 1980424  received 1980424  timeouts 0  late 0  in-flight-at-end 0  unexpected 0  foreign 0  tsc-mismatch 0  other 0  arp-replied 1  tx-full 0  no-mbuf 0
对账：sent − received − timeouts − in-flight = 0（应为 0）；丢包 = timeouts = 0（其中 0 个迟到收到）
收包对账：rx 1980425 − (received + late + unexpected + foreign + other + arp) = 0（应为 0）

metric (ns)                       count      min     mean      p50      p90      p99    p99.9   p99.99        max
in-process ①+②  [排名指标]          1980424       60      211      200      280      390      521      740      10210
seg① send  T1−T0                1980424       40       54       50       60       70      190      280       3530
seg② recv  T3−T2                1980424       20      157      140      220      330      460      660      10160
end-to-end T3−T0                1980424    37090   146166   113821   243396   248123   252849   304836     339200
seg③ wake→next T0               1980424       30      125       70      320      709     1123     1547       6730
sleep error                     1980424        0       35       10      110      330      780     2123      17620
deadline→next T0 (误差+③)         1980424       40      160       80      420      780     1283     2787      18700
  (诊断) seg① 距上次发送<100ns               0        0        0        0        0        0        0        0          0
  (诊断) seg① 100–250ns                 3       70       70       70       70       70       70       70         70
  (诊断) seg① 250–500ns            475724       40       56       50       60      160      220      300       2130
  (诊断) seg① 500ns–2µs           1023712       40       54       50       60       70      170      260       2350
  (诊断) seg① ≥2µs                 480985       40       54       50       60       70      170      250       3530
  (诊断) 维护: rte_timer_manage      199972       20       25       20       30       30       40      840       3290
  (诊断) 维护: 整个节拍                  199972       40      329      240      840     1258     1443     2344      18400

段① ≥ 125 ns 的样本占 0.531%（段①是两段式分布，它的 p99 落在哪一段只看这个占比在 1% 的哪一边）
rx_burst 包数分布（非空 burst）：1:80.60%  2:16.22%  3:2.80%  4:0.39%  其余更大的 burst 共 35 次（最大一次 11 个包）
主循环被外部打断：空轮询 > 1 µs 共 4277 次（累计 9.5 ms，最长 21.9 µs）；取包前 > 10 µs 共 3 次（累计 0.1 ms，最长 34.5 µs）
port: ipackets 1980425  opackets 1980580  imissed 0  ierrors 0  oerrors 0  rx_nombuf 0
AWS allowance（本次运行增量）：bw_in_allowance_exceeded=0  bw_out_allowance_exceeded=0  pps_allowance_exceeded=0  conntrack_allowance_exceeded=0  linklocal_allowance_exceeded=0
mbuf：pool 8191，初值 avail 8191（端口启动后 7168），关停后 avail 8191 → 泄漏 0 ✔
退出原因：到达 --duration-sec，停止发送并等在途请求收尾
构建：commit ea2e92b1d3ac · rustc 1.98.1 (48a229cea 2026-09-01) · DPDK 25.11.3 · release
环境：AMD EPYC 9R45 · 内核 6.18.48-107.148.amzn2023.x86_64 · 网卡 0000:28:00.0 驱动 igb_uio（写合并映射：是）· clocksource tsc · rdtscp constant_tsc nonstop_tsc tsc_known_freq
时钟：读一次 rdtscp 平均 17.8 ns（每个被测段恰好含一次）；TSC 读数步长 26 周期 = 10.0 ns（时间戳分辨率，所有时间差都是它的整数倍）；周期→纳秒换算与 CLOCK_MONOTONIC_RAW 相差 +0.1 ppm
[1;34m[01:21:09][0m 退出码 0；报告：（由调用者指定）
