[1;34m[01:27:53][0m 运行 A（async-ping）--progress-sec 0 --json logs/sessions/day2-raw/drift/A2-011.json --delay-us 500 --duration-sec 20  → /dev/null
EAL: No free 1048576 kB hugepages reported on node 0
ENA_DRIVER: ena_get_metrics_entries(): 0x6 customer metrics are supported
ENA_DRIVER: ena_rx_queue_release(): Rx queue 0:0 released
ENA_DRIVER: ena_tx_queue_release(): Tx queue 0:0 released

==================== A · async-ping（自研 rt runtime） ====================
sessions 64  delay 500 µs  duration 20 s (实际 20.00 s)  payload 64 B  timeout 10000 µs  TSC 2.600 GHz
sent 1805415  received 1805415  timeouts 0  late 0  in-flight-at-end 0  unexpected 0  foreign 0  tsc-mismatch 0  other 0  arp-replied 1  tx-full 0  no-mbuf 0
对账：sent − received − timeouts − in-flight = 0（应为 0）；丢包 = timeouts = 0（其中 0 个迟到收到）
收包对账：rx 1805416 − (received + late + unexpected + foreign + other + arp) = 0（应为 0）

metric (ns)                       count      min     mean      p50      p90      p99    p99.9   p99.99        max
in-process ①+②  [排名指标]          1805415       60      208      190      270      380      500      740      30380
seg① send  T1−T0                1805415       40       55       50       60       70      190      290       6800
seg② recv  T3−T2                1805415       20      154      140      220      320      441      650      30320
end-to-end T3−T0                1805415    35980   208838   230793   233944   238670   248123   300110     353650
seg③ wake→next T0               1805415       40      115       70      310      700      858     1547       7800
sleep error                     1805415        0       33       10      120      280      669     2184      33670
deadline→next T0 (误差+③)         1805415       40      148       70      429      780     1172     3310      34520
  (诊断) seg① 距上次发送<100ns               0        0        0        0        0        0        0        0          0
  (诊断) seg① 100–250ns                 6       70       72       70       80       80       80       80         80
  (诊断) seg① 250–500ns            410003       40       55       50       60      150      210      300       3850
  (诊断) seg① 500ns–2µs           1016773       40       54       50       60       70      180      280       6800
  (诊断) seg① ≥2µs                 378633       40       55       50       60       80      190      280       2330
  (诊断) 维护: rte_timer_manage      199980       20       25       20       30       30       40      709       3770
  (诊断) 维护: 整个节拍                  199980       40      291       60      883     1203     1369     2713      10090

段① ≥ 125 ns 的样本占 0.635%（段①是两段式分布，它的 p99 落在哪一段只看这个占比在 1% 的哪一边）
rx_burst 包数分布（非空 burst）：1:80.90%  2:16.98%  3:2.01%  4:0.10%  其余更大的 burst 共 30 次（最大一次 17 个包）
主循环被外部打断：空轮询 > 1 µs 共 4342 次（累计 9.6 ms，最长 34.7 µs）；取包前 > 10 µs 共 3 次（累计 0.0 ms，最长 17.6 µs）
port: ipackets 1805416  opackets 1805571  imissed 0  ierrors 0  oerrors 0  rx_nombuf 0
AWS allowance（本次运行增量）：bw_in_allowance_exceeded=0  bw_out_allowance_exceeded=0  pps_allowance_exceeded=0  conntrack_allowance_exceeded=0  linklocal_allowance_exceeded=0
mbuf：pool 8191，初值 avail 8191（端口启动后 7168），关停后 avail 8191 → 泄漏 0 ✔
退出原因：到达 --duration-sec，停止发送并等在途请求收尾
构建：commit b45fad686be5 · rustc 1.98.1 (48a229cea 2026-09-01) · DPDK 25.11.3 · release
环境：AMD EPYC 9R45 · 内核 6.18.48-107.148.amzn2023.x86_64 · 网卡 0000:28:00.0 驱动 igb_uio（写合并映射：是）· clocksource tsc · rdtscp constant_tsc nonstop_tsc tsc_known_freq
时钟：读一次 rdtscp 平均 18.0 ns（每个被测段恰好含一次）；TSC 读数步长 26 周期 = 10.0 ns（时间戳分辨率，所有时间差都是它的整数倍）；周期→纳秒换算与 CLOCK_MONOTONIC_RAW 相差 +0.1 ppm
[1;34m[01:28:14][0m 退出码 0；报告：（由调用者指定）
