[1;34m[01:30:15][0m 运行 A（async-ping）--progress-sec 0 --json logs/sessions/day2-raw/drift/A2-013.json --delay-us 500 --duration-sec 20  → /dev/null
EAL: No free 1048576 kB hugepages reported on node 0
ENA_DRIVER: ena_get_metrics_entries(): 0x6 customer metrics are supported
ENA_DRIVER: ena_rx_queue_release(): Rx queue 0:0 released
ENA_DRIVER: ena_tx_queue_release(): Tx queue 0:0 released

==================== A · async-ping（自研 rt runtime） ====================
sessions 64  delay 500 µs  duration 20 s (实际 20.00 s)  payload 64 B  timeout 10000 µs  TSC 2.600 GHz
sent 2019707  received 2019707  timeouts 0  late 0  in-flight-at-end 0  unexpected 0  foreign 0  tsc-mismatch 0  other 0  arp-replied 0  tx-full 0  no-mbuf 0
对账：sent − received − timeouts − in-flight = 0（应为 0）；丢包 = timeouts = 0（其中 0 个迟到收到）
收包对账：rx 2019707 − (received + late + unexpected + foreign + other + arp) = 0（应为 0）

metric (ns)                       count      min     mean      p50      p90      p99    p99.9   p99.99        max
in-process ①+②  [排名指标]          2019707       70      209      200      270      380      509      809      15290
seg① send  T1−T0                2019707       40       55       50       60       80      190      290       3850
seg② recv  T3−T2                2019707       20      154      140      220      320      450      709      15230
end-to-end T3−T0                2019707    35890   133591   111458   167384   243396   251273   301686     318640
seg③ wake→next T0               2019707       30      127       70      320      709     1129     1938      11970
sleep error                     2019707        0       37       10      120      310      770     2504      22220
deadline→next T0 (误差+③)         2019707       40      164       80      441      809     1363     3852      22720
  (诊断) seg① 距上次发送<100ns               0        0        0        0        0        0        0        0          0
  (诊断) seg① 100–250ns                 5       60       68       70       70       70       70       70         70
  (诊断) seg① 250–500ns            487057       40       56       50       60      160      230      310       3850
  (诊断) seg① 500ns–2µs           1029779       40       55       50       60       70      180      270       3000
  (诊断) seg① ≥2µs                 502866       40       55       50       60       70      180      270       2500
  (诊断) 维护: rte_timer_manage      199972       20       25       20       30       30       40      620       1890
  (诊断) 维护: 整个节拍                  199972       40      341      250      840     1141     1350     2344       8560

段① ≥ 125 ns 的样本占 0.754%（段①是两段式分布，它的 p99 落在哪一段只看这个占比在 1% 的哪一边）
rx_burst 包数分布（非空 burst）：1:80.74%  2:16.08%  3:2.74%  4:0.45%  其余更大的 burst 共 56 次（最大一次 25 个包）
主循环被外部打断：空轮询 > 1 µs 共 4260 次（累计 9.6 ms，最长 119.7 µs）；取包前 > 10 µs 共 4 次（累计 0.1 ms，最长 44.1 µs）
port: ipackets 2019707  opackets 2019862  imissed 0  ierrors 0  oerrors 0  rx_nombuf 0
AWS allowance（本次运行增量）：bw_in_allowance_exceeded=0  bw_out_allowance_exceeded=0  pps_allowance_exceeded=0  conntrack_allowance_exceeded=0  linklocal_allowance_exceeded=0
mbuf：pool 8191，初值 avail 8191（端口启动后 7168），关停后 avail 8191 → 泄漏 0 ✔
退出原因：到达 --duration-sec，停止发送并等在途请求收尾
构建：commit b45fad686be5 · rustc 1.98.1 (48a229cea 2026-09-01) · DPDK 25.11.3 · release
环境：AMD EPYC 9R45 · 内核 6.18.48-107.148.amzn2023.x86_64 · 网卡 0000:28:00.0 驱动 igb_uio（写合并映射：是）· clocksource tsc · rdtscp constant_tsc nonstop_tsc tsc_known_freq
时钟：读一次 rdtscp 平均 17.6 ns（每个被测段恰好含一次）；TSC 读数步长 26 周期 = 10.0 ns（时间戳分辨率，所有时间差都是它的整数倍）；周期→纳秒换算与 CLOCK_MONOTONIC_RAW 相差 +0.1 ppm
[1;34m[01:30:35][0m 退出码 0；报告：（由调用者指定）
