[1;34m[01:31:56][0m 运行 B（raw-ping）--progress-sec 0 --json logs/sessions/day2-raw/drift/B-015.json --delay-us 500 --duration-sec 20  → /dev/null
EAL: No free 1048576 kB hugepages reported on node 0
ENA_DRIVER: ena_get_metrics_entries(): 0x6 customer metrics are supported
ENA_DRIVER: ena_rx_queue_release(): Rx queue 0:0 released
ENA_DRIVER: ena_tx_queue_release(): Tx queue 0:0 released

==================== B · raw-ping（手写 busy-poll，无 runtime） ====================
sessions 64  delay 500 µs  duration 20 s (实际 20.00 s)  payload 64 B  timeout 10000 µs  TSC 2.600 GHz
sent 1940418  received 1940418  timeouts 0  late 0  in-flight-at-end 0  unexpected 0  foreign 0  tsc-mismatch 0  other 3  arp-replied 0  tx-full 0  no-mbuf 0
对账：sent − received − timeouts − in-flight = 0（应为 0）；丢包 = timeouts = 0（其中 0 个迟到收到）
收包对账：rx 1940421 − (received + late + unexpected + foreign + other + arp) = 0（应为 0）

metric (ns)                       count      min     mean      p50      p90      p99    p99.9   p99.99        max
in-process ①+②  [排名指标]          1940418       50      217      190      330      481      601      790      12100
seg① send  T1−T0                1940418       40       76       50      200      320      330      429       5620
seg② recv  T3−T2                1940418       10      141      130      200      300      429      629      12050
end-to-end T3−T0                1940418    37550   159530   160295   163446   167384   241821   246547     302240
seg③ wake→next T0               1940418       20       94       50      290      401      740     1123       8280
sleep error                     1940418        0       32       10      110      260      521     2480      30980
deadline→next T0 (误差+③)         1940418       30      126       60      390      509      852     3046      31040
  (诊断) seg① 距上次发送<100ns           81103      160      308      310      320      330      441      561       5620
  (诊断) seg① 100–250ns            137208       60      205      200      210      220      330      420       2820
  (诊断) seg① 250–500ns            288405       40       55       50       60       70      200      290       2890
  (诊断) seg① 500ns–2µs           1051692       40       54       50       60       70      170      240       5270
  (诊断) seg① ≥2µs                 382010       40       55       50       60       70      170      260       3190
  (诊断) 维护: rte_timer_manage      199970       20       25       20       30       30       40      589       2070
  (诊断) 维护: 整个节拍                  199970       40      269       60      641      858     1043     2221      19030

段① ≥ 125 ns 的样本占 11.507%（段①是两段式分布，它的 p99 落在哪一段只看这个占比在 1% 的哪一边）
rx_burst 包数分布（非空 burst）：1:77.69%  2:18.73%  3:3.38%  4:0.20%  其余更大的 burst 共 32 次（最大一次 24 个包）
主循环被外部打断：空轮询 > 1 µs 共 4339 次（累计 9.7 ms，最长 33.6 µs）；取包前 > 10 µs 共 7 次（累计 0.1 ms，最长 30.2 µs）
port: ipackets 1940421  opackets 1940573  imissed 0  ierrors 0  oerrors 0  rx_nombuf 0
AWS allowance（本次运行增量）：bw_in_allowance_exceeded=0  bw_out_allowance_exceeded=0  pps_allowance_exceeded=0  conntrack_allowance_exceeded=0  linklocal_allowance_exceeded=0
mbuf：pool 8191，初值 avail 8191（端口启动后 7168），关停后 avail 8191 → 泄漏 0 ✔
退出原因：到达 --duration-sec，停止发送并等在途请求收尾
构建：commit b45fad686be5 · rustc 1.98.1 (48a229cea 2026-09-01) · DPDK 25.11.3 · release
环境：AMD EPYC 9R45 · 内核 6.18.48-107.148.amzn2023.x86_64 · 网卡 0000:28:00.0 驱动 igb_uio（写合并映射：是）· clocksource tsc · rdtscp constant_tsc nonstop_tsc tsc_known_freq
时钟：读一次 rdtscp 平均 17.8 ns（每个被测段恰好含一次）；TSC 读数步长 26 周期 = 10.0 ns（时间戳分辨率，所有时间差都是它的整数倍）；周期→纳秒换算与 CLOCK_MONOTONIC_RAW 相差 +0.1 ppm
[1;34m[01:32:16][0m 退出码 0；报告：（由调用者指定）
