[1;34m[01:42:43][0m 运行 B（raw-ping）--progress-sec 0 --json logs/sessions/day2-raw/drift/B-025.json --delay-us 500 --duration-sec 20  → /dev/null
EAL: No free 1048576 kB hugepages reported on node 0
ENA_DRIVER: ena_get_metrics_entries(): 0x6 customer metrics are supported
ENA_DRIVER: ena_rx_queue_release(): Rx queue 0:0 released
ENA_DRIVER: ena_tx_queue_release(): Tx queue 0:0 released

==================== B · raw-ping（手写 busy-poll，无 runtime） ====================
sessions 64  delay 500 µs  duration 20 s (实际 20.00 s)  payload 64 B  timeout 10000 µs  TSC 2.600 GHz
sent 1817691  received 1817691  timeouts 0  late 0  in-flight-at-end 0  unexpected 0  foreign 0  tsc-mismatch 0  other 0  arp-replied 0  tx-full 0  no-mbuf 0
对账：sent − received − timeouts − in-flight = 0（应为 0）；丢包 = timeouts = 0（其中 0 个迟到收到）
收包对账：rx 1817691 − (received + late + unexpected + foreign + other + arp) = 0（应为 0）

metric (ns)                       count      min     mean      p50      p90      p99    p99.9   p99.99        max
in-process ①+②  [排名指标]          1817691       50      210      180      310      481      589      749      22060
seg① send  T1−T0                1817691       40       69       50       70      310      330      429      21890
seg② recv  T3−T2                1817691       10      140      130      200      300      410      589       5800
end-to-end T3−T0                1817691    35810   204053   232369   237095   248123   252849   292233     348320
seg③ wake→next T0               1817691       20      102       50      290      401      761     1123      22630
sleep error                     1817691        0       34       10      110      310      681     2369      21590
deadline→next T0 (误差+③)         1817691       30      135       60      401      641      987     2836      22730
  (诊断) seg① 距上次发送<100ns           87896      160      303      300      320      330      441      500       3540
  (诊断) seg① 100–250ns             45332       70      202      200      210      220      320      410       3130
  (诊断) seg① 250–500ns            349275       40       54       50       60       70      190      280       2130
  (诊断) seg① 500ns–2µs            955348       40       53       50       60       70      170      270      21890
  (诊断) seg① ≥2µs                 379840       40       54       50       60       70      170      270       2560
  (诊断) 维护: rte_timer_manage      199970       20       31       30       40       40       40      803       3240
  (诊断) 维护: 整个节拍                  199970       40      270       60      770     1123     1332     2196       5980

段① ≥ 125 ns 的样本占 7.665%（段①是两段式分布，它的 p99 落在哪一段只看这个占比在 1% 的哪一边）
rx_burst 包数分布（非空 burst）：1:78.00%  2:18.13%  3:3.32%  4:0.54%  其余更大的 burst 共 22 次（最大一次 12 个包）
主循环被外部打断：空轮询 > 1 µs 共 4397 次（累计 9.4 ms，最长 17.5 µs）；取包前 > 10 µs 共 8 次（累计 0.1 ms，最长 18.5 µs）
port: ipackets 1817691  opackets 1817846  imissed 0  ierrors 0  oerrors 0  rx_nombuf 0
AWS allowance（本次运行增量）：bw_in_allowance_exceeded=0  bw_out_allowance_exceeded=0  pps_allowance_exceeded=0  conntrack_allowance_exceeded=0  linklocal_allowance_exceeded=0
mbuf：pool 8191，初值 avail 8191（端口启动后 7168），关停后 avail 8191 → 泄漏 0 ✔
退出原因：到达 --duration-sec，停止发送并等在途请求收尾
构建：commit b45fad686be5 · rustc 1.98.1 (48a229cea 2026-09-01) · DPDK 25.11.3 · release
环境：AMD EPYC 9R45 · 内核 6.18.48-107.148.amzn2023.x86_64 · 网卡 0000:28:00.0 驱动 igb_uio（写合并映射：是）· clocksource tsc · rdtscp constant_tsc nonstop_tsc tsc_known_freq
时钟：读一次 rdtscp 平均 17.6 ns（每个被测段恰好含一次）；TSC 读数步长 26 周期 = 10.0 ns（时间戳分辨率，所有时间差都是它的整数倍）；周期→纳秒换算与 CLOCK_MONOTONIC_RAW 相差 +0.0 ppm
[1;34m[01:43:04][0m 退出码 0；报告：（由调用者指定）
