[1;34m[01:37:20][0m 运行 B（raw-ping）--progress-sec 0 --json logs/sessions/day2-raw/drift/B-020.json --delay-us 500 --duration-sec 20  → /dev/null
EAL: No free 1048576 kB hugepages reported on node 0
ENA_DRIVER: ena_get_metrics_entries(): 0x6 customer metrics are supported
ENA_DRIVER: ena_rx_queue_release(): Rx queue 0:0 released
ENA_DRIVER: ena_tx_queue_release(): Tx queue 0:0 released

==================== B · raw-ping（手写 busy-poll，无 runtime） ====================
sessions 64  delay 500 µs  duration 20 s (实际 20.00 s)  payload 64 B  timeout 10000 µs  TSC 2.600 GHz
sent 1974243  received 1974243  timeouts 0  late 0  in-flight-at-end 0  unexpected 0  foreign 0  tsc-mismatch 0  other 0  arp-replied 1  tx-full 0  no-mbuf 0
对账：sent − received − timeouts − in-flight = 0（应为 0）；丢包 = timeouts = 0（其中 0 个迟到收到）
收包对账：rx 1974244 − (received + late + unexpected + foreign + other + arp) = 0（应为 0）

metric (ns)                       count      min     mean      p50      p90      p99    p99.9   p99.99        max
in-process ①+②  [排名指标]          1974243       50      216      190      330      481      589      780      21710
seg① send  T1−T0                1974243       40       75       50      200      310      330      429       7290
seg② recv  T3−T2                1974243       10      141      130      200      300      410      610      21660
end-to-end T3−T0                1974243    36800   148235   159507   163446   229218   248123   296960     328290
seg③ wake→next T0               1974243       20       91       50      290      401      749     1110       9300
sleep error                     1974243        0       33       10      110      280      650     2221     119830
deadline→next T0 (误差+③)         1974243       30      124       60      380      540      938     2652     119920
  (诊断) seg① 距上次发送<100ns           90296      120      302      300      320      330      429      601       7290
  (诊断) seg① 100–250ns            130871       50      205      200      210      230      340      460       4340
  (诊断) seg① 250–500ns            268809       40       54       50       60       70      200      290       2840
  (诊断) seg① 500ns–2µs           1044968       40       54       50       60       70      170      260       3570
  (诊断) seg① ≥2µs                 439299       40       54       50       60       70      170      260       2610
  (诊断) 维护: rte_timer_manage      199969       20       25       20       30       30       30      620       1910
  (诊断) 维护: 整个节拍                  199969       40      296      210      700      981     1203     1827      31810

段① ≥ 125 ns 的样本占 11.459%（段①是两段式分布，它的 p99 落在哪一段只看这个占比在 1% 的哪一边）
rx_burst 包数分布（非空 burst）：1:79.52%  2:17.04%  3:3.02%  4:0.42%  其余更大的 burst 共 33 次（最大一次 22 个包）
主循环被外部打断：空轮询 > 1 µs 共 4321 次（累计 9.6 ms，最长 128.0 µs）；取包前 > 10 µs 共 4 次（累计 0.1 ms，最长 35.6 µs）
port: ipackets 1974244  opackets 1974399  imissed 0  ierrors 0  oerrors 0  rx_nombuf 0
AWS allowance（本次运行增量）：bw_in_allowance_exceeded=0  bw_out_allowance_exceeded=0  pps_allowance_exceeded=0  conntrack_allowance_exceeded=0  linklocal_allowance_exceeded=0
mbuf：pool 8191，初值 avail 8191（端口启动后 7168），关停后 avail 8191 → 泄漏 0 ✔
退出原因：到达 --duration-sec，停止发送并等在途请求收尾
构建：commit b45fad686be5 · rustc 1.98.1 (48a229cea 2026-09-01) · DPDK 25.11.3 · release
环境：AMD EPYC 9R45 · 内核 6.18.48-107.148.amzn2023.x86_64 · 网卡 0000:28:00.0 驱动 igb_uio（写合并映射：是）· clocksource tsc · rdtscp constant_tsc nonstop_tsc tsc_known_freq
时钟：读一次 rdtscp 平均 17.9 ns（每个被测段恰好含一次）；TSC 读数步长 26 周期 = 10.0 ns（时间戳分辨率，所有时间差都是它的整数倍）；周期→纳秒换算与 CLOCK_MONOTONIC_RAW 相差 +0.0 ppm
[1;34m[01:37:40][0m 退出码 0；报告：（由调用者指定）
