[1;34m[01:44:04][0m 运行 B（raw-ping）--progress-sec 0 --json logs/sessions/day2-raw/drift/B-027.json --delay-us 500 --duration-sec 20  → /dev/null
EAL: No free 1048576 kB hugepages reported on node 0
ENA_DRIVER: ena_get_metrics_entries(): 0x6 customer metrics are supported
ENA_DRIVER: ena_rx_queue_release(): Rx queue 0:0 released
ENA_DRIVER: ena_tx_queue_release(): Tx queue 0:0 released

==================== B · raw-ping（手写 busy-poll，无 runtime） ====================
sessions 64  delay 500 µs  duration 20 s (实际 20.00 s)  payload 64 B  timeout 10000 µs  TSC 2.600 GHz
sent 1765428  received 1765428  timeouts 0  late 0  in-flight-at-end 0  unexpected 0  foreign 0  tsc-mismatch 0  other 0  arp-replied 0  tx-full 0  no-mbuf 0
对账：sent − received − timeouts − in-flight = 0（应为 0）；丢包 = timeouts = 0（其中 0 个迟到收到）
收包对账：rx 1765428 − (received + late + unexpected + foreign + other + arp) = 0（应为 0）

metric (ns)                       count      min     mean      p50      p90      p99    p99.9   p99.99        max
in-process ①+②  [排名指标]          1765428       50      205      180      290      469      580      770      18620
seg① send  T1−T0                1765428       40       66       50       70      310      320      420       6090
seg② recv  T3−T2                1765428       10      139      130      200      290      401      589      18570
end-to-end T3−T0                1765428    38120   224911   229218   232369   235520   241821   300110     350550
seg③ wake→next T0               1765428       20      107       50      300      410      749     1467      12150
sleep error                     1765428        0       33       10      110      280      681     2369      30040
deadline→next T0 (误差+③)         1765428       30      140       60      401      650      987     3778      30110
  (诊断) seg① 距上次发送<100ns           88462       70      303      300      320      330      429     2024       6090
  (诊断) seg① 100–250ns              2843       60      202      200      210      230      340      440        440
  (诊断) seg① 250–500ns            387854       40       54       50       60       70      190      290       2800
  (诊断) seg① 500ns–2µs            943591       40       53       50       60       70      170      270       5330
  (诊断) seg① ≥2µs                 342678       40       54       50       60       70      170      280       2550
  (诊断) 维护: rte_timer_manage      199974       20       25       20       30       30       40      601       3300
  (诊断) 维护: 整个节拍                  199974       40      249       50      709      920     1110     2086      15880

段① ≥ 125 ns 的样本占 5.568%（段①是两段式分布，它的 p99 落在哪一段只看这个占比在 1% 的哪一边）
rx_burst 包数分布（非空 burst）：1:77.39%  2:18.49%  3:3.57%  4:0.55%  其余更大的 burst 共 29 次（最大一次 32 个包）
主循环被外部打断：空轮询 > 1 µs 共 4421 次（累计 9.7 ms，最长 32.2 µs）；取包前 > 10 µs 共 6 次（累计 0.2 ms，最长 123.4 µs）
port: ipackets 1765428  opackets 1765583  imissed 0  ierrors 0  oerrors 0  rx_nombuf 0
AWS allowance（本次运行增量）：bw_in_allowance_exceeded=0  bw_out_allowance_exceeded=0  pps_allowance_exceeded=0  conntrack_allowance_exceeded=0  linklocal_allowance_exceeded=0
mbuf：pool 8191，初值 avail 8191（端口启动后 7168），关停后 avail 8191 → 泄漏 0 ✔
退出原因：到达 --duration-sec，停止发送并等在途请求收尾
构建：commit b45fad686be5 · rustc 1.98.1 (48a229cea 2026-09-01) · DPDK 25.11.3 · release
环境：AMD EPYC 9R45 · 内核 6.18.48-107.148.amzn2023.x86_64 · 网卡 0000:28:00.0 驱动 igb_uio（写合并映射：是）· clocksource tsc · rdtscp constant_tsc nonstop_tsc tsc_known_freq
时钟：读一次 rdtscp 平均 17.7 ns（每个被测段恰好含一次）；TSC 读数步长 26 周期 = 10.0 ns（时间戳分辨率，所有时间差都是它的整数倍）；周期→纳秒换算与 CLOCK_MONOTONIC_RAW 相差 +0.1 ppm
[1;34m[01:44:24][0m 退出码 0；报告：（由调用者指定）
