[1;34m[01:46:26][0m 运行 B（raw-ping）--progress-sec 0 --json logs/sessions/day2-raw/drift/B-029.json --delay-us 500 --duration-sec 20  → /dev/null
EAL: No free 1048576 kB hugepages reported on node 0
ENA_DRIVER: ena_get_metrics_entries(): 0x6 customer metrics are supported
ENA_DRIVER: ena_rx_queue_release(): Rx queue 0:0 released
ENA_DRIVER: ena_tx_queue_release(): Tx queue 0:0 released

==================== B · raw-ping（手写 busy-poll，无 runtime） ====================
sessions 64  delay 500 µs  duration 20 s (实际 20.00 s)  payload 64 B  timeout 10000 µs  TSC 2.600 GHz
sent 1976383  received 1976383  timeouts 0  late 0  in-flight-at-end 0  unexpected 0  foreign 0  tsc-mismatch 0  other 0  arp-replied 1  tx-full 0  no-mbuf 0
对账：sent − received − timeouts − in-flight = 0（应为 0）；丢包 = timeouts = 0（其中 0 个迟到收到）
收包对账：rx 1976384 − (received + late + unexpected + foreign + other + arp) = 0（应为 0）

metric (ns)                       count      min     mean      p50      p90      p99    p99.9   p99.99        max
in-process ①+②  [排名指标]          1976383       50      206      180      290      481      589      770      14910
seg① send  T1−T0                1976383       40       66       50       70      310      320      420       5490
seg② recv  T3−T2                1976383       10      140      130      200      300      410      589      14860
end-to-end T3−T0                1976383    35500   147515   159507   162658   167384   238670   268603     305020
seg③ wake→next T0               1976383       30      104       50      290      401      761     1110       6540
sleep error                     1976383        0       34       10      110      330      681     1950       7310
deadline→next T0 (误差+③)         1976383       30      138       60      401      650      987     2246       7380
  (诊断) seg① 距上次发送<100ns           95920      220      303      300      320      330      429      601       3570
  (诊断) seg① 100–250ns              6403       60      203      200      210      230      340      480        480
  (诊断) seg① 250–500ns            414865       40       54       50       60       70      180      280       3170
  (诊断) seg① 500ns–2µs           1028989       40       53       50       60       70      170      260       5490
  (诊断) seg① ≥2µs                 430206       40       54       50       60       70      170      250       2380
  (诊断) 维护: rte_timer_manage      199969       20       25       20       30       30       40      589       3630
  (诊断) 维护: 整个节拍                  199969       40      289      200      681      938     1147     1827       7050

段① ≥ 125 ns 的样本占 5.498%（段①是两段式分布，它的 p99 落在哪一段只看这个占比在 1% 的哪一边）
rx_burst 包数分布（非空 burst）：1:78.94%  2:17.04%  3:3.38%  4:0.63%  其余更大的 burst 共 30 次（最大一次 13 个包）
主循环被外部打断：空轮询 > 1 µs 共 4276 次（累计 9.3 ms，最长 15.4 µs）；取包前 > 10 µs 共 4 次（累计 0.1 ms，最长 22.2 µs）
port: ipackets 1976384  opackets 1976539  imissed 0  ierrors 0  oerrors 0  rx_nombuf 0
AWS allowance（本次运行增量）：bw_in_allowance_exceeded=0  bw_out_allowance_exceeded=0  pps_allowance_exceeded=0  conntrack_allowance_exceeded=0  linklocal_allowance_exceeded=0
mbuf：pool 8191，初值 avail 8191（端口启动后 7168），关停后 avail 8191 → 泄漏 0 ✔
退出原因：到达 --duration-sec，停止发送并等在途请求收尾
构建：commit b45fad686be5 · rustc 1.98.1 (48a229cea 2026-09-01) · DPDK 25.11.3 · release
环境：AMD EPYC 9R45 · 内核 6.18.48-107.148.amzn2023.x86_64 · 网卡 0000:28:00.0 驱动 igb_uio（写合并映射：是）· clocksource tsc · rdtscp constant_tsc nonstop_tsc tsc_known_freq
时钟：读一次 rdtscp 平均 17.9 ns（每个被测段恰好含一次）；TSC 读数步长 26 周期 = 10.0 ns（时间戳分辨率，所有时间差都是它的整数倍）；周期→纳秒换算与 CLOCK_MONOTONIC_RAW 相差 +0.1 ppm
[1;34m[01:46:46][0m 退出码 0；报告：（由调用者指定）
