[1;34m[01:51:49][0m 运行 B（raw-ping）--progress-sec 0 --json logs/sessions/day2-raw/drift/B-034.json --delay-us 500 --duration-sec 20  → /dev/null
EAL: No free 1048576 kB hugepages reported on node 0
ENA_DRIVER: ena_get_metrics_entries(): 0x6 customer metrics are supported
ENA_DRIVER: ena_rx_queue_release(): Rx queue 0:0 released
ENA_DRIVER: ena_tx_queue_release(): Tx queue 0:0 released

==================== B · raw-ping（手写 busy-poll，无 runtime） ====================
sessions 64  delay 500 µs  duration 20 s (实际 20.00 s)  payload 64 B  timeout 10000 µs  TSC 2.600 GHz
sent 1955152  received 1955152  timeouts 0  late 0  in-flight-at-end 0  unexpected 0  foreign 1  tsc-mismatch 0  other 0  arp-replied 0  tx-full 0  no-mbuf 0
对账：sent − received − timeouts − in-flight = 0（应为 0）；丢包 = timeouts = 0（其中 0 个迟到收到）
收包对账：rx 1955153 − (received + late + unexpected + foreign + other + arp) = 0（应为 0）

metric (ns)                       count      min     mean      p50      p90      p99    p99.9   p99.99        max
in-process ①+②  [排名指标]          1955152       50      217      190      330      481      589      761       6100
seg① send  T1−T0                1955152       40       78       50      200      310      330      429       5990
seg② recv  T3−T2                1955152       10      139      130      200      290      401      580       5670
end-to-end T3−T0                1955152    37360   154560   160295   163446   171323   249698   254424     342440
seg③ wake→next T0               1955152       20       94       50      290      401      761     1098       8940
sleep error                     1955152        0       33       10      110      290      650     2036      19440
deadline→next T0 (误差+③)         1955152       30      126       60      390      589      950     2578      19530
  (诊断) seg① 距上次发送<100ns           95722      120      302      300      320      330      441      490       2780
  (诊断) seg① 100–250ns            147195       60      205      200      210      230      340      460       3790
  (诊断) seg① 250–500ns            272953       40       55       50       60       80      210      290       4890
  (诊断) seg① 500ns–2µs           1044548       40       54       50       60       70      180      270       5990
  (诊断) seg① ≥2µs                 394734       40       55       50       60       80      180      280       4670
  (诊断) 维护: rte_timer_manage      199971       20       31       30       40       40       40      700       2030
  (诊断) 维护: 整个节拍                  199971       40      279       70      669      883     1123     1716      13650

段① ≥ 125 ns 的样本占 12.807%（段①是两段式分布，它的 p99 落在哪一段只看这个占比在 1% 的哪一边）
rx_burst 包数分布（非空 burst）：1:78.26%  2:17.71%  3:3.53%  4:0.51%  其余更大的 burst 共 19 次（最大一次 31 个包）
主循环被外部打断：空轮询 > 1 µs 共 4317 次（累计 9.5 ms，最长 35.1 µs）；取包前 > 10 µs 共 4 次（累计 0.1 ms，最长 15.8 µs）
port: ipackets 1955153  opackets 1955307  imissed 0  ierrors 0  oerrors 0  rx_nombuf 0
AWS allowance（本次运行增量）：bw_in_allowance_exceeded=0  bw_out_allowance_exceeded=0  pps_allowance_exceeded=0  conntrack_allowance_exceeded=0  linklocal_allowance_exceeded=0
mbuf：pool 8191，初值 avail 8191（端口启动后 7168），关停后 avail 8191 → 泄漏 0 ✔
退出原因：到达 --duration-sec，停止发送并等在途请求收尾
构建：commit b45fad686be5 · rustc 1.98.1 (48a229cea 2026-09-01) · DPDK 25.11.3 · release
环境：AMD EPYC 9R45 · 内核 6.18.48-107.148.amzn2023.x86_64 · 网卡 0000:28:00.0 驱动 igb_uio（写合并映射：是）· clocksource tsc · rdtscp constant_tsc nonstop_tsc tsc_known_freq
时钟：读一次 rdtscp 平均 17.8 ns（每个被测段恰好含一次）；TSC 读数步长 26 周期 = 10.0 ns（时间戳分辨率，所有时间差都是它的整数倍）；周期→纳秒换算与 CLOCK_MONOTONIC_RAW 相差 +0.1 ppm
异常包明细（最多 16 条）：
  [tsc 16020228366688] foreign：来自 13.214.173.166 的 echo reply（不是对端），id=16509 seq=14618，已丢弃
[1;34m[01:52:10][0m 退出码 0；报告：（由调用者指定）
