[1;34m[01:56:12][0m 运行 B（raw-ping）--progress-sec 0 --json logs/sessions/day2-raw/drift/B-039.json --delay-us 500 --duration-sec 20  → /dev/null
EAL: No free 1048576 kB hugepages reported on node 0
ENA_DRIVER: ena_get_metrics_entries(): 0x6 customer metrics are supported
ENA_DRIVER: ena_rx_queue_release(): Rx queue 0:0 released
ENA_DRIVER: ena_tx_queue_release(): Tx queue 0:0 released

==================== B · raw-ping（手写 busy-poll，无 runtime） ====================
sessions 64  delay 500 µs  duration 20 s (实际 20.00 s)  payload 64 B  timeout 10000 µs  TSC 2.600 GHz
sent 1842390  received 1842390  timeouts 0  late 0  in-flight-at-end 0  unexpected 0  foreign 0  tsc-mismatch 0  other 0  arp-replied 0  tx-full 0  no-mbuf 0
对账：sent − received − timeouts − in-flight = 0（应为 0）；丢包 = timeouts = 0（其中 0 个迟到收到）
收包对账：rx 1842390 − (received + late + unexpected + foreign + other + arp) = 0（应为 0）

metric (ns)                       count      min     mean      p50      p90      p99    p99.9   p99.99        max
in-process ①+②  [排名指标]          1842390       50      203      180      280      450      570      721      16310
seg① send  T1−T0                1842390       40       66       50       70      310      330      401       5830
seg② recv  T3−T2                1842390       10      136      130      190      280      380      540      16260
end-to-end T3−T0                1842390    36400   194633   235520   240246   243396   248123   300110     323910
seg③ wake→next T0               1842390       20       95       50      290      401      730      987       5810
sleep error                     1842390        0       30       10      110      260      620     2024      14060
deadline→next T0 (误差+③)         1842390       20      125       60      401      509      858     2529      14100
  (诊断) seg① 距上次发送<100ns           65858      220      304      300      320      330      429     1889       2350
  (诊断) seg① 100–250ns             30541       70      205      200      210      220      310      350       5830
  (诊断) seg① 250–500ns            338678       40       55       50       60       70      170      260       1890
  (诊断) seg① 500ns–2µs            999214       40       54       50       60       70      160      240       2180
  (诊断) seg① ≥2µs                 408099       40       55       50       60       70      170      250       4730
  (诊断) 维护: rte_timer_manage      199973       20       25       20       30       30       40      589       1980
  (诊断) 维护: 整个节拍                  199973       40      282       60      803     1178     1338     2283      11260

段① ≥ 125 ns 的样本占 5.478%（段①是两段式分布，它的 p99 落在哪一段只看这个占比在 1% 的哪一边）
rx_burst 包数分布（非空 burst）：1:80.45%  2:16.89%  3:2.49%  4:0.18%  其余更大的 burst 共 23 次（最大一次 23 个包）
主循环被外部打断：空轮询 > 1 µs 共 4355 次（累计 9.4 ms，最长 25.5 µs）；取包前 > 10 µs 共 3 次（累计 0.1 ms，最长 40.8 µs）
port: ipackets 1842390  opackets 1842545  imissed 0  ierrors 0  oerrors 0  rx_nombuf 0
AWS allowance（本次运行增量）：bw_in_allowance_exceeded=0  bw_out_allowance_exceeded=0  pps_allowance_exceeded=0  conntrack_allowance_exceeded=0  linklocal_allowance_exceeded=0
mbuf：pool 8191，初值 avail 8191（端口启动后 7168），关停后 avail 8191 → 泄漏 0 ✔
退出原因：到达 --duration-sec，停止发送并等在途请求收尾
构建：commit b45fad686be5 · rustc 1.98.1 (48a229cea 2026-09-01) · DPDK 25.11.3 · release
环境：AMD EPYC 9R45 · 内核 6.18.48-107.148.amzn2023.x86_64 · 网卡 0000:28:00.0 驱动 igb_uio（写合并映射：是）· clocksource tsc · rdtscp constant_tsc nonstop_tsc tsc_known_freq
时钟：读一次 rdtscp 平均 17.7 ns（每个被测段恰好含一次）；TSC 读数步长 26 周期 = 10.0 ns（时间戳分辨率，所有时间差都是它的整数倍）；周期→纳秒换算与 CLOCK_MONOTONIC_RAW 相差 +0.1 ppm
[1;34m[01:56:33][0m 退出码 0；报告：（由调用者指定）
