[1;34m[02:16:46][0m 运行 B（raw-ping）--progress-sec 0 --json logs/sessions/day2-raw/drift/B-059.json --delay-us 500 --duration-sec 20  → /dev/null
EAL: No free 1048576 kB hugepages reported on node 0
ENA_DRIVER: ena_get_metrics_entries(): 0x6 customer metrics are supported
ENA_DRIVER: ena_rx_queue_release(): Rx queue 0:0 released
ENA_DRIVER: ena_tx_queue_release(): Tx queue 0:0 released

==================== B · raw-ping（手写 busy-poll，无 runtime） ====================
sessions 64  delay 500 µs  duration 20 s (实际 20.00 s)  payload 64 B  timeout 10000 µs  TSC 2.600 GHz
sent 1944872  received 1944872  timeouts 0  late 0  in-flight-at-end 0  unexpected 0  foreign 0  tsc-mismatch 0  other 0  arp-replied 0  tx-full 0  no-mbuf 0
对账：sent − received − timeouts − in-flight = 0（应为 0）；丢包 = timeouts = 0（其中 0 个迟到收到）
收包对账：rx 1944872 − (received + late + unexpected + foreign + other + arp) = 0（应为 0）

metric (ns)                       count      min     mean      p50      p90      p99    p99.9   p99.99        max
in-process ①+②  [排名指标]          1944872       50      209      180      290      481      601      770      14840
seg① send  T1−T0                1944872       40       68       50       70      310      330      420      14820
seg② recv  T3−T2                1944872       10      141      130      200      300      420      610      12650
end-to-end T3−T0                1944872    36110   158001   160295   163446   167384   241821   249698     302210
seg③ wake→next T0               1944872       30      110       50      290      410      761     1123      14660
sleep error                     1944872        0       35       10      110      310      669     2221      18930
deadline→next T0 (误差+③)         1944872       30      145       60      410      660      987     2787      19100
  (诊断) seg① 距上次发送<100ns          103590      140      305      300      320      330      429     1926      14820
  (诊断) seg① 100–250ns               452       60      200      200      210      260      350      350        350
  (诊断) seg① 250–500ns            444287       40       54       50       60       70      190      280       2000
  (诊断) seg① 500ns–2µs           1013717       40       54       50       60       70      180      270       5470
  (诊断) seg① ≥2µs                 382826       40       55       50       60       80      180      270       2740
  (诊断) 维护: rte_timer_manage      199971       20       25       20       30       30       40      690       5400
  (诊断) 维护: 整个节拍                  199971       50      268       60      629      809     1000     1975       7470

段① ≥ 125 ns 的样本占 5.730%（段①是两段式分布，它的 p99 落在哪一段只看这个占比在 1% 的哪一边）
rx_burst 包数分布（非空 burst）：1:76.63%  2:18.87%  3:3.85%  4:0.64%  其余更大的 burst 共 35 次（最大一次 20 个包）
主循环被外部打断：空轮询 > 1 µs 共 4350 次（累计 9.7 ms，最长 22.0 µs）；取包前 > 10 µs 共 2 次（累计 0.0 ms，最长 23.4 µs）
port: ipackets 1944872  opackets 1945027  imissed 0  ierrors 0  oerrors 0  rx_nombuf 0
AWS allowance（本次运行增量）：bw_in_allowance_exceeded=0  bw_out_allowance_exceeded=0  pps_allowance_exceeded=0  conntrack_allowance_exceeded=0  linklocal_allowance_exceeded=0
mbuf：pool 8191，初值 avail 8191（端口启动后 7168），关停后 avail 8191 → 泄漏 0 ✔
退出原因：到达 --duration-sec，停止发送并等在途请求收尾
构建：commit b45fad686be5 · rustc 1.98.1 (48a229cea 2026-09-01) · DPDK 25.11.3 · release
环境：AMD EPYC 9R45 · 内核 6.18.48-107.148.amzn2023.x86_64 · 网卡 0000:28:00.0 驱动 igb_uio（写合并映射：是）· clocksource tsc · rdtscp constant_tsc nonstop_tsc tsc_known_freq
时钟：读一次 rdtscp 平均 17.6 ns（每个被测段恰好含一次）；TSC 读数步长 26 周期 = 10.0 ns（时间戳分辨率，所有时间差都是它的整数倍）；周期→纳秒换算与 CLOCK_MONOTONIC_RAW 相差 +0.1 ppm
[1;34m[02:17:06][0m 退出码 0；报告：（由调用者指定）
