[1;34m[11:29:42][0m 运行 A（async-ping）--delay-us 500 --duration-sec 30 --progress-sec 0 --json /home/ec2-user/dpdk-async-ping/logs/ab-20260930-112800/A-2.json  → /home/ec2-user/dpdk-async-ping/logs/A-20260930-112942.log
EAL: No free 1048576 kB hugepages reported on node 0
ENA_DRIVER: ena_get_metrics_entries(): 0x6 customer metrics are supported
ENA_DRIVER: ena_rx_queue_release(): Rx queue 0:0 released
ENA_DRIVER: ena_tx_queue_release(): Tx queue 0:0 released

==================== A · async-ping（自研 rt runtime） ====================
sessions 64  delay 500 µs  duration 30 s (实际 30.00 s)  payload 64 B  timeout 10000 µs  TSC 2.600 GHz
sent 2908421  received 2908421  timeouts 0  late 0  in-flight-at-end 0  unexpected 0  other 1  arp-replied 0  tx-full 0  no-mbuf 0
对账：sent − received − timeouts − in-flight = 0（应为 0）；丢包 = timeouts = 0（其中 0 个迟到收到）

metric (ns)                       count      min     mean      p50      p90      p99    p99.9   p99.99        max
in-process ①+②  [排名指标]          2908421       60      196      180      250      360      469      610      15720
seg① send  T1−T0                2908421       40       55       50       60      160      200      310       3620
seg② recv  T3−T2                2908421       20      141      130      190      300      401      521      15660
end-to-end T3−T0                2908421    54280   159986   160295   163446   166596   243396   251273     304970
seg③ wake→next T0               2908421       40      135       70      320      721     1129     1560       6340
sleep error                     2908421        0       33       10      100      270      790     2738      69180
  (诊断) seg① 背靠背 <2µs            2359787       40       55       50       60      160      200      310       3620
  (诊断) seg① 间隔 ≥2µs              548634       40       55       50       60      150      190      300       2970

rx_burst 包数分布（非空 burst）：1:78.10%  2:18.04%  3:3.43%  4:0.43%  5:0.00%  6:0.00%  7:0.00%  8:0.00%  9:0.00%  13:0.00%  14:0.00%
port: ipackets 2908422  opackets 2908527  imissed 0  ierrors 0  oerrors 0  rx_nombuf 0
AWS allowance（本次运行增量）：bw_in_allowance_exceeded=0  bw_out_allowance_exceeded=0  pps_allowance_exceeded=0  conntrack_allowance_exceeded=0  linklocal_allowance_exceeded=0
mbuf：pool 8191，初值 avail 8191（端口启动后 7168），关停后 avail 8191 → 泄漏 0 ✔
退出原因：到达 --duration-sec，停止发送并等在途请求收尾
[1;34m[11:30:12][0m 退出码 0；报告：（由调用者指定）
