[1;34m[11:30:42][0m 运行 B（raw-ping）--delay-us 500 --duration-sec 30 --progress-sec 0 --json /home/ec2-user/dpdk-async-ping/logs/ab-20260930-112800/B-3.json  → /home/ec2-user/dpdk-async-ping/logs/B-20260930-113042.log
EAL: No free 1048576 kB hugepages reported on node 0
ENA_DRIVER: ena_get_metrics_entries(): 0x6 customer metrics are supported
ENA_DRIVER: ena_rx_queue_release(): Rx queue 0:0 released
ENA_DRIVER: ena_tx_queue_release(): Tx queue 0:0 released

==================== B · raw-ping（手写 busy-poll，无 runtime） ====================
sessions 64  delay 500 µs  duration 30 s (实际 30.00 s)  payload 64 B  timeout 10000 µs  TSC 2.600 GHz
sent 2618259  received 2618259  timeouts 0  late 0  in-flight-at-end 0  unexpected 0  other 1  arp-replied 0  tx-full 0  no-mbuf 0
对账：sent − received − timeouts − in-flight = 0（应为 0）；丢包 = timeouts = 0（其中 0 个迟到收到）

metric (ns)                       count      min     mean      p50      p90      p99    p99.9   p99.99        max
in-process ①+②  [排名指标]          2618259       50      233      180      420      521      610      761      21240
seg① send  T1−T0                2618259       40      108       50      300      330      401      481       4520
seg② recv  T3−T2                2618259       10      125      110      170      270      350      460      21170
end-to-end T3−T0                2618259    52140   233204   244972   249698   252849   257575   274904     367560
seg③ wake→next T0               2618259       20       68       50      130      380      740     1092       5370
sleep error                     2618259        0       41       20      120      481      901     2689      31220
  (诊断) seg① 背靠背 <2µs            2121542       40      120       50      300      330      410      490       4520
  (诊断) seg① 间隔 ≥2µs              496717       40       54       50       60       70      160      250       4080

rx_burst 包数分布（非空 burst）：1:76.92%  2:19.03%  3:3.58%  4:0.47%  5:0.00%  6:0.00%  7:0.00%  8:0.00%  13:0.00%  14:0.00%
port: ipackets 2618260  opackets 2618365  imissed 0  ierrors 0  oerrors 0  rx_nombuf 0
AWS allowance（本次运行增量）：bw_in_allowance_exceeded=0  bw_out_allowance_exceeded=0  pps_allowance_exceeded=0  conntrack_allowance_exceeded=0  linklocal_allowance_exceeded=0
mbuf：pool 8191，初值 avail 8191（端口启动后 7168），关停后 avail 8191 → 泄漏 0 ✔
退出原因：到达 --duration-sec，停止发送并等在途请求收尾
[1;34m[11:31:13][0m 退出码 0；报告：（由调用者指定）
