[1;34m[07:48:52][0m 运行 B（raw-ping）--progress-sec 0 --json logs/exp/samples-slow/B-samples-7.json --delay-us 500 --duration-sec 60 --samples logs/tmp/exp-B-7.samples  → /dev/null
EAL: No free 1048576 kB hugepages reported on node 0
ENA_DRIVER: ena_get_metrics_entries(): 0x6 customer metrics are supported
ENA_DRIVER: ena_rx_queue_release(): Rx queue 0:0 released
ENA_DRIVER: ena_tx_queue_release(): Tx queue 0:0 released

==================== B · raw-ping（手写 busy-poll，无 runtime） ====================
sessions 64  delay 500 µs  duration 60 s (实际 60.00 s)  payload 64 B  timeout 10000 µs  TSC 2.600 GHz
sent 5360002  received 5360002  timeouts 0  late 0  in-flight-at-end 0  unexpected 0  foreign 0  tsc-mismatch 0  other 0  arp-replied 1  tx-full 0  no-mbuf 0
对账：sent − received − timeouts − in-flight = 0（应为 0）；丢包 = timeouts = 0（其中 0 个迟到收到）
收包对账：rx 5360003 − (received + late + unexpected + foreign + other + arp) = 0（应为 0）

metric (ns)                       count      min     mean      p50      p90      p99    p99.9   p99.99        max
in-process ①+②  [排名指标]          5360002       50      200      180      280      460      570      690      15430
seg① send  T1−T0                5360002       40       68       50       70      310      330      429       4600
seg② recv  T3−T2                5360002       10      132      120      180      280      370      469      15380
end-to-end T3−T0                5360002    36990   216273   229218   232369   237095   246547   268603     526160
seg③ wake→next T0               5360002       20      112       50      300      410      761     1129       8360
sleep error                     5360002        0       36       10      110      320      650     2024      26900
deadline→next T0 (误差+③)         5360002       30      147       60      410      650      981     2590      26990
  (诊断) seg① 距上次发送<100ns          285563       70      302      300      320      330      429     1283       4600
  (诊断) seg① 100–250ns              1146       50      196      200      220      280      681      920        920
  (诊断) seg① 250–500ns           1252320       40       54       50       60       70      180      290       2690
  (诊断) seg① 500ns–2µs           2831252       40       54       50       60       70      170      270       4060
  (诊断) seg① ≥2µs                 989721       40       55       50       60       80      170      260       3640
  (诊断) 维护: rte_timer_manage      599905       20       25       20       30       30       40     1480       4400
  (诊断) 维护: 整个节拍                  599905       40      259       60      730     1000     1190     1938      15560

段① ≥ 125 ns 的样本占 5.668%（段①是两段式分布，它的 p99 落在哪一段只看这个占比在 1% 的哪一边）
rx_burst 包数分布（非空 burst）：1:75.72%  2:19.63%  3:4.18%  4:0.46%  其余更大的 burst 共 78 次（最大一次 19 个包）
主循环被外部打断：空轮询 > 1 µs 共 13275 次（累计 27.9 ms，最长 52.3 µs）；取包前 > 10 µs 共 10 次（累计 0.1 ms，最长 18.3 µs）
port: ipackets 5360003  opackets 5360069  imissed 0  ierrors 0  oerrors 0  rx_nombuf 0
AWS allowance（本次运行增量）：bw_in_allowance_exceeded=0  bw_out_allowance_exceeded=0  pps_allowance_exceeded=0  conntrack_allowance_exceeded=0  linklocal_allowance_exceeded=0
mbuf：pool 8191，初值 avail 8191（端口启动后 7168），关停后 avail 8191 → 泄漏 0 ✔
退出原因：到达 --duration-sec，停止发送并等在途请求收尾
构建：commit 7c98e813316e · rustc 1.98.1 (48a229cea 2026-09-01) · DPDK 25.11.3 · release
环境：AMD EPYC 9R45 · 内核 6.18.48-107.148.amzn2023.x86_64 · 网卡 0000:28:00.0 驱动 igb_uio（写合并映射：是）· clocksource tsc · rdtscp constant_tsc nonstop_tsc tsc_known_freq
时钟：读一次 rdtscp 平均 17.5 ns（每个被测段恰好含一次）；TSC 读数步长 26 周期 = 10.0 ns（时间戳分辨率，所有时间差都是它的整数倍）；周期→纳秒换算与 CLOCK_MONOTONIC_RAW 相差 +0.1 ppm
原始样本：5360002 个 → logs/tmp/exp-B-7.samples（容量 7757884）
[1;34m[07:49:52][0m 退出码 0；报告：（由调用者指定）
