[1;34m[07:59:21][0m 运行 A（async-ping）--progress-sec 0 --json logs/exp/samples-slow/fix-samples-11.json --delay-us 500 --duration-sec 60 --samples logs/tmp/exp-fix-samples-11.samples  → /dev/null
EAL: No free 1048576 kB hugepages reported on node 0
ENA_DRIVER: ena_get_metrics_entries(): 0x6 customer metrics are supported
ENA_DRIVER: ena_rx_queue_release(): Rx queue 0:0 released
ENA_DRIVER: ena_tx_queue_release(): Tx queue 0:0 released

==================== A · async-ping（自研 rt runtime） ====================
sessions 64  delay 500 µs  duration 60 s (实际 60.00 s)  payload 64 B  timeout 10000 µs  TSC 2.600 GHz
sent 5877886  received 5877886  timeouts 0  late 0  in-flight-at-end 0  unexpected 0  foreign 1  tsc-mismatch 0  other 0  arp-replied 1  tx-full 0  no-mbuf 0
对账：sent − received − timeouts − in-flight = 0（应为 0）；丢包 = timeouts = 0（其中 0 个迟到收到）
收包对账：rx 5877888 − (received + late + unexpected + foreign + other + arp) = 0（应为 0）

metric (ns)                       count      min     mean      p50      p90      p99    p99.9   p99.99        max
in-process ①+②  [排名指标]          5877886       60      196      190      250      340      441      570       5680
seg① send  T1−T0                5877886       40       54       50       60       70      180      290       3430
seg② recv  T3−T2                5877886       20      142      130      190      290      380      481       5630
end-to-end T3−T0                5877886    34630   153118   159507   163446   227643   248123   292233     433540
seg③ wake→next T0               5877886       30      139       70      320      709     1129     1606      15040
sleep error                     5877886        0       39       10      120      290      740     1704      45900
deadline→next T0 (误差+③)         5877886       40      178       80      441      821     1270     2529      47070
  (诊断) seg① 距上次发送<100ns               0        0        0        0        0        0        0        0          0
  (诊断) seg① 100–250ns                12       60       63       60       70       70       70       70         70
  (诊断) seg① 250–500ns           1638887       40       55       50       60      160      210      310       2690
  (诊断) seg① 500ns–2µs           3061787       40       54       50       60       70      160      250       3320
  (诊断) seg① ≥2µs                1177200       40       54       50       60       70      160      260       3430
  (诊断) 维护: rte_timer_manage      599898       20       30       30       30       40       40     1147       3330
  (诊断) 维护: 整个节拍                  599898       40      312       70      780      969     1172     2344      27850

段① ≥ 125 ns 的样本占 0.552%（段①是两段式分布，它的 p99 落在哪一段只看这个占比在 1% 的哪一边）
rx_burst 包数分布（非空 burst）：1:77.23%  2:18.40%  3:3.85%  4:0.52%  其余更大的 burst 共 89 次（最大一次 21 个包）
主循环被外部打断：空轮询 > 1 µs 共 13109 次（累计 25.7 ms，最长 48.5 µs）；取包前 > 10 µs 共 13 次（累计 0.2 ms，最长 23.4 µs）
port: ipackets 5877888  opackets 5877953  imissed 0  ierrors 0  oerrors 0  rx_nombuf 0
AWS allowance（本次运行增量）：bw_in_allowance_exceeded=0  bw_out_allowance_exceeded=0  pps_allowance_exceeded=0  conntrack_allowance_exceeded=0  linklocal_allowance_exceeded=0
mbuf：pool 8191，初值 avail 8191（端口启动后 7168），关停后 avail 8191 → 泄漏 0 ✔
退出原因：到达 --duration-sec，停止发送并等在途请求收尾
构建：commit 7c98e813316e（构建时源码有未提交改动） · rustc 1.98.1 (48a229cea 2026-09-01) · DPDK 25.11.3 · release
环境：AMD EPYC 9R45 · 内核 6.18.48-107.148.amzn2023.x86_64 · 网卡 0000:28:00.0 驱动 igb_uio（写合并映射：是）· clocksource tsc · rdtscp constant_tsc nonstop_tsc tsc_known_freq
时钟：读一次 rdtscp 平均 17.6 ns（每个被测段恰好含一次）；TSC 读数步长 26 周期 = 10.0 ns（时间戳分辨率，所有时间差都是它的整数倍）；周期→纳秒换算与 CLOCK_MONOTONIC_RAW 相差 +0.1 ppm
原始样本：5877886 个 → logs/tmp/exp-fix-samples-11.samples（容量 7757884）
异常包明细（最多 16 条）：
  [tsc 46374723880940] foreign：来自 13.214.173.166 的 echo reply（不是对端），id=16509 seq=14618，已丢弃
[1;34m[08:00:21][0m 退出码 0；报告：（由调用者指定）
