[1;34m[08:08:23][0m 运行 A（async-ping）--progress-sec 0 --json logs/exp/samples-slow/fix-samples-14.json --delay-us 500 --duration-sec 60 --samples logs/tmp/exp-fix-samples-14.samples  → /dev/null
EAL: No free 1048576 kB hugepages reported on node 0
ENA_DRIVER: ena_get_metrics_entries(): 0x6 customer metrics are supported
ENA_DRIVER: ena_rx_queue_release(): Rx queue 0:0 released
ENA_DRIVER: ena_tx_queue_release(): Tx queue 0:0 released

==================== A · async-ping（自研 rt runtime） ====================
sessions 64  delay 500 µs  duration 60 s (实际 60.00 s)  payload 64 B  timeout 10000 µs  TSC 2.600 GHz
sent 5855635  received 5855635  timeouts 0  late 0  in-flight-at-end 0  unexpected 0  foreign 0  tsc-mismatch 0  other 0  arp-replied 1  tx-full 0  no-mbuf 0
对账：sent − received − timeouts − in-flight = 0（应为 0）；丢包 = timeouts = 0（其中 0 个迟到收到）
收包对账：rx 5855636 − (received + late + unexpected + foreign + other + arp) = 0（应为 0）

metric (ns)                       count      min     mean      p50      p90      p99    p99.9   p99.99        max
in-process ①+②  [排名指标]          5855635       60      194      180      240      340      441      561      15880
seg① send  T1−T0                5855635       40       54       50       60       70      180      280       4960
seg② recv  T3−T2                5855635       20      140      130      190      290      370      481      15830
end-to-end T3−T0                5855635    37730   155606   160295   163446   238670   248123   295384     340840
seg③ wake→next T0               5855635       30      135       70      320      709     1123     1581      12450
sleep error                     5855635        0       38       10      120      280      690     1704      37210
deadline→next T0 (误差+③)         5855635       40      173       80      441      809     1209     2492      37780
  (诊断) seg① 距上次发送<100ns               0        0        0        0        0        0        0        0          0
  (诊断) seg① 100–250ns                15       60       78       60      160      180      180      180        180
  (诊断) seg① 250–500ns           1598210       40       55       50       60      150      200      300       2300
  (诊断) seg① 500ns–2µs           3094297       40       54       50       60       70      160      260       4960
  (诊断) seg① ≥2µs                1163113       40       54       50       60       70      160      250       3590
  (诊断) 维护: rte_timer_manage      599899       20       30       30       30       40       40     1067       3920
  (诊断) 维护: 整个节拍                  599899       40      305       70      761      938     1172     2073      17950

段① ≥ 125 ns 的样本占 0.526%（段①是两段式分布，它的 p99 落在哪一段只看这个占比在 1% 的哪一边）
rx_burst 包数分布（非空 burst）：1:77.48%  2:18.50%  3:3.63%  4:0.39%  其余更大的 burst 共 61 次（最大一次 26 个包）
主循环被外部打断：空轮询 > 1 µs 共 13039 次（累计 25.3 ms，最长 116.9 µs）；取包前 > 10 µs 共 7 次（累计 0.1 ms，最长 17.2 µs）
port: ipackets 5855636  opackets 5855702  imissed 0  ierrors 0  oerrors 0  rx_nombuf 0
AWS allowance（本次运行增量）：bw_in_allowance_exceeded=0  bw_out_allowance_exceeded=0  pps_allowance_exceeded=0  conntrack_allowance_exceeded=0  linklocal_allowance_exceeded=0
mbuf：pool 8191，初值 avail 8191（端口启动后 7168），关停后 avail 8191 → 泄漏 0 ✔
退出原因：到达 --duration-sec，停止发送并等在途请求收尾
构建：commit 7c98e813316e（构建时源码有未提交改动） · rustc 1.98.1 (48a229cea 2026-09-01) · DPDK 25.11.3 · release
环境：AMD EPYC 9R45 · 内核 6.18.48-107.148.amzn2023.x86_64 · 网卡 0000:28:00.0 驱动 igb_uio（写合并映射：是）· clocksource tsc · rdtscp constant_tsc nonstop_tsc tsc_known_freq
时钟：读一次 rdtscp 平均 17.5 ns（每个被测段恰好含一次）；TSC 读数步长 26 周期 = 10.0 ns（时间戳分辨率，所有时间差都是它的整数倍）；周期→纳秒换算与 CLOCK_MONOTONIC_RAW 相差 +0.1 ppm
原始样本：5855635 个 → logs/tmp/exp-fix-samples-14.samples（容量 7757884）
[1;34m[08:09:24][0m 退出码 0；报告：（由调用者指定）
