[1;34m[05:47:35][0m 运行 A（async-ping）--progress-sec 0 --json logs/exp/samples-slow/v2-plain-mfence-5.json --delay-us 500 --duration-sec 60 --diag-pre-t0 mfence  → /dev/null
EAL: No free 1048576 kB hugepages reported on node 0
ENA_DRIVER: ena_get_metrics_entries(): 0x6 customer metrics are supported
ENA_DRIVER: ena_rx_queue_release(): Rx queue 0:0 released
ENA_DRIVER: ena_tx_queue_release(): Tx queue 0:0 released

==================== A · async-ping（自研 rt runtime） ====================
★ 诊断运行（mfence-before-t0）：这份结果不参与 A − B 排名
sessions 64  delay 500 µs  duration 60 s (实际 60.00 s)  payload 64 B  timeout 10000 µs  TSC 2.600 GHz
sent 5820429  received 5820429  timeouts 0  late 0  in-flight-at-end 0  unexpected 0  foreign 0  tsc-mismatch 0  other 1  arp-replied 1  tx-full 0  no-mbuf 0
对账：sent − received − timeouts − in-flight = 0（应为 0）；丢包 = timeouts = 0（其中 0 个迟到收到）
收包对账：rx 5820431 − (received + late + unexpected + foreign + other + arp) = 0（应为 0）

metric (ns)                       count      min     mean      p50      p90      p99    p99.9   p99.99        max
in-process ①+②  [排名指标]          5820429       60      191      180      240      340      429      549       4260
seg① send  T1−T0                5820429       40       54       50       60       70      170      270       3670
seg② recv  T3−T2                5820429       20      137      130      180      280      360      481       4210
end-to-end T3−T0                5820429    37940   159563   160295   163446   168172   243396   249698     339170
seg③ wake→next T0               5820429       50      144       80      330      740     1160     1593      16590
sleep error                     5820429        0       38       10      130      250      620     1643      44360
deadline→next T0 (误差+③)         5820429       50      183       90      469      840     1240     2307      44610
  (诊断) seg① 距上次发送<100ns               0        0        0        0        0        0        0        0          0
  (诊断) seg① 100–250ns                12       60       63       60       70       70       70       70         70
  (诊断) seg① 250–500ns           1505009       40       54       50       60       80      190      290       3670
  (诊断) seg① 500ns–2µs           3160545       40       53       50       60       70      160      250       2210
  (诊断) seg① ≥2µs                1154863       40       54       50       60       70      160      230       3160
  (诊断) 维护: rte_timer_manage      599898       20       28       30       30       40       40      709       3100
  (诊断) 维护: 整个节拍                  599898       40      309       60      780      963     1129     1889      34670

段① ≥ 125 ns 的样本占 0.398%（段①是两段式分布，它的 p99 落在哪一段只看这个占比在 1% 的哪一边）
rx_burst 包数分布（非空 burst）：1:78.60%  2:18.10%  3:3.03%  4:0.26%  其余更大的 burst 共 29 次（最大一次 32 个包）
主循环被外部打断：空轮询 > 1 µs 共 12948 次（累计 24.3 ms，最长 29.1 µs）；取包前 > 10 µs 共 12 次（累计 0.3 ms，最长 106.1 µs）
port: ipackets 5820431  opackets 5820496  imissed 0  ierrors 0  oerrors 0  rx_nombuf 0
AWS allowance（本次运行增量）：bw_in_allowance_exceeded=0  bw_out_allowance_exceeded=0  pps_allowance_exceeded=0  conntrack_allowance_exceeded=0  linklocal_allowance_exceeded=0
mbuf：pool 8191，初值 avail 8191（端口启动后 7168），关停后 avail 8191 → 泄漏 0 ✔
退出原因：到达 --duration-sec，停止发送并等在途请求收尾
构建：commit 7c98e813316e · rustc 1.98.1 (48a229cea 2026-09-01) · DPDK 25.11.3 · release
环境：AMD EPYC 9R45 · 内核 6.18.48-107.148.amzn2023.x86_64 · 网卡 0000:28:00.0 驱动 igb_uio（写合并映射：是）· clocksource tsc · rdtscp constant_tsc nonstop_tsc tsc_known_freq
时钟：读一次 rdtscp 平均 17.6 ns（每个被测段恰好含一次）；TSC 读数步长 26 周期 = 10.0 ns（时间戳分辨率，所有时间差都是它的整数倍）；周期→纳秒换算与 CLOCK_MONOTONIC_RAW 相差 +0.1 ppm
[1;34m[05:48:35][0m 退出码 0；报告：（由调用者指定）
