[1;34m[08:07:23][0m 运行 A（async-ping）--progress-sec 0 --json logs/exp/samples-slow/v2-samples-14.json --delay-us 500 --duration-sec 60 --samples logs/tmp/exp-v2-samples-14.samples  → /dev/null
EAL: No free 1048576 kB hugepages reported on node 0
ENA_DRIVER: ena_get_metrics_entries(): 0x6 customer metrics are supported
ENA_DRIVER: ena_rx_queue_release(): Rx queue 0:0 released
ENA_DRIVER: ena_tx_queue_release(): Tx queue 0:0 released

==================== A · async-ping（自研 rt runtime） ====================
sessions 64  delay 500 µs  duration 60 s (实际 60.00 s)  payload 64 B  timeout 10000 µs  TSC 2.600 GHz
sent 5474042  received 5474042  timeouts 0  late 0  in-flight-at-end 0  unexpected 0  foreign 0  tsc-mismatch 0  other 2  arp-replied 1  tx-full 0  no-mbuf 0
对账：sent − received − timeouts − in-flight = 0（应为 0）；丢包 = timeouts = 0（其中 0 个迟到收到）
收包对账：rx 5474045 − (received + late + unexpected + foreign + other + arp) = 0（应为 0）

metric (ns)                       count      min     mean      p50      p90      p99    p99.9   p99.99        max
in-process ①+②  [排名指标]          5474042       60      199      190      260      360      460      589      15790
seg① send  T1−T0                5474042       40       57       50       60      150      240      300      13890
seg② recv  T3−T2                5474042       20      142      130      190      290      380      490      15740
end-to-end T3−T0                5474042    37220   201316   227643   232369   237095   244972   256000     365390
seg③ wake→next T0               5474042       40      135       70      320      721     1129     1606      23070
sleep error                     5474042        0       40       10      130      290      749     1803      21690
deadline→next T0 (误差+③)         5474042       40      176       80      450      852     1283     2455      23070
  (诊断) seg① 距上次发送<100ns               0        0        0        0        0        0        0        0          0
  (诊断) seg① 100–250ns                21       60       64       60       70       70       70       70         70
  (诊断) seg① 250–500ns           1498445       40       57       50       60      160      240      310       9710
  (诊断) seg① 500ns–2µs           2937020       40       58       50       60      150      250      300      13890
  (诊断) seg① ≥2µs                1038556       40       57       50       60      150      230      300       3840
  (诊断) 维护: rte_timer_manage      599902       20       31       30       40       40       40      770       3630
  (诊断) 维护: 整个节拍                  599902       40      315       70      901     1209     1350     2024       9900

段① ≥ 125 ns 的样本占 3.382%（段①是两段式分布，它的 p99 落在哪一段只看这个占比在 1% 的哪一边）
rx_burst 包数分布（非空 burst）：1:77.60%  2:18.42%  3:3.58%  4:0.40%  其余更大的 burst 共 58 次（最大一次 32 个包）
主循环被外部打断：空轮询 > 1 µs 共 13117 次（累计 25.2 ms，最长 22.6 µs）；取包前 > 10 µs 共 14 次（累计 0.3 ms，最长 98.8 µs）
port: ipackets 5474045  opackets 5474109  imissed 0  ierrors 0  oerrors 0  rx_nombuf 0
AWS allowance（本次运行增量）：bw_in_allowance_exceeded=0  bw_out_allowance_exceeded=0  pps_allowance_exceeded=0  conntrack_allowance_exceeded=0  linklocal_allowance_exceeded=0
mbuf：pool 8191，初值 avail 8191（端口启动后 7168），关停后 avail 8191 → 泄漏 0 ✔
退出原因：到达 --duration-sec，停止发送并等在途请求收尾
构建：commit 7c98e813316e · rustc 1.98.1 (48a229cea 2026-09-01) · DPDK 25.11.3 · release
环境：AMD EPYC 9R45 · 内核 6.18.48-107.148.amzn2023.x86_64 · 网卡 0000:28:00.0 驱动 igb_uio（写合并映射：是）· clocksource tsc · rdtscp constant_tsc nonstop_tsc tsc_known_freq
时钟：读一次 rdtscp 平均 17.5 ns（每个被测段恰好含一次）；TSC 读数步长 26 周期 = 10.0 ns（时间戳分辨率，所有时间差都是它的整数倍）；周期→纳秒换算与 CLOCK_MONOTONIC_RAW 相差 +0.1 ppm
原始样本：5474042 个 → logs/tmp/exp-v2-samples-14.samples（容量 7757884）
[1;34m[08:08:23][0m 退出码 0；报告：（由调用者指定）
