[1;34m[04:46:04][0m 运行 A（async-ping）--progress-sec 0 --json logs/sessions/day2b-v2/A-600.json --delay-us 500 --duration-sec 600 --samples logs/tmp/day2b-v2-A.samples  → /dev/null
EAL: No free 1048576 kB hugepages reported on node 0
ENA_DRIVER: ena_get_metrics_entries(): 0x6 customer metrics are supported
ENA_DRIVER: ena_rx_queue_release(): Rx queue 0:0 released
ENA_DRIVER: ena_tx_queue_release(): Tx queue 0:0 released

==================== A · async-ping（自研 rt runtime） ====================
sessions 64  delay 500 µs  duration 600 s (实际 600.00 s)  payload 64 B  timeout 10000 µs  TSC 2.600 GHz
sent 57342194  received 57342194  timeouts 0  late 0  in-flight-at-end 0  unexpected 0  foreign 1  tsc-mismatch 0  other 3  arp-replied 9  tx-full 0  no-mbuf 0
对账：sent − received − timeouts − in-flight = 0（应为 0）；丢包 = timeouts = 0（其中 0 个迟到收到）
收包对账：rx 57342207 − (received + late + unexpected + foreign + other + arp) = 0（应为 0）

metric (ns)                       count      min     mean      p50      p90      p99    p99.9   p99.99        max
in-process ①+②  [排名指标]         57342194       60      195      180      250      340      441      561      36530
seg① send  T1−T0               57342194       40       54       50       60       70      180      290      16810
seg② recv  T3−T2               57342194       20      141      130      190      290      370      481      36480
end-to-end T3−T0               57342194    35790   169493   160295   229218   233944   243396   254424     383900
seg③ wake→next T0              57342194       30      134       70      320      721     1129     1523      20100
sleep error                    57342194        0       37       10      120      280      641     1716      35530
deadline→next T0 (误差+③)        57342194       40      171       70      441      821     1203     2332      36190
  (诊断) seg① 距上次发送<100ns               0        0        0        0        0        0        0        0          0
  (诊断) seg① 100–250ns               153       60       64       60       70       80      220      220        220
  (诊断) seg① 250–500ns          15457361       40       55       50       60      150      210      300       3970
  (诊断) seg① 500ns–2µs          30144044       40       54       50       60       70      170      270      16810
  (诊断) seg① ≥2µs               11740636       40       54       50       60       70      170      260       4490
  (诊断) 维护: rte_timer_manage     5998889       20       24       20       30       30       40     1178       4250
  (诊断) 维护: 整个节拍                 5998889       40      278       60      681      963     1190     2123      32890

段① ≥ 125 ns 的样本占 0.716%（段①是两段式分布，它的 p99 落在哪一段只看这个占比在 1% 的哪一边）
rx_burst 包数分布（非空 burst）：1:77.87%  2:18.21%  3:3.47%  4:0.44%  其余更大的 burst 共 462 次（最大一次 29 个包）
主循环被外部打断：空轮询 > 1 µs 共 129998 次（累计 257.1 ms，最长 57.4 µs）；取包前 > 10 µs 共 99 次（累计 1.6 ms，最长 46.7 µs）
port: ipackets 57342207  opackets 57342269  imissed 0  ierrors 0  oerrors 0  rx_nombuf 0
AWS allowance（本次运行增量）：bw_in_allowance_exceeded=0  bw_out_allowance_exceeded=0  pps_allowance_exceeded=0  conntrack_allowance_exceeded=0  linklocal_allowance_exceeded=0
mbuf：pool 8191，初值 avail 8191（端口启动后 7168），关停后 avail 8191 → 泄漏 0 ✔
退出原因：到达 --duration-sec，停止发送并等在途请求收尾
构建：commit 7c98e813316e · rustc 1.98.1 (48a229cea 2026-09-01) · DPDK 25.11.3 · release
环境：AMD EPYC 9R45 · 内核 6.18.48-107.148.amzn2023.x86_64 · 网卡 0000:28:00.0 驱动 igb_uio（写合并映射：是）· clocksource tsc · rdtscp constant_tsc nonstop_tsc tsc_known_freq
时钟：读一次 rdtscp 平均 17.5 ns（每个被测段恰好含一次）；TSC 读数步长 26 周期 = 10.0 ns（时间戳分辨率，所有时间差都是它的整数倍）；周期→纳秒换算与 CLOCK_MONOTONIC_RAW 相差 +0.1 ppm
原始样本：57342194 个 → logs/tmp/day2b-v2-A.samples（容量 77541976）
异常包明细（最多 16 条）：
  [tsc 16347764651374] foreign：来自 13.214.173.166 的 echo reply（不是对端），id=16509 seq=14618，已丢弃
[1;34m[04:56:04][0m 退出码 0；报告：（由调用者指定）
