[1;34m[12:42:41][0m 运行 A（async-ping）--delay-us 500 --duration-sec 60 --progress-sec 0 --json /home/ec2-user/dpdk-async-ping/logs/ab-20261002-124231/A-1.json  → /dev/null
EAL: No free 1048576 kB hugepages reported on node 0
ENA_DRIVER: ena_get_metrics_entries(): 0x6 customer metrics are supported
ENA_DRIVER: ena_rx_queue_release(): Rx queue 0:0 released
ENA_DRIVER: ena_tx_queue_release(): Tx queue 0:0 released

==================== A · async-ping（自研 rt runtime） ====================
sessions 64  delay 500 µs  duration 60 s (实际 60.00 s)  payload 64 B  timeout 10000 µs  TSC 2.600 GHz
sent 6345324  received 6345324  timeouts 0  late 0  in-flight-at-end 0  unexpected 0  foreign 0  tsc-mismatch 0  other 3  arp-replied 1  tx-full 0  no-mbuf 0
对账：sent − received − timeouts − in-flight = 0（应为 0）；丢包 = timeouts = 0（其中 0 个迟到收到）
收包对账：rx 6345328 − (received + late + unexpected + foreign + tsc-mismatch + other + arp) = 0（应为 0）

metric (ns)                       count      min     mean      p50      p90      p99    p99.9   p99.99        max
in-process ①+②  [排名指标]          6345324       60      190      180      230      330      410      530      12030
seg① send  T1−T0                6345324       40       54       50       60       70      170      280      11910
seg② recv  T3−T2                6345324       20      136      130      180      270      350      450       6010
end-to-end T3−T0                6345324    24120   105026    57698   161870   165809   230793   241821     306020
seg③ wake→next T0               6345324       40      113       60      310      700     1110     1320      11900
sleep error                     6345324        0       32       10      120      260      669     2898     135730
deadline→next T0 (误差+③)         6345324       40      146       70      429      803     1203     3335     136470
  (诊断) seg① 距上次发送<100ns               0        0        0        0        0        0        0        0          0
  (诊断) seg① 100–250ns                13       60       64       60       70       70       70       70         70
  (诊断) seg① 250–500ns           1275385       40       55       50       60      150      190      300      11910
  (诊断) seg① 500ns–2µs           3179134       40       54       50       60       70      170      270       4330
  (诊断) seg① ≥2µs                1890792       40       54       50       60       70      170      280       4680
  (诊断) 维护: rte_timer_manage      599890       20       30       30       30       40       40      938       3750
  (诊断) 维护: 整个节拍                  599890       40      343      330      641      852     1012     2898      25070

段① ≥ 125 ns 的样本占 0.503%（段①是两段式分布，它的 p99 落在哪一段只看这个占比在 1% 的哪一边）
rx_burst 包数分布（非空 burst）：1:84.24%  2:13.43%  3:2.08%  4:0.25%  其余更大的 burst 共 97 次（最大一次 29 个包）
主循环被外部打断：空轮询 > 1 µs 共 12238 次（累计 36.9 ms，最长 139.4 µs）；取包前 > 10 µs 共 18 次（累计 0.3 ms，最长 39.7 µs）
port: ipackets 6345328  opackets 1939064766  imissed 0  ierrors 0  oerrors 0  rx_nombuf 0
AWS allowance（本次运行增量）：bw_in_allowance_exceeded=0  bw_out_allowance_exceeded=0  pps_allowance_exceeded=0  conntrack_allowance_exceeded=0  linklocal_allowance_exceeded=0
mbuf：pool 8191，初值 avail 8191（端口启动后 7168），关停后 avail 8191 → 泄漏 0 ✔
退出原因：到达 --duration-sec，停止发送并等在途请求收尾
构建：commit e50c0f882898 · rustc 1.98.1 (48a229cea 2026-09-01) · DPDK 25.11.3 · release
环境：AMD EPYC 9R45 · 内核 6.18.48-107.148.amzn2023.x86_64 · 网卡 0000:28:00.0 驱动 igb_uio（写合并映射：是）· clocksource tsc · rdtscp constant_tsc nonstop_tsc tsc_known_freq
时钟：读一次 rdtscp 平均 17.9 ns（每个被测段恰好含一次）；TSC 读数步长 26 周期 = 10.0 ns（时间戳分辨率，所有时间差都是它的整数倍）；周期→纳秒换算与 CLOCK_MONOTONIC_RAW 相差 +0.1 ppm
[1;34m[12:43:41][0m 退出码 0；报告：（由调用者指定）
