[1;34m[12:45:47][0m 运行 A（async-ping）--delay-us 500 --duration-sec 60 --progress-sec 0 --json /home/ec2-user/dpdk-async-ping/logs/ab-20261002-124231/A-2.json  → /dev/null
EAL: No free 1048576 kB hugepages reported on node 0
ENA_DRIVER: ena_get_metrics_entries(): 0x6 customer metrics are supported
ENA_DRIVER: ena_rx_queue_release(): Rx queue 0:0 released
ENA_DRIVER: ena_tx_queue_release(): Tx queue 0:0 released

==================== A · async-ping（自研 rt runtime） ====================
sessions 64  delay 500 µs  duration 60 s (实际 60.00 s)  payload 64 B  timeout 10000 µs  TSC 2.600 GHz
sent 6929209  received 6929209  timeouts 0  late 0  in-flight-at-end 0  unexpected 0  foreign 0  tsc-mismatch 0  other 0  arp-replied 1  tx-full 0  no-mbuf 0
对账：sent − received − timeouts − in-flight = 0（应为 0）；丢包 = timeouts = 0（其中 0 个迟到收到）
收包对账：rx 6929210 − (received + late + unexpected + foreign + tsc-mismatch + other + arp) = 0（应为 0）

metric (ns)                       count      min     mean      p50      p90      p99    p99.9   p99.99        max
in-process ①+②  [排名指标]          6929209       60      184      180      220      320      390      509       7240
seg① send  T1−T0                6929209       40       54       50       60       70      160      240       5820
seg② recv  T3−T2                6929209       20      129      120      170      260      330      429       7190
end-to-end T3−T0                6929209    25340    54056    52972    55335   103581   230793   233944     299750
seg③ wake→next T0               6929209       40       93       60      300      469      721     1141      16780
sleep error                     6929209        0       27       10      110      250      561     3009     143060
deadline→next T0 (误差+③)         6929209       40      121       70      401      700     1098     3335     143370
  (诊断) seg① 距上次发送<100ns               0        0        0        0        0        0        0        0          0
  (诊断) seg① 100–250ns                 8       60       66       60       80       80       80       80         80
  (诊断) seg① 250–500ns            992954       40       54       50       60       70      170      270       4690
  (诊断) seg① 500ns–2µs           3224483       40       54       50       60       70      160      240       5820
  (诊断) seg① ≥2µs                2711764       40       55       50       60       70      160      240       4730
  (诊断) 维护: rte_timer_manage      599885       20       25       20       30       30       40     1061       3420
  (诊断) 维护: 整个节拍                  599885       50      408      370      610      790      969     2676      15970

段① ≥ 125 ns 的样本占 0.222%（段①是两段式分布，它的 p99 落在哪一段只看这个占比在 1% 的哪一边）
rx_burst 包数分布（非空 burst）：1:89.03%  2:9.96%  3:0.97%  4:0.04%  其余更大的 burst 共 52 次（最大一次 13 个包）
主循环被外部打断：空轮询 > 1 µs 共 11829 次（累计 34.9 ms，最长 47.9 µs）；取包前 > 10 µs 共 33 次（累计 0.7 ms，最长 144.4 µs）
port: ipackets 6929210  opackets 1939648651  imissed 0  ierrors 0  oerrors 0  rx_nombuf 0
AWS allowance（本次运行增量）：bw_in_allowance_exceeded=0  bw_out_allowance_exceeded=0  pps_allowance_exceeded=0  conntrack_allowance_exceeded=0  linklocal_allowance_exceeded=0
mbuf：pool 8191，初值 avail 8191（端口启动后 7168），关停后 avail 8191 → 泄漏 0 ✔
退出原因：到达 --duration-sec，停止发送并等在途请求收尾
构建：commit e50c0f882898 · rustc 1.98.1 (48a229cea 2026-09-01) · DPDK 25.11.3 · release
环境：AMD EPYC 9R45 · 内核 6.18.48-107.148.amzn2023.x86_64 · 网卡 0000:28:00.0 驱动 igb_uio（写合并映射：是）· clocksource tsc · rdtscp constant_tsc nonstop_tsc tsc_known_freq
时钟：读一次 rdtscp 平均 17.5 ns（每个被测段恰好含一次）；TSC 读数步长 26 周期 = 10.0 ns（时间戳分辨率，所有时间差都是它的整数倍）；周期→纳秒换算与 CLOCK_MONOTONIC_RAW 相差 +0.1 ppm
[1;34m[12:46:47][0m 退出码 0；报告：（由调用者指定）
