[1;34m[12:50:48][0m 运行 A（async-ping）--delay-us 500 --duration-sec 60 --progress-sec 0 --json /home/ec2-user/dpdk-async-ping/logs/ab-20261002-124231/A-5.json  → /dev/null
EAL: No free 1048576 kB hugepages reported on node 0
ENA_DRIVER: ena_get_metrics_entries(): 0x6 customer metrics are supported
ENA_DRIVER: ena_rx_queue_release(): Rx queue 0:0 released
ENA_DRIVER: ena_tx_queue_release(): Tx queue 0:0 released

==================== A · async-ping（自研 rt runtime） ====================
sessions 64  delay 500 µs  duration 60 s (实际 60.00 s)  payload 64 B  timeout 10000 µs  TSC 2.600 GHz
sent 6865995  received 6865995  timeouts 0  late 0  in-flight-at-end 0  unexpected 0  foreign 0  tsc-mismatch 0  other 0  arp-replied 1  tx-full 0  no-mbuf 0
对账：sent − received − timeouts − in-flight = 0（应为 0）；丢包 = timeouts = 0（其中 0 个迟到收到）
收包对账：rx 6865996 − (received + late + unexpected + foreign + tsc-mismatch + other + arp) = 0（应为 0）

metric (ns)                       count      min     mean      p50      p90      p99    p99.9   p99.99        max
in-process ①+②  [排名指标]          6865995       60      181      170      220      320      390      509      22310
seg① send  T1−T0                6865995       40       54       50       60       70      160      240       4400
seg② recv  T3−T2                6865995       20      128      120      170      260      330      441      22140
end-to-end T3−T0                6865995    24820    59154    52972    56910   227643   238670   259150     308200
seg③ wake→next T0               6865995       40       95       60      300      549      749     1301      19910
sleep error                     6865995        0       30       10      110      250      660     3212     112500
deadline→next T0 (误差+③)         6865995       40      125       70      410      749     1172     3655     112980
  (诊断) seg① 距上次发送<100ns               0        0        0        0        0        0        0        0          0
  (诊断) seg① 100–250ns                12       60       64       60       70       80       80       80         80
  (诊断) seg① 250–500ns           1034453       40       54       50       60       70      170      280       4310
  (诊断) seg① 500ns–2µs           3208819       40       54       50       60       70      160      230       4400
  (诊断) seg① ≥2µs                2622711       40       54       50       60       70      160      220       4120
  (诊断) 维护: rte_timer_manage      599879       20       30       30       30       40       40      883       4240
  (诊断) 维护: 整个节拍                  599879       50      415      380      629      840     1123     3655      35720

段① ≥ 125 ns 的样本占 0.216%（段①是两段式分布，它的 p99 落在哪一段只看这个占比在 1% 的哪一边）
rx_burst 包数分布（非空 burst）：1:88.44%  2:10.42%  3:1.08%  4:0.06%  其余更大的 burst 共 116 次（最大一次 18 个包）
主循环被外部打断：空轮询 > 1 µs 共 12347 次（累计 37.4 ms，最长 47.9 µs）；取包前 > 10 µs 共 23 次（累计 0.5 ms，最长 140.9 µs）
port: ipackets 6865996  opackets 1939585437  imissed 0  ierrors 0  oerrors 0  rx_nombuf 0
AWS allowance（本次运行增量）：bw_in_allowance_exceeded=0  bw_out_allowance_exceeded=0  pps_allowance_exceeded=0  conntrack_allowance_exceeded=0  linklocal_allowance_exceeded=0
mbuf：pool 8191，初值 avail 8191（端口启动后 7168），关停后 avail 8191 → 泄漏 0 ✔
退出原因：到达 --duration-sec，停止发送并等在途请求收尾
构建：commit e50c0f882898 · rustc 1.98.1 (48a229cea 2026-09-01) · DPDK 25.11.3 · release
环境：AMD EPYC 9R45 · 内核 6.18.48-107.148.amzn2023.x86_64 · 网卡 0000:28:00.0 驱动 igb_uio（写合并映射：是）· clocksource tsc · rdtscp constant_tsc nonstop_tsc tsc_known_freq
时钟：读一次 rdtscp 平均 17.6 ns（每个被测段恰好含一次）；TSC 读数步长 26 周期 = 10.0 ns（时间戳分辨率，所有时间差都是它的整数倍）；周期→纳秒换算与 CLOCK_MONOTONIC_RAW 相差 +0.1 ppm
[1;34m[12:51:48][0m 退出码 0；报告：（由调用者指定）
