[1;34m[12:54:49][0m 运行 A（async-ping）--delay-us 500 --duration-sec 60 --progress-sec 0 --json /home/ec2-user/dpdk-async-ping/logs/ab-20261002-124231/A-7.json  → /dev/null
EAL: No free 1048576 kB hugepages reported on node 0
ENA_DRIVER: ena_get_metrics_entries(): 0x6 customer metrics are supported
ENA_DRIVER: ena_rx_queue_release(): Rx queue 0:0 released
ENA_DRIVER: ena_tx_queue_release(): Tx queue 0:0 released

==================== A · async-ping（自研 rt runtime） ====================
sessions 64  delay 500 µs  duration 60 s (实际 60.00 s)  payload 64 B  timeout 10000 µs  TSC 2.600 GHz
sent 6934241  received 6934241  timeouts 0  late 0  in-flight-at-end 0  unexpected 0  foreign 0  tsc-mismatch 0  other 0  arp-replied 1  tx-full 0  no-mbuf 0
对账：sent − received − timeouts − in-flight = 0（应为 0）；丢包 = timeouts = 0（其中 0 个迟到收到）
收包对账：rx 6934242 − (received + late + unexpected + foreign + tsc-mismatch + other + arp) = 0（应为 0）

metric (ns)                       count      min     mean      p50      p90      p99    p99.9   p99.99        max
in-process ①+②  [排名指标]          6934241       60      184      180      230      320      401      509      15850
seg① send  T1−T0                6934241       40       54       50       60       70      160      250       5590
seg② recv  T3−T2                6934241       20      130      120      170      270      340      441      15800
end-to-end T3−T0                6934241    25700    53651    52972    55335    80147   226067   232369     309130
seg③ wake→next T0               6934241       40       95       60      310      469      721     1141       8910
sleep error                     6934241        0       28       10      110      250      570     3046     140480
deadline→next T0 (误差+③)         6934241       40      122       70      410      709     1123     3409     140950
  (诊断) seg① 距上次发送<100ns               0        0        0        0        0        0        0        0          0
  (诊断) seg① 100–250ns                13       60       65       60       70       80       80       80         80
  (诊断) seg① 250–500ns           1045084       40       54       50       60       70      170      280       4400
  (诊断) seg① 500ns–2µs           3222070       40       54       50       60       70      160      240       5590
  (诊断) seg① ≥2µs                2667074       40       54       50       60       70      160      240       4310
  (诊断) 维护: rte_timer_manage      599887       20       30       30       30       40       40      870       4420
  (诊断) 维护: 整个节拍                  599887       50      407      370      601      770      932     2886      21670

段① ≥ 125 ns 的样本占 0.254%（段①是两段式分布，它的 p99 落在哪一段只看这个占比在 1% 的哪一边）
rx_burst 包数分布（非空 burst）：1:88.42%  2:10.51%  3:1.03%  4:0.04%  其余更大的 burst 共 70 次（最大一次 14 个包）
主循环被外部打断：空轮询 > 1 µs 共 11766 次（累计 35.2 ms，最长 34.9 µs）；取包前 > 10 µs 共 29 次（累计 0.6 ms，最长 142.6 µs）
port: ipackets 6934242  opackets 1939653683  imissed 0  ierrors 0  oerrors 0  rx_nombuf 0
AWS allowance（本次运行增量）：bw_in_allowance_exceeded=0  bw_out_allowance_exceeded=0  pps_allowance_exceeded=0  conntrack_allowance_exceeded=0  linklocal_allowance_exceeded=0
mbuf：pool 8191，初值 avail 8191（端口启动后 7168），关停后 avail 8191 → 泄漏 0 ✔
退出原因：到达 --duration-sec，停止发送并等在途请求收尾
构建：commit e50c0f882898 · rustc 1.98.1 (48a229cea 2026-09-01) · DPDK 25.11.3 · release
环境：AMD EPYC 9R45 · 内核 6.18.48-107.148.amzn2023.x86_64 · 网卡 0000:28:00.0 驱动 igb_uio（写合并映射：是）· clocksource tsc · rdtscp constant_tsc nonstop_tsc tsc_known_freq
时钟：读一次 rdtscp 平均 17.6 ns（每个被测段恰好含一次）；TSC 读数步长 26 周期 = 10.0 ns（时间戳分辨率，所有时间差都是它的整数倍）；周期→纳秒换算与 CLOCK_MONOTONIC_RAW 相差 +0.1 ppm
[1;34m[12:55:49][0m 退出码 0；报告：（由调用者指定）
