[1;34m[12:57:49][0m 运行 A（async-ping）--delay-us 500 --duration-sec 60 --progress-sec 0 --json /home/ec2-user/dpdk-async-ping/logs/ab-20261002-124231/A-8.json  → /dev/null
EAL: No free 1048576 kB hugepages reported on node 0
ENA_DRIVER: ena_get_metrics_entries(): 0x6 customer metrics are supported
ENA_DRIVER: ena_rx_queue_release(): Rx queue 0:0 released
ENA_DRIVER: ena_tx_queue_release(): Tx queue 0:0 released

==================== A · async-ping（自研 rt runtime） ====================
sessions 64  delay 500 µs  duration 60 s (实际 60.00 s)  payload 64 B  timeout 10000 µs  TSC 2.600 GHz
sent 6897994  received 6897994  timeouts 0  late 0  in-flight-at-end 0  unexpected 0  foreign 0  tsc-mismatch 0  other 0  arp-replied 1  tx-full 0  no-mbuf 0
对账：sent − received − timeouts − in-flight = 0（应为 0）；丢包 = timeouts = 0（其中 0 个迟到收到）
收包对账：rx 6897995 − (received + late + unexpected + foreign + tsc-mismatch + other + arp) = 0（应为 0）

metric (ns)                       count      min     mean      p50      p90      p99    p99.9   p99.99        max
in-process ①+②  [排名指标]          6897994       60      183      180      220      320      390      521      14240
seg① send  T1−T0                6897994       40       54       50       60       70      160      250      13350
seg② recv  T3−T2                6897994       20      129      120      170      260      330      441      14190
end-to-end T3−T0                6897994    24890    56562    52972    55729   162658   246547   254424     304140
seg③ wake→next T0               6897994       40       95       60      310      490      740     1252       9280
sleep error                     6897994        0       28       10      110      250      610     3021     138820
deadline→next T0 (误差+③)         6897994       40      123       70      410      740     1160     3384     139120
  (诊断) seg① 距上次发送<100ns               0        0        0        0        0        0        0        0          0
  (诊断) seg① 100–250ns                12       60       64       60       70       80       80       80         80
  (诊断) seg① 250–500ns           1026445       40       54       50       60       70      170      280       4870
  (诊断) seg① 500ns–2µs           3205541       40       54       50       60       70      160      240       4360
  (诊断) seg① ≥2µs                2665996       40       54       50       60       70      160      230      13350
  (诊断) 维护: rte_timer_manage      599888       20       29       30       30       40       40     1030       4090
  (诊断) 维护: 整个节拍                  599888       50      405      370      610      809     1061     2996      30430

段① ≥ 125 ns 的样本占 0.230%（段①是两段式分布，它的 p99 落在哪一段只看这个占比在 1% 的哪一边）
rx_burst 包数分布（非空 burst）：1:88.59%  2:10.29%  3:1.06%  4:0.06%  其余更大的 burst 共 64 次（最大一次 13 个包）
主循环被外部打断：空轮询 > 1 µs 共 11733 次（累计 35.3 ms，最长 29.4 µs）；取包前 > 10 µs 共 29 次（累计 0.6 ms，最长 139.8 µs）
port: ipackets 6897995  opackets 1939617436  imissed 0  ierrors 0  oerrors 0  rx_nombuf 0
AWS allowance（本次运行增量）：bw_in_allowance_exceeded=0  bw_out_allowance_exceeded=0  pps_allowance_exceeded=0  conntrack_allowance_exceeded=0  linklocal_allowance_exceeded=0
mbuf：pool 8191，初值 avail 8191（端口启动后 7168），关停后 avail 8191 → 泄漏 0 ✔
退出原因：到达 --duration-sec，停止发送并等在途请求收尾
构建：commit e50c0f882898 · rustc 1.98.1 (48a229cea 2026-09-01) · DPDK 25.11.3 · release
环境：AMD EPYC 9R45 · 内核 6.18.48-107.148.amzn2023.x86_64 · 网卡 0000:28:00.0 驱动 igb_uio（写合并映射：是）· clocksource tsc · rdtscp constant_tsc nonstop_tsc tsc_known_freq
时钟：读一次 rdtscp 平均 17.6 ns（每个被测段恰好含一次）；TSC 读数步长 26 周期 = 10.0 ns（时间戳分辨率，所有时间差都是它的整数倍）；周期→纳秒换算与 CLOCK_MONOTONIC_RAW 相差 +0.1 ppm
[1;34m[12:58:49][0m 退出码 0；报告：（由调用者指定）
