[1;34m[12:58:50][0m 运行 A（async-ping）--delay-us 500 --duration-sec 60 --progress-sec 0 --json /home/ec2-user/dpdk-async-ping/logs/ab-20261002-124231/A-9.json  → /dev/null
EAL: No free 1048576 kB hugepages reported on node 0
ENA_DRIVER: ena_get_metrics_entries(): 0x6 customer metrics are supported
ENA_DRIVER: ena_rx_queue_release(): Rx queue 0:0 released
ENA_DRIVER: ena_tx_queue_release(): Tx queue 0:0 released

==================== A · async-ping（自研 rt runtime） ====================
sessions 64  delay 500 µs  duration 60 s (实际 60.00 s)  payload 64 B  timeout 10000 µs  TSC 2.600 GHz
sent 6859770  received 6859770  timeouts 0  late 0  in-flight-at-end 0  unexpected 0  foreign 0  tsc-mismatch 0  other 0  arp-replied 1  tx-full 0  no-mbuf 0
对账：sent − received − timeouts − in-flight = 0（应为 0）；丢包 = timeouts = 0（其中 0 个迟到收到）
收包对账：rx 6859771 − (received + late + unexpected + foreign + tsc-mismatch + other + arp) = 0（应为 0）

metric (ns)                       count      min     mean      p50      p90      p99    p99.9   p99.99        max
in-process ①+②  [排名指标]          6859770       60      189      180      230      320      401      509      15960
seg① send  T1−T0                6859770       40       54       50       60       70      160      250       4460
seg② recv  T3−T2                6859770       20      134      130      170      270      340      441      15910
end-to-end T3−T0                6859770    24340    59660    52972    57304   162658   230793   238670     302880
seg③ wake→next T0               6859770       40       97       60      310      690      809     1283      29230
sleep error                     6859770        0       28       10      110      260      601     3070     106790
deadline→next T0 (误差+③)         6859770       40      125       70      420      770     1160     3483     107010
  (诊断) seg① 距上次发送<100ns               0        0        0        0        0        0        0        0          0
  (诊断) seg① 100–250ns                21       60       64       60       70       70       70       70         70
  (诊断) seg① 250–500ns           1061383       40       55       50       60       70      180      280       4070
  (诊断) seg① 500ns–2µs           3197871       40       54       50       60       70      160      240       4460
  (诊断) seg① ≥2µs                2600495       40       55       50       60       70      160      240       4200
  (诊断) 维护: rte_timer_manage      599886       20       25       20       30       30       40     1160       3600
  (诊断) 维护: 整个节拍                  599886       50      403      370      620      821     1018     2886      34270

段① ≥ 125 ns 的样本占 0.268%（段①是两段式分布，它的 p99 落在哪一段只看这个占比在 1% 的哪一边）
rx_burst 包数分布（非空 burst）：1:88.15%  2:10.61%  3:1.16%  4:0.07%  其余更大的 burst 共 73 次（最大一次 14 个包）
主循环被外部打断：空轮询 > 1 µs 共 11772 次（累计 35.1 ms，最长 36.9 µs）；取包前 > 10 µs 共 20 次（累计 0.5 ms，最长 142.3 µs）
port: ipackets 6859771  opackets 1939579212  imissed 0  ierrors 0  oerrors 0  rx_nombuf 0
AWS allowance（本次运行增量）：bw_in_allowance_exceeded=0  bw_out_allowance_exceeded=0  pps_allowance_exceeded=0  conntrack_allowance_exceeded=0  linklocal_allowance_exceeded=0
mbuf：pool 8191，初值 avail 8191（端口启动后 7168），关停后 avail 8191 → 泄漏 0 ✔
退出原因：到达 --duration-sec，停止发送并等在途请求收尾
构建：commit e50c0f882898 · rustc 1.98.1 (48a229cea 2026-09-01) · DPDK 25.11.3 · release
环境：AMD EPYC 9R45 · 内核 6.18.48-107.148.amzn2023.x86_64 · 网卡 0000:28:00.0 驱动 igb_uio（写合并映射：是）· clocksource tsc · rdtscp constant_tsc nonstop_tsc tsc_known_freq
时钟：读一次 rdtscp 平均 17.6 ns（每个被测段恰好含一次）；TSC 读数步长 26 周期 = 10.0 ns（时间戳分辨率，所有时间差都是它的整数倍）；周期→纳秒换算与 CLOCK_MONOTONIC_RAW 相差 +0.1 ppm
[1;34m[12:59:50][0m 退出码 0；报告：（由调用者指定）
