[1;34m[12:48:47][0m 运行 B（raw-ping）--delay-us 500 --duration-sec 60 --progress-sec 0 --json /home/ec2-user/dpdk-async-ping/logs/ab-20261002-124231/B-4.json  → /dev/null
EAL: No free 1048576 kB hugepages reported on node 0
ENA_DRIVER: ena_get_metrics_entries(): 0x6 customer metrics are supported
ENA_DRIVER: ena_rx_queue_release(): Rx queue 0:0 released
ENA_DRIVER: ena_tx_queue_release(): Tx queue 0:0 released

==================== B · raw-ping（手写 busy-poll，无 runtime） ====================
sessions 64  delay 500 µs  duration 60 s (实际 60.00 s)  payload 64 B  timeout 10000 µs  TSC 2.600 GHz
sent 6081027  received 6081027  timeouts 0  late 0  in-flight-at-end 0  unexpected 0  foreign 0  tsc-mismatch 0  other 0  arp-replied 1  tx-full 0  no-mbuf 0
对账：sent − received − timeouts − in-flight = 0（应为 0）；丢包 = timeouts = 0（其中 0 个迟到收到）
收包对账：rx 6081028 − (received + late + unexpected + foreign + tsc-mismatch + other + arp) = 0（应为 0）

metric (ns)                       count      min     mean      p50      p90      p99    p99.9   p99.99        max
in-process ①+②  [排名指标]          6081027       50      186      170      240      441      549      660      15900
seg① send  T1−T0                6081027       40       64       50       60      310      330      429       5240
seg② recv  T3−T2                6081027       10      122      110      170      260      340      441      15850
end-to-end T3−T0                6081027    23770   131343   159507   162658   166596   240246   244972     299690
seg③ wake→next T0               6081027       30       98       50      290      401      749     1092      24490
sleep error                     6081027        0       31       10      110      250      580     2898     138570
deadline→next T0 (误差+③)         6081027       30      129       60      401      530      963     3212     138640
  (诊断) seg① 距上次发送<100ns          256245      150      303      300      320      330      441      790       4900
  (诊断) seg① 100–250ns               820       50      197      200      210      300      920      920        920
  (诊断) seg① 250–500ns           1155221       40       53       50       60       70      160      260       4380
  (诊断) seg① 500ns–2µs           3186594       40       53       50       60       70      160      240       5240
  (诊断) seg① ≥2µs                1482147       40       54       50       60       70      160      250       4510
  (诊断) 维护: rte_timer_manage      599898       20       25       20       30       30       40      827       4060
  (诊断) 维护: 整个节拍                  599898       40      297      270      641      821      981     1975      17360

段① ≥ 125 ns 的样本占 4.458%（段①是两段式分布，它的 p99 落在哪一段只看这个占比在 1% 的哪一边）
rx_burst 包数分布（非空 burst）：1:81.13%  2:15.87%  3:2.68%  4:0.31%  其余更大的 burst 共 101 次（最大一次 30 个包）
主循环被外部打断：空轮询 > 1 µs 共 12616 次（累计 37.2 ms，最长 39.1 µs）；取包前 > 10 µs 共 11 次（累计 0.3 ms，最长 139.3 µs）
port: ipackets 6081028  opackets 1938800469  imissed 0  ierrors 0  oerrors 0  rx_nombuf 0
AWS allowance（本次运行增量）：bw_in_allowance_exceeded=0  bw_out_allowance_exceeded=0  pps_allowance_exceeded=0  conntrack_allowance_exceeded=0  linklocal_allowance_exceeded=0
mbuf：pool 8191，初值 avail 8191（端口启动后 7168），关停后 avail 8191 → 泄漏 0 ✔
退出原因：到达 --duration-sec，停止发送并等在途请求收尾
构建：commit e50c0f882898 · rustc 1.98.1 (48a229cea 2026-09-01) · DPDK 25.11.3 · release
环境：AMD EPYC 9R45 · 内核 6.18.48-107.148.amzn2023.x86_64 · 网卡 0000:28:00.0 驱动 igb_uio（写合并映射：是）· clocksource tsc · rdtscp constant_tsc nonstop_tsc tsc_known_freq
时钟：读一次 rdtscp 平均 17.6 ns（每个被测段恰好含一次）；TSC 读数步长 26 周期 = 10.0 ns（时间戳分辨率，所有时间差都是它的整数倍）；周期→纳秒换算与 CLOCK_MONOTONIC_RAW 相差 +0.1 ppm
[1;34m[12:49:47][0m 退出码 0；报告：（由调用者指定）
