[1;34m[12:52:48][0m 运行 B（raw-ping）--delay-us 500 --duration-sec 60 --progress-sec 0 --json /home/ec2-user/dpdk-async-ping/logs/ab-20261002-124231/B-6.json  → /dev/null
EAL: No free 1048576 kB hugepages reported on node 0
ENA_DRIVER: ena_get_metrics_entries(): 0x6 customer metrics are supported
ENA_DRIVER: ena_rx_queue_release(): Rx queue 0:0 released
ENA_DRIVER: ena_tx_queue_release(): Tx queue 0:0 released

==================== B · raw-ping（手写 busy-poll，无 runtime） ====================
sessions 64  delay 500 µs  duration 60 s (实际 60.00 s)  payload 64 B  timeout 10000 µs  TSC 2.600 GHz
sent 6840634  received 6840634  timeouts 0  late 0  in-flight-at-end 0  unexpected 0  foreign 0  tsc-mismatch 0  other 0  arp-replied 1  tx-full 0  no-mbuf 0
对账：sent − received − timeouts − in-flight = 0（应为 0）；丢包 = timeouts = 0（其中 0 个迟到收到）
收包对账：rx 6840635 − (received + late + unexpected + foreign + tsc-mismatch + other + arp) = 0（应为 0）

metric (ns)                       count      min     mean      p50      p90      p99    p99.9   p99.99        max
in-process ①+②  [排名指标]          6840634       50      180      170      220      420      530      629      24300
seg① send  T1−T0                6840634       40       59       50       60      310      320      429      24190
seg② recv  T3−T2                6840634       10      121      110      160      260      320      429      15940
end-to-end T3−T0                6840634    23410    61250    52972    58092   233944   246547   257575     304030
seg③ wake→next T0               6840634       20       77       50      290      390      441      870       6840
sleep error                     6840634        0       25       10      100      240      549     3021     138250
deadline→next T0 (误差+③)         6840634       30      102       60      340      490      840     3261     138340
  (诊断) seg① 距上次发送<100ns          151725      210      305      300      320      410      441      870       4280
  (诊断) seg① 100–250ns               993       60      201      200      210      320      640      640        640
  (诊断) seg① 250–500ns            891337       40       53       50       60       70      160      260       4580
  (诊断) seg① 500ns–2µs           3183837       40       53       50       60       70      160      240      24190
  (诊断) seg① ≥2µs                2612742       40       53       50       60       70      160      240       5440
  (诊断) 维护: rte_timer_manage      599888       20       25       20       30       30       40     1141       4030
  (诊断) 维护: 整个节拍                  599888       40      389      360      601      790     1061     2984      25020

段① ≥ 125 ns 的样本占 2.473%（段①是两段式分布，它的 p99 落在哪一段只看这个占比在 1% 的哪一边）
rx_burst 包数分布（非空 burst）：1:88.35%  2:10.45%  3:1.13%  4:0.07%  其余更大的 burst 共 94 次（最大一次 18 个包）
主循环被外部打断：空轮询 > 1 µs 共 11987 次（累计 36.0 ms，最长 141.5 µs）；取包前 > 10 µs 共 18 次（累计 0.4 ms，最长 112.9 µs）
port: ipackets 6840635  opackets 1939560076  imissed 0  ierrors 0  oerrors 0  rx_nombuf 0
AWS allowance（本次运行增量）：bw_in_allowance_exceeded=0  bw_out_allowance_exceeded=0  pps_allowance_exceeded=0  conntrack_allowance_exceeded=0  linklocal_allowance_exceeded=0
mbuf：pool 8191，初值 avail 8191（端口启动后 7168），关停后 avail 8191 → 泄漏 0 ✔
退出原因：到达 --duration-sec，停止发送并等在途请求收尾
构建：commit e50c0f882898 · rustc 1.98.1 (48a229cea 2026-09-01) · DPDK 25.11.3 · release
环境：AMD EPYC 9R45 · 内核 6.18.48-107.148.amzn2023.x86_64 · 网卡 0000:28:00.0 驱动 igb_uio（写合并映射：是）· clocksource tsc · rdtscp constant_tsc nonstop_tsc tsc_known_freq
时钟：读一次 rdtscp 平均 17.6 ns（每个被测段恰好含一次）；TSC 读数步长 26 周期 = 10.0 ns（时间戳分辨率，所有时间差都是它的整数倍）；周期→纳秒换算与 CLOCK_MONOTONIC_RAW 相差 +0.1 ppm
[1;34m[12:53:48][0m 退出码 0；报告：（由调用者指定）
