[1;34m[16:35:09][0m 运行 A（async-ping）--progress-sec 0 --json logs/final/A-600.json --delay-us 500 --duration-sec 600 --samples logs/tmp/A-600.samples  → /dev/null
EAL: No free 1048576 kB hugepages reported on node 0
ENA_DRIVER: ena_get_metrics_entries(): 0x6 customer metrics are supported
ENA_DRIVER: ena_rx_queue_release(): Rx queue 0:0 released
ENA_DRIVER: ena_tx_queue_release(): Tx queue 0:0 released

==================== A · async-ping（自研 rt runtime） ====================
sessions 64  delay 500 µs  duration 600 s (实际 600.00 s)  payload 64 B  timeout 10000 µs  TSC 2.600 GHz
sent 55975622  received 55975622  timeouts 0  late 0  in-flight-at-end 0  unexpected 0  foreign 1  tsc-mismatch 0  other 6  arp-replied 10  tx-full 0  no-mbuf 0
对账：sent − received − timeouts − in-flight = 0（应为 0）；丢包 = timeouts = 0（其中 0 个迟到收到）
收包对账：rx 55975639 − (received + late + unexpected + foreign + other + arp) = 0（应为 0）

metric (ns)                       count      min     mean      p50      p90      p99    p99.9   p99.99        max
in-process ①+②  [排名指标]         55975622       60      187      180      230      330      420      540      16010
seg① send  T1−T0               55975622       40       54       50       60       80      170      290       5620
seg② recv  T3−T2               55975622       20      133      120      180      270      350      460      15850
end-to-end T3−T0               55975622    35790   185847   162658   230793   233944   243396   262301     402810
seg③ wake→next T0              55975622       40      130       60      320      721     1123     1320      41510
sleep error                    55975622        0       36       10      120      260      601     1547      41730
deadline→next T0 (误差+③)        55975622       40      167       70      441      809     1190     2049      42530
  (诊断) seg① 距上次发送<100ns               1       70       70       70       70       70       70       70         70
  (诊断) seg① 100–250ns               152       50       64       60       70       80       80       80         80
  (诊断) seg① 250–500ns          14576493       40       55       50       60      150      190      300       3400
  (诊断) seg① 500ns–2µs          30269663       40       54       50       60       70      160      280       5620
  (诊断) seg① ≥2µs               11129313       40       55       50       60       70      160      280       4120
  (诊断) 维护: rte_timer_manage     5998936       20       24       20       30       30       40      740       3610
  (诊断) 维护: 整个节拍                 5998936       40      267       60      681      963     1123     1704      44390

段① ≥ 125 ns 的样本占 0.808%（段①是两段式分布，它的 p99 落在哪一段只看这个占比在 1% 的哪一边）
rx_burst 包数分布（非空 burst）：1:78.51%  2:18.03%  3:3.13%  4:0.33%  其余更大的 burst 共 280 次（最大一次 27 个包）
主循环被外部打断：空轮询 > 1 µs 共 130893 次（累计 240.0 ms，最长 40.7 µs）；取包前 > 10 µs 共 101 次（累计 1.5 ms，最长 44.9 µs）
port: ipackets 55975639  opackets 117060091  imissed 0  ierrors 0  oerrors 0  rx_nombuf 0
AWS allowance（本次运行增量）：bw_in_allowance_exceeded=0  bw_out_allowance_exceeded=0  pps_allowance_exceeded=0  conntrack_allowance_exceeded=0  linklocal_allowance_exceeded=0
mbuf：pool 8191，初值 avail 8191（端口启动后 7168），关停后 avail 8191 → 泄漏 0 ✔
退出原因：到达 --duration-sec，停止发送并等在途请求收尾
构建：commit f5b43e521118 · rustc 1.98.1 (48a229cea 2026-09-01) · DPDK 25.11.3 · release
环境：AMD EPYC 9R45 · 内核 6.18.48-107.148.amzn2023.x86_64 · 网卡 0000:28:00.0 驱动 igb_uio（写合并映射：是）· clocksource tsc · rdtscp constant_tsc nonstop_tsc tsc_known_freq
时钟：读一次 rdtscp 平均 17.6 ns（每个被测段恰好含一次）；TSC 读数步长 26 周期 = 10.0 ns（时间戳分辨率，所有时间差都是它的整数倍）；周期→纳秒换算与 CLOCK_MONOTONIC_RAW 相差 -0.7 ppm
原始样本：55975622 个 → logs/tmp/A-600.samples（容量 77541976）
异常包明细（最多 16 条）：
  [tsc 45668930989452] foreign：来自 13.214.173.166 的 echo reply（不是对端），id=16509 seq=14618，已丢弃
[1;34m[16:45:10][0m 退出码 0；报告：（由调用者指定）
