[1;34m[15:10:21][0m 运行 B（raw-ping）--progress-sec 0 --json logs/final/B-d800.json --delay-us 800 --duration-sec 60  → /dev/null
EAL: No free 1048576 kB hugepages reported on node 0
ENA_DRIVER: ena_get_metrics_entries(): 0x6 customer metrics are supported
ENA_DRIVER: ena_rx_queue_release(): Rx queue 0:0 released
ENA_DRIVER: ena_tx_queue_release(): Tx queue 0:0 released

==================== B · raw-ping（手写 busy-poll，无 runtime） ====================
sessions 64  delay 800 µs  duration 60 s (实际 60.00 s)  payload 64 B  timeout 10000 µs  TSC 2.600 GHz
sent 4408228  received 4408228  timeouts 0  late 0  in-flight-at-end 0  unexpected 0  foreign 0  tsc-mismatch 0  other 0  arp-replied 1  tx-full 0  no-mbuf 0
对账：sent − received − timeouts − in-flight = 0（应为 0）；丢包 = timeouts = 0（其中 0 个迟到收到）
收包对账：rx 4408229 − (received + late + unexpected + foreign + other + arp) = 0（应为 0）

metric (ns)                       count      min     mean      p50      p90      p99    p99.9   p99.99        max
in-process ①+②  [排名指标]          4408228       50      182      160      230      441      540      641      15860
seg① send  T1−T0                4408228       40       62       50       60      310      320      429       2690
seg② recv  T3−T2                4408228       10      120      110      170      260      320      420      15800
end-to-end T3−T0                4408228    38620    70977    67938    73058   187864   259150   279630     392870
seg③ wake→next T0               4408228       30       87       50      290      401      740      870       4960
sleep error                     4408228        0       33       10      110      340      669     1741      23530
deadline→next T0 (误差+③)         4408228       30      120       60      401      530      852     1975      23580
  (诊断) seg① 距上次发送<100ns          163807      220      305      310      320      330      441     1741       2690
  (诊断) seg① 100–250ns               249       60      201      200      220      300      340      340        340
  (诊断) seg① 250–500ns            685038       40       53       50       60       70      160      270       2240
  (诊断) seg① 500ns–2µs           2108154       40       53       50       60       70      160      240       2420
  (诊断) seg① ≥2µs                1450980       40       53       50       60       70      160      220       2410
  (诊断) 维护: rte_timer_manage      599919       20       24       20       30       30       40      601       2450
  (诊断) 维护: 整个节拍                  599919       40      255      230      570      780      938     1338      10470

段① ≥ 125 ns 的样本占 3.925%（段①是两段式分布，它的 p99 落在哪一段只看这个占比在 1% 的哪一边）
rx_burst 包数分布（非空 burst）：1:84.69%  2:13.16%  3:1.97%  4:0.19%  其余更大的 burst 共 23 次（最大一次 17 个包）
主循环被外部打断：空轮询 > 1 µs 共 13414 次（累计 25.6 ms，最长 140.2 µs）；取包前 > 10 µs 共 7 次（累计 0.1 ms，最长 26.0 µs）
port: ipackets 4408229  opackets 65492688  imissed 0  ierrors 0  oerrors 0  rx_nombuf 0
AWS allowance（本次运行增量）：bw_in_allowance_exceeded=0  bw_out_allowance_exceeded=0  pps_allowance_exceeded=0  conntrack_allowance_exceeded=0  linklocal_allowance_exceeded=0
mbuf：pool 8191，初值 avail 8191（端口启动后 7168），关停后 avail 8191 → 泄漏 0 ✔
退出原因：到达 --duration-sec，停止发送并等在途请求收尾
构建：commit f5b43e521118 · rustc 1.98.1 (48a229cea 2026-09-01) · DPDK 25.11.3 · release
环境：AMD EPYC 9R45 · 内核 6.18.48-107.148.amzn2023.x86_64 · 网卡 0000:28:00.0 驱动 igb_uio（写合并映射：是）· clocksource tsc · rdtscp constant_tsc nonstop_tsc tsc_known_freq
时钟：读一次 rdtscp 平均 17.6 ns（每个被测段恰好含一次）；TSC 读数步长 26 周期 = 10.0 ns（时间戳分辨率，所有时间差都是它的整数倍）；周期→纳秒换算与 CLOCK_MONOTONIC_RAW 相差 -0.7 ppm
[1;34m[15:11:21][0m 退出码 0；报告：（由调用者指定）
