[1;34m[16:55:28][0m 运行 A（async-ping）--delay-us 500 --duration-sec 60 --progress-sec 0 --json /home/ec2-user/dpdk-async-ping/logs/ab-20261001-165521/A-1.json  → /dev/null
EAL: No free 1048576 kB hugepages reported on node 0
ENA_DRIVER: ena_get_metrics_entries(): 0x6 customer metrics are supported
ENA_DRIVER: ena_rx_queue_release(): Rx queue 0:0 released
ENA_DRIVER: ena_tx_queue_release(): Tx queue 0:0 released

==================== A · async-ping（自研 rt runtime） ====================
sessions 64  delay 500 µs  duration 60 s (实际 60.00 s)  payload 64 B  timeout 10000 µs  TSC 2.600 GHz
sent 5781003  received 5781003  timeouts 0  late 0  in-flight-at-end 0  unexpected 0  foreign 0  tsc-mismatch 0  other 4  arp-replied 1  tx-full 0  no-mbuf 0
对账：sent − received − timeouts − in-flight = 0（应为 0）；丢包 = timeouts = 0（其中 0 个迟到收到）
收包对账：rx 5781008 − (received + late + unexpected + foreign + other + arp) = 0（应为 0）

metric (ns)                       count      min     mean      p50      p90      p99    p99.9   p99.99        max
in-process ①+②  [排名指标]          5781003       60      186      180      230      330      420      540      34200
seg① send  T1−T0                5781003       40       54       50       60       70      170      280       3260
seg② recv  T3−T2                5781003       20      132      120      180      280      350      469      34150
end-to-end T3−T0                5781003    36040   164078   160295   227643   233944   249698   298535     565740
seg③ wake→next T0               5781003       40      133       70      320      721     1123     1510       9110
sleep error                     5781003        0       37       10      120      270      629     1606      23910
deadline→next T0 (误差+③)         5781003       40      169       70      441      821     1203     2123      24390
  (诊断) seg① 距上次发送<100ns               0        0        0        0        0        0        0        0          0
  (诊断) seg① 100–250ns                15       60       61       60       60       70       70       70         70
  (诊断) seg① 250–500ns           1504640       40       55       50       60      160      200      310       3010
  (诊断) seg① 500ns–2µs           3093930       40       53       50       60       70      160      230       3260
  (诊断) seg① ≥2µs                1182418       40       54       50       60       70      160      220       2550
  (诊断) 维护: rte_timer_manage      599903       20       24       20       30       30       30      589       1930
  (诊断) 维护: 整个节拍                  599903       40      293       60      740      920     1098     1680      15600

段① ≥ 125 ns 的样本占 0.546%（段①是两段式分布，它的 p99 落在哪一段只看这个占比在 1% 的哪一边）
rx_burst 包数分布（非空 burst）：1:78.94%  2:17.29%  3:3.24%  4:0.53%  其余更大的 burst 共 48 次（最大一次 25 个包）
主循环被外部打断：空轮询 > 1 µs 共 12990 次（累计 24.5 ms，最长 38.5 µs）；取包前 > 10 µs 共 10 次（累计 0.2 ms，最长 46.2 µs）
port: ipackets 5781008  opackets 66865463  imissed 0  ierrors 0  oerrors 0  rx_nombuf 0
AWS allowance（本次运行增量）：bw_in_allowance_exceeded=0  bw_out_allowance_exceeded=0  pps_allowance_exceeded=0  conntrack_allowance_exceeded=0  linklocal_allowance_exceeded=0
mbuf：pool 8191，初值 avail 8191（端口启动后 7168），关停后 avail 8191 → 泄漏 0 ✔
退出原因：到达 --duration-sec，停止发送并等在途请求收尾
构建：commit f5b43e521118 · rustc 1.98.1 (48a229cea 2026-09-01) · DPDK 25.11.3 · release
环境：AMD EPYC 9R45 · 内核 6.18.48-107.148.amzn2023.x86_64 · 网卡 0000:28:00.0 驱动 igb_uio（写合并映射：是）· clocksource tsc · rdtscp constant_tsc nonstop_tsc tsc_known_freq
时钟：读一次 rdtscp 平均 17.9 ns（每个被测段恰好含一次）；TSC 读数步长 26 周期 = 10.0 ns（时间戳分辨率，所有时间差都是它的整数倍）；周期→纳秒换算与 CLOCK_MONOTONIC_RAW 相差 -0.7 ppm
[1;34m[16:56:28][0m 退出码 0；报告：（由调用者指定）
