EAL: No free 1048576 kB hugepages reported on node 0
ENA_DRIVER: ena_get_metrics_entries(): 0x6 customer metrics are supported
ENA_DRIVER: ena_rx_queue_release(): Rx queue 0:0 released
ENA_DRIVER: ena_tx_queue_release(): Tx queue 0:0 released

==================== B · raw-ping（手写 busy-poll，无 runtime） ====================
sessions 64  delay 500 µs  duration 8 s (实际 8.00 s)  payload 1472 B  timeout 10000 µs  TSC 2.600 GHz
sent 924737  received 924737  timeouts 0  late 0  in-flight-at-end 0  unexpected 0  foreign 0  tsc-mismatch 0  other 0  arp-replied 0  tx-full 0  no-mbuf 0
对账：sent − received − timeouts − in-flight = 0（应为 0）；丢包 = timeouts = 0（其中 0 个迟到收到）
收包对账：rx 924737 − (received + late + unexpected + foreign + tsc-mismatch + other + arp) = 0（应为 0）

metric (ns)                       count      min     mean      p50      p90      p99    p99.9   p99.99        max
in-process ①+②  [排名指标]           924737       80      349      330      429      521      610     3144      18800
seg① send  T1−T0                 924737       50      234      210      300      350      441      589      18690
seg② recv  T3−T2                 924737       10      116      110      140      250      300      410       6240
end-to-end T3−T0                 924737    27320    53555    52972    55729    91569   113821   120123     203520
seg③ wake→next T0                924737       30       81       50      290      420      669     1098       5380
sleep error                      924737        0       39       10      180      370      761     3581      21710
deadline→next T0 (误差+③)          924737       30      120       60      340      721     1203     3926      21800
  (诊断) seg① 距上次发送<100ns           15525      250      343      320      420      509      589      660        740
  (诊断) seg① 100–250ns               156      190      280      270      350      549      610      610        610
  (诊断) seg① 250–500ns            119148       60      233      210      300      350      390      490       4300
  (诊断) seg① 500ns–2µs            441021       60      232      210      300      350      390      509      18690
  (诊断) seg① ≥2µs                 348887       50      232      210      300      350      380      481      14780
  (诊断) 维护: rte_timer_manage       79984       20       25       20       30       30       40     1815       3930
  (诊断) 维护: 整个节拍                   79984       60      411      380      601      740      858     4123       6530

段① ≥ 125 ns 的样本占 99.953%（段①是两段式分布，它的 p99 落在哪一段只看这个占比在 1% 的哪一边）
rx_burst 包数分布（非空 burst）：1:90.77%  2:8.57%  3:0.64%  4:0.02%  其余更大的 burst 共 9 次（最大一次 9 个包）
主循环被外部打断：空轮询 > 1 µs 共 1472 次（累计 5.2 ms，最长 22.8 µs）；取包前 > 10 µs 共 2 次（累计 0.1 ms，最长 42.4 µs）
port: ipackets 924737  opackets 1933644178  imissed 0  ierrors 0  oerrors 0  rx_nombuf 0
AWS allowance（本次运行增量）：bw_in_allowance_exceeded=0  bw_out_allowance_exceeded=0  pps_allowance_exceeded=0  conntrack_allowance_exceeded=0  linklocal_allowance_exceeded=0
mbuf：pool 8191，初值 avail 8191（端口启动后 7168），关停后 avail 8191 → 泄漏 0 ✔
退出原因：到达 --duration-sec，停止发送并等在途请求收尾
构建：commit e50c0f882898 · rustc 1.98.1 (48a229cea 2026-09-01) · DPDK 25.11.3 · release
环境：AMD EPYC 9R45 · 内核 6.18.48-107.148.amzn2023.x86_64 · 网卡 0000:28:00.0 驱动 igb_uio（写合并映射：是）· clocksource tsc · rdtscp constant_tsc nonstop_tsc tsc_known_freq
时钟：读一次 rdtscp 平均 17.7 ns（每个被测段恰好含一次）；TSC 读数步长 26 周期 = 10.0 ns（时间戳分辨率，所有时间差都是它的整数倍）；周期→纳秒换算与 CLOCK_MONOTONIC_RAW 相差 +0.1 ppm
