EAL: No free 1048576 kB hugepages reported on node 0
ENA_DRIVER: ena_get_metrics_entries(): 0x6 customer metrics are supported
ENA_DRIVER: ena_rx_queue_release(): Rx queue 0:0 released
ENA_DRIVER: ena_tx_queue_release(): Tx queue 0:0 released

==================== A · async-ping（自研 rt runtime） ====================
sessions 64  delay 500 µs  duration 8 s (实际 8.00 s)  payload 1472 B  timeout 10000 µs  TSC 2.600 GHz
sent 919710  received 919698  timeouts 12  late 0  in-flight-at-end 0  unexpected 0  foreign 0  tsc-mismatch 0  other 0  arp-replied 0  tx-full 0  no-mbuf 0
对账：sent − received − timeouts − in-flight = 0（应为 0）；丢包 = timeouts = 12（其中 0 个迟到收到）
收包对账：rx 919698 − (received + late + unexpected + foreign + tsc-mismatch + other + arp) = 0（应为 0）

metric (ns)                       count      min     mean      p50      p90      p99    p99.9   p99.99        max
in-process ①+②  [排名指标]           919698      100      359      340      441      521      610     1307      19870
seg① send  T1−T0                 919698       60      234      220      300      350      390      500      19750
seg② recv  T3−T2                 919698       20      125      120      150      260      320      429       6090
end-to-end T3−T0                 919698    25520    56428    52972    56910   116184   262301   290658     331790
seg③ wake→next T0                919710       40       98       60      310      641     1000     1667       6070
sleep error                      919710        0       43       10      210      380     1000     3680      21330
deadline→next T0 (误差+③)          919710       40      141       70      401      883     1704     3950      21460
  (诊断) seg① 距上次发送<100ns               0        0        0        0        0        0        0        0          0
  (诊断) seg① 100–250ns                 1      260      260      260      260      260      260      260        260
  (诊断) seg① 250–500ns            131044       60      236      220      300      350      390      481       5670
  (诊断) seg① 500ns–2µs            437499       60      234      220      300      350      390      521      19750
  (诊断) seg① ≥2µs                 351154       60      234      220      300      350      380      460      15650
  (诊断) 维护: rte_timer_manage       79990       20       25       20       30       30       40     1926       4080
  (诊断) 维护: 整个节拍                   79990       50      425      380      620      852     1178     3950      33280

段① ≥ 125 ns 的样本占 99.972%（段①是两段式分布，它的 p99 落在哪一段只看这个占比在 1% 的哪一边）
rx_burst 包数分布（非空 burst）：1:91.16%  2:8.18%  3:0.62%  4:0.03%  其余更大的 burst 共 7 次（最大一次 8 个包）
主循环被外部打断：空轮询 > 1 µs 共 1510 次（累计 5.5 ms，最长 22.4 µs）；取包前 > 10 µs 共 1 次（累计 0.0 ms，最长 14.3 µs）
port: ipackets 919698  opackets 1933639151  imissed 0  ierrors 0  oerrors 0  rx_nombuf 0
AWS allowance（本次运行增量）：bw_in_allowance_exceeded=0  bw_out_allowance_exceeded=0  pps_allowance_exceeded=0  conntrack_allowance_exceeded=0  linklocal_allowance_exceeded=0
mbuf：pool 8191，初值 avail 8191（端口启动后 7168），关停后 avail 8191 → 泄漏 0 ✔
退出原因：到达 --duration-sec，停止发送并等在途请求收尾
构建：commit e50c0f882898 · rustc 1.98.1 (48a229cea 2026-09-01) · DPDK 25.11.3 · release
环境：AMD EPYC 9R45 · 内核 6.18.48-107.148.amzn2023.x86_64 · 网卡 0000:28:00.0 驱动 igb_uio（写合并映射：是）· clocksource tsc · rdtscp constant_tsc nonstop_tsc tsc_known_freq
时钟：读一次 rdtscp 平均 17.6 ns（每个被测段恰好含一次）；TSC 读数步长 26 周期 = 10.0 ns（时间戳分辨率，所有时间差都是它的整数倍）；周期→纳秒换算与 CLOCK_MONOTONIC_RAW 相差 +0.0 ppm
