EAL: No free 1048576 kB hugepages reported on node 0
ENA_DRIVER: ena_get_metrics_entries(): 0x6 customer metrics are supported
ENA_DRIVER: ena_rx_queue_release(): Rx queue 0:0 released
ENA_DRIVER: ena_tx_queue_release(): Tx queue 0:0 released

==================== B · raw-ping（手写 busy-poll，无 runtime） ====================
sessions 4  delay 0 µs  duration 3 s (实际 3.00 s)  payload 64 B  timeout 10000 µs  TSC 2.600 GHz
sent 173613  received 173613  timeouts 0  late 0  in-flight-at-end 0  unexpected 0  foreign 0  tsc-mismatch 0  other 0  arp-replied 0  tx-full 0  no-mbuf 0
对账：sent − received − timeouts − in-flight = 0（应为 0）；丢包 = timeouts = 0（其中 0 个迟到收到）
收包对账：rx 173613 − (received + late + unexpected + foreign + tsc-mismatch + other + arp) = 0（应为 0）

metric (ns)                       count      min     mean      p50      p90      p99    p99.9   p99.99        max
in-process ①+②  [排名指标]           173613       60      178      160      220      429      490      601       4180
seg① send  T1−T0                 173613       40       60       50       70      320      330      350       2490
seg② recv  T3−T2                 173613       10      118      110      150      220      290      420       4130
end-to-end T3−T0                 173613    37290    69078    69120    71483    73846    75815    82116     108580
seg③ wake→next T0                173613       20       26       20       30      100      150      370       3380
sleep error                      173613        0       17       20       20       30      150      250        330
deadline→next T0 (误差+③)          173613       30       43       40       50      130      200      429       3380
  (诊断) seg① 距上次发送<100ns            2211      270      323      320      330      340      441      730        730
  (诊断) seg① 100–250ns                13      190      205      200      220      240      240      240        240
  (诊断) seg① 250–500ns              5291       40       55       50       60      150      210      320        320
  (诊断) seg① 500ns–2µs             48202       40       57       50       70      150      190      310        320
  (诊断) seg① ≥2µs                 117896       40       57       50       70      150      190      310       2490
  (诊断) 维护: rte_timer_manage       29998       20       25       20       30       30       40     1098       3210
  (诊断) 维护: 整个节拍                   29998       70      311      280      410      509      601     2849       3820

段① ≥ 125 ns 的样本占 4.124%（段①是两段式分布，它的 p99 落在哪一段只看这个占比在 1% 的哪一边）
rx_burst 包数分布（非空 burst）：1:98.71%  2:1.28%  其余更大的 burst 共 11 次（最大一次 3 个包）
主循环被外部打断：空轮询 > 1 µs 共 642 次（累计 1.9 ms，最长 22.5 µs）；取包前 > 10 µs 共 1 次（累计 0.0 ms，最长 14.9 µs）
port: ipackets 173613  opackets 1932893054  imissed 0  ierrors 0  oerrors 0  rx_nombuf 0
AWS allowance（本次运行增量）：bw_in_allowance_exceeded=0  bw_out_allowance_exceeded=0  pps_allowance_exceeded=0  conntrack_allowance_exceeded=0  linklocal_allowance_exceeded=0
mbuf：pool 8191，初值 avail 8191（端口启动后 7168），关停后 avail 8191 → 泄漏 0 ✔
退出原因：到达 --duration-sec，停止发送并等在途请求收尾
构建：commit e50c0f882898 · rustc 1.98.1 (48a229cea 2026-09-01) · DPDK 25.11.3 · release
环境：AMD EPYC 9R45 · 内核 6.18.48-107.148.amzn2023.x86_64 · 网卡 0000:28:00.0 驱动 igb_uio（写合并映射：是）· clocksource tsc · rdtscp constant_tsc nonstop_tsc tsc_known_freq
时钟：读一次 rdtscp 平均 17.6 ns（每个被测段恰好含一次）；TSC 读数步长 26 周期 = 10.0 ns（时间戳分辨率，所有时间差都是它的整数倍）；周期→纳秒换算与 CLOCK_MONOTONIC_RAW 相差 +0.0 ppm
