EAL: No free 1048576 kB hugepages reported on node 0
ENA_DRIVER: ena_get_metrics_entries(): 0x6 customer metrics are supported
ENA_DRIVER: ena_rx_queue_release(): Rx queue 0:0 released
ENA_DRIVER: ena_tx_queue_release(): Tx queue 0:0 released

==================== B · raw-ping（手写 busy-poll，无 runtime） ====================
sessions 64  delay 500 µs  duration 8 s (实际 8.00 s)  payload 64 B  timeout 10000 µs  TSC 2.600 GHz
sent 683927  received 683927  timeouts 0  late 0  in-flight-at-end 0  unexpected 0  foreign 0  tsc-mismatch 0  other 0  arp-replied 0  tx-full 0  no-mbuf 0
对账：sent − received − timeouts − in-flight = 0（应为 0）；丢包 = timeouts = 0（其中 0 个迟到收到）
收包对账：rx 683927 − (received + late + unexpected + foreign + tsc-mismatch + other + arp) = 0（应为 0）

metric (ns)                       count      min     mean      p50      p90      p99    p99.9   p99.99        max
in-process ①+②  [排名指标]           683927       60      181      170      220      420      530      681       4360
seg① send  T1−T0                 683927       40       60       50       60      310      320      429       4240
seg② recv  T3−T2                 683927       10      121      110      160      260      330      441       4310
end-to-end T3−T0                 683927    26680    74674    52972    94326   161870   249698   295384 2015494710
seg③ wake→next T0                683927       30       79       50      290      390      521     3083      30580
sleep error                      683927        0   173872       10      100      240      721     6018 2015425740
deadline→next T0 (误差+③)          683927       30   173951       60      350      490     1061     6966 2015426890
  (诊断) seg① 距上次发送<100ns           15461      230      305      300      320      410      441      601       3490
  (诊断) seg① 100–250ns               210       70      219      200      290      390      900      900        900
  (诊断) seg① 250–500ns             89865       40       54       50       60       80      190      320       3520
  (诊断) seg① 500ns–2µs            325430       40       54       50       60       70      180      290       2510
  (诊断) seg① ≥2µs                 252961       40       55       50       60       80      180      290       4240
  (诊断) 维护: rte_timer_manage       59840       20       25       20       30       30       40     1655       5940
  (诊断) 维护: 整个节拍                   59840       50      390      370      601      827     1129     3827       8410

段① ≥ 125 ns 的样本占 2.951%（段①是两段式分布，它的 p99 落在哪一段只看这个占比在 1% 的哪一边）
rx_burst 包数分布（非空 burst）：1:88.14%  2:10.65%  3:1.13%  4:0.09%  其余更大的 burst 共 13 次（最大一次 9 个包）
主循环被外部打断：空轮询 > 1 µs 共 1490 次（累计 4.5 ms，最长 23.3 µs）；取包前 > 10 µs 共 1 次（累计 2015.5 ms，最长 2015459.3 µs）
port: ipackets 683927  opackets 1933403368  imissed 0  ierrors 0  oerrors 0  rx_nombuf 0
AWS allowance（本次运行增量）：bw_in_allowance_exceeded=0  bw_out_allowance_exceeded=0  pps_allowance_exceeded=0  conntrack_allowance_exceeded=0  linklocal_allowance_exceeded=0
mbuf：pool 8191，初值 avail 8191（端口启动后 7168），关停后 avail 8191 → 泄漏 0 ✔
退出原因：到达 --duration-sec，停止发送并等在途请求收尾
构建：commit e50c0f882898 · rustc 1.98.1 (48a229cea 2026-09-01) · DPDK 25.11.3 · release
环境：AMD EPYC 9R45 · 内核 6.18.48-107.148.amzn2023.x86_64 · 网卡 0000:28:00.0 驱动 igb_uio（写合并映射：是）· clocksource tsc · rdtscp constant_tsc nonstop_tsc tsc_known_freq
时钟：读一次 rdtscp 平均 17.6 ns（每个被测段恰好含一次）；TSC 读数步长 26 周期 = 10.0 ns（时间戳分辨率，所有时间差都是它的整数倍）；周期→纳秒换算与 CLOCK_MONOTONIC_RAW 相差 +0.1 ppm
