EAL: No free 1048576 kB hugepages reported on node 0
ENA_DRIVER: ena_get_metrics_entries(): 0x6 customer metrics are supported
ENA_DRIVER: ena_rx_queue_release(): Rx queue 0:0 released
ENA_DRIVER: ena_tx_queue_release(): Tx queue 0:0 released

==================== A · async-ping（自研 rt runtime） ====================
sessions 64  delay 500 µs  duration 8 s (实际 8.00 s)  payload 64 B  timeout 10000 µs  TSC 2.600 GHz
sent 690766  received 690766  timeouts 0  late 0  in-flight-at-end 0  unexpected 0  foreign 0  tsc-mismatch 0  other 0  arp-replied 0  tx-full 0  no-mbuf 0
对账：sent − received − timeouts − in-flight = 0（应为 0）；丢包 = timeouts = 0（其中 0 个迟到收到）
收包对账：rx 690766 − (received + late + unexpected + foreign + tsc-mismatch + other + arp) = 0（应为 0）

metric (ns)                       count      min     mean      p50      p90      p99    p99.9   p99.99        max
in-process ①+②  [排名指标]           690766       60      184      180      220      320      410      540       4500
seg① send  T1−T0                 690766       40       54       50       60       70      180      290       4010
seg② recv  T3−T2                 690766       20      130      120      170      260      340      460       4450
end-to-end T3−T0                 690766    25500    63125    52972    55729   105156   241821   281206 2015485040
seg③ wake→next T0                690766       40       98       60      310      500      821     3852      42120
sleep error                      690766        0   177991       10      110      260      809    12750 2015476070
deadline→next T0 (误差+③)          690766       50   178089       70      410      761     1289    14720 2015482560
  (诊断) seg① 距上次发送<100ns               0        0        0        0        0        0        0        0          0
  (诊断) seg① 100–250ns                 3       60       67       70       70       70       70       70         70
  (诊断) seg① 250–500ns            103228       40       55       50       60      150      190      300       3260
  (诊断) seg① 500ns–2µs            322230       40       54       50       60       70      180      280       4010
  (诊断) seg① ≥2µs                 265305       40       54       50       60       70      180      280       3180
  (诊断) 维护: rte_timer_manage       59848       20       26       30       30       40       40     1480       6550
  (诊断) 维护: 整个节拍                   59848       50      409      370      620      821     1030     3009       8410

段① ≥ 125 ns 的样本占 0.622%（段①是两段式分布，它的 p99 落在哪一段只看这个占比在 1% 的哪一边）
rx_burst 包数分布（非空 burst）：1:88.67%  2:10.22%  3:1.05%  4:0.06%  其余更大的 burst 共 9 次（最大一次 13 个包）
主循环被外部打断：空轮询 > 1 µs 共 1500 次（累计 4.5 ms，最长 29.9 µs）；取包前 > 10 µs 共 6 次（累计 2015.6 ms，最长 2015474.7 µs）
port: ipackets 690766  opackets 1933410207  imissed 0  ierrors 0  oerrors 0  rx_nombuf 0
AWS allowance（本次运行增量）：bw_in_allowance_exceeded=0  bw_out_allowance_exceeded=0  pps_allowance_exceeded=0  conntrack_allowance_exceeded=0  linklocal_allowance_exceeded=0
mbuf：pool 8191，初值 avail 8191（端口启动后 7168），关停后 avail 8191 → 泄漏 0 ✔
退出原因：到达 --duration-sec，停止发送并等在途请求收尾
构建：commit e50c0f882898 · rustc 1.98.1 (48a229cea 2026-09-01) · DPDK 25.11.3 · release
环境：AMD EPYC 9R45 · 内核 6.18.48-107.148.amzn2023.x86_64 · 网卡 0000:28:00.0 驱动 igb_uio（写合并映射：是）· clocksource tsc · rdtscp constant_tsc nonstop_tsc tsc_known_freq
时钟：读一次 rdtscp 平均 17.6 ns（每个被测段恰好含一次）；TSC 读数步长 26 周期 = 10.0 ns（时间戳分辨率，所有时间差都是它的整数倍）；周期→纳秒换算与 CLOCK_MONOTONIC_RAW 相差 +0.1 ppm
