EAL: No free 1048576 kB hugepages reported on node 0
ENA_DRIVER: ena_get_metrics_entries(): 0x6 customer metrics are supported
ENA_DRIVER: ena_rx_queue_release(): Rx queue 0:0 released
ENA_DRIVER: ena_tx_queue_release(): Tx queue 0:0 released

==================== B · raw-ping（手写 busy-poll，无 runtime） ====================
sessions 64  delay 500 µs  duration 5 s (实际 5.00 s)  payload 64 B  timeout 10000 µs  TSC 2.600 GHz
sent 365755  received 357873  timeouts 7882  late 0  in-flight-at-end 0  unexpected 0  foreign 0  tsc-mismatch 0  other 0  arp-replied 0  tx-full 0  no-mbuf 35731
对账：sent − received − timeouts − in-flight = 0（应为 0）；丢包 = timeouts = 7882（其中 0 个迟到收到）
收包对账：rx 357873 − (received + late + unexpected + foreign + tsc-mismatch + other + arp) = 0（应为 0）

metric (ns)                       count      min     mean      p50      p90      p99    p99.9   p99.99        max
in-process ①+②  [排名指标]           357873       60      193      160      330      481      580      721      15790
seg① send  T1−T0                 357873       40       78       50      190      320      401      460       4650
seg② recv  T3−T2                 357873       10      115      110      160      260      350      450      15740
end-to-end T3−T0                 357873    24650   161515   229218   235520   246547   251273   300110     321000
seg③ wake→next T0                365755       20      121       50      170     1852     6166     9821      12270
sleep error                      365755        0       56       10      140      481     1178     3704       9240
deadline→next T0 (误差+③)          365755       30      178       70      420     1963     6326     9870      12280
  (诊断) seg① 距上次发送<100ns           32560      220      303      300      320      401      450      650       3990
  (诊断) seg① 100–250ns              3756       70      200      200      210      260      410      730        730
  (诊断) seg① 250–500ns             53100       40       54       50       60       70      190      300       2710
  (诊断) seg① 500ns–2µs            166285       40       53       50       60       70      170      280       3520
  (诊断) seg① ≥2µs                 102172       40       54       50       60       70      170      290       4650
  (诊断) 维护: rte_timer_manage       49985       20       25       20       30       30       40     1221       3030
  (诊断) 维护: 整个节拍                   49985       40      251      210      589      969     1141     2504       5430

段① ≥ 125 ns 的样本占 10.621%（段①是两段式分布，它的 p99 落在哪一段只看这个占比在 1% 的哪一边）
rx_burst 包数分布（非空 burst）：1:81.52%  2:15.12%  3:2.97%  4:0.39%  其余更大的 burst 共 14 次（最大一次 12 个包）
主循环被外部打断：空轮询 > 1 µs 共 1110 次（累计 3.4 ms，最长 20.1 µs）；取包前 > 10 µs 共 0 次（累计 0.0 ms，最长 0.0 µs）
port: ipackets 357873  opackets 1933085196  imissed 7729  ierrors 0  oerrors 0  rx_nombuf 29397671
AWS allowance（本次运行增量）：bw_in_allowance_exceeded=0  bw_out_allowance_exceeded=0  pps_allowance_exceeded=0  conntrack_allowance_exceeded=0  linklocal_allowance_exceeded=0
mbuf：pool 1040，初值 avail 1040（端口启动后 17），关停后 avail 1040 → 泄漏 0 ✔
退出原因：到达 --duration-sec，停止发送并等在途请求收尾
构建：commit e50c0f882898 · rustc 1.98.1 (48a229cea 2026-09-01) · DPDK 25.11.3 · release
环境：AMD EPYC 9R45 · 内核 6.18.48-107.148.amzn2023.x86_64 · 网卡 0000:28:00.0 驱动 igb_uio（写合并映射：是）· clocksource tsc · rdtscp constant_tsc nonstop_tsc tsc_known_freq
时钟：读一次 rdtscp 平均 17.7 ns（每个被测段恰好含一次）；TSC 读数步长 26 周期 = 10.0 ns（时间戳分辨率，所有时间差都是它的整数倍）；周期→纳秒换算与 CLOCK_MONOTONIC_RAW 相差 +0.0 ppm
