EAL: No free 1048576 kB hugepages reported on node 0
ENA_DRIVER: ena_get_metrics_entries(): 0x6 customer metrics are supported
ENA_DRIVER: ena_rx_queue_release(): Rx queue 0:0 released
ENA_DRIVER: ena_tx_queue_release(): Tx queue 0:0 released

==================== A · async-ping（自研 rt runtime） ====================
sessions 64  delay 500 µs  duration 5 s (实际 5.00 s)  payload 64 B  timeout 10000 µs  TSC 2.600 GHz
sent 381237  received 374906  timeouts 6331  late 0  in-flight-at-end 0  unexpected 0  foreign 0  tsc-mismatch 0  other 0  arp-replied 0  tx-full 0  no-mbuf 29996
对账：sent − received − timeouts − in-flight = 0（应为 0）；丢包 = timeouts = 6331（其中 0 个迟到收到）
收包对账：rx 374906 − (received + late + unexpected + foreign + tsc-mismatch + other + arp) = 0（应为 0）

metric (ns)                       count      min     mean      p50      p90      p99    p99.9   p99.99        max
in-process ①+②  [排名指标]           374906       70      182      170      230      330      450      570       4100
seg① send  T1−T0                 374906       40       55       50       60       70      220      340       3990
seg② recv  T3−T2                 374906       20      128      120      170      270      360      490       3840
end-to-end T3−T0                 374906    23510   175074   227643   232369   240246   282781   298535     319060
seg③ wake→next T0                381237       40      249       70      310     1369     9280   200467     400560
sleep error                      381237        0       80       10      220      749     2984     7310      19070
deadline→next T0 (误差+③)          381237       40      329       90      490     2270    11052   202436     403180
  (诊断) seg① 距上次发送<100ns             235      290      327      330      340      429      450      450        450
  (诊断) seg① 100–250ns                 4       70      155      130      210      210      210      210        210
  (诊断) seg① 250–500ns             92870       40       55       50       60       80      180      300       2660
  (诊断) seg① 500ns–2µs            188997       40       54       50       60       70      170      260       3990
  (诊断) seg① ≥2µs                  92800       40       55       50       60       80      190      300       2100
  (诊断) 维护: rte_timer_manage       50003       20       26       30       30       40       40     1289       3910
  (诊断) 维护: 整个节拍                   50003       40      255      190      650     1012     1203     1692       4310

段① ≥ 125 ns 的样本占 0.657%（段①是两段式分布，它的 p99 落在哪一段只看这个占比在 1% 的哪一边）
rx_burst 包数分布（非空 burst）：1:80.76%  2:16.36%  3:2.68%  4:0.19%  其余更大的 burst 共 11 次（最大一次 12 个包）
主循环被外部打断：空轮询 > 1 µs 共 1109 次（累计 3.4 ms，最长 24.3 µs）；取包前 > 10 µs 共 1 次（累计 0.0 ms，最长 14.5 µs）
port: ipackets 374906  opackets 1933100678  imissed 6331  ierrors 0  oerrors 0  rx_nombuf 28122966
AWS allowance（本次运行增量）：bw_in_allowance_exceeded=0  bw_out_allowance_exceeded=0  pps_allowance_exceeded=0  conntrack_allowance_exceeded=0  linklocal_allowance_exceeded=0
mbuf：pool 1040，初值 avail 1040（端口启动后 17），关停后 avail 1040 → 泄漏 0 ✔
退出原因：到达 --duration-sec，停止发送并等在途请求收尾
构建：commit e50c0f882898 · rustc 1.98.1 (48a229cea 2026-09-01) · DPDK 25.11.3 · release
环境：AMD EPYC 9R45 · 内核 6.18.48-107.148.amzn2023.x86_64 · 网卡 0000:28:00.0 驱动 igb_uio（写合并映射：是）· clocksource tsc · rdtscp constant_tsc nonstop_tsc tsc_known_freq
时钟：读一次 rdtscp 平均 17.7 ns（每个被测段恰好含一次）；TSC 读数步长 26 周期 = 10.0 ns（时间戳分辨率，所有时间差都是它的整数倍）；周期→纳秒换算与 CLOCK_MONOTONIC_RAW 相差 +0.0 ppm
