EAL: No free 1048576 kB hugepages reported on node 0
ENA_DRIVER: ena_get_metrics_entries(): 0x6 customer metrics are supported
ENA_DRIVER: ena_rx_queue_release(): Rx queue 0:0 released
ENA_DRIVER: ena_tx_queue_release(): Tx queue 0:0 released

==================== A · async-ping（自研 rt runtime） ====================
sessions 64  delay 2000 µs  duration 5 s (实际 5.00 s)  payload 1472 B  timeout 10000 µs  TSC 2.600 GHz
sent 154443  received 154443  timeouts 0  late 0  in-flight-at-end 0  unexpected 0  foreign 0  tsc-mismatch 0  other 0  arp-replied 0  tx-full 0  no-mbuf 0
对账：sent − received − timeouts − in-flight = 0（应为 0）；丢包 = timeouts = 0（其中 0 个迟到收到）
收包对账：rx 154443 − (received + late + unexpected + foreign + tsc-mismatch + other + arp) = 0（应为 0）

metric (ns)                       count      min     mean      p50      p90      p99    p99.9   p99.99        max
in-process ①+②  [排名指标]           154443       80      354      340      429      509      601     2886      36190
seg① send  T1−T0                 154443       60      231      210      300      350      380      901      36070
seg② recv  T3−T2                 154443       20      123      120      150      250      320      450       3540
end-to-end T3−T0                 154443    29220    71906    72664    81329    85267   116972   226067     295540
seg③ wake→next T0                154443       50       93       60       80      641     1000     1840      30010
sleep error                      154443        0       38       10      120      380      852     3556      35880
deadline→next T0 (误差+③)          154443       50      131       70      290      889     1541     4073      36510
  (诊断) seg① 距上次发送<100ns               0        0        0        0        0        0        0        0          0
  (诊断) seg① 100–250ns                 0        0        0        0        0        0        0        0          0
  (诊断) seg① 250–500ns             17630       60      233      220      300      350      380      827       1060
  (诊断) seg① 500ns–2µs             51430       60      231      210      300      350      380      469       3250
  (诊断) seg① ≥2µs                  85383       60      230      210      300      350      380     3144      36070
  (诊断) 维护: rte_timer_manage       50023       20       25       20       30       30       40     2061       4340
  (诊断) 维护: 整个节拍                   50023       50      209      220      350      610      749     2615      13730

段① ≥ 125 ns 的样本占 99.811%（段①是两段式分布，它的 p99 落在哪一段只看这个占比在 1% 的哪一边）
rx_burst 包数分布（非空 burst）：1:93.26%  2:6.04%  3:0.65%  4:0.05%  其余更大的 burst 共 2 次（最大一次 5 个包）
主循环被外部打断：空轮询 > 1 µs 共 1160 次（累计 3.6 ms，最长 23.8 µs）；取包前 > 10 µs 共 0 次（累计 0.0 ms，最长 0.0 µs）
port: ipackets 154443  opackets 1932873884  imissed 0  ierrors 0  oerrors 0  rx_nombuf 0
AWS allowance（本次运行增量）：bw_in_allowance_exceeded=0  bw_out_allowance_exceeded=0  pps_allowance_exceeded=0  conntrack_allowance_exceeded=0  linklocal_allowance_exceeded=0
mbuf：pool 8191，初值 avail 8191（端口启动后 7168），关停后 avail 8191 → 泄漏 0 ✔
退出原因：到达 --duration-sec，停止发送并等在途请求收尾
构建：commit e50c0f882898 · rustc 1.98.1 (48a229cea 2026-09-01) · DPDK 25.11.3 · release
环境：AMD EPYC 9R45 · 内核 6.18.48-107.148.amzn2023.x86_64 · 网卡 0000:28:00.0 驱动 igb_uio（写合并映射：是）· clocksource tsc · rdtscp constant_tsc nonstop_tsc tsc_known_freq
时钟：读一次 rdtscp 平均 17.6 ns（每个被测段恰好含一次）；TSC 读数步长 26 周期 = 10.0 ns（时间戳分辨率，所有时间差都是它的整数倍）；周期→纳秒换算与 CLOCK_MONOTONIC_RAW 相差 +0.0 ppm
