EAL: No free 1048576 kB hugepages reported on node 0
ENA_DRIVER: ena_get_metrics_entries(): 0x6 customer metrics are supported
ENA_DRIVER: ena_rx_queue_release(): Rx queue 0:0 released
ENA_DRIVER: ena_tx_queue_release(): Tx queue 0:0 released

==================== B · raw-ping（手写 busy-poll，无 runtime） ====================
sessions 64  delay 2000 µs  duration 5 s (实际 5.00 s)  payload 1472 B  timeout 10000 µs  TSC 2.600 GHz
sent 153542  received 153542  timeouts 0  late 0  in-flight-at-end 0  unexpected 0  foreign 0  tsc-mismatch 0  other 0  arp-replied 0  tx-full 0  no-mbuf 0
对账：sent − received − timeouts − in-flight = 0（应为 0）；丢包 = timeouts = 0（其中 0 个迟到收到）
收包对账：rx 153542 − (received + late + unexpected + foreign + tsc-mismatch + other + arp) = 0（应为 0）

metric (ns)                       count      min     mean      p50      p90      p99    p99.9   p99.99        max
in-process ①+②  [排名指标]           153542       80      348      330      429      530      629     1067      36860
seg① send  T1−T0                 153542       50      232      210      310      360      460      681      36770
seg② recv  T3−T2                 153542       10      116      110      140      250      330      450       4140
end-to-end T3−T0                 153542    28210    83904    73058   120910   125636   132726   238670     294240
seg③ wake→next T0                153542       30       98       50      300      561      932     3827      29810
sleep error                      153542        0       53       10      240      390      883    26289      36520
deadline→next T0 (误差+③)          153542       40      151       60      549      840     1307    29636      36900
  (诊断) seg① 距上次发送<100ns            5047      250      341      320      420      509      610     1049       1050
  (诊断) seg① 100–250ns                72      180      311      280      481      749      749      749        750
  (诊断) seg① 250–500ns             26827       60      228      210      300      350      380      509       1030
  (诊断) seg① 500ns–2µs             69087       50      228      210      300      350      380      490       4510
  (诊断) seg① ≥2µs                  52509       50      229      210      300      350      380      589      36770
  (诊断) 维护: rte_timer_manage       50014       20       30       30       30       40       40      410       3660
  (诊断) 维护: 整个节拍                   50014       50      172       60      380      641      770     3360      11080

段① ≥ 125 ns 的样本占 99.515%（段①是两段式分布，它的 p99 落在哪一段只看这个占比在 1% 的哪一边）
rx_burst 包数分布（非空 burst）：1:87.18%  2:11.05%  3:1.63%  4:0.14%  其余更大的 burst 共 1 次（最大一次 5 个包）
主循环被外部打断：空轮询 > 1 µs 共 1181 次（累计 3.7 ms，最长 31.6 µs）；取包前 > 10 µs 共 0 次（累计 0.0 ms，最长 0.0 µs）
port: ipackets 153542  opackets 1932872983  imissed 0  ierrors 0  oerrors 0  rx_nombuf 0
AWS allowance（本次运行增量）：bw_in_allowance_exceeded=0  bw_out_allowance_exceeded=0  pps_allowance_exceeded=0  conntrack_allowance_exceeded=0  linklocal_allowance_exceeded=0
mbuf：pool 8191，初值 avail 8191（端口启动后 7168），关停后 avail 8191 → 泄漏 0 ✔
退出原因：到达 --duration-sec，停止发送并等在途请求收尾
构建：commit e50c0f882898 · rustc 1.98.1 (48a229cea 2026-09-01) · DPDK 25.11.3 · release
环境：AMD EPYC 9R45 · 内核 6.18.48-107.148.amzn2023.x86_64 · 网卡 0000:28:00.0 驱动 igb_uio（写合并映射：是）· clocksource tsc · rdtscp constant_tsc nonstop_tsc tsc_known_freq
时钟：读一次 rdtscp 平均 17.6 ns（每个被测段恰好含一次）；TSC 读数步长 26 周期 = 10.0 ns（时间戳分辨率，所有时间差都是它的整数倍）；周期→纳秒换算与 CLOCK_MONOTONIC_RAW 相差 +0.0 ppm
