EAL: No free 1048576 kB hugepages reported on node 0
ENA_DRIVER: ena_get_metrics_entries(): 0x6 customer metrics are supported
ENA_DRIVER: ena_rx_queue_release(): Rx queue 0:0 released
ENA_DRIVER: ena_tx_queue_release(): Tx queue 0:0 released

==================== A · async-ping（自研 rt runtime） ====================
sessions 64  delay 500 µs  duration 6 s (实际 6.00 s)  payload 64 B  timeout 10000 µs  TSC 2.600 GHz
sent 691238  received 691238  timeouts 0  late 0  in-flight-at-end 0  unexpected 0  foreign 0  tsc-mismatch 0  other 0  arp-replied 0  tx-full 0  no-mbuf 0
对账：sent − received − timeouts − in-flight = 0（应为 0）；丢包 = timeouts = 0（其中 0 个迟到收到）
收包对账：rx 691238 − (received + late + unexpected + foreign + tsc-mismatch + other + arp) = 0（应为 0）

metric (ns)                       count      min     mean      p50      p90      p99    p99.9   p99.99        max
in-process ①+②  [排名指标]           691238       60      184      180      220      320      410      540       4380
seg① send  T1−T0                 691238       40       54       50       60       70      170      280       4100
seg② recv  T3−T2                 691238       20      130      120      170      260      340      450       4330
end-to-end T3−T0                 691238    25510    55413    52972    56123   112246   230793   238670     302390
seg③ wake→next T0                691238       40       94       60      310      481      740     1227       4220
sleep error                      691238        0       27       10      110      250      570     2972      33220
deadline→next T0 (误差+③)          691238       40      121       70      401      721     1147     3310      33470
  (诊断) seg① 距上次发送<100ns               0        0        0        0        0        0        0        0          0
  (诊断) seg① 100–250ns                 1       70       70       70       70       70       70       70         70
  (诊断) seg① 250–500ns            100624       40       54       50       60       70      180      270       3470
  (诊断) seg① 500ns–2µs            317439       40       54       50       60       70      170      280       4030
  (诊断) seg① ≥2µs                 273174       40       54       50       60       70      170      280       4100
  (诊断) 维护: rte_timer_manage       60002       20       30       30       30       40       40      500       3550
  (诊断) 维护: 整个节拍                   60002       50      430      390      641      840     1061     1926       4750

段① ≥ 125 ns 的样本占 0.459%（段①是两段式分布，它的 p99 落在哪一段只看这个占比在 1% 的哪一边）
rx_burst 包数分布（非空 burst）：1:88.94%  2:10.00%  3:1.01%  4:0.05%  其余更大的 burst 共 6 次（最大一次 6 个包）
主循环被外部打断：空轮询 > 1 µs 共 1170 次（累计 3.6 ms，最长 34.7 µs）；取包前 > 10 µs 共 2 次（累计 0.0 ms，最长 29.3 µs）
port: ipackets 691238  opackets 1933410679  imissed 0  ierrors 0  oerrors 0  rx_nombuf 0
AWS allowance（本次运行增量）：bw_in_allowance_exceeded=0  bw_out_allowance_exceeded=0  pps_allowance_exceeded=0  conntrack_allowance_exceeded=0  linklocal_allowance_exceeded=0
mbuf：pool 8191，初值 avail 8191（端口启动后 7168），关停后 avail 8191 → 泄漏 0 ✔
退出原因：到达 --duration-sec，停止发送并等在途请求收尾
构建：commit e50c0f882898 · rustc 1.98.1 (48a229cea 2026-09-01) · DPDK 25.11.3 · release
环境：AMD EPYC 9R45 · 内核 6.18.48-107.148.amzn2023.x86_64 · 网卡 0000:28:00.0 驱动 igb_uio（写合并映射：是）· clocksource tsc · rdtscp constant_tsc nonstop_tsc tsc_known_freq
时钟：读一次 rdtscp 平均 17.7 ns（每个被测段恰好含一次）；TSC 读数步长 26 周期 = 10.0 ns（时间戳分辨率，所有时间差都是它的整数倍）；周期→纳秒换算与 CLOCK_MONOTONIC_RAW 相差 +0.0 ppm
