EAL: No free 1048576 kB hugepages reported on node 0
ENA_DRIVER: ena_get_metrics_entries(): 0x6 customer metrics are supported
ENA_DRIVER: ena_rx_queue_release(): Rx queue 0:0 released
ENA_DRIVER: ena_tx_queue_release(): Tx queue 0:0 released

==================== B · raw-ping（手写 busy-poll，无 runtime） ====================
sessions 64  delay 500 µs  duration 6 s (实际 6.00 s)  payload 64 B  timeout 10000 µs  TSC 2.600 GHz
sent 692437  received 692437  timeouts 0  late 0  in-flight-at-end 0  unexpected 0  foreign 0  tsc-mismatch 0  other 0  arp-replied 1  tx-full 0  no-mbuf 0
对账：sent − received − timeouts − in-flight = 0（应为 0）；丢包 = timeouts = 0（其中 0 个迟到收到）
收包对账：rx 692438 − (received + late + unexpected + foreign + tsc-mismatch + other + arp) = 0（应为 0）

metric (ns)                       count      min     mean      p50      p90      p99    p99.9   p99.99        max
in-process ①+②  [排名指标]           692437       50      180      170      220      420      530      660      14850
seg① send  T1−T0                 692437       40       59       50       60      300      320      429       4970
seg② recv  T3−T2                 692437       10      122      110      160      260      330      429      14790
end-to-end T3−T0                 692437    25060    54471    52972    55729   105156   238670   246547     290690
seg③ wake→next T0                692437       30       76       50      280      380      429      889       4240
sleep error                      692437        0       25       10      100      240      549     3261      14820
deadline→next T0 (误差+③)          692437       30      101       60      320      481      840     3483      14880
  (诊断) seg① 距上次发送<100ns           14364      220      305      300      320      390      441     2701       3260
  (诊断) seg① 100–250ns               114       60      203      200      250      340      460      460        460
  (诊断) seg① 250–500ns             88508       40       54       50       60       70      180      310       3380
  (诊断) seg① 500ns–2µs            316214       40       53       50       60       70      170      270       4970
  (诊断) seg① ≥2µs                 273237       40       54       50       60       70      170      270       3160
  (诊断) 维护: rte_timer_manage       59995       20       25       20       30       30       40     1572       3650
  (诊断) 维护: 整个节拍                   59995       50      393      360      580      761      987     3876       5720

段① ≥ 125 ns 的样本占 2.488%（段①是两段式分布，它的 p99 落在哪一段只看这个占比在 1% 的哪一边）
rx_burst 包数分布（非空 burst）：1:88.68%  2:10.18%  3:1.08%  4:0.05%  其余更大的 burst 共 12 次（最大一次 11 个包）
主循环被外部打断：空轮询 > 1 µs 共 1184 次（累计 3.5 ms，最长 9.0 µs）；取包前 > 10 µs 共 5 次（累计 0.1 ms，最长 24.1 µs）
port: ipackets 692438  opackets 1933411879  imissed 0  ierrors 0  oerrors 0  rx_nombuf 0
AWS allowance（本次运行增量）：bw_in_allowance_exceeded=0  bw_out_allowance_exceeded=0  pps_allowance_exceeded=0  conntrack_allowance_exceeded=0  linklocal_allowance_exceeded=0
mbuf：pool 8191，初值 avail 8191（端口启动后 7168），关停后 avail 8191 → 泄漏 0 ✔
退出原因：到达 --duration-sec，停止发送并等在途请求收尾
构建：commit e50c0f882898 · rustc 1.98.1 (48a229cea 2026-09-01) · DPDK 25.11.3 · release
环境：AMD EPYC 9R45 · 内核 6.18.48-107.148.amzn2023.x86_64 · 网卡 0000:28:00.0 驱动 igb_uio（写合并映射：是）· clocksource tsc · rdtscp constant_tsc nonstop_tsc tsc_known_freq
时钟：读一次 rdtscp 平均 17.7 ns（每个被测段恰好含一次）；TSC 读数步长 26 周期 = 10.0 ns（时间戳分辨率，所有时间差都是它的整数倍）；周期→纳秒换算与 CLOCK_MONOTONIC_RAW 相差 +0.0 ppm
