EAL: No free 1048576 kB hugepages reported on node 0
ENA_DRIVER: ena_get_metrics_entries(): 0x6 customer metrics are supported
ENA_DRIVER: ena_rx_queue_release(): Rx queue 0:0 released
ENA_DRIVER: ena_tx_queue_release(): Tx queue 0:0 released

==================== A · async-ping（自研 rt runtime） ====================
sessions 64  delay 500 µs  duration 60 s (实际 2.88 s)  payload 64 B  timeout 10000 µs  TSC 2.600 GHz
sent 333389  received 333389  timeouts 0  late 0  in-flight-at-end 0  unexpected 0  foreign 0  tsc-mismatch 0  other 0  arp-replied 0  tx-full 0  no-mbuf 0
对账：sent − received − timeouts − in-flight = 0（应为 0）；丢包 = timeouts = 0（其中 0 个迟到收到）
收包对账：rx 333389 − (received + late + unexpected + foreign + tsc-mismatch + other + arp) = 0（应为 0）

metric (ns)                       count      min     mean      p50      p90      p99    p99.9   p99.99        max
in-process ①+②  [排名指标]           333389       70      188      180      230      330      441      610       4490
seg① send  T1−T0                 333389       40       54       50       60       70      180      300       3510
seg② recv  T3−T2                 333389       20      134      120      180      270      360      490       4440
end-to-end T3−T0                 333389    24910    52876    52972    55335    59667   107520   120910     195380
seg③ wake→next T0                333389       40       96       60      300      561      730     1123       4710
sleep error                      333389        0       28       10      110      260      561     3120      23950
deadline→next T0 (误差+③)          333389       50      124       70      410      749     1123     3310      24530
  (诊断) seg① 距上次发送<100ns               0        0        0        0        0        0        0        0          0
  (诊断) seg① 100–250ns                 1       70       70       70       70       70       70       70         70
  (诊断) seg① 250–500ns             51453       40       55       50       60      140      190      290        320
  (诊断) seg① 500ns–2µs            151381       40       54       50       60       70      180      300       3510
  (诊断) seg① ≥2µs                 130554       40       54       50       60       70      180      290       2590
  (诊断) 维护: rte_timer_manage       28815       20       25       20       30       30       30      420       3710
  (诊断) 维护: 整个节拍                   28815       50      406      370      601      770      907     2750       4060

段① ≥ 125 ns 的样本占 0.667%（段①是两段式分布，它的 p99 落在哪一段只看这个占比在 1% 的哪一边）
rx_burst 包数分布（非空 burst）：1:88.17%  2:10.63%  3:1.14%  4:0.05%  其余更大的 burst 共 1 次（最大一次 6 个包）
主循环被外部打断：空轮询 > 1 µs 共 548 次（累计 1.7 ms，最长 25.4 µs）；取包前 > 10 µs 共 1 次（累计 0.0 ms，最长 20.9 µs）
port: ipackets 333389  opackets 1933052830  imissed 0  ierrors 0  oerrors 0  rx_nombuf 0
AWS allowance（本次运行增量）：bw_in_allowance_exceeded=0  bw_out_allowance_exceeded=0  pps_allowance_exceeded=0  conntrack_allowance_exceeded=0  linklocal_allowance_exceeded=0
mbuf：pool 8191，初值 avail 8191（端口启动后 7168），关停后 avail 8191 → 泄漏 0 ✔
退出原因：收到 SIGINT/SIGTERM，停止发送并收尾
构建：commit e50c0f882898 · rustc 1.98.1 (48a229cea 2026-09-01) · DPDK 25.11.3 · release
环境：AMD EPYC 9R45 · 内核 6.18.48-107.148.amzn2023.x86_64 · 网卡 0000:28:00.0 驱动 igb_uio（写合并映射：是）· clocksource tsc · rdtscp constant_tsc nonstop_tsc tsc_known_freq
时钟：读一次 rdtscp 平均 17.7 ns（每个被测段恰好含一次）；TSC 读数步长 26 周期 = 10.0 ns（时间戳分辨率，所有时间差都是它的整数倍）；周期→纳秒换算与 CLOCK_MONOTONIC_RAW 相差 +0.0 ppm
