EAL: No free 1048576 kB hugepages reported on node 0
ENA_DRIVER: ena_get_metrics_entries(): 0x6 customer metrics are supported
ENA_DRIVER: ena_rx_queue_release(): Rx queue 0:0 released
ENA_DRIVER: ena_tx_queue_release(): Tx queue 0:0 released

==================== B · raw-ping（手写 busy-poll，无 runtime） ====================
sessions 64  delay 500 µs  duration 60 s (实际 2.88 s)  payload 64 B  timeout 10000 µs  TSC 2.600 GHz
sent 332494  received 332494  timeouts 0  late 0  in-flight-at-end 0  unexpected 0  foreign 0  tsc-mismatch 0  other 0  arp-replied 0  tx-full 0  no-mbuf 0
对账：sent − received − timeouts − in-flight = 0（应为 0）；丢包 = timeouts = 0（其中 0 个迟到收到）
收包对账：rx 332494 − (received + late + unexpected + foreign + tsc-mismatch + other + arp) = 0（应为 0）

metric (ns)                       count      min     mean      p50      p90      p99    p99.9   p99.99        max
in-process ①+②  [排名指标]           332494       50      180      170      220      420      530      620       4420
seg① send  T1−T0                 332494       40       59       50       60      310      320      429       2380
seg② recv  T3−T2                 332494       10      122      110      160      260      330      441       4370
end-to-end T3−T0                 332494    25930    54376    52972    55729   105156   230793   243396     295920
seg③ wake→next T0                332494       30       76       50      280      380      420      858       3400
sleep error                      332494        0       24       10      100      240      610     3083       6710
deadline→next T0 (误差+③)          332494       40      101       60      320      481      840     3187       6760
  (诊断) seg① 距上次发送<100ns            6896      240      305      300      320      401      441      950        950
  (诊断) seg① 100–250ns                32      110      196      200      210      300      300      300        300
  (诊断) seg① 250–500ns             42740       40       54       50       60       70      180      290        330
  (诊断) seg① 500ns–2µs            155224       40       53       50       60       70      170      300       1170
  (诊断) seg① ≥2µs                 127602       40       54       50       60       70      180      270       2380
  (诊断) 维护: rte_timer_manage       28806       20       25       20       30       30       40      270       3420
  (诊断) 维护: 整个节拍                   28806       50      395      370      580      761      920     3458       9570

段① ≥ 125 ns 的样本占 2.650%（段①是两段式分布，它的 p99 落在哪一段只看这个占比在 1% 的哪一边）
rx_burst 包数分布（非空 burst）：1:88.40%  2:10.50%  3:1.06%  4:0.04%  其余更大的 burst 共 3 次（最大一次 10 个包）
主循环被外部打断：空轮询 > 1 µs 共 580 次（累计 1.7 ms，最长 9.0 µs）；取包前 > 10 µs 共 1 次（累计 0.0 ms，最长 24.8 µs）
port: ipackets 332494  opackets 1933051935  imissed 0  ierrors 0  oerrors 0  rx_nombuf 0
AWS allowance（本次运行增量）：bw_in_allowance_exceeded=0  bw_out_allowance_exceeded=0  pps_allowance_exceeded=0  conntrack_allowance_exceeded=0  linklocal_allowance_exceeded=0
mbuf：pool 8191，初值 avail 8191（端口启动后 7168），关停后 avail 8191 → 泄漏 0 ✔
退出原因：收到 SIGINT/SIGTERM，停止发送并收尾
构建：commit e50c0f882898 · rustc 1.98.1 (48a229cea 2026-09-01) · DPDK 25.11.3 · release
环境：AMD EPYC 9R45 · 内核 6.18.48-107.148.amzn2023.x86_64 · 网卡 0000:28:00.0 驱动 igb_uio（写合并映射：是）· clocksource tsc · rdtscp constant_tsc nonstop_tsc tsc_known_freq
时钟：读一次 rdtscp 平均 17.7 ns（每个被测段恰好含一次）；TSC 读数步长 26 周期 = 10.0 ns（时间戳分辨率，所有时间差都是它的整数倍）；周期→纳秒换算与 CLOCK_MONOTONIC_RAW 相差 -0.0 ppm
