EAL: No free 1048576 kB hugepages reported on node 0
ENA_DRIVER: ena_get_metrics_entries(): 0x6 customer metrics are supported
ENA_DRIVER: ena_rx_queue_release(): Rx queue 0:0 released
ENA_DRIVER: ena_tx_queue_release(): Tx queue 0:0 released

==================== A · async-ping（自研 rt runtime） ====================
sessions 64  delay 500 µs  duration 5 s (实际 5.00 s)  payload 64 B  timeout 10000 µs  TSC 2.600 GHz
sent 578667  received 578667  timeouts 0  late 0  in-flight-at-end 0  unexpected 0  foreign 0  tsc-mismatch 0  other 0  arp-replied 0  tx-full 0  no-mbuf 0
对账：sent − received − timeouts − in-flight = 0（应为 0）；丢包 = timeouts = 0（其中 0 个迟到收到）
收包对账：rx 578667 − (received + late + unexpected + foreign + tsc-mismatch + other + arp) = 0（应为 0）

metric (ns)                       count      min     mean      p50      p90      p99    p99.9   p99.99        max
in-process ①+②  [排名指标]           578667       60      183      180      220      320      410      809       5540
seg① send  T1−T0                 578667       40       54       50       60       70      160      620       3930
seg② recv  T3−T2                 578667       20      129      120      170      270      350      450       5480
end-to-end T3−T0                 578667    24710    52885    52972    55335    58092    91569   115396     133000
seg③ wake→next T0                578667       40       97       60      310      490      730     1129       4860
sleep error                      578667        0       28       10      110      260      530     3070      15000
deadline→next T0 (误差+③)          578667       40      125       70      420      740     1141     3458      15450
  (诊断) seg① 距上次发送<100ns               0        0        0        0        0        0        0        0          0
  (诊断) seg① 100–250ns                 2       60       65       60       70       70       70       70         70
  (诊断) seg① 250–500ns             92040       40       54       50       60       70      170      690       3280
  (诊断) seg① 500ns–2µs            267950       40       54       50       60       70      160      629       3750
  (诊断) seg① ≥2µs                 218675       40       54       50       60       70      160      250       3930
  (诊断) 维护: rte_timer_manage       50005       20       25       20       30       30       40      481       2940
  (诊断) 维护: 整个节拍                   50005       50      403      370      589      749      889     2701       5520

段① ≥ 125 ns 的样本占 0.186%（段①是两段式分布，它的 p99 落在哪一段只看这个占比在 1% 的哪一边）
rx_burst 包数分布（非空 burst）：1:87.81%  2:10.98%  3:1.16%  4:0.04%  其余更大的 burst 共 4 次（最大一次 6 个包）
主循环被外部打断：空轮询 > 1 µs 共 965 次（累计 2.9 ms，最长 24.0 µs）；取包前 > 10 µs 共 3 次（累计 0.0 ms，最长 15.8 µs）
port: ipackets 578667  opackets 1933298108  imissed 0  ierrors 0  oerrors 0  rx_nombuf 0
AWS allowance（本次运行增量）：bw_in_allowance_exceeded=0  bw_out_allowance_exceeded=0  pps_allowance_exceeded=0  conntrack_allowance_exceeded=0  linklocal_allowance_exceeded=0
mbuf：pool 8191，初值 avail 8191（端口启动后 7936），关停后 avail 8191 → 泄漏 0 ✔
退出原因：到达 --duration-sec，停止发送并等在途请求收尾
构建：commit e50c0f882898 · rustc 1.98.1 (48a229cea 2026-09-01) · DPDK 25.11.3 · release
环境：AMD EPYC 9R45 · 内核 6.18.48-107.148.amzn2023.x86_64 · 网卡 0000:28:00.0 驱动 igb_uio（写合并映射：是）· clocksource tsc · rdtscp constant_tsc nonstop_tsc tsc_known_freq
时钟：读一次 rdtscp 平均 17.6 ns（每个被测段恰好含一次）；TSC 读数步长 26 周期 = 10.0 ns（时间戳分辨率，所有时间差都是它的整数倍）；周期→纳秒换算与 CLOCK_MONOTONIC_RAW 相差 +0.0 ppm
