EAL: No free 1048576 kB hugepages reported on node 0
ENA_DRIVER: ena_get_metrics_entries(): 0x6 customer metrics are supported
ENA_DRIVER: ena_rx_queue_release(): Rx queue 0:0 released
ENA_DRIVER: ena_tx_queue_release(): Tx queue 0:0 released

==================== B · raw-ping（手写 busy-poll，无 runtime） ====================
sessions 64  delay 500 µs  duration 5 s (实际 5.00 s)  payload 64 B  timeout 10000 µs  TSC 2.600 GHz
sent 577135  received 577135  timeouts 0  late 0  in-flight-at-end 0  unexpected 0  foreign 0  tsc-mismatch 0  other 0  arp-replied 0  tx-full 0  no-mbuf 0
对账：sent − received − timeouts − in-flight = 0（应为 0）；丢包 = timeouts = 0（其中 0 个迟到收到）
收包对账：rx 577135 − (received + late + unexpected + foreign + tsc-mismatch + other + arp) = 0（应为 0）

metric (ns)                       count      min     mean      p50      p90      p99    p99.9   p99.99        max
in-process ①+②  [排名指标]           577135       60      177      170      220      420      549      938       4630
seg① send  T1−T0                 577135       40       58       50       60      310      320      721       4500
seg② recv  T3−T2                 577135       10      119      110      160      260      330      441       4350
end-to-end T3−T0                 577135    25460    54366    52972    55729   105944   238670   243396     302460
seg③ wake→next T0                577135       30       75       50      170      340      420      761       4290
sleep error                      577135        0       24       10      100      240      481     2886      27060
deadline→next T0 (误差+③)          577135       30       99       60      310      481      809     3120      27110
  (诊断) seg① 距上次发送<100ns           11154      220      307      310      320      420      589     1092       4050
  (诊断) seg① 100–250ns                77       50      202      200      210      589      589      589        590
  (诊断) seg① 250–500ns             72559       40       53       50       60       70      170      730        900
  (诊断) seg① 500ns–2µs            266398       40       53       50       60       70      160      700       4480
  (诊断) seg① ≥2µs                 226947       40       54       50       60       70      160      690       4500
  (诊断) 维护: rte_timer_manage       49996       20       29       30       30       40       40      360       2840
  (诊断) 维护: 整个节拍                   49996       50      391      360      570      709      840     3753       4870

段① ≥ 125 ns 的样本占 2.150%（段①是两段式分布，它的 p99 落在哪一段只看这个占比在 1% 的哪一边）
rx_burst 包数分布（非空 burst）：1:88.87%  2:10.13%  3:0.96%  4:0.05%  其余更大的 burst 共 2 次（最大一次 5 个包）
主循环被外部打断：空轮询 > 1 µs 共 981 次（累计 3.0 ms，最长 29.0 µs）；取包前 > 10 µs 共 4 次（累计 0.1 ms，最长 42.9 µs）
port: ipackets 577135  opackets 1933296576  imissed 0  ierrors 0  oerrors 0  rx_nombuf 0
AWS allowance（本次运行增量）：bw_in_allowance_exceeded=0  bw_out_allowance_exceeded=0  pps_allowance_exceeded=0  conntrack_allowance_exceeded=0  linklocal_allowance_exceeded=0
mbuf：pool 8191，初值 avail 8191（端口启动后 7936），关停后 avail 8191 → 泄漏 0 ✔
退出原因：到达 --duration-sec，停止发送并等在途请求收尾
构建：commit e50c0f882898 · rustc 1.98.1 (48a229cea 2026-09-01) · DPDK 25.11.3 · release
环境：AMD EPYC 9R45 · 内核 6.18.48-107.148.amzn2023.x86_64 · 网卡 0000:28:00.0 驱动 igb_uio（写合并映射：是）· clocksource tsc · rdtscp constant_tsc nonstop_tsc tsc_known_freq
时钟：读一次 rdtscp 平均 17.6 ns（每个被测段恰好含一次）；TSC 读数步长 26 周期 = 10.0 ns（时间戳分辨率，所有时间差都是它的整数倍）；周期→纳秒换算与 CLOCK_MONOTONIC_RAW 相差 +0.0 ppm
