EAL: No free 1048576 kB hugepages reported on node 0
ENA_DRIVER: ena_get_metrics_entries(): 0x6 customer metrics are supported
ENA_DRIVER: ena_rx_queue_release(): Rx queue 0:0 released
ENA_DRIVER: ena_tx_queue_release(): Tx queue 0:0 released

==================== B · raw-ping（手写 busy-poll，无 runtime） ====================
sessions 64  delay 500 µs  duration 5 s (实际 5.00 s)  payload 64 B  timeout 1 µs  TSC 2.600 GHz
sent 616247  received 24814  timeouts 591433  late 591433  in-flight-at-end 0  unexpected 0  foreign 0  tsc-mismatch 0  other 0  arp-replied 0  tx-full 0  no-mbuf 0
对账：sent − received − timeouts − in-flight = 0（应为 0）；丢包 = timeouts = 591433（其中 591433 个迟到收到）
收包对账：rx 616247 − (received + late + unexpected + foreign + tsc-mismatch + other + arp) = 0（应为 0）

metric (ns)                       count      min     mean      p50      p90      p99    p99.9   p99.99        max
in-process ①+②  [排名指标]            24814       70      415      429      490      589      669      761       2330
seg① send  T1−T0                  24814       40      287      310      330      420      450      629       2190
seg② recv  T3−T2                  24814       20      128      120      180      270      340      390        400
end-to-end T3−T0                  24814    27580    75264    76996    94720   104369   109095   111458     113280
seg③ wake→next T0                616247       30     3136     2320     7212    14523    18855    20332      21230
sleep error                      616247        0       16       10       20      240      987     3212       4120
deadline→next T0 (误差+③)          616247       30     3152     2332     7212    14523    18855    20332      21230
  (诊断) seg① 距上次发送<100ns           22146      240      315      310      330      420      450      570        800
  (诊断) seg① 100–250ns                 6      180      200      190      230      230      230      230        230
  (诊断) seg① 250–500ns               115       50       64       50       70      190      230      230        230
  (诊断) seg① 500ns–2µs               191       50       54       50       60       70      150      150        150
  (诊断) seg① ≥2µs                   2356       40       59       50       70      160      280     2184       2190
  (诊断) 维护: rte_timer_manage       49234       20       25       20       30       30       30     1523       3560
  (诊断) 维护: 整个节拍                   49234       50      428      420      700     1030     1270     3704       4990

段① ≥ 125 ns 的样本占 89.498%（段①是两段式分布，它的 p99 落在哪一段只看这个占比在 1% 的哪一边）
rx_burst 包数分布（非空 burst）：1:74.56%  2:17.69%  3:5.19%  4:2.20%  5:0.17%  6:0.10%  7:0.04%  8:0.03%  其余更大的 burst 共 50 次（最大一次 19 个包）
主循环被外部打断：空轮询 > 1 µs 共 1021 次（累计 3.0 ms，最长 19.9 µs）；取包前 > 10 µs 共 5 次（累计 0.1 ms，最长 47.1 µs）
port: ipackets 616247  opackets 1933335688  imissed 0  ierrors 0  oerrors 0  rx_nombuf 0
AWS allowance（本次运行增量）：bw_in_allowance_exceeded=0  bw_out_allowance_exceeded=0  pps_allowance_exceeded=0  conntrack_allowance_exceeded=0  linklocal_allowance_exceeded=0
mbuf：pool 8191，初值 avail 8191（端口启动后 7168），关停后 avail 8191 → 泄漏 0 ✔
退出原因：到达 --duration-sec，停止发送并等在途请求收尾
构建：commit e50c0f882898 · rustc 1.98.1 (48a229cea 2026-09-01) · DPDK 25.11.3 · release
环境：AMD EPYC 9R45 · 内核 6.18.48-107.148.amzn2023.x86_64 · 网卡 0000:28:00.0 驱动 igb_uio（写合并映射：是）· clocksource tsc · rdtscp constant_tsc nonstop_tsc tsc_known_freq
时钟：读一次 rdtscp 平均 17.6 ns（每个被测段恰好含一次）；TSC 读数步长 26 周期 = 10.0 ns（时间戳分辨率，所有时间差都是它的整数倍）；周期→纳秒换算与 CLOCK_MONOTONIC_RAW 相差 +0.0 ppm
