EAL: No free 1048576 kB hugepages reported on node 0
ENA_DRIVER: ena_get_metrics_entries(): 0x6 customer metrics are supported
ENA_DRIVER: ena_rx_queue_release(): Rx queue 0:0 released
ENA_DRIVER: ena_tx_queue_release(): Tx queue 0:0 released

==================== A · async-ping（自研 rt runtime） ====================
sessions 64  delay 500 µs  duration 5 s (实际 5.00 s)  payload 64 B  timeout 1 µs  TSC 2.600 GHz
sent 553902  received 125453  timeouts 428449  late 428449  in-flight-at-end 0  unexpected 0  foreign 0  tsc-mismatch 0  other 0  arp-replied 0  tx-full 0  no-mbuf 0
对账：sent − received − timeouts − in-flight = 0（应为 0）；丢包 = timeouts = 428449（其中 428449 个迟到收到）
收包对账：rx 553902 − (received + late + unexpected + foreign + tsc-mismatch + other + arp) = 0（应为 0）

metric (ns)                       count      min     mean      p50      p90      p99    p99.9   p99.99        max
in-process ①+②  [排名指标]           125453       70      194      180      240      340      420      540       4780
seg① send  T1−T0                 125453       40       55       50       60       80      180      290       4630
seg② recv  T3−T2                 125453       20      138      130      180      280      360      429        570
end-to-end T3−T0                 125453    26510    71312    72270    90781    97476    99840   102006     106700
seg③ wake→next T0                553902       40     2652     1523     7310    12947    16492    18756      21060
sleep error                      553902        0     1036      481     2332     3261     8836    11052      16760
deadline→next T0 (误差+③)          553902       40     3688     2516     9230    14424    17870    19938      22010
  (诊断) seg① 距上次发送<100ns               0        0        0        0        0        0        0        0          0
  (诊断) seg① 100–250ns                 0        0        0        0        0        0        0        0          0
  (诊断) seg① 250–500ns             99616       40       55       50       60       70      170      290       4630
  (诊断) seg① 500ns–2µs              7485       40       55       50       60      140      180      300        300
  (诊断) seg① ≥2µs                  18352       50       57       60       70       80      180      300        340
  (诊断) 维护: rte_timer_manage       49998       20       29       30       30       40       40     1098       3610
  (诊断) 维护: 整个节拍                   49998       50      360      310      749     1049     1258     3107       5630

段① ≥ 125 ns 的样本占 0.558%（段①是两段式分布，它的 p99 落在哪一段只看这个占比在 1% 的哪一边）
rx_burst 包数分布（非空 burst）：1:76.60%  2:17.50%  3:4.34%  4:1.44%  5:0.05%  6:0.03%  7:0.02%  其余更大的 burst 共 54 次（最大一次 14 个包）
主循环被外部打断：空轮询 > 1 µs 共 1003 次（累计 3.0 ms，最长 24.4 µs）；取包前 > 10 µs 共 0 次（累计 0.0 ms，最长 0.0 µs）
port: ipackets 553902  opackets 1933273343  imissed 0  ierrors 0  oerrors 0  rx_nombuf 0
AWS allowance（本次运行增量）：bw_in_allowance_exceeded=0  bw_out_allowance_exceeded=0  pps_allowance_exceeded=0  conntrack_allowance_exceeded=0  linklocal_allowance_exceeded=0
mbuf：pool 8191，初值 avail 8191（端口启动后 7168），关停后 avail 8191 → 泄漏 0 ✔
退出原因：到达 --duration-sec，停止发送并等在途请求收尾
构建：commit e50c0f882898 · rustc 1.98.1 (48a229cea 2026-09-01) · DPDK 25.11.3 · release
环境：AMD EPYC 9R45 · 内核 6.18.48-107.148.amzn2023.x86_64 · 网卡 0000:28:00.0 驱动 igb_uio（写合并映射：是）· clocksource tsc · rdtscp constant_tsc nonstop_tsc tsc_known_freq
时钟：读一次 rdtscp 平均 17.6 ns（每个被测段恰好含一次）；TSC 读数步长 26 周期 = 10.0 ns（时间戳分辨率，所有时间差都是它的整数倍）；周期→纳秒换算与 CLOCK_MONOTONIC_RAW 相差 +0.0 ppm
