EAL: No free 1048576 kB hugepages reported on node 0
ENA_DRIVER: ena_get_metrics_entries(): 0x6 customer metrics are supported
★ 故障注入：发送在启动后 2 秒 ~ 8 秒 之间一律失败（TxFull）
ENA_DRIVER: ena_rx_queue_release(): Rx queue 0:0 released
ENA_DRIVER: ena_tx_queue_release(): Tx queue 0:0 released

==================== A · async-ping（自研 rt runtime） ====================
sessions 64  delay 500 µs  duration 4 s (实际 4.00 s)  payload 64 B  timeout 10000 µs  TSC 2.600 GHz
sent 231334  received 231334  timeouts 0  late 0  in-flight-at-end 0  unexpected 0  foreign 0  tsc-mismatch 0  other 0  arp-replied 0  tx-full 33755062  no-mbuf 0
对账：sent − received − timeouts − in-flight = 0（应为 0）；丢包 = timeouts = 0（其中 0 个迟到收到）
收包对账：rx 231334 − (received + late + unexpected + foreign + tsc-mismatch + other + arp) = 0（应为 0）

metric (ns)                       count      min     mean      p50      p90      p99    p99.9   p99.99        max
in-process ①+②  [排名指标]           231334       60      185      180      220      330      420      561       4360
seg① send  T1−T0                 231334       40       54       50       60       70      180      290       3720
seg② recv  T3−T2                 231334       20      130      120      170      270      350      460       4310
end-to-end T3−T0                 231334    25740    52916    52972    55335    62030   108307   116972     187140
seg③ wake→next T0                231334       40       96       60      310      641      770     1141       4310
sleep error                      231334        0       28       10      110      260      620     3046       4480
deadline→next T0 (误差+③)          231334       50      124       70      410      749     1160     3433       4610
  (诊断) seg① 距上次发送<100ns               0        0        0        0        0        0        0        0          0
  (诊断) seg① 100–250ns                 0        0        0        0        0        0        0        0          0
  (诊断) seg① 250–500ns             35729       40       55       50       60       80      180      290        320
  (诊断) seg① 500ns–2µs            104069       40       54       50       60       70      170      280       3720
  (诊断) seg① ≥2µs                  91536       40       55       50       60       80      190      300       2760
  (诊断) 维护: rte_timer_manage       39845       20       25       20       30       30       30     1203       4000
  (诊断) 维护: 整个节拍                   39845       40      229      210      540      740      883     4049      15520

段① ≥ 125 ns 的样本占 0.656%（段①是两段式分布，它的 p99 落在哪一段只看这个占比在 1% 的哪一边）
rx_burst 包数分布（非空 burst）：1:88.40%  2:10.40%  3:1.15%  4:0.05%  其余更大的 burst 共 2 次（最大一次 6 个包）
主循环被外部打断：空轮询 > 1 µs 共 396 次（累计 1.2 ms，最长 6.6 µs）；取包前 > 10 µs 共 2 次（累计 0.0 ms，最长 22.8 µs）
port: ipackets 231334  opackets 1932950775  imissed 0  ierrors 0  oerrors 0  rx_nombuf 0
AWS allowance（本次运行增量）：bw_in_allowance_exceeded=0  bw_out_allowance_exceeded=0  pps_allowance_exceeded=0  conntrack_allowance_exceeded=0  linklocal_allowance_exceeded=0
mbuf：pool 8191，初值 avail 8191（端口启动后 7168），关停后 avail 8191 → 泄漏 0 ✔
退出原因：到达 --duration-sec，停止发送并等在途请求收尾
构建：commit e50c0f882898 · rustc 1.98.1 (48a229cea 2026-09-01) · DPDK 25.11.3 · release
环境：AMD EPYC 9R45 · 内核 6.18.48-107.148.amzn2023.x86_64 · 网卡 0000:28:00.0 驱动 igb_uio（写合并映射：是）· clocksource tsc · rdtscp constant_tsc nonstop_tsc tsc_known_freq
时钟：读一次 rdtscp 平均 17.7 ns（每个被测段恰好含一次）；TSC 读数步长 26 周期 = 10.0 ns（时间戳分辨率，所有时间差都是它的整数倍）；周期→纳秒换算与 CLOCK_MONOTONIC_RAW 相差 +0.0 ppm
