EAL: No free 1048576 kB hugepages reported on node 0
ENA_DRIVER: ena_get_metrics_entries(): 0x6 customer metrics are supported
★ 故障注入：发送在启动后 2 秒 ~ 8 秒 之间一律失败（TxFull）
ENA_DRIVER: ena_rx_queue_release(): Rx queue 0:0 released
ENA_DRIVER: ena_tx_queue_release(): Tx queue 0:0 released

==================== B · raw-ping（手写 busy-poll，无 runtime） ====================
sessions 64  delay 500 µs  duration 4 s (实际 4.00 s)  payload 64 B  timeout 10000 µs  TSC 2.600 GHz
sent 215612  received 215612  timeouts 0  late 0  in-flight-at-end 0  unexpected 0  foreign 0  tsc-mismatch 0  other 0  arp-replied 0  tx-full 67033455  no-mbuf 0
对账：sent − received − timeouts − in-flight = 0（应为 0）；丢包 = timeouts = 0（其中 0 个迟到收到）
收包对账：rx 215612 − (received + late + unexpected + foreign + tsc-mismatch + other + arp) = 0（应为 0）

metric (ns)                       count      min     mean      p50      p90      p99    p99.9   p99.99        max
in-process ①+②  [排名指标]           215612       60      203      170      320      460      580      730       4470
seg① send  T1−T0                 215612       40       80       50      200      310      370      441       3730
seg② recv  T3−T2                 215612       10      123      110      160      270      360      490       4420
end-to-end T3−T0                 215612    24680    93287    54153   165021   241821   244972   249698     303230
seg③ wake→next T0                215612       20       66       50      130      380      721     1252       3700
sleep error                      215612        0       29       10      110      260      681     6092      23600
deadline→next T0 (误差+③)          215612       30       95       60      230      481      907     6326      23900
  (诊断) seg① 距上次发送<100ns           13566      210      296      290      310      390      441      521        580
  (诊断) seg① 100–250ns             14412      120      204      200      210      300      370      460        970
  (诊断) seg① 250–500ns             11077       40       58       50       60      200      240      310        400
  (诊断) seg① 500ns–2µs            104336       40       54       50       60       80      180      290       3410
  (诊断) seg① ≥2µs                  72221       40       55       50       60       80      180      310       3730
  (诊断) 维护: rte_timer_manage       39766       20       25       20       30       30       30      963       3840
  (诊断) 维护: 整个节拍                   39766       40      203       50      540      870     1221     2615       5000

段① ≥ 125 ns 的样本占 13.757%（段①是两段式分布，它的 p99 落在哪一段只看这个占比在 1% 的哪一边）
rx_burst 包数分布（非空 burst）：1:85.87%  2:12.35%  3:1.63%  4:0.15%  其余更大的 burst 共 1 次（最大一次 7 个包）
主循环被外部打断：空轮询 > 1 µs 共 411 次（累计 1.3 ms，最长 24.1 µs）；取包前 > 10 µs 共 1 次（累计 0.0 ms，最长 14.5 µs）
port: ipackets 215612  opackets 1932935053  imissed 0  ierrors 0  oerrors 0  rx_nombuf 0
AWS allowance（本次运行增量）：bw_in_allowance_exceeded=0  bw_out_allowance_exceeded=0  pps_allowance_exceeded=0  conntrack_allowance_exceeded=0  linklocal_allowance_exceeded=0
mbuf：pool 8191，初值 avail 8191（端口启动后 7168），关停后 avail 8191 → 泄漏 0 ✔
退出原因：到达 --duration-sec，停止发送并等在途请求收尾
构建：commit e50c0f882898 · rustc 1.98.1 (48a229cea 2026-09-01) · DPDK 25.11.3 · release
环境：AMD EPYC 9R45 · 内核 6.18.48-107.148.amzn2023.x86_64 · 网卡 0000:28:00.0 驱动 igb_uio（写合并映射：是）· clocksource tsc · rdtscp constant_tsc nonstop_tsc tsc_known_freq
时钟：读一次 rdtscp 平均 17.7 ns（每个被测段恰好含一次）；TSC 读数步长 26 周期 = 10.0 ns（时间戳分辨率，所有时间差都是它的整数倍）；周期→纳秒换算与 CLOCK_MONOTONIC_RAW 相差 +0.0 ppm
