EAL: No free 1048576 kB hugepages reported on node 0
ENA_DRIVER: ena_get_metrics_entries(): 0x6 customer metrics are supported
★ 故障注入：发送在启动后 2 秒 ~ 结束 之间一律失败（NoMbuf）
ENA_DRIVER: ena_rx_queue_release(): Rx queue 0:0 released
ENA_DRIVER: ena_tx_queue_release(): Tx queue 0:0 released

==================== B · raw-ping（手写 busy-poll，无 runtime） ====================
sessions 64  delay 500 µs  duration 4 s (实际 4.00 s)  payload 64 B  timeout 10000 µs  TSC 2.600 GHz
sent 231214  received 231214  timeouts 0  late 0  in-flight-at-end 0  unexpected 0  foreign 0  tsc-mismatch 0  other 0  arp-replied 0  tx-full 0  no-mbuf 68140813
对账：sent − received − timeouts − in-flight = 0（应为 0）；丢包 = timeouts = 0（其中 0 个迟到收到）
收包对账：rx 231214 − (received + late + unexpected + foreign + tsc-mismatch + other + arp) = 0（应为 0）

metric (ns)                       count      min     mean      p50      p90      p99    p99.9   p99.99        max
in-process ①+②  [排名指标]           231214       60      196      170      310      441      561      690       4250
seg① send  T1−T0                 231214       40       74       50      200      310      330      441       4120
seg② recv  T3−T2                 231214       10      122      110      160      260      350      460       2570
end-to-end T3−T0                 231214    25780    53255    52972    55729    86843   113033   119335     126540
seg③ wake→next T0                231214       20       64       50      130      310      420      761       3790
sleep error                      231214        0       25       10      100      250      570     2849       9060
deadline→next T0 (误差+③)          231214       30       89       60      230      469      809     2935       9120
  (诊断) seg① 距上次发送<100ns            7790      220      297      300      310      410      450     1320       1320
  (诊断) seg① 100–250ns             17213      140      204      200      210      300      360      620        910
  (诊断) seg① 250–500ns             11370       40       60       50       60      200      240      310        330
  (诊断) seg① 500ns–2µs            105800       40       55       50       60       90      180      290       4120
  (诊断) seg① ≥2µs                  89041       40       55       50       60      100      190      290       2490
  (诊断) 维护: rte_timer_manage       39723       20       26       30       30       40       40     2270       3320
  (诊断) 维护: 整个节拍                   39723       40      231      200      530      730      883     3310       3450

段① ≥ 125 ns 的样本占 11.831%（段①是两段式分布，它的 p99 落在哪一段只看这个占比在 1% 的哪一边）
rx_burst 包数分布（非空 burst）：1:87.98%  2:10.72%  3:1.24%  4:0.06%  其余更大的 burst 共 2 次（最大一次 5 个包）
主循环被外部打断：空轮询 > 1 µs 共 390 次（累计 1.2 ms，最长 29.2 µs）；取包前 > 10 µs 共 1 次（累计 0.0 ms，最长 22.7 µs）
port: ipackets 231214  opackets 1932950655  imissed 0  ierrors 0  oerrors 0  rx_nombuf 0
AWS allowance（本次运行增量）：bw_in_allowance_exceeded=0  bw_out_allowance_exceeded=0  pps_allowance_exceeded=0  conntrack_allowance_exceeded=0  linklocal_allowance_exceeded=0
mbuf：pool 8191，初值 avail 8191（端口启动后 7168），关停后 avail 8191 → 泄漏 0 ✔
退出原因：到达 --duration-sec，停止发送并等在途请求收尾
构建：commit e50c0f882898 · rustc 1.98.1 (48a229cea 2026-09-01) · DPDK 25.11.3 · release
环境：AMD EPYC 9R45 · 内核 6.18.48-107.148.amzn2023.x86_64 · 网卡 0000:28:00.0 驱动 igb_uio（写合并映射：是）· clocksource tsc · rdtscp constant_tsc nonstop_tsc tsc_known_freq
时钟：读一次 rdtscp 平均 17.6 ns（每个被测段恰好含一次）；TSC 读数步长 26 周期 = 10.0 ns（时间戳分辨率，所有时间差都是它的整数倍）；周期→纳秒换算与 CLOCK_MONOTONIC_RAW 相差 +0.0 ppm
