EAL: No free 1048576 kB hugepages reported on node 0
ENA_DRIVER: ena_get_metrics_entries(): 0x6 customer metrics are supported
★ 故障注入：发送在启动后 2 秒 ~ 结束 之间一律失败（TxFull）
ENA_DRIVER: ena_rx_queue_release(): Rx queue 0:0 released
ENA_DRIVER: ena_tx_queue_release(): Tx queue 0:0 released

==================== A · async-ping（自研 rt runtime） ====================
sessions 64  delay 500 µs  duration 60 s (实际 3.88 s)  payload 64 B  timeout 10000 µs  TSC 2.600 GHz
sent 230575  received 230575  timeouts 0  late 0  in-flight-at-end 0  unexpected 0  foreign 0  tsc-mismatch 0  other 0  arp-replied 0  tx-full 32386594  no-mbuf 0
对账：sent − received − timeouts − in-flight = 0（应为 0）；丢包 = timeouts = 0（其中 0 个迟到收到）
收包对账：rx 230575 − (received + late + unexpected + foreign + tsc-mismatch + other + arp) = 0（应为 0）

metric (ns)                       count      min     mean      p50      p90      p99    p99.9   p99.99        max
in-process ①+②  [排名指标]           230575       70      185      180      220      330      420      570       4390
seg① send  T1−T0                 230575       40       55       50       60       70      180      300       3460
seg② recv  T3−T2                 230575       20      130      120      170      270      350      469       4330
end-to-end T3−T0                 230575    25110    54755    52972    55729   106732   238670   241821     295820
seg③ wake→next T0                230575       40       94       60      310      481      740     1203       4300
sleep error                      230575        0       27       10      110      260      561     2763       4660
deadline→next T0 (误差+③)          230575       50      121       70      410      740     1160     3107       4770
  (诊断) seg① 距上次发送<100ns               0        0        0        0        0        0        0        0          0
  (诊断) seg① 100–250ns                 0        0        0        0        0        0        0        0          0
  (诊断) seg① 250–500ns             35074       40       55       50       60      140      190      300       3300
  (诊断) seg① 500ns–2µs            105913       40       54       50       60       70      180      290        330
  (诊断) seg① ≥2µs                  89588       40       55       50       60       80      180      310       3460
  (诊断) 维护: rte_timer_manage       38546       20       25       20       30       30       30     1547       3580
  (诊断) 维护: 整个节拍                   38546       50      236      230      540      740      969     3236       9240

段① ≥ 125 ns 的样本占 0.723%（段①是两段式分布，它的 p99 落在哪一段只看这个占比在 1% 的哪一边）
rx_burst 包数分布（非空 burst）：1:88.47%  2:10.39%  3:1.06%  4:0.07%  其余更大的 burst 共 5 次（最大一次 7 个包）
主循环被外部打断：空轮询 > 1 µs 共 393 次（累计 1.2 ms，最长 15.9 µs）；取包前 > 10 µs 共 2 次（累计 0.0 ms，最长 25.1 µs）
port: ipackets 230575  opackets 1932950016  imissed 0  ierrors 0  oerrors 0  rx_nombuf 0
AWS allowance（本次运行增量）：bw_in_allowance_exceeded=0  bw_out_allowance_exceeded=0  pps_allowance_exceeded=0  conntrack_allowance_exceeded=0  linklocal_allowance_exceeded=0
mbuf：pool 8191，初值 avail 8191（端口启动后 7168），关停后 avail 8191 → 泄漏 0 ✔
退出原因：收到 SIGINT/SIGTERM，停止发送并收尾
构建：commit e50c0f882898 · rustc 1.98.1 (48a229cea 2026-09-01) · DPDK 25.11.3 · release
环境：AMD EPYC 9R45 · 内核 6.18.48-107.148.amzn2023.x86_64 · 网卡 0000:28:00.0 驱动 igb_uio（写合并映射：是）· clocksource tsc · rdtscp constant_tsc nonstop_tsc tsc_known_freq
时钟：读一次 rdtscp 平均 17.6 ns（每个被测段恰好含一次）；TSC 读数步长 26 周期 = 10.0 ns（时间戳分辨率，所有时间差都是它的整数倍）；周期→纳秒换算与 CLOCK_MONOTONIC_RAW 相差 +0.0 ppm
