EAL: No free 1048576 kB hugepages reported on node 0
ENA_DRIVER: ena_get_metrics_entries(): 0x6 customer metrics are supported
★ 故障注入：发送在启动后 2 秒 ~ 结束 之间一律失败（TxFull）
ENA_DRIVER: ena_rx_queue_release(): Rx queue 0:0 released
ENA_DRIVER: ena_tx_queue_release(): Tx queue 0:0 released

==================== B · raw-ping（手写 busy-poll，无 runtime） ====================
sessions 64  delay 500 µs  duration 60 s (实际 3.88 s)  payload 64 B  timeout 10000 µs  TSC 2.600 GHz
sent 225709  received 225709  timeouts 0  late 0  in-flight-at-end 0  unexpected 0  foreign 0  tsc-mismatch 0  other 0  arp-replied 0  tx-full 63941875  no-mbuf 0
对账：sent − received − timeouts − in-flight = 0（应为 0）；丢包 = timeouts = 0（其中 0 个迟到收到）
收包对账：rx 225709 − (received + late + unexpected + foreign + tsc-mismatch + other + arp) = 0（应为 0）

metric (ns)                       count      min     mean      p50      p90      p99    p99.9   p99.99        max
in-process ①+②  [排名指标]           225709       60      183      170      230      429      540      709       4500
seg① send  T1−T0                 225709       40       62       50       60      300      320      429       3710
seg② recv  T3−T2                 225709       10      121      110      160      260      340      450       4440
end-to-end T3−T0                 225709    26270    66729    52972    58092   232369   235520   238670     294230
seg③ wake→next T0                225709       30       74       50      140      300      420      761       2450
sleep error                      225709        0       25       10      100      240      601     2750       5390
deadline→next T0 (误差+③)          225709       40       99       60      270      469      821     2824       5450
  (诊断) seg① 距上次发送<100ns            4517      240      305      300      320      420      450      520        520
  (诊断) seg① 100–250ns              3472       60      205      200      210      300      429     3704       3710
  (诊断) seg① 250–500ns             26289       40       54       50       60       80      200      310        320
  (诊断) seg① 500ns–2µs            106125       40       54       50       60       70      180      270       2610
  (诊断) seg① ≥2µs                  85306       40       55       50       60       80      180      290       2700
  (诊断) 维护: rte_timer_manage       38542       20       26       30       30       40       40      749       3280
  (诊断) 维护: 整个节拍                   38542       40      225       60      530      770      932     3630       4390

段① ≥ 125 ns 的样本占 4.131%（段①是两段式分布，它的 p99 落在哪一段只看这个占比在 1% 的哪一边）
rx_burst 包数分布（非空 burst）：1:88.22%  2:10.85%  3:0.87%  4:0.06%  其余更大的 burst 共 1 次（最大一次 6 个包）
主循环被外部打断：空轮询 > 1 µs 共 397 次（累计 1.1 ms，最长 23.2 µs）；取包前 > 10 µs 共 0 次（累计 0.0 ms，最长 0.0 µs）
port: ipackets 225709  opackets 1932945150  imissed 0  ierrors 0  oerrors 0  rx_nombuf 0
AWS allowance（本次运行增量）：bw_in_allowance_exceeded=0  bw_out_allowance_exceeded=0  pps_allowance_exceeded=0  conntrack_allowance_exceeded=0  linklocal_allowance_exceeded=0
mbuf：pool 8191，初值 avail 8191（端口启动后 7168），关停后 avail 8191 → 泄漏 0 ✔
退出原因：收到 SIGINT/SIGTERM，停止发送并收尾
构建：commit e50c0f882898 · rustc 1.98.1 (48a229cea 2026-09-01) · DPDK 25.11.3 · release
环境：AMD EPYC 9R45 · 内核 6.18.48-107.148.amzn2023.x86_64 · 网卡 0000:28:00.0 驱动 igb_uio（写合并映射：是）· clocksource tsc · rdtscp constant_tsc nonstop_tsc tsc_known_freq
时钟：读一次 rdtscp 平均 17.7 ns（每个被测段恰好含一次）；TSC 读数步长 26 周期 = 10.0 ns（时间戳分辨率，所有时间差都是它的整数倍）；周期→纳秒换算与 CLOCK_MONOTONIC_RAW 相差 +0.0 ppm
