EAL: No free 1048576 kB hugepages reported on node 0
ENA_DRIVER: ena_get_metrics_entries(): 0x6 customer metrics are supported
★ 故障注入：发送在启动后 2 秒 ~ 结束 之间一律失败（TxFull）
ENA_DRIVER: ena_rx_queue_release(): Rx queue 0:0 released
ENA_DRIVER: ena_tx_queue_release(): Tx queue 0:0 released

==================== B · raw-ping（手写 busy-poll，无 runtime） ====================
sessions 64  delay 500 µs  duration 4 s (实际 4.00 s)  payload 64 B  timeout 10000 µs  TSC 2.600 GHz
sent 231274  received 231274  timeouts 0  late 0  in-flight-at-end 0  unexpected 0  foreign 0  tsc-mismatch 0  other 0  arp-replied 0  tx-full 67887300  no-mbuf 0
对账：sent − received − timeouts − in-flight = 0（应为 0）；丢包 = timeouts = 0（其中 0 个迟到收到）
收包对账：rx 231274 − (received + late + unexpected + foreign + tsc-mismatch + other + arp) = 0（应为 0）

metric (ns)                       count      min     mean      p50      p90      p99    p99.9   p99.99        max
in-process ①+②  [排名指标]           231274       60      182      170      230      429      530      641       4190
seg① send  T1−T0                 231274       40       61       50       60      300      320      429       3960
seg② recv  T3−T2                 231274       10      121      110      160      260      340      441       4140
end-to-end T3−T0                 231274    25650    53101    52972    55335    75027   111458   120123     191730
seg③ wake→next T0                231274       30       75       50      140      380      490      858       4200
sleep error                      231274        0       26       10      100      250      570     3433      15990
deadline→next T0 (误差+③)          231274       30      101       60      290      481      821     3852      16050
  (诊断) seg① 距上次发送<100ns            4834      230      305      300      310      401      441     3820       3820
  (诊断) seg① 100–250ns              3021      150      199      200      210      230      340      440        440
  (诊断) seg① 250–500ns             27030       40       55       50       60      140      200      300       3960
  (诊断) seg① 500ns–2µs            105564       40       54       50       60       70      180      290        370
  (诊断) seg① ≥2µs                  90825       40       54       50       60       70      180      290       2710
  (诊断) 维护: rte_timer_manage       39731       20       25       20       30       30       30      709       3870
  (诊断) 维护: 整个节拍                   39731       40      227      200      521      740      907     2024       4540

段① ≥ 125 ns 的样本占 4.005%（段①是两段式分布，它的 p99 落在哪一段只看这个占比在 1% 的哪一边）
rx_burst 包数分布（非空 burst）：1:88.42%  2:10.43%  3:1.08%  4:0.06%  其余更大的 burst 共 1 次（最大一次 5 个包）
主循环被外部打断：空轮询 > 1 µs 共 388 次（累计 1.2 ms，最长 6.5 µs）；取包前 > 10 µs 共 1 次（累计 0.0 ms，最长 22.5 µs）
port: ipackets 231274  opackets 1932950715  imissed 0  ierrors 0  oerrors 0  rx_nombuf 0
AWS allowance（本次运行增量）：bw_in_allowance_exceeded=0  bw_out_allowance_exceeded=0  pps_allowance_exceeded=0  conntrack_allowance_exceeded=0  linklocal_allowance_exceeded=0
mbuf：pool 8191，初值 avail 8191（端口启动后 7168），关停后 avail 8191 → 泄漏 0 ✔
退出原因：到达 --duration-sec，停止发送并等在途请求收尾
构建：commit e50c0f882898 · rustc 1.98.1 (48a229cea 2026-09-01) · DPDK 25.11.3 · release
环境：AMD EPYC 9R45 · 内核 6.18.48-107.148.amzn2023.x86_64 · 网卡 0000:28:00.0 驱动 igb_uio（写合并映射：是）· clocksource tsc · rdtscp constant_tsc nonstop_tsc tsc_known_freq
时钟：读一次 rdtscp 平均 17.6 ns（每个被测段恰好含一次）；TSC 读数步长 26 周期 = 10.0 ns（时间戳分辨率，所有时间差都是它的整数倍）；周期→纳秒换算与 CLOCK_MONOTONIC_RAW 相差 +0.0 ppm
