[1;34m[11:53:45][0m 运行 A（async-ping）--delay-us 500 --duration-sec 20 --progress-sec 0 --json logs/tmp/bisect3/A-m2-3.json  → /dev/null
EAL: No free 1048576 kB hugepages reported on node 0
ENA_DRIVER: ena_get_metrics_entries(): 0x6 customer metrics are supported
ENA_DRIVER: ena_rx_queue_release(): Rx queue 0:0 released
ENA_DRIVER: ena_tx_queue_release(): Tx queue 0:0 released

==================== A · async-ping（自研 rt runtime） ====================
sessions 64  delay 500 µs  duration 20 s (实际 20.00 s)  payload 64 B  timeout 10000 µs  TSC 2.600 GHz
sent 2312264  received 2312264  timeouts 0  late 0  in-flight-at-end 0  unexpected 0  foreign 0  tsc-mismatch 0  other 0  arp-replied 1  tx-full 0  no-mbuf 0
对账：sent − received − timeouts − in-flight = 0（应为 0）；丢包 = timeouts = 0（其中 0 个迟到收到）
收包对账：rx 2312265 − (received + late + unexpected + foreign + other + arp) = 0（应为 0）

metric (ns)                       count      min     mean      p50      p90      p99    p99.9   p99.99        max
in-process ①+②  [排名指标]          2312264       60      192      180      240      370      490      610      29100
seg① send  T1−T0                2312264       40       59       50       60      230      350      370      28950
seg② recv  T3−T2                2312264       20      133      120      180      270      340      450      15800
end-to-end T3−T0                2312264    24850    53453    52972    55729    94720   158720   174473     307710
seg③ wake→next T0               2312264       40       94       60      300      481      730     1283       5620
sleep error                     2312264        0       27       10      110      270      650     3212      83670
deadline→next T0 (误差+③)         2312264       40      121       70      401      740     1160     3581      84060
  (诊断) seg① 距上次发送<100ns               0        0        0        0        0        0        0        0          0
  (诊断) seg① 100–250ns              5506       40       98       60      240      250      350      500        500
  (诊断) seg① 250–500ns            331433       40       57       50       60      220      240      300       3350
  (诊断) seg① 500ns–2µs           1053772       40       57       50       60      230      240      360      28950
  (诊断) seg① ≥2µs                 921553       40       61       50       60      240      360      370      21620
  (诊断) 维护: rte_timer_manage      199972       20       30       30       30       40       40      858       3810
  (诊断) 维护: 整个节拍                  199972       50      415      370      610      780      938     3556      28890

段① ≥ 125 ns 的样本占 2.441%（段①是两段式分布，它的 p99 落在哪一段只看这个占比在 1% 的哪一边）
rx_burst 包数分布（非空 burst）：1:89.03%  2:9.88%  3:1.04%  4:0.05%  其余更大的 burst 共 46 次（最大一次 12 个包）
主循环被外部打断：空轮询 > 1 µs 共 3961 次（累计 11.9 ms，最长 17.3 µs）；取包前 > 10 µs 共 14 次（累计 0.3 ms，最长 133.9 µs）
port: ipackets 2312265  opackets 1935031706  imissed 0  ierrors 0  oerrors 0  rx_nombuf 0
AWS allowance（本次运行增量）：bw_in_allowance_exceeded=0  bw_out_allowance_exceeded=0  pps_allowance_exceeded=0  conntrack_allowance_exceeded=0  linklocal_allowance_exceeded=0
mbuf：pool 8191，初值 avail 8191（端口启动后 7168），关停后 avail 8191 → 泄漏 0 ✔
退出原因：到达 --duration-sec，停止发送并等在途请求收尾
构建：commit 2e781cd5192a（构建时源码有未提交改动） · rustc 1.98.1 (48a229cea 2026-09-01) · DPDK 25.11.3 · release
环境：AMD EPYC 9R45 · 内核 6.18.48-107.148.amzn2023.x86_64 · 网卡 0000:28:00.0 驱动 igb_uio（写合并映射：是）· clocksource tsc · rdtscp constant_tsc nonstop_tsc tsc_known_freq
时钟：读一次 rdtscp 平均 17.6 ns（每个被测段恰好含一次）；TSC 读数步长 26 周期 = 10.0 ns（时间戳分辨率，所有时间差都是它的整数倍）；周期→纳秒换算与 CLOCK_MONOTONIC_RAW 相差 +0.0 ppm
[1;34m[11:54:05][0m 退出码 0；报告：（由调用者指定）
