[1;34m[11:47:42][0m 运行 A（async-ping）--delay-us 500 --duration-sec 20 --progress-sec 0 --json logs/tmp/bisect3/A-m2-1.json  → /dev/null
EAL: No free 1048576 kB hugepages reported on node 0
ENA_DRIVER: ena_get_metrics_entries(): 0x6 customer metrics are supported
ENA_DRIVER: ena_rx_queue_release(): Rx queue 0:0 released
ENA_DRIVER: ena_tx_queue_release(): Tx queue 0:0 released

==================== A · async-ping（自研 rt runtime） ====================
sessions 64  delay 500 µs  duration 20 s (实际 20.00 s)  payload 64 B  timeout 10000 µs  TSC 2.600 GHz
sent 2070395  received 2070395  timeouts 0  late 0  in-flight-at-end 0  unexpected 0  foreign 0  tsc-mismatch 0  other 0  arp-replied 0  tx-full 0  no-mbuf 0
对账：sent − received − timeouts − in-flight = 0（应为 0）；丢包 = timeouts = 0（其中 0 个迟到收到）
收包对账：rx 2070395 − (received + late + unexpected + foreign + other + arp) = 0（应为 0）

metric (ns)                       count      min     mean      p50      p90      p99    p99.9   p99.99        max
in-process ①+②  [排名指标]          2070395       60      195      180      250      380      509      650       5390
seg① send  T1−T0                2070395       40       59       50       60      240      360      380       5280
seg② recv  T3−T2                2070395       20      136      130      180      280      360      490       4710
end-to-end T3−T0                2070395    24670   118099   157932   162658   166596   230793   238670     305130
seg③ wake→next T0               2070395       40      116       60      310      700     1098     1704      15000
sleep error                     2070395        0       33       10      110      270      681     3095      33770
deadline→next T0 (误差+③)         2070395       50      148       70      420      780     1190     3950      33920
  (诊断) seg① 距上次发送<100ns               0        0        0        0        0        0        0        0          0
  (诊断) seg① 100–250ns              4305       40      114       60      240      250      350      520        520
  (诊断) seg① 250–500ns            451217       40       56       50       60      160      240      310       5280
  (诊断) seg① 500ns–2µs           1058723       40       56       50       60      220      240      350       4060
  (诊断) seg① ≥2µs                 556150       40       68       50       70      350      370      390       4030
  (诊断) 维护: rte_timer_manage      199976       20       26       30       30       40       40      932       3350
  (诊断) 维护: 整个节拍                  199976       40      342      300      721      920     1049     3083       8240

段① ≥ 125 ns 的样本占 2.833%（段①是两段式分布，它的 p99 落在哪一段只看这个占比在 1% 的哪一边）
rx_burst 包数分布（非空 burst）：1:82.34%  2:15.18%  3:2.33%  4:0.15%  其余更大的 burst 共 41 次（最大一次 27 个包）
主循环被外部打断：空轮询 > 1 µs 共 4215 次（累计 12.6 ms，最长 21.6 µs）；取包前 > 10 µs 共 5 次（累计 0.1 ms，最长 35.9 µs）
port: ipackets 2070395  opackets 1934789836  imissed 0  ierrors 0  oerrors 0  rx_nombuf 0
AWS allowance（本次运行增量）：bw_in_allowance_exceeded=0  bw_out_allowance_exceeded=0  pps_allowance_exceeded=0  conntrack_allowance_exceeded=0  linklocal_allowance_exceeded=0
mbuf：pool 8191，初值 avail 8191（端口启动后 7168），关停后 avail 8191 → 泄漏 0 ✔
退出原因：到达 --duration-sec，停止发送并等在途请求收尾
构建：commit 2e781cd5192a（构建时源码有未提交改动） · rustc 1.98.1 (48a229cea 2026-09-01) · DPDK 25.11.3 · release
环境：AMD EPYC 9R45 · 内核 6.18.48-107.148.amzn2023.x86_64 · 网卡 0000:28:00.0 驱动 igb_uio（写合并映射：是）· clocksource tsc · rdtscp constant_tsc nonstop_tsc tsc_known_freq
时钟：读一次 rdtscp 平均 17.8 ns（每个被测段恰好含一次）；TSC 读数步长 26 周期 = 10.0 ns（时间戳分辨率，所有时间差都是它的整数倍）；周期→纳秒换算与 CLOCK_MONOTONIC_RAW 相差 +0.1 ppm
[1;34m[11:48:02][0m 退出码 0；报告：（由调用者指定）
