[1;34m[11:54:26][0m 运行 A（async-ping）--delay-us 500 --duration-sec 20 --progress-sec 0 --json logs/tmp/bisect3/A-v4-3.json  → /dev/null
EAL: No free 1048576 kB hugepages reported on node 0
ENA_DRIVER: ena_get_metrics_entries(): 0x6 customer metrics are supported
ENA_DRIVER: ena_rx_queue_release(): Rx queue 0:0 released
ENA_DRIVER: ena_tx_queue_release(): Tx queue 0:0 released

==================== A · async-ping（自研 rt runtime） ====================
sessions 64  delay 500 µs  duration 20 s (实际 20.00 s)  payload 64 B  timeout 10000 µs  TSC 2.600 GHz
sent 2302763  received 2302763  timeouts 0  late 0  in-flight-at-end 0  unexpected 0  foreign 0  tsc-mismatch 0  other 0  arp-replied 0  tx-full 0  no-mbuf 0
对账：sent − received − timeouts − in-flight = 0（应为 0）；丢包 = timeouts = 0（其中 0 个迟到收到）
收包对账：rx 2302763 − (received + late + unexpected + foreign + tsc-mismatch + other + arp) = 0（应为 0）

metric (ns)                       count      min     mean      p50      p90      p99    p99.9   p99.99        max
in-process ①+②  [排名指标]          2302763       60      191      180      240      370      490      620      15870
seg① send  T1−T0                2302763       40       58       50       60      240      360      380       4780
seg② recv  T3−T2                2302763       20      133      120      170      270      350      441      15820
end-to-end T3−T0                2302763    25150    55735    52972    55729   227643   235520   249698     304630
seg③ wake→next T0               2302763       40       95       60      300      481      740     1289       5140
sleep error                     2302763        0       27       10      110      270      601     3058      28890
deadline→next T0 (误差+③)         2302763       40      122       70      401      740     1160     3532      28980
  (诊断) seg① 距上次发送<100ns               0        0        0        0        0        0        0        0          0
  (诊断) seg① 100–250ns              5086       40      112       60      240      260      360      440        440
  (诊断) seg① 250–500ns            339353       40       57       50       60      210      250      320       4330
  (诊断) seg① 500ns–2µs           1066686       40       57       50       60      230      250      360       4380
  (诊断) seg① ≥2µs                 891638       40       60       50       60      240      360      380       4780
  (诊断) 维护: rte_timer_manage      199972       20       30       30       40       40       40     1061       3630
  (诊断) 维护: 整个节拍                  199972       50      411      370      620      809     1018     3236      16300

段① ≥ 125 ns 的样本占 2.186%（段①是两段式分布，它的 p99 落在哪一段只看这个占比在 1% 的哪一边）
rx_burst 包数分布（非空 burst）：1:88.71%  2:10.18%  3:1.05%  4:0.05%  其余更大的 burst 共 31 次（最大一次 13 个包）
主循环被外部打断：空轮询 > 1 µs 共 3961 次（累计 12.1 ms，最长 31.4 µs）；取包前 > 10 µs 共 10 次（累计 0.2 ms，最长 18.9 µs）
port: ipackets 2302763  opackets 1935022204  imissed 0  ierrors 0  oerrors 0  rx_nombuf 0
AWS allowance（本次运行增量）：bw_in_allowance_exceeded=0  bw_out_allowance_exceeded=0  pps_allowance_exceeded=0  conntrack_allowance_exceeded=0  linklocal_allowance_exceeded=0
mbuf：pool 8191，初值 avail 8191（端口启动后 7168），关停后 avail 8191 → 泄漏 0 ✔
退出原因：到达 --duration-sec，停止发送并等在途请求收尾
构建：commit 1da94bfa9a14 · rustc 1.98.1 (48a229cea 2026-09-01) · DPDK 25.11.3 · release
环境：AMD EPYC 9R45 · 内核 6.18.48-107.148.amzn2023.x86_64 · 网卡 0000:28:00.0 驱动 igb_uio（写合并映射：是）· clocksource tsc · rdtscp constant_tsc nonstop_tsc tsc_known_freq
时钟：读一次 rdtscp 平均 17.6 ns（每个被测段恰好含一次）；TSC 读数步长 26 周期 = 10.0 ns（时间戳分辨率，所有时间差都是它的整数倍）；周期→纳秒换算与 CLOCK_MONOTONIC_RAW 相差 +0.1 ppm
[1;34m[11:54:46][0m 退出码 0；报告：（由调用者指定）
