[1;34m[11:51:24][0m 运行 A（async-ping）--delay-us 500 --duration-sec 20 --progress-sec 0 --json logs/tmp/bisect3/A-v4-2.json  → /dev/null
EAL: No free 1048576 kB hugepages reported on node 0
ENA_DRIVER: ena_get_metrics_entries(): 0x6 customer metrics are supported
ENA_DRIVER: ena_rx_queue_release(): Rx queue 0:0 released
ENA_DRIVER: ena_tx_queue_release(): Tx queue 0:0 released

==================== A · async-ping（自研 rt runtime） ====================
sessions 64  delay 500 µs  duration 20 s (实际 20.00 s)  payload 64 B  timeout 10000 µs  TSC 2.600 GHz
sent 2306624  received 2306624  timeouts 0  late 0  in-flight-at-end 0  unexpected 0  foreign 0  tsc-mismatch 0  other 0  arp-replied 0  tx-full 0  no-mbuf 0
对账：sent − received − timeouts − in-flight = 0（应为 0）；丢包 = timeouts = 0（其中 0 个迟到收到）
收包对账：rx 2306624 − (received + late + unexpected + foreign + tsc-mismatch + other + arp) = 0（应为 0）

metric (ns)                       count      min     mean      p50      p90      p99    p99.9   p99.99        max
in-process ①+②  [排名指标]          2306624       70      190      180      230      370      490      601       6650
seg① send  T1−T0                2306624       40       58       50       60      230      360      370       4490
seg② recv  T3−T2                2306624       20      132      120      170      270      340      450       6600
end-to-end T3−T0                2306624    25710    54804    52972    55729   108307   232369   243396     306480
seg③ wake→next T0               2306624       40       94       60      300      490      740     1307       7170
sleep error                     2306624        0       28       10      110      260      629     3083      25660
deadline→next T0 (误差+③)         2306624       40      123       70      410      740     1160     3507      25760
  (诊断) seg① 距上次发送<100ns               0        0        0        0        0        0        0        0          0
  (诊断) seg① 100–250ns              3711       50       78       50      240      250      360      420        420
  (诊断) seg① 250–500ns            337036       40       57       50       60      170      250      300       4200
  (诊断) seg① 500ns–2µs           1073937       40       57       50       60      230      250      360       4320
  (诊断) seg① ≥2µs                 891940       40       60       50       60      240      360      380       4490
  (诊断) 维护: rte_timer_manage      199971       20       25       20       30       30       40     1061       3420
  (诊断) 维护: 整个节拍                  199971       40      409      370      620      809     1012     3095      20840

段① ≥ 125 ns 的样本占 1.947%（段①是两段式分布，它的 p99 落在哪一段只看这个占比在 1% 的哪一边）
rx_burst 包数分布（非空 burst）：1:88.76%  2:10.11%  3:1.07%  4:0.05%  其余更大的 burst 共 46 次（最大一次 17 个包）
主循环被外部打断：空轮询 > 1 µs 共 3957 次（累计 12.0 ms，最长 30.3 µs）；取包前 > 10 µs 共 13 次（累计 0.2 ms，最长 16.0 µs）
port: ipackets 2306624  opackets 1935026065  imissed 0  ierrors 0  oerrors 0  rx_nombuf 0
AWS allowance（本次运行增量）：bw_in_allowance_exceeded=0  bw_out_allowance_exceeded=0  pps_allowance_exceeded=0  conntrack_allowance_exceeded=0  linklocal_allowance_exceeded=0
mbuf：pool 8191，初值 avail 8191（端口启动后 7168），关停后 avail 8191 → 泄漏 0 ✔
退出原因：到达 --duration-sec，停止发送并等在途请求收尾
构建：commit 1da94bfa9a14 · rustc 1.98.1 (48a229cea 2026-09-01) · DPDK 25.11.3 · release
环境：AMD EPYC 9R45 · 内核 6.18.48-107.148.amzn2023.x86_64 · 网卡 0000:28:00.0 驱动 igb_uio（写合并映射：是）· clocksource tsc · rdtscp constant_tsc nonstop_tsc tsc_known_freq
时钟：读一次 rdtscp 平均 17.6 ns（每个被测段恰好含一次）；TSC 读数步长 26 周期 = 10.0 ns（时间戳分辨率，所有时间差都是它的整数倍）；周期→纳秒换算与 CLOCK_MONOTONIC_RAW 相差 +0.1 ppm
[1;34m[11:51:44][0m 退出码 0；报告：（由调用者指定）
