[1;34m[11:48:42][0m 运行 B（raw-ping）--delay-us 500 --duration-sec 20 --progress-sec 0 --json logs/tmp/bisect3/B-m1r2-2.json  → /dev/null
EAL: No free 1048576 kB hugepages reported on node 0
ENA_DRIVER: ena_get_metrics_entries(): 0x6 customer metrics are supported
ENA_DRIVER: ena_rx_queue_release(): Rx queue 0:0 released
ENA_DRIVER: ena_tx_queue_release(): Tx queue 0:0 released

==================== B · raw-ping（手写 busy-poll，无 runtime） ====================
sessions 64  delay 500 µs  duration 20 s (实际 20.00 s)  payload 64 B  timeout 10000 µs  TSC 2.600 GHz
sent 2004186  received 2004186  timeouts 0  late 0  in-flight-at-end 0  unexpected 0  foreign 0  tsc-mismatch 0  other 0  arp-replied 0  tx-full 0  no-mbuf 0
对账：sent − received − timeouts − in-flight = 0（应为 0）；丢包 = timeouts = 0（其中 0 个迟到收到）
收包对账：rx 2004186 − (received + late + unexpected + foreign + other + arp) = 0（应为 0）

metric (ns)                       count      min     mean      p50      p90      p99    p99.9   p99.99        max
in-process ①+②  [排名指标]          2004186       50      190      170      250      441      561      681      15600
seg① send  T1−T0                2004186       40       64       50       60      310      320      429       5130
seg② recv  T3−T2                2004186       10      126      120      170      270      350      450      15540
end-to-end T3−T0                2004186    24340   138532   159507   162658   166596   174473   232369     303010
seg③ wake→next T0               2004186       30       99       50      290      401      749     1098       4430
sleep error                     2004186        0       31       10      110      250      610     2763       6780
deadline→next T0 (误差+③)         2004186       30      130       60      401      530      963     3083       6840
  (诊断) seg① 距上次发送<100ns           81417       60      301      300      310      330      441      620       3910
  (诊断) seg① 100–250ns               147       50      191      190      210      310      770      770        770
  (诊断) seg① 250–500ns            397759       40       54       50       60       70      170      280       4600
  (诊断) seg① 500ns–2µs           1069869       40       53       50       60       70      160      250       5130
  (诊断) seg① ≥2µs                 454994       40       54       50       60       70      170      270       4300
  (诊断) 维护: rte_timer_manage      199969       20       25       20       30       30       40      790       3520
  (诊断) 维护: 整个节拍                  199969       40      289      250      629      809      969     2110       5260

段① ≥ 125 ns 的样本占 4.348%（段①是两段式分布，它的 p99 落在哪一段只看这个占比在 1% 的哪一边）
rx_burst 包数分布（非空 burst）：1:80.29%  2:16.66%  3:2.76%  4:0.29%  其余更大的 burst 共 48 次（最大一次 11 个包）
主循环被外部打断：空轮询 > 1 µs 共 4263 次（累计 12.5 ms，最长 15.7 µs）；取包前 > 10 µs 共 3 次（累计 0.0 ms，最长 23.1 µs）
port: ipackets 2004186  opackets 1934723627  imissed 0  ierrors 0  oerrors 0  rx_nombuf 0
AWS allowance（本次运行增量）：bw_in_allowance_exceeded=0  bw_out_allowance_exceeded=0  pps_allowance_exceeded=0  conntrack_allowance_exceeded=0  linklocal_allowance_exceeded=0
mbuf：pool 8191，初值 avail 8191（端口启动后 7168），关停后 avail 8191 → 泄漏 0 ✔
退出原因：到达 --duration-sec，停止发送并等在途请求收尾
构建：commit 2e781cd5192a（构建时源码有未提交改动） · rustc 1.98.1 (48a229cea 2026-09-01) · DPDK 25.11.3 · release
环境：AMD EPYC 9R45 · 内核 6.18.48-107.148.amzn2023.x86_64 · 网卡 0000:28:00.0 驱动 igb_uio（写合并映射：是）· clocksource tsc · rdtscp constant_tsc nonstop_tsc tsc_known_freq
时钟：读一次 rdtscp 平均 17.7 ns（每个被测段恰好含一次）；TSC 读数步长 26 周期 = 10.0 ns（时间戳分辨率，所有时间差都是它的整数倍）；周期→纳秒换算与 CLOCK_MONOTONIC_RAW 相差 +0.0 ppm
[1;34m[11:49:03][0m 退出码 0；报告：（由调用者指定）
