[1;34m[11:53:25][0m 运行 B（raw-ping）--delay-us 500 --duration-sec 20 --progress-sec 0 --json logs/tmp/bisect3/B-m1r2-3.json  → /dev/null
EAL: No free 1048576 kB hugepages reported on node 0
ENA_DRIVER: ena_get_metrics_entries(): 0x6 customer metrics are supported
ENA_DRIVER: ena_rx_queue_release(): Rx queue 0:0 released
ENA_DRIVER: ena_tx_queue_release(): Tx queue 0:0 released

==================== B · raw-ping（手写 busy-poll，无 runtime） ====================
sessions 64  delay 500 µs  duration 20 s (实际 20.00 s)  payload 64 B  timeout 10000 µs  TSC 2.600 GHz
sent 1947772  received 1947772  timeouts 0  late 0  in-flight-at-end 0  unexpected 0  foreign 0  tsc-mismatch 0  other 0  arp-replied 0  tx-full 0  no-mbuf 0
对账：sent − received − timeouts − in-flight = 0（应为 0）；丢包 = timeouts = 0（其中 0 个迟到收到）
收包对账：rx 1947772 − (received + late + unexpected + foreign + other + arp) = 0（应为 0）

metric (ns)                       count      min     mean      p50      p90      p99    p99.9   p99.99        max
in-process ①+②  [排名指标]          1947772       50      190      170      250      450      561      681       7490
seg① send  T1−T0                1947772       40       65       50       70      310      320      420       7040
seg② recv  T3−T2                1947772       10      125      120      170      270      360      450       7440
end-to-end T3−T0                1947772    27490   157030   160295   163446   166596   175261   232369     303390
seg③ wake→next T0               1947772       30      105       50      290      401      749     1209      15290
sleep error                     1947772        0       33       10      110      260      669     3236      15580
deadline→next T0 (误差+③)         1947772       30      138       60      401      580     1000     3556      15640
  (诊断) seg① 距上次发送<100ns           86540      220      302      300      320      330      429      981       3940
  (诊断) seg① 100–250ns               192       50      193      190      220      350      380      380        380
  (诊断) seg① 250–500ns            422332       40       54       50       60       70      170      270       3520
  (诊断) seg① 500ns–2µs           1075472       40       53       50       60       70      160      270       7040
  (诊断) seg① ≥2µs                 363236       40       54       50       60       70      170      280       5310
  (诊断) 维护: rte_timer_manage      199972       20       25       20       30       30       30     1000       3630
  (诊断) 维护: 整个节拍                  199972       40      267       60      629      821      969     2356      15840

段① ≥ 125 ns 的样本占 4.779%（段①是两段式分布，它的 p99 落在哪一段只看这个占比在 1% 的哪一边）
rx_burst 包数分布（非空 burst）：1:77.98%  2:18.41%  3:3.27%  4:0.32%  其余更大的 burst 共 57 次（最大一次 17 个包）
主循环被外部打断：空轮询 > 1 µs 共 4315 次（累计 12.9 ms，最长 22.7 µs）；取包前 > 10 µs 共 2 次（累计 0.0 ms，最长 15.9 µs）
port: ipackets 1947772  opackets 1934667213  imissed 0  ierrors 0  oerrors 0  rx_nombuf 0
AWS allowance（本次运行增量）：bw_in_allowance_exceeded=0  bw_out_allowance_exceeded=0  pps_allowance_exceeded=0  conntrack_allowance_exceeded=0  linklocal_allowance_exceeded=0
mbuf：pool 8191，初值 avail 8191（端口启动后 7168），关停后 avail 8191 → 泄漏 0 ✔
退出原因：到达 --duration-sec，停止发送并等在途请求收尾
构建：commit 2e781cd5192a（构建时源码有未提交改动） · rustc 1.98.1 (48a229cea 2026-09-01) · DPDK 25.11.3 · release
环境：AMD EPYC 9R45 · 内核 6.18.48-107.148.amzn2023.x86_64 · 网卡 0000:28:00.0 驱动 igb_uio（写合并映射：是）· clocksource tsc · rdtscp constant_tsc nonstop_tsc tsc_known_freq
时钟：读一次 rdtscp 平均 17.6 ns（每个被测段恰好含一次）；TSC 读数步长 26 周期 = 10.0 ns（时间戳分辨率，所有时间差都是它的整数倍）；周期→纳秒换算与 CLOCK_MONOTONIC_RAW 相差 +0.0 ppm
[1;34m[11:53:45][0m 退出码 0；报告：（由调用者指定）
