[1;34m[11:49:03][0m 运行 B（raw-ping）--delay-us 500 --duration-sec 20 --progress-sec 0 --json logs/tmp/bisect3/B-m2-2.json  → /dev/null
EAL: No free 1048576 kB hugepages reported on node 0
ENA_DRIVER: ena_get_metrics_entries(): 0x6 customer metrics are supported
ENA_DRIVER: ena_rx_queue_release(): Rx queue 0:0 released
ENA_DRIVER: ena_tx_queue_release(): Tx queue 0:0 released

==================== B · raw-ping（手写 busy-poll，无 runtime） ====================
sessions 64  delay 500 µs  duration 20 s (实际 20.00 s)  payload 64 B  timeout 10000 µs  TSC 2.600 GHz
sent 2295190  received 2295190  timeouts 0  late 0  in-flight-at-end 0  unexpected 0  foreign 0  tsc-mismatch 0  other 0  arp-replied 0  tx-full 0  no-mbuf 0
对账：sent − received − timeouts − in-flight = 0（应为 0）；丢包 = timeouts = 0（其中 0 个迟到收到）
收包对账：rx 2295190 − (received + late + unexpected + foreign + other + arp) = 0（应为 0）

metric (ns)                       count      min     mean      p50      p90      p99    p99.9   p99.99        max
in-process ①+②  [排名指标]          2295190       60      205      170      380      481      580      721      15810
seg① send  T1−T0                2295190       40       80       50      270      310      410      441       6440
seg② recv  T3−T2                2295190       10      124      110      170      260      340      441      15750
end-to-end T3−T0                2295190    25590    57612    52972    56910   161870   238670   249698     316620
seg③ wake→next T0               2295190       20       54       50       60      300      420      883       5080
sleep error                     2295190        0       25       10      100      240      580     3310      35580
deadline→next T0 (误差+③)         2295190       20       79       60      160      441      821     3483      35640
  (诊断) seg① 距上次发送<100ns          247105      140      292      290      310      410      429     1061       6440
  (诊断) seg① 100–250ns              5551       90      239      260      270      370      500     2920       2920
  (诊断) seg① 250–500ns             89798       40       54       50       60       70      170      270       2340
  (诊断) seg① 500ns–2µs           1059822       40       54       50       60       70      160      250       4860
  (诊断) seg① ≥2µs                 892914       40       55       50       60       70      160      240       4380
  (诊断) 维护: rte_timer_manage      199967       20       30       30       40       40       40      932       5240
  (诊断) 维护: 整个节拍                  199967       40      402      370      610      790     1000     3236       8670

段① ≥ 125 ns 的样本占 11.232%（段①是两段式分布，它的 p99 落在哪一段只看这个占比在 1% 的哪一边）
rx_burst 包数分布（非空 burst）：1:88.78%  2:10.09%  3:1.08%  4:0.06%  其余更大的 burst 共 27 次（最大一次 13 个包）
主循环被外部打断：空轮询 > 1 µs 共 3952 次（累计 12.0 ms，最长 38.0 µs）；取包前 > 10 µs 共 5 次（累计 0.1 ms，最长 30.9 µs）
port: ipackets 2295190  opackets 1935014631  imissed 0  ierrors 0  oerrors 0  rx_nombuf 0
AWS allowance（本次运行增量）：bw_in_allowance_exceeded=0  bw_out_allowance_exceeded=0  pps_allowance_exceeded=0  conntrack_allowance_exceeded=0  linklocal_allowance_exceeded=0
mbuf：pool 8191，初值 avail 8191（端口启动后 7168），关停后 avail 8191 → 泄漏 0 ✔
退出原因：到达 --duration-sec，停止发送并等在途请求收尾
构建：commit 2e781cd5192a（构建时源码有未提交改动） · rustc 1.98.1 (48a229cea 2026-09-01) · DPDK 25.11.3 · release
环境：AMD EPYC 9R45 · 内核 6.18.48-107.148.amzn2023.x86_64 · 网卡 0000:28:00.0 驱动 igb_uio（写合并映射：是）· clocksource tsc · rdtscp constant_tsc nonstop_tsc tsc_known_freq
时钟：读一次 rdtscp 平均 17.6 ns（每个被测段恰好含一次）；TSC 读数步长 26 周期 = 10.0 ns（时间戳分辨率，所有时间差都是它的整数倍）；周期→纳秒换算与 CLOCK_MONOTONIC_RAW 相差 +0.1 ppm
[1;34m[11:49:23][0m 退出码 0；报告：（由调用者指定）
