[1;34m[11:52:04][0m 运行 B（raw-ping）--delay-us 500 --duration-sec 20 --progress-sec 0 --json logs/tmp/bisect3/B-m2-3.json  → /dev/null
EAL: No free 1048576 kB hugepages reported on node 0
ENA_DRIVER: ena_get_metrics_entries(): 0x6 customer metrics are supported
ENA_DRIVER: ena_rx_queue_release(): Rx queue 0:0 released
ENA_DRIVER: ena_tx_queue_release(): Tx queue 0:0 released

==================== B · raw-ping（手写 busy-poll，无 runtime） ====================
sessions 64  delay 500 µs  duration 20 s (实际 20.00 s)  payload 64 B  timeout 10000 µs  TSC 2.600 GHz
sent 2297636  received 2297636  timeouts 0  late 0  in-flight-at-end 0  unexpected 0  foreign 0  tsc-mismatch 0  other 0  arp-replied 0  tx-full 0  no-mbuf 0
对账：sent − received − timeouts − in-flight = 0（应为 0）；丢包 = timeouts = 0（其中 0 个迟到收到）
收包对账：rx 2297636 − (received + late + unexpected + foreign + other + arp) = 0（应为 0）

metric (ns)                       count      min     mean      p50      p90      p99    p99.9   p99.99        max
in-process ①+②  [排名指标]          2297636       50      202      170      380      481      580      700      31190
seg① send  T1−T0                2297636       40       79       50      270      310      410      441       5140
seg② recv  T3−T2                2297636       10      123      110      160      260      340      441      31140
end-to-end T3−T0                2297636    24950    57018    52972    56123   230793   241821   285932     305430
seg③ wake→next T0               2297636       20       54       50       60      290      410      870       4380
sleep error                     2297636        0       24       10      100      240      549     3095      26300
deadline→next T0 (误差+③)         2297636       30       78       60      150      429      809     3286      26350
  (诊断) seg① 距上次发送<100ns          243925      120      291      290      310      410      429      620       4100
  (诊断) seg① 100–250ns              3229       60      257      260      270      370      530     1170       1170
  (诊断) seg① 250–500ns             87875       40       53       50       60       70      170      270        330
  (诊断) seg① 500ns–2µs           1059875       40       53       50       60       70      160      250       5140
  (诊断) seg① ≥2µs                 902732       40       54       50       60       70      160      240       4610
  (诊断) 维护: rte_timer_manage      199968       20       30       30       40       40       40      852       3620
  (诊断) 维护: 整个节拍                  199968       50      401      370      601      780     1043     3058      14240

段① ≥ 125 ns 的样本占 10.973%（段①是两段式分布，它的 p99 落在哪一段只看这个占比在 1% 的哪一边）
rx_burst 包数分布（非空 burst）：1:89.01%  2:9.89%  3:1.04%  4:0.06%  其余更大的 burst 共 37 次（最大一次 16 个包）
主循环被外部打断：空轮询 > 1 µs 共 4003 次（累计 11.8 ms，最长 21.8 µs）；取包前 > 10 µs 共 7 次（累计 0.1 ms，最长 31.9 µs）
port: ipackets 2297636  opackets 1935017077  imissed 0  ierrors 0  oerrors 0  rx_nombuf 0
AWS allowance（本次运行增量）：bw_in_allowance_exceeded=0  bw_out_allowance_exceeded=0  pps_allowance_exceeded=0  conntrack_allowance_exceeded=0  linklocal_allowance_exceeded=0
mbuf：pool 8191，初值 avail 8191（端口启动后 7168），关停后 avail 8191 → 泄漏 0 ✔
退出原因：到达 --duration-sec，停止发送并等在途请求收尾
构建：commit 2e781cd5192a（构建时源码有未提交改动） · rustc 1.98.1 (48a229cea 2026-09-01) · DPDK 25.11.3 · release
环境：AMD EPYC 9R45 · 内核 6.18.48-107.148.amzn2023.x86_64 · 网卡 0000:28:00.0 驱动 igb_uio（写合并映射：是）· clocksource tsc · rdtscp constant_tsc nonstop_tsc tsc_known_freq
时钟：读一次 rdtscp 平均 17.6 ns（每个被测段恰好含一次）；TSC 读数步长 26 周期 = 10.0 ns（时间戳分辨率，所有时间差都是它的整数倍）；周期→纳秒换算与 CLOCK_MONOTONIC_RAW 相差 +0.1 ppm
[1;34m[11:52:24][0m 退出码 0；报告：（由调用者指定）
