[1;34m[11:45:21][0m 运行 B（raw-ping）--delay-us 500 --duration-sec 20 --progress-sec 0 --json logs/tmp/bisect3/B-v3-1.json  → /dev/null
EAL: No free 1048576 kB hugepages reported on node 0
ENA_DRIVER: ena_get_metrics_entries(): 0x6 customer metrics are supported
ENA_DRIVER: ena_rx_queue_release(): Rx queue 0:0 released
ENA_DRIVER: ena_tx_queue_release(): Tx queue 0:0 released

==================== B · raw-ping（手写 busy-poll，无 runtime） ====================
sessions 64  delay 500 µs  duration 20 s (实际 20.00 s)  payload 64 B  timeout 10000 µs  TSC 2.600 GHz
sent 2302970  received 2302970  timeouts 0  late 0  in-flight-at-end 0  unexpected 0  foreign 0  tsc-mismatch 0  other 0  arp-replied 1  tx-full 0  no-mbuf 0
对账：sent − received − timeouts − in-flight = 0（应为 0）；丢包 = timeouts = 0（其中 0 个迟到收到）
收包对账：rx 2302971 − (received + late + unexpected + foreign + other + arp) = 0（应为 0）

metric (ns)                       count      min     mean      p50      p90      p99    p99.9   p99.99        max
in-process ①+②  [排名指标]          2302970       50      184      170      230      429      530      650      36890
seg① send  T1−T0                2302970       40       61       50       60      300      320      429      36780
seg② recv  T3−T2                2302970       10      123      110      160      260      330      420      15730
end-to-end T3−T0                2302970    24730    55708    52972    55729   164233   241821   254424     304840
seg③ wake→next T0               2302970       20       74       50      140      370      420      852       4580
sleep error                     2302970        0       24       10      100      240      521     3070      36240
deadline→next T0 (误差+③)         2302970       30       99       60      280      481      809     3286      36530
  (诊断) seg① 距上次发送<100ns           48145      220      304      300      310      380      441     2800      36780
  (诊断) seg① 100–250ns             29223       50      203      200      210      220      320      441        470
  (诊断) seg① 250–500ns            268360       40       53       50       60       70      200      280       4330
  (诊断) seg① 500ns–2µs           1068739       40       53       50       60       70      160      260       4090
  (诊断) seg① ≥2µs                 888503       40       54       50       60       70      160      260       4240
  (诊断) 维护: rte_timer_manage      199968       20       27       30       30       40       40      981       3760
  (诊断) 维护: 整个节拍                  199968       50      402      370      601      780     1030     3033      13290

段① ≥ 125 ns 的样本占 3.644%（段①是两段式分布，它的 p99 落在哪一段只看这个占比在 1% 的哪一边）
rx_burst 包数分布（非空 burst）：1:88.52%  2:10.37%  3:1.06%  4:0.05%  其余更大的 burst 共 24 次（最大一次 12 个包）
主循环被外部打断：空轮询 > 1 µs 共 3959 次（累计 11.7 ms，最长 30.3 µs）；取包前 > 10 µs 共 10 次（累计 0.2 ms，最长 23.4 µs）
port: ipackets 2302971  opackets 1935022412  imissed 0  ierrors 0  oerrors 0  rx_nombuf 0
AWS allowance（本次运行增量）：bw_in_allowance_exceeded=0  bw_out_allowance_exceeded=0  pps_allowance_exceeded=0  conntrack_allowance_exceeded=0  linklocal_allowance_exceeded=0
mbuf：pool 8191，初值 avail 8191（端口启动后 7168），关停后 avail 8191 → 泄漏 0 ✔
退出原因：到达 --duration-sec，停止发送并等在途请求收尾
构建：commit 2e781cd5192a · rustc 1.98.1 (48a229cea 2026-09-01) · DPDK 25.11.3 · release
环境：AMD EPYC 9R45 · 内核 6.18.48-107.148.amzn2023.x86_64 · 网卡 0000:28:00.0 驱动 igb_uio（写合并映射：是）· clocksource tsc · rdtscp constant_tsc nonstop_tsc tsc_known_freq
时钟：读一次 rdtscp 平均 17.6 ns（每个被测段恰好含一次）；TSC 读数步长 26 周期 = 10.0 ns（时间戳分辨率，所有时间差都是它的整数倍）；周期→纳秒换算与 CLOCK_MONOTONIC_RAW 相差 +0.0 ppm
[1;34m[11:45:41][0m 退出码 0；报告：（由调用者指定）
