[1;34m[11:49:43][0m 运行 B（raw-ping）--delay-us 500 --duration-sec 20 --progress-sec 0 --json logs/tmp/bisect3/B-v4-2.json  → /dev/null
EAL: No free 1048576 kB hugepages reported on node 0
ENA_DRIVER: ena_get_metrics_entries(): 0x6 customer metrics are supported
ENA_DRIVER: ena_rx_queue_release(): Rx queue 0:0 released
ENA_DRIVER: ena_tx_queue_release(): Tx queue 0:0 released

==================== B · raw-ping（手写 busy-poll，无 runtime） ====================
sessions 64  delay 500 µs  duration 20 s (实际 20.00 s)  payload 64 B  timeout 10000 µs  TSC 2.600 GHz
sent 2307052  received 2307052  timeouts 0  late 0  in-flight-at-end 0  unexpected 0  foreign 0  tsc-mismatch 0  other 0  arp-replied 0  tx-full 0  no-mbuf 0
对账：sent − received − timeouts − in-flight = 0（应为 0）；丢包 = timeouts = 0（其中 0 个迟到收到）
收包对账：rx 2307052 − (received + late + unexpected + foreign + tsc-mismatch + other + arp) = 0（应为 0）

metric (ns)                       count      min     mean      p50      p90      p99    p99.9   p99.99        max
in-process ①+②  [排名指标]          2307052       50      202      170      380      481      580      721       7910
seg① send  T1−T0                2307052       40       79       50      270      310      410      441       7800
seg② recv  T3−T2                2307052       10      123      110      160      260      330      429       4710
end-to-end T3−T0                2307052    25460    54745    52972    55729   106732   232369   256000     300140
seg③ wake→next T0               2307052       20       54       50       60      290      410      852       4780
sleep error                     2307052        0       24       10      100      240      509     2836      25060
deadline→next T0 (误差+③)         2307052       30       78       60      150      429      803     3021      25100
  (诊断) seg① 距上次发送<100ns          251805      120      291      290      310      410      441      938       4670
  (诊断) seg① 100–250ns              3397       90      257      260      270      370      390      520        520
  (诊断) seg① 250–500ns             88982       40       53       50       60       70      170      280       2410
  (诊断) seg① 500ns–2µs           1054796       40       53       50       60       70      160      250       7800
  (诊断) seg① ≥2µs                 908072       40       53       50       60       70      160      250       4270
  (诊断) 维护: rte_timer_manage      199968       20       25       20       30       30       40      827       4100
  (诊断) 维护: 整个节拍                  199968       40      399      370      589      770      981     3261      11710

段① ≥ 125 ns 的样本占 11.260%（段①是两段式分布，它的 p99 落在哪一段只看这个占比在 1% 的哪一边）
rx_burst 包数分布（非空 burst）：1:88.68%  2:10.16%  3:1.09%  4:0.06%  其余更大的 burst 共 32 次（最大一次 17 个包）
主循环被外部打断：空轮询 > 1 µs 共 3961 次（累计 11.5 ms，最长 26.6 µs）；取包前 > 10 µs 共 4 次（累计 0.1 ms，最长 18.4 µs）
port: ipackets 2307052  opackets 1935026493  imissed 0  ierrors 0  oerrors 0  rx_nombuf 0
AWS allowance（本次运行增量）：bw_in_allowance_exceeded=0  bw_out_allowance_exceeded=0  pps_allowance_exceeded=0  conntrack_allowance_exceeded=0  linklocal_allowance_exceeded=0
mbuf：pool 8191，初值 avail 8191（端口启动后 7168），关停后 avail 8191 → 泄漏 0 ✔
退出原因：到达 --duration-sec，停止发送并等在途请求收尾
构建：commit 1da94bfa9a14 · rustc 1.98.1 (48a229cea 2026-09-01) · DPDK 25.11.3 · release
环境：AMD EPYC 9R45 · 内核 6.18.48-107.148.amzn2023.x86_64 · 网卡 0000:28:00.0 驱动 igb_uio（写合并映射：是）· clocksource tsc · rdtscp constant_tsc nonstop_tsc tsc_known_freq
时钟：读一次 rdtscp 平均 17.6 ns（每个被测段恰好含一次）；TSC 读数步长 26 周期 = 10.0 ns（时间戳分辨率，所有时间差都是它的整数倍）；周期→纳秒换算与 CLOCK_MONOTONIC_RAW 相差 +0.1 ppm
[1;34m[11:50:03][0m 退出码 0；报告：（由调用者指定）
