[1;34m[08:59:39][0m 运行 A（async-ping）--progress-sec 0 --json logs/diag/A-mfence.json --delay-us 500 --duration-sec 300 --diag-pre-t0 mfence --samples logs/tmp/A-mfence.samples  → /home/ec2-user/dpdk-async-ping/logs/A-20261001-085939.log
EAL: No free 1048576 kB hugepages reported on node 0
ENA_DRIVER: ena_get_metrics_entries(): 0x6 customer metrics are supported
ENA_DRIVER: ena_rx_queue_release(): Rx queue 0:0 released
ENA_DRIVER: ena_tx_queue_release(): Tx queue 0:0 released

==================== A · async-ping（自研 rt runtime） ====================
★ 诊断运行（mfence-before-t0）：这份结果不参与 A − B 排名
sessions 64  delay 500 µs  duration 300 s (实际 300.00 s)  payload 64 B  timeout 10000 µs  TSC 2.600 GHz
sent 28679614  received 28679614  timeouts 0  late 0  in-flight-at-end 0  unexpected 0  foreign 0  tsc-mismatch 0  other 2  arp-replied 5  tx-full 0  no-mbuf 0
对账：sent − received − timeouts − in-flight = 0（应为 0）；丢包 = timeouts = 0（其中 0 个迟到收到）
收包对账：rx 28679621 − (received + late + unexpected + foreign + other + arp) = 0（应为 0）

metric (ns)                       count      min     mean      p50      p90      p99    p99.9   p99.99        max
in-process ①+②  [排名指标]         28679614       60      208      190      270      380      481      641      17040
seg① send  T1−T0               28679614       40       55       50       60       70      180      290       8400
seg② recv  T3−T2               28679614       20      154      140      210      320      420      549      16990
end-to-end T3−T0               28679614    52000   169259   160295   229218   248123   252849   270178     370920
seg③ wake→next T0              28679614       50      164       80      350      780     1221     2098      92680
sleep error                    28679614        0       43       10      130      310      840     3120     109620
deadline→next T0 (误差+③)        28679614       50      207       90      481      932     1498     3876     110820
  (诊断) seg① 距上次发送<100ns               0        0        0        0        0        0        0        0          0
  (诊断) seg① 100–250ns                72       50       67       70       70       90       90       90         90
  (诊断) seg① 250–500ns           7714488       40       56       50       60      160      200      310       5190
  (诊断) seg① 500ns–2µs          15377175       40       54       50       60       70      170      260       8400
  (诊断) seg① ≥2µs                5587879       40       55       50       60       70      170      240       7180
  (诊断) 维护: rte_timer_manage     2999356       20       29       30       30       40       40     1061       4370
  (诊断) 维护: 整个节拍                 2999356       50      289       60      730      981     1369     2516     113210

段① ≥ 125 ns 的样本占 0.522%（段①是两段式分布，它的 p99 落在哪一段只看这个占比在 1% 的哪一边）
rx_burst 包数分布（非空 burst）：1:77.68%  2:18.32%  3:3.52%  4:0.47%  其余更大的 burst 共 715 次（最大一次 32 个包）
主循环被外部打断：空轮询 > 1 µs 共 63993 次（累计 202.7 ms，最长 111.2 µs）；取包前 > 10 µs 共 58 次（累计 1.0 ms，最长 114.2 µs）
port: ipackets 28679621  opackets 28679725  imissed 0  ierrors 0  oerrors 0  rx_nombuf 0
AWS allowance（本次运行增量）：bw_in_allowance_exceeded=0  bw_out_allowance_exceeded=0  pps_allowance_exceeded=0  conntrack_allowance_exceeded=0  linklocal_allowance_exceeded=0
mbuf：pool 8191，初值 avail 8191（端口启动后 7168），关停后 avail 8191 → 泄漏 0 ✔
退出原因：到达 --duration-sec，停止发送并等在途请求收尾
构建：commit ea2e92b1d3ac · rustc 1.98.1 (48a229cea 2026-09-01) · DPDK 25.11.3 · release
环境：AMD EPYC 9R45 · 内核 6.18.48-107.148.amzn2023.x86_64 · 网卡 0000:28:00.0 驱动 igb_uio（写合并映射：是）· clocksource tsc · rdtscp constant_tsc nonstop_tsc tsc_known_freq
时钟：读一次 rdtscp 平均 17.5 ns（每个被测段恰好含一次）；TSC 读数步长 26 周期 = 10.0 ns（时间戳分辨率，所有时间差都是它的整数倍）；周期→纳秒换算与 CLOCK_MONOTONIC_RAW 相差 -0.7 ppm
原始样本：28679614 个 → logs/tmp/A-mfence.samples（容量 38773036）
[1;34m[09:04:39][0m 退出码 0；报告：（由调用者指定）
