[1;34m[09:05:44][0m 运行 B（raw-ping）--progress-sec 0 --json logs/diag/B-sfence.json --delay-us 500 --duration-sec 60 --diag-pre-t0 sfence  → /home/ec2-user/dpdk-async-ping/logs/B-20261001-090544.log
EAL: No free 1048576 kB hugepages reported on node 0
ENA_DRIVER: ena_get_metrics_entries(): 0x6 customer metrics are supported
ENA_DRIVER: ena_rx_queue_release(): Rx queue 0:0 released
ENA_DRIVER: ena_tx_queue_release(): Tx queue 0:0 released

==================== B · raw-ping（手写 busy-poll，无 runtime） ====================
★ 诊断运行（sfence-before-t0）：这份结果不参与 A − B 排名
sessions 64  delay 500 µs  duration 60 s (实际 60.00 s)  payload 64 B  timeout 10000 µs  TSC 2.600 GHz
sent 5387097  received 5387097  timeouts 0  late 0  in-flight-at-end 0  unexpected 0  foreign 0  tsc-mismatch 0  other 0  arp-replied 1  tx-full 0  no-mbuf 0
对账：sent − received − timeouts − in-flight = 0（应为 0）；丢包 = timeouts = 0（其中 0 个迟到收到）
收包对账：rx 5387098 − (received + late + unexpected + foreign + other + arp) = 0（应为 0）

metric (ns)                       count      min     mean      p50      p90      p99    p99.9   p99.99        max
in-process ①+②  [排名指标]          5387097       50      211      180      280      509      610      749      14790
seg① send  T1−T0                5387097       40       68       50       70      330      350      450       6380
seg② recv  T3−T2                5387097       10      143      130      200      300      390      509      14740
end-to-end T3−T0                5387097    51840   212672   244972   249698   254424   259150   314289     396120
seg③ wake→next T0               5387097       20      111       50      320      429      809     1338      14670
sleep error                     5387097        0       37       10      110      350      803     3046     173730
deadline→next T0 (误差+③)         5387097       20      148       60      429      700     1301     3409     173830
  (诊断) seg① 距上次发送<100ns          277257      230      319      320      330      350      469      870       4810
  (诊断) seg① 100–250ns             17171       60      213      210      220      240      340     3606       4160
  (诊断) seg① 250–500ns           1184868       40       54       50       60       70      170      290       6120
  (诊断) seg① 500ns–2µs           2851688       40       54       50       60       70      170      270       6380
  (诊断) seg① ≥2µs                1056113       40       54       50       60       70      170      270       4150
  (诊断) 维护: rte_timer_manage      599893       20       25       20       30       30       40      790       4060
  (诊断) 维护: 整个节拍                  599893       50      269       60      858     1203     1400     1913     101390

段① ≥ 125 ns 的样本占 5.751%（段①是两段式分布，它的 p99 落在哪一段只看这个占比在 1% 的哪一边）
rx_burst 包数分布（非空 burst）：1:77.22%  2:18.74%  3:3.55%  4:0.49%  其余更大的 burst 共 160 次（最大一次 32 个包）
主循环被外部打断：空轮询 > 1 µs 共 13094 次（累计 42.0 ms，最长 199.9 µs）；取包前 > 10 µs 共 11 次（累计 0.2 ms，最长 29.9 µs）
port: ipackets 5387098  opackets 5387204  imissed 0  ierrors 0  oerrors 0  rx_nombuf 0
AWS allowance（本次运行增量）：bw_in_allowance_exceeded=0  bw_out_allowance_exceeded=0  pps_allowance_exceeded=0  conntrack_allowance_exceeded=0  linklocal_allowance_exceeded=0
mbuf：pool 8191，初值 avail 8191（端口启动后 7168），关停后 avail 8191 → 泄漏 0 ✔
退出原因：到达 --duration-sec，停止发送并等在途请求收尾
构建：commit ea2e92b1d3ac · rustc 1.98.1 (48a229cea 2026-09-01) · DPDK 25.11.3 · release
环境：AMD EPYC 9R45 · 内核 6.18.48-107.148.amzn2023.x86_64 · 网卡 0000:28:00.0 驱动 igb_uio（写合并映射：是）· clocksource tsc · rdtscp constant_tsc nonstop_tsc tsc_known_freq
时钟：读一次 rdtscp 平均 17.7 ns（每个被测段恰好含一次）；TSC 读数步长 26 周期 = 10.0 ns（时间戳分辨率，所有时间差都是它的整数倍）；周期→纳秒换算与 CLOCK_MONOTONIC_RAW 相差 -0.7 ppm
[1;34m[09:06:44][0m 退出码 0；报告：（由调用者指定）
