[1;34m[09:09:06][0m 运行 B（raw-ping）--progress-sec 0 --json logs/diag/B-stores-64.json --delay-us 500 --duration-sec 20 --diag-pre-t0 stores --diag-stores 64  → /home/ec2-user/dpdk-async-ping/logs/B-20261001-090906.log
EAL: No free 1048576 kB hugepages reported on node 0
ENA_DRIVER: ena_get_metrics_entries(): 0x6 customer metrics are supported
ENA_DRIVER: ena_rx_queue_release(): Rx queue 0:0 released
ENA_DRIVER: ena_tx_queue_release(): Tx queue 0:0 released

==================== B · raw-ping（手写 busy-poll，无 runtime） ====================
★ 诊断运行（64-stores-before-t0）：这份结果不参与 A − B 排名
sessions 64  delay 500 µs  duration 20 s (实际 20.00 s)  payload 64 B  timeout 10000 µs  TSC 2.600 GHz
sent 1946423  received 1946423  timeouts 0  late 0  in-flight-at-end 0  unexpected 0  foreign 0  tsc-mismatch 0  other 0  arp-replied 0  tx-full 0  no-mbuf 0
对账：sent − received − timeouts − in-flight = 0（应为 0）；丢包 = timeouts = 0（其中 0 个迟到收到）
收包对账：rx 1946423 − (received + late + unexpected + foreign + other + arp) = 0（应为 0）

metric (ns)                       count      min     mean      p50      p90      p99    p99.9   p99.99        max
in-process ①+②  [排名指标]          1946423       50      192      180      250      350      450      620     105350
seg① send  T1−T0                1946423       40       54       50       60       70      180      290       9200
seg② recv  T3−T2                1946423       10      138      130      200      290      390      521     105300
end-to-end T3−T0                1946423    53160   157448   160295   163446   169747   244972   249698     319310
seg③ wake→next T0               1946423       30      129       60      320      709     1110     3507      22110
sleep error                     1946423        0       40       10      120      310      780     3556     112010
deadline→next T0 (误差+③)         1946423       40      169       70      441      821     1461     6720     112070
  (诊断) seg① 距上次发送<100ns               0        0        0        0        0        0        0        0          0
  (诊断) seg① 100–250ns                 9       60       62       60       70       70       70       70         70
  (诊断) seg① 250–500ns            518070       40       55       50       60      160      210      310       9200
  (诊断) seg① 500ns–2µs           1039148       40       53       50       60       70      170      270       5670
  (诊断) seg① ≥2µs                 389196       40       54       50       60       70      170      260       3590
  (诊断) 维护: rte_timer_manage      199965       20       25       20       30       30       40      780       3460
  (诊断) 维护: 整个节拍                  199965       50      287       60      721      938     1110     2455      88530

段① ≥ 125 ns 的样本占 0.586%（段①是两段式分布，它的 p99 落在哪一段只看这个占比在 1% 的哪一边）
rx_burst 包数分布（非空 burst）：1:78.16%  2:18.24%  3:3.11%  4:0.48%  其余更大的 burst 共 54 次（最大一次 32 个包）
主循环被外部打断：空轮询 > 1 µs 共 4233 次（累计 13.6 ms，最长 109.2 µs）；取包前 > 10 µs 共 3 次（累计 0.1 ms，最长 112.7 µs）
port: ipackets 1946423  opackets 1946529  imissed 0  ierrors 0  oerrors 0  rx_nombuf 0
AWS allowance（本次运行增量）：bw_in_allowance_exceeded=0  bw_out_allowance_exceeded=0  pps_allowance_exceeded=0  conntrack_allowance_exceeded=0  linklocal_allowance_exceeded=0
mbuf：pool 8191，初值 avail 8191（端口启动后 7168），关停后 avail 8191 → 泄漏 0 ✔
退出原因：到达 --duration-sec，停止发送并等在途请求收尾
构建：commit ea2e92b1d3ac · rustc 1.98.1 (48a229cea 2026-09-01) · DPDK 25.11.3 · release
环境：AMD EPYC 9R45 · 内核 6.18.48-107.148.amzn2023.x86_64 · 网卡 0000:28:00.0 驱动 igb_uio（写合并映射：是）· clocksource tsc · rdtscp constant_tsc nonstop_tsc tsc_known_freq
时钟：读一次 rdtscp 平均 17.9 ns（每个被测段恰好含一次）；TSC 读数步长 26 周期 = 10.0 ns（时间戳分辨率，所有时间差都是它的整数倍）；周期→纳秒换算与 CLOCK_MONOTONIC_RAW 相差 -0.7 ppm
[1;34m[09:09:26][0m 退出码 0；报告：（由调用者指定）
