[1;34m[09:07:45][0m 运行 B（raw-ping）--progress-sec 0 --json logs/diag/B-stores-36.json --delay-us 500 --duration-sec 20 --diag-pre-t0 stores --diag-stores 36  → /home/ec2-user/dpdk-async-ping/logs/B-20261001-090745.log
EAL: No free 1048576 kB hugepages reported on node 0
ENA_DRIVER: ena_get_metrics_entries(): 0x6 customer metrics are supported
ENA_DRIVER: ena_rx_queue_release(): Rx queue 0:0 released
ENA_DRIVER: ena_tx_queue_release(): Tx queue 0:0 released

==================== B · raw-ping（手写 busy-poll，无 runtime） ====================
★ 诊断运行（36-stores-before-t0）：这份结果不参与 A − B 排名
sessions 64  delay 500 µs  duration 20 s (实际 20.00 s)  payload 64 B  timeout 10000 µs  TSC 2.600 GHz
sent 1961385  received 1961385  timeouts 0  late 0  in-flight-at-end 0  unexpected 0  foreign 0  tsc-mismatch 0  other 0  arp-replied 0  tx-full 0  no-mbuf 0
对账：sent − received − timeouts − in-flight = 0（应为 0）；丢包 = timeouts = 0（其中 0 个迟到收到）
收包对账：rx 1961385 − (received + late + unexpected + foreign + other + arp) = 0（应为 0）

metric (ns)                       count      min     mean      p50      p90      p99    p99.9   p99.99        max
in-process ①+②  [排名指标]          1961385       50      208      180      280      521      641      809      15920
seg① send  T1−T0                1961385       40       68       50       70      330      441      540       3980
seg② recv  T3−T2                1961385       10      140      130      200      300      401      540      15870
end-to-end T3−T0                1961385    54460   152445   159507   162658   166596   229218   279630     328810
seg③ wake→next T0               1961385       30      116       60      320      441      821     3556      19020
sleep error                     1961385        0       39       10      120      310      761     3680     116870
deadline→next T0 (误差+③)         1961385       40      156       70      441      690     1190     8147     116940
  (诊断) seg① 距上次发送<100ns           99556       70      328      320      350      460      580      938       3980
  (诊断) seg① 100–250ns               136       60      240      220      330      390      440      440        440
  (诊断) seg① 250–500ns            423448       40       54       50       60       70      180      300       3270
  (诊断) seg① 500ns–2µs           1041477       40       54       50       60       70      170      260       3610
  (诊断) seg① ≥2µs                 396768       40       54       50       60       70      170      260       3330
  (诊断) 维护: rte_timer_manage      199962       20       25       20       30       30       40      870       3500
  (诊断) 维护: 整个节拍                  199962       50      285       70      669      840     1000     3261     111460

段① ≥ 125 ns 的样本占 5.374%（段①是两段式分布，它的 p99 落在哪一段只看这个占比在 1% 的哪一边）
rx_burst 包数分布（非空 burst）：1:77.98%  2:17.96%  3:3.64%  4:0.41%  其余更大的 burst 共 56 次（最大一次 32 个包）
主循环被外部打断：空轮询 > 1 µs 共 4266 次（累计 13.9 ms，最长 119.8 µs）；取包前 > 10 µs 共 3 次（累计 0.1 ms，最长 20.0 µs）
port: ipackets 1961385  opackets 1961491  imissed 0  ierrors 0  oerrors 0  rx_nombuf 0
AWS allowance（本次运行增量）：bw_in_allowance_exceeded=0  bw_out_allowance_exceeded=0  pps_allowance_exceeded=0  conntrack_allowance_exceeded=0  linklocal_allowance_exceeded=0
mbuf：pool 8191，初值 avail 8191（端口启动后 7168），关停后 avail 8191 → 泄漏 0 ✔
退出原因：到达 --duration-sec，停止发送并等在途请求收尾
构建：commit ea2e92b1d3ac · rustc 1.98.1 (48a229cea 2026-09-01) · DPDK 25.11.3 · release
环境：AMD EPYC 9R45 · 内核 6.18.48-107.148.amzn2023.x86_64 · 网卡 0000:28:00.0 驱动 igb_uio（写合并映射：是）· clocksource tsc · rdtscp constant_tsc nonstop_tsc tsc_known_freq
时钟：读一次 rdtscp 平均 17.7 ns（每个被测段恰好含一次）；TSC 读数步长 26 周期 = 10.0 ns（时间戳分辨率，所有时间差都是它的整数倍）；周期→纳秒换算与 CLOCK_MONOTONIC_RAW 相差 -0.7 ppm
[1;34m[09:08:05][0m 退出码 0；报告：（由调用者指定）
