[1;34m[09:07:05][0m 运行 B（raw-ping）--progress-sec 0 --json logs/diag/B-stores-16.json --delay-us 500 --duration-sec 20 --diag-pre-t0 stores --diag-stores 16  → /home/ec2-user/dpdk-async-ping/logs/B-20261001-090705.log
EAL: No free 1048576 kB hugepages reported on node 0
ENA_DRIVER: ena_get_metrics_entries(): 0x6 customer metrics are supported
ENA_DRIVER: ena_rx_queue_release(): Rx queue 0:0 released
ENA_DRIVER: ena_tx_queue_release(): Tx queue 0:0 released

==================== B · raw-ping（手写 busy-poll，无 runtime） ====================
★ 诊断运行（16-stores-before-t0）：这份结果不参与 A − B 排名
sessions 64  delay 500 µs  duration 20 s (实际 20.00 s)  payload 64 B  timeout 10000 µs  TSC 2.600 GHz
sent 1947829  received 1947829  timeouts 0  late 0  in-flight-at-end 0  unexpected 0  foreign 0  tsc-mismatch 0  other 1  arp-replied 0  tx-full 0  no-mbuf 0
对账：sent − received − timeouts − in-flight = 0（应为 0）；丢包 = timeouts = 0（其中 0 个迟到收到）
收包对账：rx 1947830 − (received + late + unexpected + foreign + other + arp) = 0（应为 0）

metric (ns)                       count      min     mean      p50      p90      p99    p99.9   p99.99        max
in-process ①+②  [排名指标]          1947829       50      195      180      260      469      580      700      14320
seg① send  T1−T0                1947829       40       65       50       70      320      330      441       5290
seg② recv  T3−T2                1947829       10      130      120      180      280      360      469      14270
end-to-end T3−T0                1947829    53370   157003   159507   244972   249698   252849   307987     371340
seg③ wake→next T0               1947829       20      107       50      310      420      790     1160       4060
sleep error                     1947829        0       34       10      110      290      740     2812       5910
deadline→next T0 (误差+③)         1947829       30      141       60      420      660     1209     3083       6010
  (诊断) seg① 距上次发送<100ns           89502      240      312      310      320      340      450      589       4160
  (诊断) seg① 100–250ns                68       60      199      200      240      380      380      380        380
  (诊断) seg① 250–500ns            411782       40       54       50       60       70      170      290       5290
  (诊断) seg① 500ns–2µs           1019768       40       53       50       60       70      160      240       3220
  (诊断) seg① ≥2µs                 426709       40       54       50       60       70      160      250       5190
  (诊断) 维护: rte_timer_manage      199971       20       25       20       30       30       40     1061       4440
  (诊断) 维护: 整个节拍                  199971       50      295      210      721     1160     1387     2541       9630

段① ≥ 125 ns 的样本占 4.862%（段①是两段式分布，它的 p99 落在哪一段只看这个占比在 1% 的哪一边）
rx_burst 包数分布（非空 burst）：1:78.96%  2:17.54%  3:3.11%  4:0.39%  其余更大的 burst 共 52 次（最大一次 9 个包）
主循环被外部打断：空轮询 > 1 µs 共 4263 次（累计 12.9 ms，最长 21.6 µs）；取包前 > 10 µs 共 5 次（累计 0.1 ms，最长 19.1 µs）
port: ipackets 1947830  opackets 1947935  imissed 0  ierrors 0  oerrors 0  rx_nombuf 0
AWS allowance（本次运行增量）：bw_in_allowance_exceeded=0  bw_out_allowance_exceeded=0  pps_allowance_exceeded=0  conntrack_allowance_exceeded=0  linklocal_allowance_exceeded=0
mbuf：pool 8191，初值 avail 8191（端口启动后 7168），关停后 avail 8191 → 泄漏 0 ✔
退出原因：到达 --duration-sec，停止发送并等在途请求收尾
构建：commit ea2e92b1d3ac · rustc 1.98.1 (48a229cea 2026-09-01) · DPDK 25.11.3 · release
环境：AMD EPYC 9R45 · 内核 6.18.48-107.148.amzn2023.x86_64 · 网卡 0000:28:00.0 驱动 igb_uio（写合并映射：是）· clocksource tsc · rdtscp constant_tsc nonstop_tsc tsc_known_freq
时钟：读一次 rdtscp 平均 17.7 ns（每个被测段恰好含一次）；TSC 读数步长 26 周期 = 10.0 ns（时间戳分辨率，所有时间差都是它的整数倍）；周期→纳秒换算与 CLOCK_MONOTONIC_RAW 相差 -0.7 ppm
[1;34m[09:07:25][0m 退出码 0；报告：（由调用者指定）
