[1;34m[03:54:30][0m 运行 A（async-ping）--progress-sec 0 --json logs/sessions/day2b-raw/drift/A1-010.json --delay-us 500 --duration-sec 20  → /dev/null
EAL: No free 1048576 kB hugepages reported on node 0
ENA_DRIVER: ena_get_metrics_entries(): 0x6 customer metrics are supported
ENA_DRIVER: ena_rx_queue_release(): Rx queue 0:0 released
ENA_DRIVER: ena_tx_queue_release(): Tx queue 0:0 released

==================== A · async-ping（自研 rt runtime） ====================
sessions 64  delay 500 µs  duration 20 s (实际 20.00 s)  payload 64 B  timeout 10000 µs  TSC 2.600 GHz
sent 1853540  received 1853540  timeouts 0  late 0  in-flight-at-end 0  unexpected 0  foreign 0  tsc-mismatch 0  other 1  arp-replied 1  tx-full 0  no-mbuf 0
对账：sent − received − timeouts − in-flight = 0（应为 0）；丢包 = timeouts = 0（其中 0 个迟到收到）
收包对账：rx 1853542 − (received + late + unexpected + foreign + other + arp) = 0（应为 0）

metric (ns)                       count      min     mean      p50      p90      p99    p99.9   p99.99        max
in-process ①+②  [排名指标]          1853540       60      198      190      250      360      460      641       3790
seg① send  T1−T0                1853540       40       55       50       60       70      180      280       3400
seg② recv  T3−T2                1853540       20      143      130      200      300      401      540       3740
end-to-end T3−T0                1853540    38040   190400   163446   230793   233944   238670   249698     320610
seg③ wake→next T0               1853540       40      135       70      320      709     1123     1541      34280
sleep error                     1853540        0       35       10      110      280      770     1766      33490
deadline→next T0 (误差+③)         1853540       50      171       70      420      780     1147     2590      34360
  (诊断) seg① 距上次发送<100ns               0        0        0        0        0        0        0        0          0
  (诊断) seg① 100–250ns                 4       60       65       60       70       70       70       70         70
  (诊断) seg① 250–500ns            522530       40       55       50       60      150      200      300       2390
  (诊断) seg① 500ns–2µs            970716       40       54       50       60       70      170      260       3400
  (诊断) seg① ≥2µs                 360290       40       55       50       60       70      170      250       2440
  (诊断) 维护: rte_timer_manage      199977       20       27       30       30       40       40      620       2080
  (诊断) 维护: 整个节拍                  199977       40      283       60      730      969     1129     2221      14860

段① ≥ 125 ns 的样本占 0.568%（段①是两段式分布，它的 p99 落在哪一段只看这个占比在 1% 的哪一边）
rx_burst 包数分布（非空 burst）：1:76.70%  2:19.06%  3:3.78%  4:0.46%  其余更大的 burst 共 16 次（最大一次 16 个包）
主循环被外部打断：空轮询 > 1 µs 共 4397 次（累计 8.7 ms，最长 40.2 µs）；取包前 > 10 µs 共 8 次（累计 0.1 ms，最长 17.0 µs）
port: ipackets 1853542  opackets 1853607  imissed 0  ierrors 0  oerrors 0  rx_nombuf 0
AWS allowance（本次运行增量）：bw_in_allowance_exceeded=0  bw_out_allowance_exceeded=0  pps_allowance_exceeded=0  conntrack_allowance_exceeded=0  linklocal_allowance_exceeded=0
mbuf：pool 8191，初值 avail 8191（端口启动后 7168），关停后 avail 8191 → 泄漏 0 ✔
退出原因：到达 --duration-sec，停止发送并等在途请求收尾
构建：commit ea2e92b1d3ac · rustc 1.98.1 (48a229cea 2026-09-01) · DPDK 25.11.3 · release
环境：AMD EPYC 9R45 · 内核 6.18.48-107.148.amzn2023.x86_64 · 网卡 0000:28:00.0 驱动 igb_uio（写合并映射：是）· clocksource tsc · rdtscp constant_tsc nonstop_tsc tsc_known_freq
时钟：读一次 rdtscp 平均 17.4 ns（每个被测段恰好含一次）；TSC 读数步长 26 周期 = 10.0 ns（时间戳分辨率，所有时间差都是它的整数倍）；周期→纳秒换算与 CLOCK_MONOTONIC_RAW 相差 +0.0 ppm
[1;34m[03:54:50][0m 退出码 0；报告：（由调用者指定）
