[1;34m[03:48:26][0m 运行 A（async-ping）--progress-sec 0 --json logs/sessions/day2b-raw/drift/A1-004.json --delay-us 500 --duration-sec 20  → /dev/null
EAL: No free 1048576 kB hugepages reported on node 0
ENA_DRIVER: ena_get_metrics_entries(): 0x6 customer metrics are supported
ENA_DRIVER: ena_rx_queue_release(): Rx queue 0:0 released
ENA_DRIVER: ena_tx_queue_release(): Tx queue 0:0 released

==================== A · async-ping（自研 rt runtime） ====================
sessions 64  delay 500 µs  duration 20 s (实际 20.00 s)  payload 64 B  timeout 10000 µs  TSC 2.600 GHz
sent 2071450  received 2071450  timeouts 0  late 0  in-flight-at-end 0  unexpected 0  foreign 1  tsc-mismatch 0  other 0  arp-replied 1  tx-full 0  no-mbuf 0
对账：sent − received − timeouts − in-flight = 0（应为 0）；丢包 = timeouts = 0（其中 0 个迟到收到）
收包对账：rx 2071452 − (received + late + unexpected + foreign + other + arp) = 0（应为 0）

metric (ns)                       count      min     mean      p50      p90      p99    p99.9   p99.99        max
in-process ①+②  [排名指标]          2071450       60      198      190      250      350      450      589       4180
seg① send  T1−T0                2071450       40       54       50       60       70      170      270       4060
seg② recv  T3−T2                2071450       20      145      130      190      290      390      509       3860
end-to-end T3−T0                2071450    34970   117782   107520   168172   244972   252849   306412     314950
seg③ wake→next T0               2071450       40      116       70      310      700     1110     1369       3780
sleep error                     2071450        0       33       10      110      300      761     1716      21060
deadline→next T0 (误差+③)         2071450       40      149       70      420      770     1147     2184      21270
  (诊断) seg① 距上次发送<100ns               0        0        0        0        0        0        0        0          0
  (诊断) seg① 100–250ns                 7       60       61       60       70       70       70       70         70
  (诊断) seg① 250–500ns            448187       40       54       50       60      140      190      300       3480
  (诊断) seg① 500ns–2µs           1050876       40       53       50       60       70      160      240       2520
  (诊断) seg① ≥2µs                 572380       40       54       50       60       70      160      250       4060
  (诊断) 维护: rte_timer_manage      199974       20       30       30       30       40       40      549       2400
  (诊断) 维护: 整个节拍                  199974       40      363      270      870     1172     1363     2221      14520

段① ≥ 125 ns 的样本占 0.381%（段①是两段式分布，它的 p99 落在哪一段只看这个占比在 1% 的哪一边）
rx_burst 包数分布（非空 burst）：1:82.71%  2:14.88%  3:2.16%  4:0.24%  其余更大的 burst 共 20 次（最大一次 13 个包）
主循环被外部打断：空轮询 > 1 µs 共 4242 次（累计 8.4 ms，最长 24.4 µs）；取包前 > 10 µs 共 6 次（累计 0.1 ms，最长 31.7 µs）
port: ipackets 2071452  opackets 2071517  imissed 0  ierrors 0  oerrors 0  rx_nombuf 0
AWS allowance（本次运行增量）：bw_in_allowance_exceeded=0  bw_out_allowance_exceeded=0  pps_allowance_exceeded=0  conntrack_allowance_exceeded=0  linklocal_allowance_exceeded=0
mbuf：pool 8191，初值 avail 8191（端口启动后 7168），关停后 avail 8191 → 泄漏 0 ✔
退出原因：到达 --duration-sec，停止发送并等在途请求收尾
构建：commit ea2e92b1d3ac · rustc 1.98.1 (48a229cea 2026-09-01) · DPDK 25.11.3 · release
环境：AMD EPYC 9R45 · 内核 6.18.48-107.148.amzn2023.x86_64 · 网卡 0000:28:00.0 驱动 igb_uio（写合并映射：是）· clocksource tsc · rdtscp constant_tsc nonstop_tsc tsc_known_freq
时钟：读一次 rdtscp 平均 17.5 ns（每个被测段恰好含一次）；TSC 读数步长 26 周期 = 10.0 ns（时间戳分辨率，所有时间差都是它的整数倍）；周期→纳秒换算与 CLOCK_MONOTONIC_RAW 相差 +0.1 ppm
异常包明细（最多 16 条）：
  [tsc 7193215145558] foreign：来自 13.214.173.166 的 echo reply（不是对端），id=16509 seq=14618，已丢弃
[1;34m[03:48:46][0m 退出码 0；报告：（由调用者指定）
