[1;34m[04:30:54][0m 运行 A（async-ping）--progress-sec 0 --json logs/sessions/day2b-raw/drift/A1-046.json --delay-us 500 --duration-sec 20  → /dev/null
EAL: No free 1048576 kB hugepages reported on node 0
ENA_DRIVER: ena_get_metrics_entries(): 0x6 customer metrics are supported
ENA_DRIVER: ena_rx_queue_release(): Rx queue 0:0 released
ENA_DRIVER: ena_tx_queue_release(): Tx queue 0:0 released

==================== A · async-ping（自研 rt runtime） ====================
sessions 64  delay 500 µs  duration 20 s (实际 20.00 s)  payload 64 B  timeout 10000 µs  TSC 2.600 GHz
sent 1965753  received 1965753  timeouts 0  late 0  in-flight-at-end 0  unexpected 0  foreign 0  tsc-mismatch 0  other 0  arp-replied 0  tx-full 0  no-mbuf 0
对账：sent − received − timeouts − in-flight = 0（应为 0）；丢包 = timeouts = 0（其中 0 个迟到收到）
收包对账：rx 1965753 − (received + late + unexpected + foreign + other + arp) = 0（应为 0）

metric (ns)                       count      min     mean      p50      p90      p99    p99.9   p99.99        max
in-process ①+②  [排名指标]          1965753       60      198      180      250      360      469      641      17020
seg① send  T1−T0                1965753       40       54       50       60       70      180      280       2560
seg② recv  T3−T2                1965753       20      144      130      200      300      410      549      16970
end-to-end T3−T0                1965753    36730   150972   159507   163446   200467   246547   304836     341810
seg③ wake→next T0               1965753       40      139       70      320      709     1123     1716       9170
sleep error                     1965753        0       38       10      110      320      770     1729       9340
deadline→next T0 (误差+③)         1965753       40      177       70      429      790     1320     2615      12890
  (诊断) seg① 距上次发送<100ns               0        0        0        0        0        0        0        0          0
  (诊断) seg① 100–250ns                 4       60       68       60       80       80       80       80         80
  (诊断) seg① 250–500ns            561716       40       55       50       60      160      210      300       2220
  (诊断) seg① 500ns–2µs            990711       40       53       50       60       70      160      240       2350
  (诊断) seg① ≥2µs                 413322       40       54       50       60       70      160      260       2560
  (诊断) 维护: rte_timer_manage      199973       20       30       30       30       40       40      549       3040
  (诊断) 维护: 整个节拍                  199973       40      312      190      740      969     1227     2320       6060

段① ≥ 125 ns 的样本占 0.631%（段①是两段式分布，它的 p99 落在哪一段只看这个占比在 1% 的哪一边）
rx_burst 包数分布（非空 burst）：1:76.87%  2:18.26%  3:4.26%  4:0.60%  其余更大的 burst 共 16 次（最大一次 32 个包）
主循环被外部打断：空轮询 > 1 µs 共 4354 次（累计 8.7 ms，最长 34.3 µs）；取包前 > 10 µs 共 2 次（累计 0.0 ms，最长 14.2 µs）
port: ipackets 1965753  opackets 1965819  imissed 0  ierrors 0  oerrors 0  rx_nombuf 0
AWS allowance（本次运行增量）：bw_in_allowance_exceeded=0  bw_out_allowance_exceeded=0  pps_allowance_exceeded=0  conntrack_allowance_exceeded=0  linklocal_allowance_exceeded=0
mbuf：pool 8191，初值 avail 8191（端口启动后 7168），关停后 avail 8191 → 泄漏 0 ✔
退出原因：到达 --duration-sec，停止发送并等在途请求收尾
构建：commit ea2e92b1d3ac · rustc 1.98.1 (48a229cea 2026-09-01) · DPDK 25.11.3 · release
环境：AMD EPYC 9R45 · 内核 6.18.48-107.148.amzn2023.x86_64 · 网卡 0000:28:00.0 驱动 igb_uio（写合并映射：是）· clocksource tsc · rdtscp constant_tsc nonstop_tsc tsc_known_freq
时钟：读一次 rdtscp 平均 17.5 ns（每个被测段恰好含一次）；TSC 读数步长 26 周期 = 10.0 ns（时间戳分辨率，所有时间差都是它的整数倍）；周期→纳秒换算与 CLOCK_MONOTONIC_RAW 相差 +0.1 ppm
[1;34m[04:31:14][0m 退出码 0；报告：（由调用者指定）
