[1;34m[04:03:56][0m 运行 A（async-ping）--progress-sec 0 --json logs/sessions/day2b-raw/drift/A2-019.json --delay-us 500 --duration-sec 20  → /dev/null
EAL: No free 1048576 kB hugepages reported on node 0
ENA_DRIVER: ena_get_metrics_entries(): 0x6 customer metrics are supported
ENA_DRIVER: ena_rx_queue_release(): Rx queue 0:0 released
ENA_DRIVER: ena_tx_queue_release(): Tx queue 0:0 released

==================== A · async-ping（自研 rt runtime） ====================
sessions 64  delay 500 µs  duration 20 s (实际 20.00 s)  payload 64 B  timeout 10000 µs  TSC 2.600 GHz
sent 1764221  received 1764221  timeouts 0  late 0  in-flight-at-end 0  unexpected 0  foreign 0  tsc-mismatch 0  other 0  arp-replied 0  tx-full 0  no-mbuf 0
对账：sent − received − timeouts − in-flight = 0（应为 0）；丢包 = timeouts = 0（其中 0 个迟到收到）
收包对账：rx 1764221 − (received + late + unexpected + foreign + other + arp) = 0（应为 0）

metric (ns)                       count      min     mean      p50      p90      p99    p99.9   p99.99        max
in-process ①+②  [排名指标]          1764221       60      197      190      250      340      441      561       4450
seg① send  T1−T0                1764221       40       54       50       60       70      170      270       3900
seg② recv  T3−T2                1764221       20      143      130      190      290      380      481       4390
end-to-end T3−T0                1764221    39330   225380   233944   235520   240246   243396   268603     336160
seg③ wake→next T0               1764221       40      125       60      320      700     1098     1221       6180
sleep error                     1764221        0       34       10      110      270      570     1790      16980
deadline→next T0 (误差+③)         1764221       40      158       70      429      790     1160     2246      17780
  (诊断) seg① 距上次发送<100ns               0        0        0        0        0        0        0        0          0
  (诊断) seg① 100–250ns                 4       60       65       60       70       70       70       70         70
  (诊断) seg① 250–500ns            436828       40       55       50       60       80      190      290       2280
  (诊断) seg① 500ns–2µs            962322       40       54       50       60       70      170      250       3900
  (诊断) seg① ≥2µs                 365067       40       55       50       60       70      160      240       2720
  (诊断) 维护: rte_timer_manage      199978       20       24       20       30       30       40      589       2560
  (诊断) 维护: 整个节拍                  199978       40      260       50      803     1098     1289     1938      12350

段① ≥ 125 ns 的样本占 0.368%（段①是两段式分布，它的 p99 落在哪一段只看这个占比在 1% 的哪一边）
rx_burst 包数分布（非空 burst）：1:78.93%  2:17.96%  3:2.94%  4:0.18%  其余更大的 burst 共 9 次（最大一次 11 个包）
主循环被外部打断：空轮询 > 1 µs 共 4377 次（累计 8.7 ms，最长 17.9 µs）；取包前 > 10 µs 共 6 次（累计 0.1 ms，最长 17.6 µs）
port: ipackets 1764221  opackets 1764287  imissed 0  ierrors 0  oerrors 0  rx_nombuf 0
AWS allowance（本次运行增量）：bw_in_allowance_exceeded=0  bw_out_allowance_exceeded=0  pps_allowance_exceeded=0  conntrack_allowance_exceeded=0  linklocal_allowance_exceeded=0
mbuf：pool 8191，初值 avail 8191（端口启动后 7168），关停后 avail 8191 → 泄漏 0 ✔
退出原因：到达 --duration-sec，停止发送并等在途请求收尾
构建：commit 7c98e813316e · rustc 1.98.1 (48a229cea 2026-09-01) · DPDK 25.11.3 · release
环境：AMD EPYC 9R45 · 内核 6.18.48-107.148.amzn2023.x86_64 · 网卡 0000:28:00.0 驱动 igb_uio（写合并映射：是）· clocksource tsc · rdtscp constant_tsc nonstop_tsc tsc_known_freq
时钟：读一次 rdtscp 平均 17.6 ns（每个被测段恰好含一次）；TSC 读数步长 26 周期 = 10.0 ns（时间戳分辨率，所有时间差都是它的整数倍）；周期→纳秒换算与 CLOCK_MONOTONIC_RAW 相差 +0.1 ppm
[1;34m[04:04:16][0m 退出码 0；报告：（由调用者指定）
