[1;34m[04:04:37][0m 运行 A（async-ping）--progress-sec 0 --json logs/sessions/day2b-raw/drift/A2-020.json --delay-us 500 --duration-sec 20  → /dev/null
EAL: No free 1048576 kB hugepages reported on node 0
ENA_DRIVER: ena_get_metrics_entries(): 0x6 customer metrics are supported
ENA_DRIVER: ena_rx_queue_release(): Rx queue 0:0 released
ENA_DRIVER: ena_tx_queue_release(): Tx queue 0:0 released

==================== A · async-ping（自研 rt runtime） ====================
sessions 64  delay 500 µs  duration 20 s (实际 20.00 s)  payload 64 B  timeout 10000 µs  TSC 2.600 GHz
sent 1937929  received 1937929  timeouts 0  late 0  in-flight-at-end 0  unexpected 0  foreign 0  tsc-mismatch 0  other 0  arp-replied 1  tx-full 0  no-mbuf 0
对账：sent − received − timeouts − in-flight = 0（应为 0）；丢包 = timeouts = 0（其中 0 个迟到收到）
收包对账：rx 1937930 − (received + late + unexpected + foreign + other + arp) = 0（应为 0）

metric (ns)                       count      min     mean      p50      p90      p99    p99.9   p99.99        max
in-process ①+②  [排名指标]          1937929       60      199      190      250      350      441      561       4100
seg① send  T1−T0                1937929       40       54       50       60       70      180      280       3120
seg② recv  T3−T2                1937929       20      145      140      190      290      380      490       4040
end-to-end T3−T0                1937929    36160   160330   160295   163446   166596   229218   248123     310820
seg③ wake→next T0               1937929       40      135       70      320      709     1123     1301       4580
sleep error                     1937929        0       37       10      120      270      589     1643      16900
deadline→next T0 (误差+③)         1937929       40      173       70      441      803     1178     2160      17230
  (诊断) seg① 距上次发送<100ns               0        0        0        0        0        0        0        0          0
  (诊断) seg① 100–250ns                 9       60       66       60       80       80       80       80         80
  (诊断) seg① 250–500ns            539104       40       55       50       60      150      200      300       2910
  (诊断) seg① 500ns–2µs           1020303       40       54       50       60       70      160      250       3120
  (诊断) seg① ≥2µs                 378513       40       54       50       60       70      160      260       2530
  (诊断) 维护: rte_timer_manage      199977       20       30       30       40       40       40      660       1740
  (诊断) 维护: 整个节拍                  199977       40      295       60      730      950     1092     1790       2830

段① ≥ 125 ns 的样本占 0.471%（段①是两段式分布，它的 p99 落在哪一段只看这个占比在 1% 的哪一边）
rx_burst 包数分布（非空 burst）：1:76.63%  2:19.18%  3:3.81%  4:0.38%  其余更大的 burst 共 12 次（最大一次 8 个包）
主循环被外部打断：空轮询 > 1 µs 共 4347 次（累计 8.7 ms，最长 18.1 µs）；取包前 > 10 µs 共 2 次（累计 0.0 ms，最长 16.3 µs）
port: ipackets 1937930  opackets 1937996  imissed 0  ierrors 0  oerrors 0  rx_nombuf 0
AWS allowance（本次运行增量）：bw_in_allowance_exceeded=0  bw_out_allowance_exceeded=0  pps_allowance_exceeded=0  conntrack_allowance_exceeded=0  linklocal_allowance_exceeded=0
mbuf：pool 8191，初值 avail 8191（端口启动后 7168），关停后 avail 8191 → 泄漏 0 ✔
退出原因：到达 --duration-sec，停止发送并等在途请求收尾
构建：commit 7c98e813316e · rustc 1.98.1 (48a229cea 2026-09-01) · DPDK 25.11.3 · release
环境：AMD EPYC 9R45 · 内核 6.18.48-107.148.amzn2023.x86_64 · 网卡 0000:28:00.0 驱动 igb_uio（写合并映射：是）· clocksource tsc · rdtscp constant_tsc nonstop_tsc tsc_known_freq
时钟：读一次 rdtscp 平均 17.6 ns（每个被测段恰好含一次）；TSC 读数步长 26 周期 = 10.0 ns（时间戳分辨率，所有时间差都是它的整数倍）；周期→纳秒换算与 CLOCK_MONOTONIC_RAW 相差 +0.0 ppm
[1;34m[04:04:57][0m 退出码 0；报告：（由调用者指定）
