[1;34m[04:10:00][0m 运行 A（async-ping）--progress-sec 0 --json logs/sessions/day2b-raw/drift/A2-025.json --delay-us 500 --duration-sec 20  → /dev/null
EAL: No free 1048576 kB hugepages reported on node 0
ENA_DRIVER: ena_get_metrics_entries(): 0x6 customer metrics are supported
ENA_DRIVER: ena_rx_queue_release(): Rx queue 0:0 released
ENA_DRIVER: ena_tx_queue_release(): Tx queue 0:0 released

==================== A · async-ping（自研 rt runtime） ====================
sessions 64  delay 500 µs  duration 20 s (实际 20.00 s)  payload 64 B  timeout 10000 µs  TSC 2.600 GHz
sent 1946721  received 1946721  timeouts 0  late 0  in-flight-at-end 0  unexpected 0  foreign 0  tsc-mismatch 0  other 0  arp-replied 0  tx-full 0  no-mbuf 0
对账：sent − received − timeouts − in-flight = 0（应为 0）；丢包 = timeouts = 0（其中 0 个迟到收到）
收包对账：rx 1946721 − (received + late + unexpected + foreign + other + arp) = 0（应为 0）

metric (ns)                       count      min     mean      p50      p90      p99    p99.9   p99.99        max
in-process ①+②  [排名指标]          1946721       60      194      180      240      340      441      570      23060
seg① send  T1−T0                1946721       40       54       50       60       70      180      280       2960
seg② recv  T3−T2                1946721       20      140      130      190      280      370      490      23010
end-to-end T3−T0                1946721    36800   157361   160295   163446   169747   246547   263876     314950
seg③ wake→next T0               1946721       40      128       60      320      709     1123     1523       8380
sleep error                     1946721        0       34       10      120      270      589     1643      17430
deadline→next T0 (误差+③)         1946721       40      162       70      429      803     1178     2196      17860
  (诊断) seg① 距上次发送<100ns               0        0        0        0        0        0        0        0          0
  (诊断) seg① 100–250ns                 8       60       62       60       70       70       70       70         70
  (诊断) seg① 250–500ns            494087       40       54       50       60      150      200      300       2280
  (诊断) seg① 500ns–2µs           1071088       40       53       50       60       70      160      250       2410
  (诊断) seg① ≥2µs                 381538       40       54       50       60       70      160      240       2960
  (诊断) 维护: rte_timer_manage      199978       20       24       20       30       30       40      809       3450
  (诊断) 维护: 整个节拍                  199978       40      278       60      660      889     1129     1803       7280

段① ≥ 125 ns 的样本占 0.478%（段①是两段式分布，它的 p99 落在哪一段只看这个占比在 1% 的哪一边）
rx_burst 包数分布（非空 burst）：1:79.12%  2:17.46%  3:3.08%  4:0.34%  其余更大的 burst 共 13 次（最大一次 18 个包）
主循环被外部打断：空轮询 > 1 µs 共 4321 次（累计 8.6 ms，最长 49.3 µs）；取包前 > 10 µs 共 2 次（累计 0.0 ms，最长 27.7 µs）
port: ipackets 1946721  opackets 1946787  imissed 0  ierrors 0  oerrors 0  rx_nombuf 0
AWS allowance（本次运行增量）：bw_in_allowance_exceeded=0  bw_out_allowance_exceeded=0  pps_allowance_exceeded=0  conntrack_allowance_exceeded=0  linklocal_allowance_exceeded=0
mbuf：pool 8191，初值 avail 8191（端口启动后 7168），关停后 avail 8191 → 泄漏 0 ✔
退出原因：到达 --duration-sec，停止发送并等在途请求收尾
构建：commit 7c98e813316e · rustc 1.98.1 (48a229cea 2026-09-01) · DPDK 25.11.3 · release
环境：AMD EPYC 9R45 · 内核 6.18.48-107.148.amzn2023.x86_64 · 网卡 0000:28:00.0 驱动 igb_uio（写合并映射：是）· clocksource tsc · rdtscp constant_tsc nonstop_tsc tsc_known_freq
时钟：读一次 rdtscp 平均 17.5 ns（每个被测段恰好含一次）；TSC 读数步长 26 周期 = 10.0 ns（时间戳分辨率，所有时间差都是它的整数倍）；周期→纳秒换算与 CLOCK_MONOTONIC_RAW 相差 +0.1 ppm
[1;34m[04:10:20][0m 退出码 0；报告：（由调用者指定）
