[1;34m[04:07:39][0m 运行 A（async-ping）--progress-sec 0 --json logs/sessions/day2b-raw/drift/A2-023.json --delay-us 500 --duration-sec 20  → /dev/null
EAL: No free 1048576 kB hugepages reported on node 0
ENA_DRIVER: ena_get_metrics_entries(): 0x6 customer metrics are supported
ENA_DRIVER: ena_rx_queue_release(): Rx queue 0:0 released
ENA_DRIVER: ena_tx_queue_release(): Tx queue 0:0 released

==================== A · async-ping（自研 rt runtime） ====================
sessions 64  delay 500 µs  duration 20 s (实际 20.00 s)  payload 64 B  timeout 10000 µs  TSC 2.600 GHz
sent 1975631  received 1975631  timeouts 0  late 0  in-flight-at-end 0  unexpected 0  foreign 0  tsc-mismatch 0  other 0  arp-replied 1  tx-full 0  no-mbuf 0
对账：sent − received − timeouts − in-flight = 0（应为 0）；丢包 = timeouts = 0（其中 0 个迟到收到）
收包对账：rx 1975632 − (received + late + unexpected + foreign + other + arp) = 0（应为 0）

metric (ns)                       count      min     mean      p50      p90      p99    p99.9   p99.99        max
in-process ①+②  [排名指标]          1975631       60      195      190      250      340      441      580       3790
seg① send  T1−T0                1975631       40       54       50       60       70      180      280       3000
seg② recv  T3−T2                1975631       20      141      130      190      290      380      500       3740
end-to-end T3−T0                1975631    36060   147733   159507   163446   238670   248123   298535     308360
seg③ wake→next T0               1975631       40      127       70      320      709     1110     1498       7160
sleep error                     1975631        0       36       10      120      290      709     1704      32010
deadline→next T0 (误差+③)         1975631       40      163       70      441      803     1190     2233      32490
  (诊断) seg① 距上次发送<100ns               0        0        0        0        0        0        0        0          0
  (诊断) seg① 100–250ns                 1       70       70       70       70       70       70       70         70
  (诊断) seg① 250–500ns            489058       40       55       50       60      160      200      310       2080
  (诊断) seg① 500ns–2µs           1056290       40       53       50       60       70      170      260       2570
  (诊断) seg① ≥2µs                 430282       40       54       50       60       70      170      260       3000
  (诊断) 维护: rte_timer_manage      199975       20       24       20       30       30       40      780       3330
  (诊断) 维护: 整个节拍                  199975       40      311      210      761     1018     1221     1864       4920

段① ≥ 125 ns 的样本占 0.606%（段①是两段式分布，它的 p99 落在哪一段只看这个占比在 1% 的哪一边）
rx_burst 包数分布（非空 burst）：1:80.20%  2:16.50%  3:2.86%  4:0.44%  其余更大的 burst 共 13 次（最大一次 15 个包）
主循环被外部打断：空轮询 > 1 µs 共 4278 次（累计 8.5 ms，最长 49.1 µs）；取包前 > 10 µs 共 5 次（累计 0.1 ms，最长 19.2 µs）
port: ipackets 1975632  opackets 1975698  imissed 0  ierrors 0  oerrors 0  rx_nombuf 0
AWS allowance（本次运行增量）：bw_in_allowance_exceeded=0  bw_out_allowance_exceeded=0  pps_allowance_exceeded=0  conntrack_allowance_exceeded=0  linklocal_allowance_exceeded=0
mbuf：pool 8191，初值 avail 8191（端口启动后 7168），关停后 avail 8191 → 泄漏 0 ✔
退出原因：到达 --duration-sec，停止发送并等在途请求收尾
构建：commit 7c98e813316e · rustc 1.98.1 (48a229cea 2026-09-01) · DPDK 25.11.3 · release
环境：AMD EPYC 9R45 · 内核 6.18.48-107.148.amzn2023.x86_64 · 网卡 0000:28:00.0 驱动 igb_uio（写合并映射：是）· clocksource tsc · rdtscp constant_tsc nonstop_tsc tsc_known_freq
时钟：读一次 rdtscp 平均 17.5 ns（每个被测段恰好含一次）；TSC 读数步长 26 周期 = 10.0 ns（时间戳分辨率，所有时间差都是它的整数倍）；周期→纳秒换算与 CLOCK_MONOTONIC_RAW 相差 +0.0 ppm
[1;34m[04:07:59][0m 退出码 0；报告：（由调用者指定）
