[1;34m[04:16:45][0m 运行 A（async-ping）--progress-sec 0 --json logs/sessions/day2b-raw/drift/A2-032.json --delay-us 500 --duration-sec 20  → /dev/null
EAL: No free 1048576 kB hugepages reported on node 0
ENA_DRIVER: ena_get_metrics_entries(): 0x6 customer metrics are supported
ENA_DRIVER: ena_rx_queue_release(): Rx queue 0:0 released
ENA_DRIVER: ena_tx_queue_release(): Tx queue 0:0 released

==================== A · async-ping（自研 rt runtime） ====================
sessions 64  delay 500 µs  duration 20 s (实际 20.00 s)  payload 64 B  timeout 10000 µs  TSC 2.600 GHz
sent 2071077  received 2071077  timeouts 0  late 0  in-flight-at-end 0  unexpected 0  foreign 0  tsc-mismatch 0  other 0  arp-replied 0  tx-full 0  no-mbuf 0
对账：sent − received − timeouts − in-flight = 0（应为 0）；丢包 = timeouts = 0（其中 0 个迟到收到）
收包对账：rx 2071077 − (received + late + unexpected + foreign + other + arp) = 0（应为 0）

metric (ns)                       count      min     mean      p50      p90      p99    p99.9   p99.99        max
in-process ①+②  [排名指标]          2071077       60      193      180      240      340      450      580      15830
seg① send  T1−T0                2071077       40       54       50       60       70      180      290       3020
seg② recv  T3−T2                2071077       20      139      130      190      290      380      490      15780
end-to-end T3−T0                2071077    35880   117872   107520   168172   248123   252849   301686     320360
seg③ wake→next T0               2071077       30      126       60      320      709     1129     1560       5680
sleep error                     2071077        0       39       10      120      340      770     1766      16440
deadline→next T0 (误差+③)         2071077       40      165       70      441      821     1350     2455      16810
  (诊断) seg① 距上次发送<100ns               0        0        0        0        0        0        0        0          0
  (诊断) seg① 100–250ns                 6       60       80       60      160      160      160      160        160
  (诊断) seg① 250–500ns            495013       40       55       50       60      160      220      310       2790
  (诊断) seg① 500ns–2µs           1018697       40       54       50       60       70      170      260       2320
  (诊断) seg① ≥2µs                 557361       40       54       50       60       70      170      270       3020
  (诊断) 维护: rte_timer_manage      199976       20       31       30       40       40       40      981       3340
  (诊断) 维护: 整个节拍                  199976       40      347      260      827     1110     1320     2012      13070

段① ≥ 125 ns 的样本占 0.685%（段①是两段式分布，它的 p99 落在哪一段只看这个占比在 1% 的哪一边）
rx_burst 包数分布（非空 burst）：1:81.30%  2:15.40%  3:2.77%  4:0.54%  其余更大的 burst 共 35 次（最大一次 17 个包）
主循环被外部打断：空轮询 > 1 µs 共 4272 次（累计 8.5 ms，最长 47.0 µs）；取包前 > 10 µs 共 5 次（累计 0.1 ms，最长 15.2 µs）
port: ipackets 2071077  opackets 2071143  imissed 0  ierrors 0  oerrors 0  rx_nombuf 0
AWS allowance（本次运行增量）：bw_in_allowance_exceeded=0  bw_out_allowance_exceeded=0  pps_allowance_exceeded=0  conntrack_allowance_exceeded=0  linklocal_allowance_exceeded=0
mbuf：pool 8191，初值 avail 8191（端口启动后 7168），关停后 avail 8191 → 泄漏 0 ✔
退出原因：到达 --duration-sec，停止发送并等在途请求收尾
构建：commit 7c98e813316e · rustc 1.98.1 (48a229cea 2026-09-01) · DPDK 25.11.3 · release
环境：AMD EPYC 9R45 · 内核 6.18.48-107.148.amzn2023.x86_64 · 网卡 0000:28:00.0 驱动 igb_uio（写合并映射：是）· clocksource tsc · rdtscp constant_tsc nonstop_tsc tsc_known_freq
时钟：读一次 rdtscp 平均 17.6 ns（每个被测段恰好含一次）；TSC 读数步长 26 周期 = 10.0 ns（时间戳分辨率，所有时间差都是它的整数倍）；周期→纳秒换算与 CLOCK_MONOTONIC_RAW 相差 +0.1 ppm
[1;34m[04:17:05][0m 退出码 0；报告：（由调用者指定）
