[1;34m[03:53:29][0m 运行 B（raw-ping）--progress-sec 0 --json logs/sessions/day2b-raw/drift/B-009.json --delay-us 500 --duration-sec 20  → /dev/null
EAL: No free 1048576 kB hugepages reported on node 0
ENA_DRIVER: ena_get_metrics_entries(): 0x6 customer metrics are supported
ENA_DRIVER: ena_rx_queue_release(): Rx queue 0:0 released
ENA_DRIVER: ena_tx_queue_release(): Tx queue 0:0 released

==================== B · raw-ping（手写 busy-poll，无 runtime） ====================
sessions 64  delay 500 µs  duration 20 s (实际 20.00 s)  payload 64 B  timeout 10000 µs  TSC 2.600 GHz
sent 1941440  received 1941440  timeouts 0  late 0  in-flight-at-end 0  unexpected 0  foreign 0  tsc-mismatch 0  other 0  arp-replied 1  tx-full 0  no-mbuf 0
对账：sent − received − timeouts − in-flight = 0（应为 0）；丢包 = timeouts = 0（其中 0 个迟到收到）
收包对账：rx 1941441 − (received + late + unexpected + foreign + other + arp) = 0（应为 0）

metric (ns)                       count      min     mean      p50      p90      p99    p99.9   p99.99        max
in-process ①+②  [排名指标]          1941440       50      206      180      320      460      570      700      39270
seg① send  T1−T0                1941440       40       77       50      200      310      330      420       3470
seg② recv  T3−T2                1941440       10      129      120      180      270      360      460      39220
end-to-end T3−T0                1941440    37920   159178   160295   163446   176836   246547   254424     305930
seg③ wake→next T0               1941440       20       97       50      290      401      749     1178       9670
sleep error                     1941440        0       34       10      110      270      629     1876      38720
deadline→next T0 (误差+③)         1941440       30      131       60      401      580      981     2258      38800
  (诊断) seg① 距上次发送<100ns           98976      130      303      300      320      330      429     1790       3470
  (诊断) seg① 100–250ns            141346       60      204      200      210      220      320      481       3240
  (诊断) seg① 250–500ns            296415       40       53       50       60       70      200      290       3030
  (诊断) seg① 500ns–2µs           1010216       40       53       50       60       70      160      250       2430
  (诊断) seg① ≥2µs                 394487       40       53       50       60       70      160      250       2390
  (诊断) 维护: rte_timer_manage      199971       20       25       20       30       30       40      601       3400
  (诊断) 维护: 整个节拍                  199971       40      271       60      650      870     1061     1901       7410

段① ≥ 125 ns 的样本占 12.633%（段①是两段式分布，它的 p99 落在哪一段只看这个占比在 1% 的哪一边）
rx_burst 包数分布（非空 burst）：1:76.61%  2:19.27%  3:3.69%  4:0.43%  其余更大的 burst 共 10 次（最大一次 25 个包）
主循环被外部打断：空轮询 > 1 µs 共 4340 次（累计 8.5 ms，最长 42.0 µs）；取包前 > 10 µs 共 2 次（累计 0.0 ms，最长 17.9 µs）
port: ipackets 1941441  opackets 1941507  imissed 0  ierrors 0  oerrors 0  rx_nombuf 0
AWS allowance（本次运行增量）：bw_in_allowance_exceeded=0  bw_out_allowance_exceeded=0  pps_allowance_exceeded=0  conntrack_allowance_exceeded=0  linklocal_allowance_exceeded=0
mbuf：pool 8191，初值 avail 8191（端口启动后 7168），关停后 avail 8191 → 泄漏 0 ✔
退出原因：到达 --duration-sec，停止发送并等在途请求收尾
构建：commit 7c98e813316e · rustc 1.98.1 (48a229cea 2026-09-01) · DPDK 25.11.3 · release
环境：AMD EPYC 9R45 · 内核 6.18.48-107.148.amzn2023.x86_64 · 网卡 0000:28:00.0 驱动 igb_uio（写合并映射：是）· clocksource tsc · rdtscp constant_tsc nonstop_tsc tsc_known_freq
时钟：读一次 rdtscp 平均 17.6 ns（每个被测段恰好含一次）；TSC 读数步长 26 周期 = 10.0 ns（时间戳分辨率，所有时间差都是它的整数倍）；周期→纳秒换算与 CLOCK_MONOTONIC_RAW 相差 +0.1 ppm
[1;34m[03:53:49][0m 退出码 0；报告：（由调用者指定）
