[1;34m[03:46:04][0m 运行 B（raw-ping）--progress-sec 0 --json logs/sessions/day2b-raw/drift/B-001.json --delay-us 500 --duration-sec 20  → /dev/null
EAL: No free 1048576 kB hugepages reported on node 0
ENA_DRIVER: ena_get_metrics_entries(): 0x6 customer metrics are supported
ENA_DRIVER: ena_rx_queue_release(): Rx queue 0:0 released
ENA_DRIVER: ena_tx_queue_release(): Tx queue 0:0 released

==================== B · raw-ping（手写 busy-poll，无 runtime） ====================
sessions 64  delay 500 µs  duration 20 s (实际 20.00 s)  payload 64 B  timeout 10000 µs  TSC 2.600 GHz
sent 1973126  received 1973126  timeouts 0  late 0  in-flight-at-end 0  unexpected 0  foreign 0  tsc-mismatch 0  other 0  arp-replied 0  tx-full 0  no-mbuf 0
对账：sent − received − timeouts − in-flight = 0（应为 0）；丢包 = timeouts = 0（其中 0 个迟到收到）
收包对账：rx 1973126 − (received + late + unexpected + foreign + other + arp) = 0（应为 0）

metric (ns)                       count      min     mean      p50      p90      p99    p99.9   p99.99        max
in-process ①+②  [排名指标]          1973126       50      194      170      260      450      561      681       4070
seg① send  T1−T0                1973126       40       65       50       60      310      330      420       3280
seg② recv  T3−T2                1973126       10      129      120      180      270      360      460       4020
end-to-end T3−T0                1973126    35950   148585   159507   162658   229218   246547   296960     312630
seg③ wake→next T0               1973126       20      102       50      290      401      740      870       5110
sleep error                     1973126        0       32       10      110      260      549     1655      14020
deadline→next T0 (误差+③)         1973126       30      134       60      401      540      858     1926      14070
  (诊断) seg① 距上次发送<100ns           87981      220      305      310      320      330      429      549       3280
  (诊断) seg① 100–250ns              5929       60      203      200      210      220      330     2086       2090
  (诊断) seg① 250–500ns            414952       40       54       50       60       70      170      270       2500
  (诊断) seg① 500ns–2µs           1022984       40       53       50       60       70      160      240       2420
  (诊断) seg① ≥2µs                 441280       40       54       50       60       70      160      240       2560
  (诊断) 维护: rte_timer_manage      199971       20       25       20       30       30       40      870       3310
  (诊断) 维护: 整个节拍                  199971       40      286      200      669      969     1172     1766      15570

段① ≥ 125 ns 的样本占 5.017%（段①是两段式分布，它的 p99 落在哪一段只看这个占比在 1% 的哪一边）
rx_burst 包数分布（非空 burst）：1:78.50%  2:18.09%  3:3.13%  4:0.28%  其余更大的 burst 共 15 次（最大一次 14 个包）
主循环被外部打断：空轮询 > 1 µs 共 4361 次（累计 8.6 ms，最长 16.0 µs）；取包前 > 10 µs 共 3 次（累计 0.0 ms，最长 18.5 µs）
port: ipackets 1973126  opackets 1973192  imissed 0  ierrors 0  oerrors 0  rx_nombuf 0
AWS allowance（本次运行增量）：bw_in_allowance_exceeded=0  bw_out_allowance_exceeded=0  pps_allowance_exceeded=0  conntrack_allowance_exceeded=0  linklocal_allowance_exceeded=0
mbuf：pool 8191，初值 avail 8191（端口启动后 7168），关停后 avail 8191 → 泄漏 0 ✔
退出原因：到达 --duration-sec，停止发送并等在途请求收尾
构建：commit 7c98e813316e · rustc 1.98.1 (48a229cea 2026-09-01) · DPDK 25.11.3 · release
环境：AMD EPYC 9R45 · 内核 6.18.48-107.148.amzn2023.x86_64 · 网卡 0000:28:00.0 驱动 igb_uio（写合并映射：是）· clocksource tsc · rdtscp constant_tsc nonstop_tsc tsc_known_freq
时钟：读一次 rdtscp 平均 17.6 ns（每个被测段恰好含一次）；TSC 读数步长 26 周期 = 10.0 ns（时间戳分辨率，所有时间差都是它的整数倍）；周期→纳秒换算与 CLOCK_MONOTONIC_RAW 相差 +0.1 ppm
[1;34m[03:46:24][0m 退出码 0；报告：（由调用者指定）
