[1;34m[03:49:06][0m 运行 B（raw-ping）--progress-sec 0 --json logs/sessions/day2b-raw/drift/B-004.json --delay-us 500 --duration-sec 20  → /dev/null
EAL: No free 1048576 kB hugepages reported on node 0
ENA_DRIVER: ena_get_metrics_entries(): 0x6 customer metrics are supported
ENA_DRIVER: ena_rx_queue_release(): Rx queue 0:0 released
ENA_DRIVER: ena_tx_queue_release(): Tx queue 0:0 released

==================== B · raw-ping（手写 busy-poll，无 runtime） ====================
sessions 64  delay 500 µs  duration 20 s (实际 20.00 s)  payload 64 B  timeout 10000 µs  TSC 2.600 GHz
sent 2094957  received 2094957  timeouts 0  late 0  in-flight-at-end 0  unexpected 0  foreign 0  tsc-mismatch 0  other 0  arp-replied 0  tx-full 0  no-mbuf 0
对账：sent − received − timeouts − in-flight = 0（应为 0）；丢包 = timeouts = 0（其中 0 个迟到收到）
收包对账：rx 2094957 − (received + late + unexpected + foreign + other + arp) = 0（应为 0）

metric (ns)                       count      min     mean      p50      p90      p99    p99.9   p99.99        max
in-process ①+②  [排名指标]          2094957       50      200      170      310      450      561      690      14330
seg① send  T1−T0                2094957       40       72       50      150      310      320      429      14210
seg② recv  T3−T2                2094957       10      127      120      170      270      360      460       3490
end-to-end T3−T0                2094957    36320   110879   106732   158720   243396   251273   301686     316250
seg③ wake→next T0               2094957       20       81       50      150      390      740      883       4450
sleep error                     2094957        0       30       10      110      270      580     1498      12710
deadline→next T0 (误差+③)         2094957       20      111       60      290      500      852     1716      12980
  (诊断) seg① 距上次发送<100ns           94783       60      299      300      310      330      441      790      14210
  (诊断) seg① 100–250ns            109870      110      204      200      210      220      320      420       2850
  (诊断) seg① 250–500ns            241440       40       53       50       60       70      200      290       2300
  (诊断) seg① 500ns–2µs           1057604       40       53       50       60       70      160      240       2530
  (诊断) seg① ≥2µs                 591260       40       53       50       60       70      160      220       2170
  (诊断) 维护: rte_timer_manage      199968       20       25       20       30       30       40      660       2500
  (诊断) 维护: 整个节拍                  199968       40      337      270      761     1061     1252     2246      15560

段① ≥ 125 ns 的样本占 10.024%（段①是两段式分布，它的 p99 落在哪一段只看这个占比在 1% 的哪一边）
rx_burst 包数分布（非空 burst）：1:82.94%  2:14.77%  3:2.05%  4:0.24%  其余更大的 burst 共 5 次（最大一次 5 个包）
主循环被外部打断：空轮询 > 1 µs 共 4270 次（累计 8.1 ms，最长 20.9 µs）；取包前 > 10 µs 共 4 次（累计 0.1 ms，最长 33.1 µs）
port: ipackets 2094957  opackets 2095023  imissed 0  ierrors 0  oerrors 0  rx_nombuf 0
AWS allowance（本次运行增量）：bw_in_allowance_exceeded=0  bw_out_allowance_exceeded=0  pps_allowance_exceeded=0  conntrack_allowance_exceeded=0  linklocal_allowance_exceeded=0
mbuf：pool 8191，初值 avail 8191（端口启动后 7168），关停后 avail 8191 → 泄漏 0 ✔
退出原因：到达 --duration-sec，停止发送并等在途请求收尾
构建：commit 7c98e813316e · rustc 1.98.1 (48a229cea 2026-09-01) · DPDK 25.11.3 · release
环境：AMD EPYC 9R45 · 内核 6.18.48-107.148.amzn2023.x86_64 · 网卡 0000:28:00.0 驱动 igb_uio（写合并映射：是）· clocksource tsc · rdtscp constant_tsc nonstop_tsc tsc_known_freq
时钟：读一次 rdtscp 平均 17.6 ns（每个被测段恰好含一次）；TSC 读数步长 26 周期 = 10.0 ns（时间戳分辨率，所有时间差都是它的整数倍）；周期→纳秒换算与 CLOCK_MONOTONIC_RAW 相差 +0.1 ppm
[1;34m[03:49:26][0m 退出码 0；报告：（由调用者指定）
