[1;34m[03:50:27][0m 运行 B（raw-ping）--progress-sec 0 --json logs/sessions/day2b-raw/drift/B-006.json --delay-us 500 --duration-sec 20  → /dev/null
EAL: No free 1048576 kB hugepages reported on node 0
ENA_DRIVER: ena_get_metrics_entries(): 0x6 customer metrics are supported
ENA_DRIVER: ena_rx_queue_release(): Rx queue 0:0 released
ENA_DRIVER: ena_tx_queue_release(): Tx queue 0:0 released

==================== B · raw-ping（手写 busy-poll，无 runtime） ====================
sessions 64  delay 500 µs  duration 20 s (实际 20.00 s)  payload 64 B  timeout 10000 µs  TSC 2.600 GHz
sent 1946934  received 1946934  timeouts 0  late 0  in-flight-at-end 0  unexpected 0  foreign 0  tsc-mismatch 0  other 0  arp-replied 1  tx-full 0  no-mbuf 0
对账：sent − received − timeouts − in-flight = 0（应为 0）；丢包 = timeouts = 0（其中 0 个迟到收到）
收包对账：rx 1946935 − (received + late + unexpected + foreign + other + arp) = 0（应为 0）

metric (ns)                       count      min     mean      p50      p90      p99    p99.9   p99.99        max
in-process ①+②  [排名指标]          1946934       50      193      170      260      460      570      681       4220
seg① send  T1−T0                1946934       40       65       50       60      310      330      420       3450
seg② recv  T3−T2                1946934       10      128      120      180      270      360      460       4170
end-to-end T3−T0                1946934    38420   157313   160295   163446   167384   243396   251273     309370
seg③ wake→next T0               1946934       20      104       50      290      401      749      883       3680
sleep error                     1946934        0       33       10      110      270      580     1655       3870
deadline→next T0 (误差+③)         1946934       40      137       60      410      641      920     1938       4550
  (诊断) seg① 距上次发送<100ns           94339      220      304      300      320      330      429      500       2340
  (诊断) seg① 100–250ns               828       60      201      200      210      270      330      330        330
  (诊断) seg① 250–500ns            415040       40       53       50       60       70      170      270       2470
  (诊断) seg① 500ns–2µs           1044218       40       53       50       60       70      160      230       3450
  (诊断) seg① ≥2µs                 392509       40       53       50       60       70      170      250       2410
  (诊断) 维护: rte_timer_manage      199973       20       31       30       40       40       40      690       1850
  (诊断) 维护: 整个节拍                  199973       40      277       60      669      858     1049     1753       6750

段① ≥ 125 ns 的样本占 5.170%（段①是两段式分布，它的 p99 落在哪一段只看这个占比在 1% 的哪一边）
rx_burst 包数分布（非空 burst）：1:78.71%  2:17.66%  3:3.06%  4:0.56%  其余更大的 burst 共 18 次（最大一次 14 个包）
主循环被外部打断：空轮询 > 1 µs 共 4356 次（累计 8.6 ms，最长 39.8 µs）；取包前 > 10 µs 共 2 次（累计 0.0 ms，最长 17.8 µs）
port: ipackets 1946935  opackets 1947001  imissed 0  ierrors 0  oerrors 0  rx_nombuf 0
AWS allowance（本次运行增量）：bw_in_allowance_exceeded=0  bw_out_allowance_exceeded=0  pps_allowance_exceeded=0  conntrack_allowance_exceeded=0  linklocal_allowance_exceeded=0
mbuf：pool 8191，初值 avail 8191（端口启动后 7168），关停后 avail 8191 → 泄漏 0 ✔
退出原因：到达 --duration-sec，停止发送并等在途请求收尾
构建：commit 7c98e813316e · rustc 1.98.1 (48a229cea 2026-09-01) · DPDK 25.11.3 · release
环境：AMD EPYC 9R45 · 内核 6.18.48-107.148.amzn2023.x86_64 · 网卡 0000:28:00.0 驱动 igb_uio（写合并映射：是）· clocksource tsc · rdtscp constant_tsc nonstop_tsc tsc_known_freq
时钟：读一次 rdtscp 平均 17.5 ns（每个被测段恰好含一次）；TSC 读数步长 26 周期 = 10.0 ns（时间戳分辨率，所有时间差都是它的整数倍）；周期→纳秒换算与 CLOCK_MONOTONIC_RAW 相差 +0.0 ppm
[1;34m[03:50:47][0m 退出码 0；报告：（由调用者指定）
