[1;34m[04:14:03][0m 运行 B（raw-ping）--progress-sec 0 --json logs/sessions/day2b-raw/drift/B-029.json --delay-us 500 --duration-sec 20  → /dev/null
EAL: No free 1048576 kB hugepages reported on node 0
ENA_DRIVER: ena_get_metrics_entries(): 0x6 customer metrics are supported
ENA_DRIVER: ena_rx_queue_release(): Rx queue 0:0 released
ENA_DRIVER: ena_tx_queue_release(): Tx queue 0:0 released

==================== B · raw-ping（手写 busy-poll，无 runtime） ====================
sessions 64  delay 500 µs  duration 20 s (实际 20.00 s)  payload 64 B  timeout 10000 µs  TSC 2.600 GHz
sent 1941436  received 1941436  timeouts 0  late 0  in-flight-at-end 0  unexpected 0  foreign 0  tsc-mismatch 0  other 0  arp-replied 1  tx-full 0  no-mbuf 0
对账：sent − received − timeouts − in-flight = 0（应为 0）；丢包 = timeouts = 0（其中 0 个迟到收到）
收包对账：rx 1941437 − (received + late + unexpected + foreign + other + arp) = 0（应为 0）

metric (ns)                       count      min     mean      p50      p90      p99    p99.9   p99.99        max
in-process ①+②  [排名指标]          1941436       50      203      170      320      460      570      700      15670
seg① send  T1−T0                1941436       40       76       50      200      310      330      420       3840
seg② recv  T3−T2                1941436       10      127      120      170      270      360      469      15620
end-to-end T3−T0                1941436    37660   159185   160295   163446   167384   233944   248123     306750
seg③ wake→next T0               1941436       20       95       50      290      401      749     1012       6420
sleep error                     1941436        0       33       10      110      270      540     1741       6550
deadline→next T0 (误差+③)         1941436       30      128       60      390      561      858     2098       8230
  (诊断) seg① 距上次发送<100ns           94642      130      304      300      320      330      429      620       3090
  (诊断) seg① 100–250ns            137760       60      203      200      210      220      320      441       2620
  (诊断) seg① 250–500ns            287422       40       53       50       60       70      200      300       2830
  (诊断) seg① 500ns–2µs           1027592       40       53       50       60       70      160      250       3840
  (诊断) seg① ≥2µs                 394020       40       53       50       60       70      170      280       2330
  (诊断) 维护: rte_timer_manage      199971       20       25       20       30       30       40     1043       3630
  (诊断) 维护: 整个节拍                  199971       40      273       60      669      852      987     1950      20840

段① ≥ 125 ns 的样本占 12.231%（段①是两段式分布，它的 p99 落在哪一段只看这个占比在 1% 的哪一边）
rx_burst 包数分布（非空 burst）：1:77.75%  2:18.28%  3:3.57%  4:0.41%  其余更大的 burst 共 22 次（最大一次 17 个包）
主循环被外部打断：空轮询 > 1 µs 共 4340 次（累计 8.5 ms，最长 22.5 µs）；取包前 > 10 µs 共 6 次（累计 0.1 ms，最长 17.8 µs）
port: ipackets 1941437  opackets 1941503  imissed 0  ierrors 0  oerrors 0  rx_nombuf 0
AWS allowance（本次运行增量）：bw_in_allowance_exceeded=0  bw_out_allowance_exceeded=0  pps_allowance_exceeded=0  conntrack_allowance_exceeded=0  linklocal_allowance_exceeded=0
mbuf：pool 8191，初值 avail 8191（端口启动后 7168），关停后 avail 8191 → 泄漏 0 ✔
退出原因：到达 --duration-sec，停止发送并等在途请求收尾
构建：commit 7c98e813316e · rustc 1.98.1 (48a229cea 2026-09-01) · DPDK 25.11.3 · release
环境：AMD EPYC 9R45 · 内核 6.18.48-107.148.amzn2023.x86_64 · 网卡 0000:28:00.0 驱动 igb_uio（写合并映射：是）· clocksource tsc · rdtscp constant_tsc nonstop_tsc tsc_known_freq
时钟：读一次 rdtscp 平均 17.6 ns（每个被测段恰好含一次）；TSC 读数步长 26 周期 = 10.0 ns（时间戳分辨率，所有时间差都是它的整数倍）；周期→纳秒换算与 CLOCK_MONOTONIC_RAW 相差 +0.1 ppm
[1;34m[04:14:23][0m 退出码 0；报告：（由调用者指定）
