[1;34m[04:23:09][0m 运行 B（raw-ping）--progress-sec 0 --json logs/sessions/day2b-raw/drift/B-038.json --delay-us 500 --duration-sec 20  → /dev/null
EAL: No free 1048576 kB hugepages reported on node 0
ENA_DRIVER: ena_get_metrics_entries(): 0x6 customer metrics are supported
ENA_DRIVER: ena_rx_queue_release(): Rx queue 0:0 released
ENA_DRIVER: ena_tx_queue_release(): Tx queue 0:0 released

==================== B · raw-ping（手写 busy-poll，无 runtime） ====================
sessions 64  delay 500 µs  duration 20 s (实际 20.00 s)  payload 64 B  timeout 10000 µs  TSC 2.600 GHz
sent 1969586  received 1969586  timeouts 0  late 0  in-flight-at-end 0  unexpected 0  foreign 0  tsc-mismatch 0  other 1  arp-replied 1  tx-full 0  no-mbuf 0
对账：sent − received − timeouts − in-flight = 0（应为 0）；丢包 = timeouts = 0（其中 0 个迟到收到）
收包对账：rx 1969588 − (received + late + unexpected + foreign + other + arp) = 0（应为 0）

metric (ns)                       count      min     mean      p50      p90      p99    p99.9   p99.99        max
in-process ①+②  [排名指标]          1969586       50      195      170      270      460      570      690       4110
seg① send  T1−T0                1969586       40       66       50       70      310      330      420       3950
seg② recv  T3−T2                1969586       10      129      120      180      270      360      460       4050
end-to-end T3−T0                1969586    36770   149742   159507   164233   238670   249698   300110     361230
seg③ wake→next T0               1969586       20      106       50      290      401      761     1129       4850
sleep error                     1969586        0       34       10      110      310      681     1852      19870
deadline→next T0 (误差+③)         1969586       30      139       60      410      660     1012     2221      19940
  (诊断) seg① 距上次发送<100ns          100418       60      304      300      320      330      429     1067       2520
  (诊断) seg① 100–250ns              5865       70      203      200      210      230      370     2209       2210
  (诊断) seg① 250–500ns            417929       40       53       50       60       70      180      280       2620
  (诊断) seg① 500ns–2µs           1020221       40       53       50       60       70      170      260       3950
  (诊断) seg① ≥2µs                 425153       40       54       50       60       70      170      280       2580
  (诊断) 维护: rte_timer_manage      199968       20       25       20       30       30       40      803       3110
  (诊断) 维护: 整个节拍                  199968       40      280      200      650      907     1160     1827       3420

段① ≥ 125 ns 的样本占 5.763%（段①是两段式分布，它的 p99 落在哪一段只看这个占比在 1% 的哪一边）
rx_burst 包数分布（非空 burst）：1:78.28%  2:17.68%  3:3.44%  4:0.60%  其余更大的 burst 共 29 次（最大一次 11 个包）
主循环被外部打断：空轮询 > 1 µs 共 4323 次（累计 8.6 ms，最长 22.5 µs）；取包前 > 10 µs 共 2 次（累计 0.0 ms，最长 14.8 µs）
port: ipackets 1969588  opackets 1969653  imissed 0  ierrors 0  oerrors 0  rx_nombuf 0
AWS allowance（本次运行增量）：bw_in_allowance_exceeded=0  bw_out_allowance_exceeded=0  pps_allowance_exceeded=0  conntrack_allowance_exceeded=0  linklocal_allowance_exceeded=0
mbuf：pool 8191，初值 avail 8191（端口启动后 7168），关停后 avail 8191 → 泄漏 0 ✔
退出原因：到达 --duration-sec，停止发送并等在途请求收尾
构建：commit 7c98e813316e · rustc 1.98.1 (48a229cea 2026-09-01) · DPDK 25.11.3 · release
环境：AMD EPYC 9R45 · 内核 6.18.48-107.148.amzn2023.x86_64 · 网卡 0000:28:00.0 驱动 igb_uio（写合并映射：是）· clocksource tsc · rdtscp constant_tsc nonstop_tsc tsc_known_freq
时钟：读一次 rdtscp 平均 17.6 ns（每个被测段恰好含一次）；TSC 读数步长 26 周期 = 10.0 ns（时间戳分辨率，所有时间差都是它的整数倍）；周期→纳秒换算与 CLOCK_MONOTONIC_RAW 相差 +0.1 ppm
[1;34m[04:23:29][0m 退出码 0；报告：（由调用者指定）
