[1;34m[04:41:21][0m 运行 B（raw-ping）--progress-sec 0 --json logs/sessions/day2b-raw/drift/B-056.json --delay-us 500 --duration-sec 20  → /dev/null
EAL: No free 1048576 kB hugepages reported on node 0
ENA_DRIVER: ena_get_metrics_entries(): 0x6 customer metrics are supported
ENA_DRIVER: ena_rx_queue_release(): Rx queue 0:0 released
ENA_DRIVER: ena_tx_queue_release(): Tx queue 0:0 released

==================== B · raw-ping（手写 busy-poll，无 runtime） ====================
sessions 64  delay 500 µs  duration 20 s (实际 20.00 s)  payload 64 B  timeout 10000 µs  TSC 2.600 GHz
sent 1968116  received 1968116  timeouts 0  late 0  in-flight-at-end 0  unexpected 0  foreign 0  tsc-mismatch 0  other 1  arp-replied 0  tx-full 0  no-mbuf 0
对账：sent − received − timeouts − in-flight = 0（应为 0）；丢包 = timeouts = 0（其中 0 个迟到收到）
收包对账：rx 1968117 − (received + late + unexpected + foreign + other + arp) = 0（应为 0）

metric (ns)                       count      min     mean      p50      p90      p99    p99.9   p99.99        max
in-process ①+②  [排名指标]          1968116       50      203      180      320      460      561      690      31220
seg① send  T1−T0                1968116       40       75       50      200      310      320      450       3780
seg② recv  T3−T2                1968116       10      128      120      170      270      360      460      31160
end-to-end T3−T0                1968116    36560   150251   159507   163446   191803   248123   268603     312150
seg③ wake→next T0               1968116       20       91       50      290      401      761      987       4890
sleep error                     1968116        0       32       10      110      260      549     1643      17980
deadline→next T0 (误差+③)         1968116       20      123       60      390      521      858     1913      18030
  (诊断) seg① 距上次发送<100ns           92186      130      301      300      310      330      460      481       2750
  (诊断) seg① 100–250ns            132986       60      205      200      210      230      330      460       3180
  (诊断) seg① 250–500ns            285115       40       54       50       60       70      210      300       2190
  (诊断) seg① 500ns–2µs           1036888       40       53       50       60       70      160      250       3780
  (诊断) seg① ≥2µs                 420941       40       54       50       60       70      170      260       2820
  (诊断) 维护: rte_timer_manage      199971       20       25       20       30       30       40      889       3270
  (诊断) 维护: 整个节拍                  199971       40      285      190      690      901     1123     1852       3670

段① ≥ 125 ns 的样本占 11.739%（段①是两段式分布，它的 p99 落在哪一段只看这个占比在 1% 的哪一边）
rx_burst 包数分布（非空 burst）：1:78.83%  2:17.83%  3:3.02%  4:0.32%  其余更大的 burst 共 15 次（最大一次 16 个包）
主循环被外部打断：空轮询 > 1 µs 共 4321 次（累计 8.7 ms，最长 31.8 µs）；取包前 > 10 µs 共 4 次（累计 0.1 ms，最长 30.0 µs）
port: ipackets 1968117  opackets 1968182  imissed 0  ierrors 0  oerrors 0  rx_nombuf 0
AWS allowance（本次运行增量）：bw_in_allowance_exceeded=0  bw_out_allowance_exceeded=0  pps_allowance_exceeded=0  conntrack_allowance_exceeded=0  linklocal_allowance_exceeded=0
mbuf：pool 8191，初值 avail 8191（端口启动后 7168），关停后 avail 8191 → 泄漏 0 ✔
退出原因：到达 --duration-sec，停止发送并等在途请求收尾
构建：commit 7c98e813316e · rustc 1.98.1 (48a229cea 2026-09-01) · DPDK 25.11.3 · release
环境：AMD EPYC 9R45 · 内核 6.18.48-107.148.amzn2023.x86_64 · 网卡 0000:28:00.0 驱动 igb_uio（写合并映射：是）· clocksource tsc · rdtscp constant_tsc nonstop_tsc tsc_known_freq
时钟：读一次 rdtscp 平均 17.3 ns（每个被测段恰好含一次）；TSC 读数步长 26 周期 = 10.0 ns（时间戳分辨率，所有时间差都是它的整数倍）；周期→纳秒换算与 CLOCK_MONOTONIC_RAW 相差 +0.1 ppm
[1;34m[04:41:41][0m 退出码 0；报告：（由调用者指定）
