[1;34m[12:07:38][0m 运行 A（async-ping）--delay-us 500 --duration-sec 60 --progress-sec 0 --json logs/versions-ab/v3-vs-v4/Aold-3.json  → /dev/null
EAL: No free 1048576 kB hugepages reported on node 0
ENA_DRIVER: ena_get_metrics_entries(): 0x6 customer metrics are supported
ENA_DRIVER: ena_rx_queue_release(): Rx queue 0:0 released
ENA_DRIVER: ena_tx_queue_release(): Tx queue 0:0 released

==================== A · async-ping（自研 rt runtime） ====================
sessions 64  delay 500 µs  duration 60 s (实际 60.00 s)  payload 64 B  timeout 10000 µs  TSC 2.600 GHz
sent 6211256  received 6211256  timeouts 0  late 0  in-flight-at-end 0  unexpected 0  foreign 0  tsc-mismatch 0  other 0  arp-replied 1  tx-full 0  no-mbuf 0
对账：sent − received − timeouts − in-flight = 0（应为 0）；丢包 = timeouts = 0（其中 0 个迟到收到）
收包对账：rx 6211257 − (received + late + unexpected + foreign + other + arp) = 0（应为 0）

metric (ns)                       count      min     mean      p50      p90      p99    p99.9   p99.99        max
in-process ①+②  [排名指标]          6211256       60      189      180      230      330      420      549      15770
seg① send  T1−T0                6211256       40       54       50       60       70      170      270       5660
seg② recv  T3−T2                6211256       20      135      120      180      280      360      469      15720
end-to-end T3−T0                6211256    25490   118084   157932   162658   166596   230793   240246     308820
seg③ wake→next T0               6211256       40      116       60      310      700     1110     1630      16030
sleep error                     6211256        0       33       10      120      260      721     3070     127940
deadline→next T0 (误差+③)         6211256       40      149       70      429      803     1258     3753     128200
  (诊断) seg① 距上次发送<100ns               0        0        0        0        0        0        0        0          0
  (诊断) seg① 100–250ns                20       60       64       60       70       70       70       70         70
  (诊断) seg① 250–500ns           1349246       40       55       50       60      150      190      300       4270
  (诊断) seg① 500ns–2µs           3207859       40       54       50       60       70      160      230       4800
  (诊断) seg① ≥2µs                1654131       40       54       50       60       70      160      250       5660
  (诊断) 维护: rte_timer_manage      599896       20       30       30       30       40       40      950       3430
  (诊断) 维护: 整个节拍                  599896       40      325      310      650      840     1000     2701      18270

段① ≥ 125 ns 的样本占 0.401%（段①是两段式分布，它的 p99 落在哪一段只看这个占比在 1% 的哪一边）
rx_burst 包数分布（非空 burst）：1:82.99%  2:14.45%  3:2.30%  4:0.26%  其余更大的 burst 共 159 次（最大一次 24 个包）
主循环被外部打断：空轮询 > 1 µs 共 12572 次（累计 37.8 ms，最长 111.9 µs）；取包前 > 10 µs 共 14 次（累计 0.4 ms，最长 141.3 µs）
port: ipackets 6211257  opackets 1938930698  imissed 0  ierrors 0  oerrors 0  rx_nombuf 0
AWS allowance（本次运行增量）：bw_in_allowance_exceeded=0  bw_out_allowance_exceeded=0  pps_allowance_exceeded=0  conntrack_allowance_exceeded=0  linklocal_allowance_exceeded=0
mbuf：pool 8191，初值 avail 8191（端口启动后 7168），关停后 avail 8191 → 泄漏 0 ✔
退出原因：到达 --duration-sec，停止发送并等在途请求收尾
构建：commit 2e781cd5192a · rustc 1.98.1 (48a229cea 2026-09-01) · DPDK 25.11.3 · release
环境：AMD EPYC 9R45 · 内核 6.18.48-107.148.amzn2023.x86_64 · 网卡 0000:28:00.0 驱动 igb_uio（写合并映射：是）· clocksource tsc · rdtscp constant_tsc nonstop_tsc tsc_known_freq
时钟：读一次 rdtscp 平均 17.6 ns（每个被测段恰好含一次）；TSC 读数步长 26 周期 = 10.0 ns（时间戳分辨率，所有时间差都是它的整数倍）；周期→纳秒换算与 CLOCK_MONOTONIC_RAW 相差 +0.1 ppm
[1;34m[12:08:38][0m 退出码 0；报告：（由调用者指定）
