[1;34m[12:04:37][0m 运行 A（async-ping）--delay-us 500 --duration-sec 60 --progress-sec 0 --json logs/versions-ab/v3-vs-v4/Aold-2.json  → /dev/null
EAL: No free 1048576 kB hugepages reported on node 0
ENA_DRIVER: ena_get_metrics_entries(): 0x6 customer metrics are supported
ENA_DRIVER: ena_rx_queue_release(): Rx queue 0:0 released
ENA_DRIVER: ena_tx_queue_release(): Tx queue 0:0 released

==================== A · async-ping（自研 rt runtime） ====================
sessions 64  delay 500 µs  duration 60 s (实际 60.00 s)  payload 64 B  timeout 10000 µs  TSC 2.600 GHz
sent 6821903  received 6821903  timeouts 0  late 0  in-flight-at-end 0  unexpected 0  foreign 0  tsc-mismatch 0  other 0  arp-replied 1  tx-full 0  no-mbuf 0
对账：sent − received − timeouts − in-flight = 0（应为 0）；丢包 = timeouts = 0（其中 0 个迟到收到）
收包对账：rx 6821904 − (received + late + unexpected + foreign + other + arp) = 0（应为 0）

metric (ns)                       count      min     mean      p50      p90      p99    p99.9   p99.99        max
in-process ①+②  [排名指标]          6821903       60      186      180      230      320      401      521      14710
seg① send  T1−T0                6821903       40       54       50       60       70      170      260       5330
seg② recv  T3−T2                6821903       20      132      120      170      270      340      441      14660
end-to-end T3−T0                6821903    24110    62767    52972    70301   163446   230793   246547     302210
seg③ wake→next T0               6821903       40       98       60      310      690      852     1301      33670
sleep error                     6821903        0       28       10      110      250      610     3144     111060
deadline→next T0 (误差+③)         6821903       40      127       70      420      770     1172     3606     111830
  (诊断) seg① 距上次发送<100ns               0        0        0        0        0        0        0        0          0
  (诊断) seg① 100–250ns                18       60       67       60       80      130      130      130        130
  (诊断) seg① 250–500ns           1076910       40       54       50       60       70      180      290       4930
  (诊断) seg① 500ns–2µs           3159027       40       53       50       60       70      160      250       4640
  (诊断) seg① ≥2µs                2585948       40       54       50       60       70      160      250       5330
  (诊断) 维护: rte_timer_manage      599887       20       25       20       30       40       40      987       3540
  (诊断) 维护: 整个节拍                  599887       40      394      360      610      803      981     2886      15970

段① ≥ 125 ns 的样本占 0.316%（段①是两段式分布，它的 p99 落在哪一段只看这个占比在 1% 的哪一边）
rx_burst 包数分布（非空 burst）：1:88.03%  2:10.63%  3:1.25%  4:0.09%  其余更大的 burst 共 105 次（最大一次 17 个包）
主循环被外部打断：空轮询 > 1 µs 共 11991 次（累计 36.2 ms，最长 38.4 µs）；取包前 > 10 µs 共 26 次（累计 0.7 ms，最长 142.5 µs）
port: ipackets 6821904  opackets 1939541345  imissed 0  ierrors 0  oerrors 0  rx_nombuf 0
AWS allowance（本次运行增量）：bw_in_allowance_exceeded=0  bw_out_allowance_exceeded=0  pps_allowance_exceeded=0  conntrack_allowance_exceeded=0  linklocal_allowance_exceeded=0
mbuf：pool 8191，初值 avail 8191（端口启动后 7168），关停后 avail 8191 → 泄漏 0 ✔
退出原因：到达 --duration-sec，停止发送并等在途请求收尾
构建：commit 2e781cd5192a · rustc 1.98.1 (48a229cea 2026-09-01) · DPDK 25.11.3 · release
环境：AMD EPYC 9R45 · 内核 6.18.48-107.148.amzn2023.x86_64 · 网卡 0000:28:00.0 驱动 igb_uio（写合并映射：是）· clocksource tsc · rdtscp constant_tsc nonstop_tsc tsc_known_freq
时钟：读一次 rdtscp 平均 17.6 ns（每个被测段恰好含一次）；TSC 读数步长 26 周期 = 10.0 ns（时间戳分辨率，所有时间差都是它的整数倍）；周期→纳秒换算与 CLOCK_MONOTONIC_RAW 相差 +0.1 ppm
[1;34m[12:05:38][0m 退出码 0；报告：（由调用者指定）
