[1;34m[12:15:40][0m 运行 B（raw-ping）--delay-us 500 --duration-sec 60 --progress-sec 0 --json logs/versions-ab/v3-vs-v4/Bold-5.json  → /dev/null
EAL: No free 1048576 kB hugepages reported on node 0
ENA_DRIVER: ena_get_metrics_entries(): 0x6 customer metrics are supported
ENA_DRIVER: ena_rx_queue_release(): Rx queue 0:0 released
ENA_DRIVER: ena_tx_queue_release(): Tx queue 0:0 released

==================== B · raw-ping（手写 busy-poll，无 runtime） ====================
sessions 64  delay 500 µs  duration 60 s (实际 60.00 s)  payload 64 B  timeout 10000 µs  TSC 2.600 GHz
sent 6927399  received 6927399  timeouts 0  late 0  in-flight-at-end 0  unexpected 0  foreign 0  tsc-mismatch 0  other 0  arp-replied 1  tx-full 0  no-mbuf 0
对账：sent − received − timeouts − in-flight = 0（应为 0）；丢包 = timeouts = 0（其中 0 个迟到收到）
收包对账：rx 6927400 − (received + late + unexpected + foreign + other + arp) = 0（应为 0）

metric (ns)                       count      min     mean      p50      p90      p99    p99.9   p99.99        max
in-process ①+②  [排名指标]          6927399       50      178      160      220      420      521      629      25530
seg① send  T1−T0                6927399       40       61       50       60      310      320      429       4500
seg② recv  T3−T2                6927399       10      118      110      150      250      310      401      25480
end-to-end T3−T0                6927399    25000    54223    52972    55729   104369   230793   240246     304170
seg③ wake→next T0               6927399       20       74       50      140      380      420      790      11840
sleep error                     6927399        0       25       10      100      230      521     2886     106580
deadline→next T0 (误差+③)         6927399       30       99       60      270      481      809     3120     106670
  (诊断) seg① 距上次发送<100ns          146919      140      306      300      320      420      450     1258       4500
  (诊断) seg① 100–250ns             83170       50      205      200      210      230      330      907       3900
  (诊断) seg① 250–500ns            800627       40       53       50       60       70      200      250       3930
  (诊断) seg① 500ns–2µs           3205505       40       53       50       60       70      160      230       4500
  (诊断) seg① ≥2µs                2691178       40       54       50       60       70      160      220       4060
  (诊断) 维护: rte_timer_manage      599888       20       25       20       30       30       40     1270       3550
  (诊断) 维护: 整个节拍                  599888       50      395      360      580      749      932     2689      30950

段① ≥ 125 ns 的样本占 3.532%（段①是两段式分布，它的 p99 落在哪一段只看这个占比在 1% 的哪一边）
rx_burst 包数分布（非空 burst）：1:88.62%  2:10.29%  3:1.04%  4:0.05%  其余更大的 burst 共 54 次（最大一次 18 个包）
主循环被外部打断：空轮询 > 1 µs 共 11811 次（累计 34.3 ms，最长 140.7 µs）；取包前 > 10 µs 共 26 次（累计 0.5 ms，最长 111.6 µs）
port: ipackets 6927400  opackets 1939646841  imissed 0  ierrors 0  oerrors 0  rx_nombuf 0
AWS allowance（本次运行增量）：bw_in_allowance_exceeded=0  bw_out_allowance_exceeded=0  pps_allowance_exceeded=0  conntrack_allowance_exceeded=0  linklocal_allowance_exceeded=0
mbuf：pool 8191，初值 avail 8191（端口启动后 7168），关停后 avail 8191 → 泄漏 0 ✔
退出原因：到达 --duration-sec，停止发送并等在途请求收尾
构建：commit 2e781cd5192a · rustc 1.98.1 (48a229cea 2026-09-01) · DPDK 25.11.3 · release
环境：AMD EPYC 9R45 · 内核 6.18.48-107.148.amzn2023.x86_64 · 网卡 0000:28:00.0 驱动 igb_uio（写合并映射：是）· clocksource tsc · rdtscp constant_tsc nonstop_tsc tsc_known_freq
时钟：读一次 rdtscp 平均 17.6 ns（每个被测段恰好含一次）；TSC 读数步长 26 周期 = 10.0 ns（时间戳分辨率，所有时间差都是它的整数倍）；周期→纳秒换算与 CLOCK_MONOTONIC_RAW 相差 +0.1 ppm
[1;34m[12:16:40][0m 退出码 0；报告：（由调用者指定）
