EAL: No free 1048576 kB hugepages reported on node 0
ENA_DRIVER: ena_get_metrics_entries(): 0x6 customer metrics are supported

[probe] 段②子段（ns）：
  T2→put 返回（分类+投递+wake）                    p50    120  p90    210  p99    330  p99.9    441
  put 返回→开始 poll（回主循环+出队）                  p50     20  p90     20  p99     20  p99.9     20
  开始 poll→T3（poll 到恢复）                     p50     20  p90     20  p99     20  p99.9    130
ENA_DRIVER: ena_rx_queue_release(): Rx queue 0:0 released
ENA_DRIVER: ena_tx_queue_release(): Tx queue 0:0 released

==================== A · async-ping（自研 rt runtime） ====================
sessions 64  delay 500 µs  duration 30 s (实际 30.00 s)  payload 64 B  timeout 10000 µs  TSC 2.600 GHz
sent 2738611  received 2738611  timeouts 0  late 0  in-flight-at-end 0  unexpected 0  foreign 0  tsc-mismatch 0  other 0  arp-replied 0  tx-full 0  no-mbuf 0
对账：sent − received − timeouts − in-flight = 0（应为 0）；丢包 = timeouts = 0（其中 0 个迟到收到）
收包对账：rx 2738611 − (received + late + unexpected + foreign + other + arp) = 0（应为 0）

metric (ns)                       count      min     mean      p50      p90      p99    p99.9   p99.99        max
in-process ①+②  [排名指标]          2738611      120      263      240      330      450      570      749      15140
seg① send  T1−T0                2738611       70       85       80       90      110      190      310       4250
seg② recv  T3−T2                2738611       50      178      160      240      360      481      620      15060
end-to-end T3−T0                2738611    51880   200880   229218   233944   241821   249698   301686     374960
seg③ wake→next T0               2738611       50      160       80      340      780     1332     2603      25120
sleep error                     2738611        0       48       10      130      460     1289     2935     191190
deadline→next T0 (误差+③)         2738611       50      208       90      460      969     2160     3655     192530
  (诊断) seg① 距上次发送<100ns               0        0        0        0        0        0        0        0          0
  (诊断) seg① 100–250ns                 6       90       95       90      100      100      100      100        100
  (诊断) seg① 250–500ns            790565       70       85       80       90      170      220      320       4250
  (诊断) seg① 500ns–2µs           1383358       70       84       80       90      100      180      280       3980
  (诊断) seg① ≥2µs                 564682       70       85       80       90      110      180      280       3660
  (probe) ①取 mbuf               2738605       10       18       20       20       20       20       30       3730
  (probe) ①写包                   2738605       10       18       20       20       20       30       30       3420
  (probe) ①tx_burst             2738605       40       49       50       60       70      160      270       4210
  (诊断) 维护: rte_timer_manage      299946       20       31       30       40       40       40      721       3870
  (诊断) 维护: 整个节拍                  299946       40      287       70      840     1129     1338     2012      14400

rx_burst 包数分布（非空 burst）：1:77.31%  2:18.24%  3:3.81%  4:0.63%  其余更大的 burst 共 93 次（最大一次 15 个包）
主循环被外部打断：空轮询 > 1 µs 共 6444 次（累计 19.1 ms，最长 52.5 µs）；取包前 > 10 µs 共 2 次（累计 0.2 ms，最长 193.5 µs）
port: ipackets 2738611  opackets 2738717  imissed 0  ierrors 0  oerrors 0  rx_nombuf 0
AWS allowance（本次运行增量）：bw_in_allowance_exceeded=0  bw_out_allowance_exceeded=0  pps_allowance_exceeded=0  conntrack_allowance_exceeded=0  linklocal_allowance_exceeded=0
mbuf：pool 8191，初值 avail 8191（端口启动后 7168），关停后 avail 8191 → 泄漏 0 ✔
退出原因：到达 --duration-sec，停止发送并等在途请求收尾
[probe] tx_burst > 125 ns 的占比，按「发送计数 % 32」分（32 个 LLQ 条目 = 一个 4 KB 页）：0:0.34% 1:0.27% 2:0.34% 3:1.91% 4:0.30% 5:0.25% 6:0.29% 7:1.18% 8:0.29% 9:0.25% 10:0.27% 11:1.24% 12:0.34% 13:0.30% 14:0.30% 15:1.67% 16:0.33% 17:0.28% 18:0.31% 19:1.58% 20:0.28% 21:0.28% 22:0.30% 23:1.34% 24:0.33% 25:0.29% 26:0.30% 27:2.77% 28:0.34% 29:0.28% 30:0.31% 31:2.10%
