EAL: No free 1048576 kB hugepages reported on node 0
ENA_DRIVER: ena_get_metrics_entries(): 0x6 customer metrics are supported
ENA_DRIVER: ena_rx_queue_release(): Rx queue 0:0 released
ENA_DRIVER: ena_tx_queue_release(): Tx queue 0:0 released

==================== B · raw-ping（手写 busy-poll，无 runtime） ====================
sessions 64  delay 500 µs  duration 30 s (实际 30.00 s)  payload 64 B  timeout 10000 µs  TSC 2.600 GHz
sent 2590444  received 2590444  timeouts 0  late 0  in-flight-at-end 0  unexpected 0  foreign 0  tsc-mismatch 0  other 0  arp-replied 1  tx-full 0  no-mbuf 0
对账：sent − received − timeouts − in-flight = 0（应为 0）；丢包 = timeouts = 0（其中 0 个迟到收到）
收包对账：rx 2590445 − (received + late + unexpected + foreign + other + arp) = 0（应为 0）

metric (ns)                       count      min     mean      p50      p90      p99    p99.9   p99.99        max
in-process ①+②  [排名指标]          2590444       80      211      200      260      360      450      580      14140
seg① send  T1−T0                2590444       70       84       80       90      100      190      300       7570
seg② recv  T3−T2                2590444       10      127      120      180      270      350      469      14050
end-to-end T3−T0                2590444    56530   240996   241821   244972   248123   252849   285932     375690
seg③ wake→next T0               2590444       30      147       70      330      770     1209     1655       6480
sleep error                     2590444        0       47       10      160      360      840     2713      21760
deadline→next T0 (误差+③)         2590444       40      194       70      490      920     1480     3212      21830
  (诊断) seg① 距上次发送<100ns               0        0        0        0        0        0        0        0          0
  (诊断) seg① 100–250ns                10       80       92       90      100      100      100      100        100
  (诊断) seg① 250–500ns            742240       70       85       80       90      170      210      320       4420
  (诊断) seg① 500ns–2µs           1378224       70       84       80       90      100      180      260       7570
  (诊断) seg① ≥2µs                 469970       70       84       80       90      100      180      270       3850
  (probe) ①取 mbuf               2590434       10       17       20       20       20       20       30       4430
  (probe) ①写包                   2590434       10       18       20       20       20       30       30       3790
  (probe) ①tx_burst             2590434       40       49       50       60       70      150      260       7530
  (诊断) 维护: rte_timer_manage      299949       20       25       20       30       30       40      700       2810
  (诊断) 维护: 整个节拍                  299949       50      249       50      840     1147     1301     1581       8490

rx_burst 包数分布（非空 burst）：1:77.18%  2:18.43%  3:3.86%  4:0.52%  其余更大的 burst 共 61 次（最大一次 13 个包）
主循环被外部打断：空轮询 > 1 µs 共 6552 次（累计 19.3 ms，最长 22.4 µs）；取包前 > 10 µs 共 4 次（累计 0.1 ms，最长 15.3 µs）
port: ipackets 2590445  opackets 2590551  imissed 0  ierrors 0  oerrors 0  rx_nombuf 0
AWS allowance（本次运行增量）：bw_in_allowance_exceeded=0  bw_out_allowance_exceeded=0  pps_allowance_exceeded=0  conntrack_allowance_exceeded=0  linklocal_allowance_exceeded=0
mbuf：pool 8191，初值 avail 8191（端口启动后 7168），关停后 avail 8191 → 泄漏 0 ✔
退出原因：到达 --duration-sec，停止发送并等在途请求收尾
[probe] tx_burst > 125 ns 的占比，按「发送计数 % 32」分（32 个 LLQ 条目 = 一个 4 KB 页）：0:0.38% 1:0.27% 2:0.34% 3:3.84% 4:0.32% 5:0.28% 6:0.36% 7:2.43% 8:0.29% 9:0.26% 10:0.23% 11:0.69% 12:0.27% 13:0.31% 14:0.28% 15:0.52% 16:0.30% 17:0.27% 18:0.27% 19:0.33% 20:0.25% 21:0.26% 22:0.27% 23:0.34% 24:0.25% 25:0.24% 26:0.27% 27:0.48% 28:0.29% 29:0.27% 30:0.28% 31:2.82%
