EAL: No free 1048576 kB hugepages reported on node 0
ENA_DRIVER: ena_get_metrics_entries(): 0x6 customer metrics are supported
ENA_DRIVER: ena_rx_queue_release(): Rx queue 0:0 released
ENA_DRIVER: ena_tx_queue_release(): Tx queue 0:0 released

==================== B · raw-ping（手写 busy-poll，无 runtime） ====================
sessions 64  delay 500 µs  duration 1 s (实际 1.00 s)  payload 64 B  timeout 10000 µs  TSC 2.600 GHz
sent 101094  received 101094  timeouts 0  late 0  in-flight-at-end 0  unexpected 0  foreign 0  tsc-mismatch 0  other 0  arp-replied 0  tx-full 0  no-mbuf 0
对账：sent − received − timeouts − in-flight = 0（应为 0）；丢包 = timeouts = 0（其中 0 个迟到收到）
收包对账：rx 101094 − (received + late + unexpected + foreign + other + arp) = 0（应为 0）

metric (ns)                       count      min     mean      p50      p90      p99    p99.9   p99.99        max
in-process ①+②  [排名指标]           101094       50      207      180      320      481      650      889       4410
seg① send  T1−T0                 101094       40       73       50      160      320      330      441       2890
seg② recv  T3−T2                 101094       10      134      120      180      310      481      669       4340
end-to-end T3−T0                 101094    57410   133154   112246   162658   176049   232369   298535     303150
seg③ wake→next T0                101094       30       92       50      300      410      770      987       3290
sleep error                      101094        0       32       10      110      280      681     3046       5230
deadline→next T0 (误差+③)          101094       40      124       60      390      580      981     3187       5270
  (诊断) seg① 距上次发送<100ns            4211      240      309      310      320      340      441      450        450
  (诊断) seg① 100–250ns              5178      180      211      210      220      310      360      450        450
  (诊断) seg① 250–500ns             15077       40       55       50       60      160      210      320        340
  (诊断) seg① 500ns–2µs             52205       40       55       50       60      150      210      310       2890
  (诊断) seg① ≥2µs                  24423       40       55       50       60      150      210      310       2150
  (诊断) 维护: rte_timer_manage       10006       20       25       20       30       30       40      260       2030
  (诊断) 维护: 整个节拍                   10006       50      326      270      709      883     1123     4713       9870

段① ≥ 125 ns 的样本占 10.478%（段①是两段式分布，它的 p99 落在哪一段只看这个占比在 1% 的哪一边）
rx_burst 包数分布（非空 burst）：1:80.77%  2:15.92%  3:2.91%  4:0.40%  其余更大的 burst 共 2 次（最大一次 8 个包）
主循环被外部打断：空轮询 > 1 µs 共 205 次（累计 0.7 ms，最长 27.1 µs）；取包前 > 10 µs 共 1 次（累计 0.0 ms，最长 34.2 µs）
port: ipackets 101094  opackets 101200  imissed 0  ierrors 0  oerrors 0  rx_nombuf 0
AWS allowance（本次运行增量）：bw_in_allowance_exceeded=0  bw_out_allowance_exceeded=0  pps_allowance_exceeded=0  conntrack_allowance_exceeded=0  linklocal_allowance_exceeded=0
mbuf：pool 8191，初值 avail 8191（端口启动后 7168），关停后 avail 8191 → 泄漏 0 ✔
退出原因：到达 --duration-sec，停止发送并等在途请求收尾
构建：commit ea2e92b1d3ac · rustc 1.98.1 (48a229cea 2026-09-01) · DPDK 25.11.3 · release
环境：AMD EPYC 9R45 · 内核 6.18.48-107.148.amzn2023.x86_64 · 网卡 0000:28:00.0 驱动 igb_uio（写合并映射：是）· clocksource tsc · rdtscp constant_tsc nonstop_tsc tsc_known_freq
时钟：读一次 rdtscp 平均 17.7 ns（每个被测段恰好含一次）；TSC 读数步长 26 周期 = 10.0 ns（时间戳分辨率，所有时间差都是它的整数倍）；周期→纳秒换算与 CLOCK_MONOTONIC_RAW 相差 -0.8 ppm
