EAL: No free 1048576 kB hugepages reported on node 0
ENA_DRIVER: ena_get_metrics_entries(): 0x6 customer metrics are supported
ENA_DRIVER: ena_rx_queue_release(): Rx queue 0:0 released
ENA_DRIVER: ena_tx_queue_release(): Tx queue 0:0 released

==================== A · async-ping（自研 rt runtime） ====================
sessions 64  delay 500 µs  duration 1 s (实际 1.00 s)  payload 64 B  timeout 10000 µs  TSC 2.600 GHz
sent 97642  received 97642  timeouts 0  late 0  in-flight-at-end 0  unexpected 0  foreign 0  tsc-mismatch 0  other 0  arp-replied 0  tx-full 0  no-mbuf 0
对账：sent − received − timeouts − in-flight = 0（应为 0）；丢包 = timeouts = 0（其中 0 个迟到收到）
收包对账：rx 97642 − (received + late + unexpected + foreign + other + arp) = 0（应为 0）

metric (ns)                       count      min     mean      p50      p90      p99    p99.9   p99.99        max
in-process ①+②  [排名指标]            97642       70      204      190      270      390      530      780       3800
seg① send  T1−T0                  97642       40       56       50       60      160      210      310       2630
seg② recv  T3−T2                  97642       20      148      130      200      320      441      610       3750
end-to-end T3−T0                  97642    52490   155330   160295   163446   168172   232369   295384     302040
seg③ wake→next T0                 97642       40      142       70      330      730     1160     2566       4450
sleep error                       97642        0       39       10      110      330      883     2800       4460
deadline→next T0 (误差+③)           97642       50      181       70      429      821     1692     4172       5030
  (诊断) seg① 距上次发送<100ns               0        0        0        0        0        0        0        0          0
  (诊断) seg① 100–250ns                 1       60       60       60       60       60       60       60         60
  (诊断) seg① 250–500ns             28439       40       57       50       60      170      260      320       2630
  (诊断) seg① 500ns–2µs             49507       40       55       50       60      150      200      310        330
  (诊断) seg① ≥2µs                  19695       40       56       50       60      150      200      310       2400
  (诊断) 维护: rte_timer_manage       10012       20       25       20       30       30       40     1141       2750
  (诊断) 维护: 整个节拍                   10012       50      294       60      730      938     1123     2812       3440

段① ≥ 125 ns 的样本占 1.662%（段①是两段式分布，它的 p99 落在哪一段只看这个占比在 1% 的哪一边）
rx_burst 包数分布（非空 burst）：1:76.27%  2:19.03%  3:4.08%  4:0.62%  其余更大的 burst 共 5 次（最大一次 11 个包）
主循环被外部打断：空轮询 > 1 µs 共 215 次（累计 0.7 ms，最长 5.5 µs）；取包前 > 10 µs 共 2 次（累计 0.0 ms，最长 25.8 µs）
port: ipackets 97642  opackets 97748  imissed 0  ierrors 0  oerrors 0  rx_nombuf 0
AWS allowance（本次运行增量）：bw_in_allowance_exceeded=0  bw_out_allowance_exceeded=0  pps_allowance_exceeded=0  conntrack_allowance_exceeded=0  linklocal_allowance_exceeded=0
mbuf：pool 8191，初值 avail 8191（端口启动后 7168），关停后 avail 8191 → 泄漏 0 ✔
退出原因：到达 --duration-sec，停止发送并等在途请求收尾
构建：commit ea2e92b1d3ac · rustc 1.98.1 (48a229cea 2026-09-01) · DPDK 25.11.3 · release
环境：AMD EPYC 9R45 · 内核 6.18.48-107.148.amzn2023.x86_64 · 网卡 0000:28:00.0 驱动 igb_uio（写合并映射：是）· clocksource tsc · rdtscp constant_tsc nonstop_tsc tsc_known_freq
时钟：读一次 rdtscp 平均 17.8 ns（每个被测段恰好含一次）；TSC 读数步长 26 周期 = 10.0 ns（时间戳分辨率，所有时间差都是它的整数倍）；周期→纳秒换算与 CLOCK_MONOTONIC_RAW 相差 -0.9 ppm
