EAL: No free 1048576 kB hugepages reported on node 0
ENA_DRIVER: ena_get_metrics_entries(): 0x6 customer metrics are supported
ENA_DRIVER: ena_rx_queue_release(): Rx queue 0:0 released
ENA_DRIVER: ena_tx_queue_release(): Tx queue 0:0 released

==================== A · async-ping（自研 rt runtime） ====================
sessions 64  delay 500 µs  duration 5 s (实际 5.00 s)  payload 64 B  timeout 10000 µs  TSC 2.600 GHz
sent 425663  received 424077  timeouts 1586  late 0  in-flight-at-end 0  unexpected 0  foreign 0  tsc-mismatch 0  other 0  arp-replied 0  tx-full 0  no-mbuf 13942
对账：sent − received − timeouts − in-flight = 0（应为 0）；丢包 = timeouts = 1586（其中 0 个迟到收到）
收包对账：rx 424077 − (received + late + unexpected + foreign + other + arp) = 0（应为 0）

metric (ns)                       count      min     mean      p50      p90      p99    p99.9   p99.99        max
in-process ①+②  [排名指标]           424077       70      200      190      260      370      481      660      15870
seg① send  T1−T0                 424077       40       55       50       60       80      190      340       5050
seg② recv  T3−T2                 424077       20      145      130      200      310      410      530      15820
end-to-end T3−T0                 424077    52360   214907   229218   232369   235520   240246   322166     335900
seg③ wake→next T0                425663       40      173       60      320      721     4270   202436     399940
sleep error                      425663        0       67       10      250      450     1510     4689      12600
deadline→next T0 (误差+③)          425663       40      240       80      469      870     5796   204012     400930
  (诊断) seg① 距上次发送<100ns             118      300      336      330      340      450      450      450        450
  (诊断) seg① 100–250ns                 1       70       70       70       70       70       70       70         70
  (诊断) seg① 250–500ns            113016       40       55       50       60      150      200      310       3040
  (诊断) seg① 500ns–2µs            224563       40       55       50       60       70      170      280       5050
  (诊断) seg① ≥2µs                  86379       40       55       50       60       80      180      300       2130
  (诊断) 维护: rte_timer_manage       50005       20       25       20       30       30       40      740       2780
  (诊断) 维护: 整个节拍                   50005       50      255       60      749     1012     1141     1332       3790

段① ≥ 125 ns 的样本占 0.613%（段①是两段式分布，它的 p99 落在哪一段只看这个占比在 1% 的哪一边）
rx_burst 包数分布（非空 burst）：1:78.06%  2:18.56%  3:3.16%  4:0.21%  其余更大的 burst 共 14 次（最大一次 12 个包）
主循环被外部打断：空轮询 > 1 µs 共 1080 次（累计 3.3 ms，最长 20.6 µs）；取包前 > 10 µs 共 2 次（累计 0.0 ms，最长 14.9 µs）
port: ipackets 424077  opackets 425769  imissed 1586  ierrors 0  oerrors 0  rx_nombuf 20743863
AWS allowance（本次运行增量）：bw_in_allowance_exceeded=0  bw_out_allowance_exceeded=0  pps_allowance_exceeded=0  conntrack_allowance_exceeded=0  linklocal_allowance_exceeded=0
mbuf：pool 1040，初值 avail 1040（端口启动后 17），关停后 avail 1040 → 泄漏 0 ✔
退出原因：到达 --duration-sec，停止发送并等在途请求收尾
构建：commit ea2e92b1d3ac · rustc 1.98.1 (48a229cea 2026-09-01) · DPDK 25.11.3 · release
环境：AMD EPYC 9R45 · 内核 6.18.48-107.148.amzn2023.x86_64 · 网卡 0000:28:00.0 驱动 igb_uio（写合并映射：是）· clocksource tsc · rdtscp constant_tsc nonstop_tsc tsc_known_freq
时钟：读一次 rdtscp 平均 17.7 ns（每个被测段恰好含一次）；TSC 读数步长 26 周期 = 10.0 ns（时间戳分辨率，所有时间差都是它的整数倍）；周期→纳秒换算与 CLOCK_MONOTONIC_RAW 相差 -0.8 ppm
