EAL: No free 1048576 kB hugepages reported on node 0
ENA_DRIVER: ena_get_metrics_entries(): 0x6 customer metrics are supported
ENA_DRIVER: ena_rx_queue_release(): Rx queue 0:0 released
ENA_DRIVER: ena_tx_queue_release(): Tx queue 0:0 released

==================== B · raw-ping（手写 busy-poll，无 runtime） ====================
sessions 64  delay 500 µs  duration 6 s (实际 6.00 s)  payload 64 B  timeout 10000 µs  TSC 2.600 GHz
sent 581860  received 581860  timeouts 0  late 0  in-flight-at-end 0  unexpected 0  foreign 0  tsc-mismatch 0  other 1  arp-replied 0  tx-full 0  no-mbuf 0
对账：sent − received − timeouts − in-flight = 0（应为 0）；丢包 = timeouts = 0（其中 0 个迟到收到）
收包对账：rx 581861 − (received + late + unexpected + foreign + other + arp) = 0（应为 0）

metric (ns)                       count      min     mean      p50      p90      p99    p99.9   p99.99        max
in-process ①+②  [排名指标]           581860       50      212      180      340      490      629      852       5540
seg① send  T1−T0                 581860       40       80       50      210      320      330      441       3940
seg② recv  T3−T2                 581860       10      132      120      180      300      460      629       5480
end-to-end T3−T0                 581860    53460   159843   160295   163446   166596   172898   243396     301940
seg③ wake→next T0                581860       30      101       60      300      420      780     1227       5170
sleep error                      581860        0       37       10      120      330      709     2787       5320
deadline→next T0 (误差+③)          581860       40      138       60      410      641     1030     3236       5610
  (诊断) seg① 距上次发送<100ns           32647      230      309      310      320      340      441     1283       3940
  (诊断) seg① 100–250ns             43551      170      209      210      220      230      340      450       3720
  (诊断) seg① 250–500ns             93040       40       54       50       60       80      210      290       3630
  (诊断) seg① 500ns–2µs            301435       40       53       50       60       70      170      280       3230
  (诊断) seg① ≥2µs                 111187       40       54       50       60       80      180      300       2230
  (诊断) 维护: rte_timer_manage       59996       20       25       20       30       30       40     1049       1890
  (诊断) 维护: 整个节拍                   59996       50      274       60      681      858      987     2184       4530

段① ≥ 125 ns 的样本占 13.557%（段①是两段式分布，它的 p99 落在哪一段只看这个占比在 1% 的哪一边）
rx_burst 包数分布（非空 burst）：1:75.93%  2:19.33%  3:4.14%  4:0.60%  其余更大的 burst 共 17 次（最大一次 16 个包）
主循环被外部打断：空轮询 > 1 µs 共 1274 次（累计 4.0 ms，最长 21.5 µs）；取包前 > 10 µs 共 3 次（累计 0.0 ms，最长 17.8 µs）
port: ipackets 581861  opackets 581966  imissed 0  ierrors 0  oerrors 0  rx_nombuf 0
AWS allowance（本次运行增量）：bw_in_allowance_exceeded=0  bw_out_allowance_exceeded=0  pps_allowance_exceeded=0  conntrack_allowance_exceeded=0  linklocal_allowance_exceeded=0
mbuf：pool 8191，初值 avail 8191（端口启动后 7168），关停后 avail 8191 → 泄漏 0 ✔
退出原因：到达 --duration-sec，停止发送并等在途请求收尾
构建：commit ea2e92b1d3ac · rustc 1.98.1 (48a229cea 2026-09-01) · DPDK 25.11.3 · release
环境：AMD EPYC 9R45 · 内核 6.18.48-107.148.amzn2023.x86_64 · 网卡 0000:28:00.0 驱动 igb_uio（写合并映射：是）· clocksource tsc · rdtscp constant_tsc nonstop_tsc tsc_known_freq
时钟：读一次 rdtscp 平均 17.7 ns（每个被测段恰好含一次）；TSC 读数步长 26 周期 = 10.0 ns（时间戳分辨率，所有时间差都是它的整数倍）；周期→纳秒换算与 CLOCK_MONOTONIC_RAW 相差 -0.7 ppm
