EAL: No free 1048576 kB hugepages reported on node 0
ENA_DRIVER: ena_get_metrics_entries(): 0x6 customer metrics are supported
ENA_DRIVER: ena_rx_queue_release(): Rx queue 0:0 released
ENA_DRIVER: ena_tx_queue_release(): Tx queue 0:0 released

==================== B · raw-ping（手写 busy-poll，无 runtime） ====================
sessions 64  delay 500 µs  duration 5 s (实际 5.00 s)  payload 64 B  timeout 10000 µs  TSC 2.600 GHz
sent 449136  received 449136  timeouts 0  late 0  in-flight-at-end 0  unexpected 0  foreign 0  tsc-mismatch 0  other 0  arp-replied 0  tx-full 0  no-mbuf 0
对账：sent − received − timeouts − in-flight = 0（应为 0）；丢包 = timeouts = 0（其中 0 个迟到收到）
收包对账：rx 449136 − (received + late + unexpected + foreign + other + arp) = 0（应为 0）

metric (ns)                       count      min     mean      p50      p90      p99    p99.9   p99.99        max
in-process ①+②  [排名指标]           449136       50      231      180      401      749     1049     1258       4750
seg① send  T1−T0                 449136       40       92       50      220      610      907     1092       4590
seg② recv  T3−T2                 449136       10      138      130      200      401      589      749       3680
end-to-end T3−T0                 449136    57070   212362   241821   246547   249698   254424   309563     361930
seg③ wake→next T0                449136       20       89       50      290      410      780     1160       4630
sleep error                      449136        0       37       10      120      370      858     2960      19020
deadline→next T0 (误差+③)          449136       20      126       60      330      669     1160     3163      19100
  (诊断) seg① 距上次发送<100ns           32891      230      318      310      320      907     1098     1190       2930
  (诊断) seg① 100–250ns             24878      170      218      210      220      700      932     1061       1140
  (诊断) seg① 250–500ns             60674       40       59       50       60      170      780      969       3180
  (诊断) seg① 500ns–2µs            240255       40       68       50       60      620      803      981       4590
  (诊断) seg① ≥2µs                  90438       40       62       50       60      530      790      938       3090
  (诊断) 维护: rte_timer_manage       49998       20       25       20       30       30       30      250       2730
  (诊断) 维护: 整个节拍                   49998       50      211       60      540      770      938     1129      14760

段① ≥ 125 ns 的样本占 14.961%（段①是两段式分布，它的 p99 落在哪一段只看这个占比在 1% 的哪一边）
rx_burst 包数分布（非空 burst）：1:78.83%  2:17.26%  3:3.30%  4:0.61%  其余更大的 burst 共 7 次（最大一次 6 个包）
主循环被外部打断：空轮询 > 1 µs 共 1081 次（累计 3.2 ms，最长 20.7 µs）；取包前 > 10 µs 共 0 次（累计 0.0 ms，最长 0.0 µs）
port: ipackets 449136  opackets 449242  imissed 0  ierrors 0  oerrors 0  rx_nombuf 0
AWS allowance（本次运行增量）：bw_in_allowance_exceeded=0  bw_out_allowance_exceeded=0  pps_allowance_exceeded=0  conntrack_allowance_exceeded=0  linklocal_allowance_exceeded=0
mbuf：pool 8191，初值 avail 8191（端口启动后 7936），关停后 avail 8191 → 泄漏 0 ✔
退出原因：到达 --duration-sec，停止发送并等在途请求收尾
构建：commit ea2e92b1d3ac · rustc 1.98.1 (48a229cea 2026-09-01) · DPDK 25.11.3 · release
环境：AMD EPYC 9R45 · 内核 6.18.48-107.148.amzn2023.x86_64 · 网卡 0000:28:00.0 驱动 igb_uio（写合并映射：是）· clocksource tsc · rdtscp constant_tsc nonstop_tsc tsc_known_freq
时钟：读一次 rdtscp 平均 17.7 ns（每个被测段恰好含一次）；TSC 读数步长 26 周期 = 10.0 ns（时间戳分辨率，所有时间差都是它的整数倍）；周期→纳秒换算与 CLOCK_MONOTONIC_RAW 相差 -0.7 ppm
