EAL: No free 1048576 kB hugepages reported on node 0
ENA_DRIVER: ena_get_metrics_entries(): 0x6 customer metrics are supported
ENA_DRIVER: ena_rx_queue_release(): Rx queue 0:0 released
ENA_DRIVER: ena_tx_queue_release(): Tx queue 0:0 released

==================== B · raw-ping（手写 busy-poll，无 runtime） ====================
sessions 64  delay 500 µs  duration 5 s (实际 5.00 s)  payload 64 B  timeout 10000 µs  TSC 2.600 GHz
sent 486009  received 486009  timeouts 0  late 0  in-flight-at-end 0  unexpected 0  foreign 0  tsc-mismatch 0  other 0  arp-replied 0  tx-full 0  no-mbuf 0
对账：sent − received − timeouts − in-flight = 0（应为 0）；丢包 = timeouts = 0（其中 0 个迟到收到）
收包对账：rx 486009 − (received + late + unexpected + foreign + other + arp) = 0（应为 0）

metric (ns)                       count      min     mean      p50      p90      p99    p99.9   p99.99        max
in-process ①+②  [排名指标]           486009       50      197      170      310      450      561      681       2510
seg① send  T1−T0                 486009       40       78       50      200      310      330      429       2400
seg② recv  T3−T2                 486009       10      120      110      160      260      340      450       2270
end-to-end T3−T0                 486009    39800   158326   160295   163446   166596   229218   235520     305220
seg③ wake→next T0                486009       30       86       50      150      390      530      770       2350
sleep error                      486009        0       31       10      110      230      481     1461       2950
deadline→next T0 (误差+③)          486009       30      116       60      280      490      821     1655       3020
  (诊断) seg① 距上次发送<100ns           19912      160      307      310      320      330      429      481        500
  (诊断) seg① 100–250ns             44580       70      204      200      210      220      320      441       2190
  (诊断) seg① 250–500ns             54949       40       54       50       60      150      210      290        320
  (诊断) seg① 500ns–2µs            265933       40       53       50       60       70      160      280       2400
  (诊断) seg① ≥2µs                 100635       40       54       50       60       70      170      290       2200
  (诊断) 维护: rte_timer_manage       49998       20       25       20       30       30       40      580       1780
  (诊断) 维护: 整个节拍                   49998       40      264       60      610      761      889     2221       5830

段① ≥ 125 ns 的样本占 13.706%（段①是两段式分布，它的 p99 落在哪一段只看这个占比在 1% 的哪一边）
rx_burst 包数分布（非空 burst）：1:79.21%  2:17.88%  3:2.75%  4:0.15%  其余更大的 burst 共 2 次（最大一次 8 个包）
主循环被外部打断：空轮询 > 1 µs 共 1094 次（累计 2.0 ms，最长 14.2 µs）；取包前 > 10 µs 共 1 次（累计 0.0 ms，最长 12.3 µs）
port: ipackets 486009  opackets 61570468  imissed 0  ierrors 0  oerrors 0  rx_nombuf 0
AWS allowance（本次运行增量）：bw_in_allowance_exceeded=0  bw_out_allowance_exceeded=0  pps_allowance_exceeded=0  conntrack_allowance_exceeded=0  linklocal_allowance_exceeded=0
mbuf：pool 8191，初值 avail 8191（端口启动后 7168），关停后 avail 8191 → 泄漏 0 ✔
退出原因：到达 --duration-sec，停止发送并等在途请求收尾
构建：commit f5b43e521118 · rustc 1.98.1 (48a229cea 2026-09-01) · DPDK 25.11.3 · release
环境：AMD EPYC 9R45 · 内核 6.18.48-107.148.amzn2023.x86_64 · 网卡 0000:28:00.0 驱动 igb_uio（写合并映射：是）· clocksource tsc · rdtscp constant_tsc nonstop_tsc tsc_known_freq
时钟：读一次 rdtscp 平均 17.4 ns（每个被测段恰好含一次）；TSC 读数步长 26 周期 = 10.0 ns（时间戳分辨率，所有时间差都是它的整数倍）；周期→纳秒换算与 CLOCK_MONOTONIC_RAW 相差 -0.7 ppm
