EAL: No free 1048576 kB hugepages reported on node 0
ENA_DRIVER: ena_get_metrics_entries(): 0x6 customer metrics are supported
ENA_DRIVER: ena_rx_queue_release(): Rx queue 0:0 released
ENA_DRIVER: ena_tx_queue_release(): Tx queue 0:0 released

==================== B · raw-ping（手写 busy-poll，无 runtime） ====================
sessions 64  delay 500 µs  duration 3 s (实际 3.00 s)  payload 8 B  timeout 10000 µs  TSC 2.600 GHz
sent 311050  received 311050  timeouts 0  late 0  in-flight-at-end 0  unexpected 0  foreign 0  tsc-mismatch 0  other 0  arp-replied 1  tx-full 0  no-mbuf 0
对账：sent − received − timeouts − in-flight = 0（应为 0）；丢包 = timeouts = 0（其中 0 个迟到收到）
收包对账：rx 311051 − (received + late + unexpected + foreign + other + arp) = 0（应为 0）

metric (ns)                       count      min     mean      p50      p90      p99    p99.9   p99.99        max
in-process ①+②  [排名指标]           311050       50      191      160      300      441      549      669       3030
seg① send  T1−T0                 311050       40       72       50      190      310      330      429       2720
seg② recv  T3−T2                 311050       10      120      110      160      260      340      469       2470
end-to-end T3−T0                 311050    35420   117185   106732   233944   244972   249698   292233     308440
seg③ wake→next T0                311050       20       81       50      150      401      730      858       2380
sleep error                      311050        0       30       10      110      270      570     1523       7290
deadline→next T0 (误差+③)          311050       30      111       60      290      509      840     1692       7360
  (诊断) seg① 距上次发送<100ns           16384      230      298      300      310      390      441      629       2180
  (诊断) seg① 100–250ns             14860       50      203      200      210      220      280      320        330
  (诊断) seg① 250–500ns             34089       40       52       50       60       70      210      220        310
  (诊断) seg① 500ns–2µs            157545       40       51       50       60       70       80       90       1970
  (诊断) seg① ≥2µs                  88172       40       52       50       60       70       80      130       2720
  (诊断) 维护: rte_timer_manage       30001       20       28       30       30       40       40      270       2850
  (诊断) 维护: 整个节拍                   30001       40      330      260      770     1061     1252     1864       3120

段① ≥ 125 ns 的样本占 10.119%（段①是两段式分布，它的 p99 落在哪一段只看这个占比在 1% 的哪一边）
rx_burst 包数分布（非空 burst）：1:82.69%  2:15.08%  3:2.04%  4:0.19%  其余更大的 burst 共 0 次（最大一次 4 个包）
主循环被外部打断：空轮询 > 1 µs 共 650 次（累计 1.2 ms，最长 15.4 µs）；取包前 > 10 µs 共 0 次（累计 0.0 ms，最长 0.0 µs）
port: ipackets 311051  opackets 61395510  imissed 0  ierrors 0  oerrors 0  rx_nombuf 0
AWS allowance（本次运行增量）：bw_in_allowance_exceeded=0  bw_out_allowance_exceeded=0  pps_allowance_exceeded=0  conntrack_allowance_exceeded=0  linklocal_allowance_exceeded=0
mbuf：pool 8191，初值 avail 8191（端口启动后 7168），关停后 avail 8191 → 泄漏 0 ✔
退出原因：到达 --duration-sec，停止发送并等在途请求收尾
构建：commit f5b43e521118 · rustc 1.98.1 (48a229cea 2026-09-01) · DPDK 25.11.3 · release
环境：AMD EPYC 9R45 · 内核 6.18.48-107.148.amzn2023.x86_64 · 网卡 0000:28:00.0 驱动 igb_uio（写合并映射：是）· clocksource tsc · rdtscp constant_tsc nonstop_tsc tsc_known_freq
时钟：读一次 rdtscp 平均 17.5 ns（每个被测段恰好含一次）；TSC 读数步长 26 周期 = 10.0 ns（时间戳分辨率，所有时间差都是它的整数倍）；周期→纳秒换算与 CLOCK_MONOTONIC_RAW 相差 -0.8 ppm
