EAL: No free 1048576 kB hugepages reported on node 0
ENA_DRIVER: ena_get_metrics_entries(): 0x6 customer metrics are supported
ENA_DRIVER: ena_rx_queue_release(): Rx queue 0:0 released
ENA_DRIVER: ena_tx_queue_release(): Tx queue 0:0 released

==================== A · async-ping（自研 rt runtime） ====================
sessions 256  delay 2000 µs  duration 5 s (实际 5.00 s)  payload 64 B  timeout 10000 µs  TSC 2.600 GHz
sent 607541  received 607541  timeouts 0  late 0  in-flight-at-end 0  unexpected 0  foreign 0  tsc-mismatch 0  other 0  arp-replied 0  tx-full 0  no-mbuf 0
对账：sent − received − timeouts − in-flight = 0（应为 0）；丢包 = timeouts = 0（其中 0 个迟到收到）
收包对账：rx 607541 − (received + late + unexpected + foreign + other + arp) = 0（应为 0）

metric (ns)                       count      min     mean      p50      p90      p99    p99.9   p99.99        max
in-process ①+②  [排名指标]           607541       60      195      190      260      360      469      610       6170
seg① send  T1−T0                 607541       40       59       50       70      170      270      320       2060
seg② recv  T3−T2                 607541       20      136      130      180      280      380      521       6100
end-to-end T3−T0                 607541    38830   106562   102793   131938   281206   306412   319015     331440
seg③ wake→next T0                607541       50      168       70      330     1129     1630     2898       3720
sleep error                      607541        0       60       10      140      669     1480     2418       3730
deadline→next T0 (误差+③)          607541       50      228       80      540     1332     2504     3458       4810
  (诊断) seg① 距上次发送<100ns               0        0        0        0        0        0        0        0          0
  (诊断) seg① 100–250ns                 2       60       70       60       80       80       80       80         80
  (诊断) seg① 250–500ns            179166       40       62       50       70      180      290      320       2060
  (诊断) seg① 500ns–2µs            261073       40       58       50       70      160      260      320       2030
  (诊断) seg① ≥2µs                 167300       40       59       50       70      170      260      320       1940
  (诊断) 维护: rte_timer_manage       50019       20       25       20       30       30       40     1480       3880
  (诊断) 维护: 整个节拍                   50019       40      390      330      870     1418     1704     2184      14460

段① ≥ 125 ns 的样本占 4.450%（段①是两段式分布，它的 p99 落在哪一段只看这个占比在 1% 的哪一边）
rx_burst 包数分布（非空 burst）：1:77.96%  2:16.06%  3:4.29%  4:1.67%  其余更大的 burst 共 82 次（最大一次 10 个包）
主循环被外部打断：空轮询 > 1 µs 共 1066 次（累计 2.0 ms，最长 14.9 µs）；取包前 > 10 µs 共 0 次（累计 0.0 ms，最长 0.0 µs）
port: ipackets 607541  opackets 61692000  imissed 0  ierrors 0  oerrors 0  rx_nombuf 0
AWS allowance（本次运行增量）：bw_in_allowance_exceeded=0  bw_out_allowance_exceeded=0  pps_allowance_exceeded=0  conntrack_allowance_exceeded=0  linklocal_allowance_exceeded=0
mbuf：pool 8191，初值 avail 8191（端口启动后 7168），关停后 avail 8191 → 泄漏 0 ✔
退出原因：到达 --duration-sec，停止发送并等在途请求收尾
构建：commit f5b43e521118 · rustc 1.98.1 (48a229cea 2026-09-01) · DPDK 25.11.3 · release
环境：AMD EPYC 9R45 · 内核 6.18.48-107.148.amzn2023.x86_64 · 网卡 0000:28:00.0 驱动 igb_uio（写合并映射：是）· clocksource tsc · rdtscp constant_tsc nonstop_tsc tsc_known_freq
时钟：读一次 rdtscp 平均 17.6 ns（每个被测段恰好含一次）；TSC 读数步长 26 周期 = 10.0 ns（时间戳分辨率，所有时间差都是它的整数倍）；周期→纳秒换算与 CLOCK_MONOTONIC_RAW 相差 -0.7 ppm
