EAL: No free 1048576 kB hugepages reported on node 0
ENA_DRIVER: ena_get_metrics_entries(): 0x6 customer metrics are supported
ENA_DRIVER: ena_rx_queue_release(): Rx queue 0:0 released
ENA_DRIVER: ena_tx_queue_release(): Tx queue 0:0 released

==================== A · async-ping（自研 rt runtime） ====================
sessions 64  delay 500 µs  duration 5 s (实际 5.00 s)  payload 64 B  timeout 10000 µs  TSC 2.600 GHz
sent 521550  received 521550  timeouts 0  late 0  in-flight-at-end 0  unexpected 0  foreign 0  tsc-mismatch 0  other 0  arp-replied 0  tx-full 0  no-mbuf 0
对账：sent − received − timeouts − in-flight = 0（应为 0）；丢包 = timeouts = 0（其中 0 个迟到收到）
收包对账：rx 521550 − (received + late + unexpected + foreign + other + arp) = 0（应为 0）

metric (ns)                       count      min     mean      p50      p90      p99    p99.9   p99.99        max
in-process ①+②  [排名指标]           521550       60      196      180      240      761     1012     1209      11650
seg① send  T1−T0                 521550       40       65       50       70      629      858     1018      11540
seg② recv  T3−T2                 521550       20      132      120      180      280      360      490       2400
end-to-end T3−T0                 521550    36450   113432   106732   158720   165809   243396   249698     309120
seg③ wake→next T0                521550       40      111       60      310      700     1098     1593       3820
sleep error                      521550        0       35       10      120      320      938     1729      57040
deadline→next T0 (误差+③)          521550       40      147       70      429      790     1350     2332      57240
  (诊断) seg① 距上次发送<100ns               0        0        0        0        0        0        0        0          0
  (诊断) seg① 100–250ns                 1       70       70       70       70       70       70       70         70
  (诊断) seg① 250–500ns            108044       40       66       50       70      629      840      969       1120
  (诊断) seg① 500ns–2µs            269818       40       67       50       70      650      883     1043       2790
  (诊断) seg① ≥2µs                 143687       40       60       50       60       80      809      969      11540
  (诊断) 维护: rte_timer_manage       50004       20       24       20       30       30       40      260       1450
  (诊断) 维护: 整个节拍                   50004       40      290      250      669      858      987     1270       7790

段① ≥ 125 ns 的样本占 1.611%（段①是两段式分布，它的 p99 落在哪一段只看这个占比在 1% 的哪一边）
rx_burst 包数分布（非空 burst）：1:83.06%  2:15.14%  3:1.72%  4:0.08%  其余更大的 burst 共 5 次（最大一次 11 个包）
主循环被外部打断：空轮询 > 1 µs 共 1053 次（累计 2.0 ms，最长 99.7 µs）；取包前 > 10 µs 共 1 次（累计 0.0 ms，最长 15.2 µs）
port: ipackets 521550  opackets 61606009  imissed 0  ierrors 0  oerrors 0  rx_nombuf 0
AWS allowance（本次运行增量）：bw_in_allowance_exceeded=0  bw_out_allowance_exceeded=0  pps_allowance_exceeded=0  conntrack_allowance_exceeded=0  linklocal_allowance_exceeded=0
mbuf：pool 8191，初值 avail 8191（端口启动后 7936），关停后 avail 8191 → 泄漏 0 ✔
退出原因：到达 --duration-sec，停止发送并等在途请求收尾
构建：commit f5b43e521118 · rustc 1.98.1 (48a229cea 2026-09-01) · DPDK 25.11.3 · release
环境：AMD EPYC 9R45 · 内核 6.18.48-107.148.amzn2023.x86_64 · 网卡 0000:28:00.0 驱动 igb_uio（写合并映射：是）· clocksource tsc · rdtscp constant_tsc nonstop_tsc tsc_known_freq
时钟：读一次 rdtscp 平均 17.5 ns（每个被测段恰好含一次）；TSC 读数步长 26 周期 = 10.0 ns（时间戳分辨率，所有时间差都是它的整数倍）；周期→纳秒换算与 CLOCK_MONOTONIC_RAW 相差 -0.7 ppm
