EAL: No free 1048576 kB hugepages reported on node 0
ENA_DRIVER: ena_get_metrics_entries(): 0x6 customer metrics are supported

[probe] 段②子段（ns）：
  T2→put 返回（分类+投递+wake）                    p50    130  p90    220  p99    340  p99.9    450
  put 返回→开始 poll（回主循环+出队）                  p50     20  p90     20  p99     20  p99.9     20
  开始 poll→T3（poll 到恢复）                     p50     20  p90     20  p99     20  p99.9    130
ENA_DRIVER: ena_rx_queue_release(): Rx queue 0:0 released
ENA_DRIVER: ena_tx_queue_release(): Tx queue 0:0 released

==================== A · async-ping（自研 rt runtime） ====================
sessions 64  delay 500 µs  duration 30 s (实际 30.00 s)  payload 64 B  timeout 10000 µs  TSC 2.600 GHz
sent 2758150  received 2758150  timeouts 0  late 0  in-flight-at-end 0  unexpected 0  foreign 0  tsc-mismatch 0  other 0  arp-replied 0  tx-full 0  no-mbuf 0
对账：sent − received − timeouts − in-flight = 0（应为 0）；丢包 = timeouts = 0（其中 0 个迟到收到）
收包对账：rx 2758150 − (received + late + unexpected + foreign + other + arp) = 0（应为 0）

metric (ns)                       count      min     mean      p50      p90      p99    p99.9   p99.99        max
in-process ①+②  [排名指标]          2758150      120      268      250      340      460      580      840      41550
seg① send  T1−T0                2758150       70       85       80       90      110      190      310       5630
seg② recv  T3−T2                2758150       50      183      160      260      370      490      660      41450
end-to-end T3−T0                2758150    53780   195897   227643   232369   235520   248123   257575     364010
seg③ wake→next T0               2758150       60      171       90      340      780     1252     2307       6410
sleep error                     2758150        0       51       10      130      549     1172     2886      14460
deadline→next T0 (误差+③)         2758150       60      222      100      481     1061     2012     3532      14570
  (诊断) seg① 距上次发送<100ns               0        0        0        0        0        0        0        0          0
  (诊断) seg① 100–250ns                 8       90       92       90      100      100      100      100        100
  (诊断) seg① 250–500ns            862308       70       87       80      100      170      230      330       4410
  (诊断) seg① 500ns–2µs           1353501       70       84       80       90      100      180      270       5630
  (诊断) seg① ≥2µs                 542333       70       86       80      100      110      180      260       3500
  (probe) ①取 mbuf               2758142       10       18       20       20       20       20       20       3530
  (probe) ①写包                   2758142       10       17       20       20       20       30       30       3390
  (probe) ①tx_burst             2758142       40       50       50       60       70      160      270       5590
  (诊断) 维护: rte_timer_manage      299946       20       30       30       30       40       40      901       3670
  (诊断) 维护: 整个节拍                  299946       50      294       70      809     1221     1363     3009      14810

段① ≥ 125 ns 的样本占 0.738%（段①是两段式分布，它的 p99 落在哪一段只看这个占比在 1% 的哪一边）
rx_burst 包数分布（非空 burst）：1:75.41%  2:19.25%  3:4.49%  4:0.85%  其余更大的 burst 共 104 次（最大一次 18 个包）
主循环被外部打断：空轮询 > 1 µs 共 6453 次（累计 19.8 ms，最长 17.5 µs）；取包前 > 10 µs 共 6 次（累计 0.1 ms，最长 23.2 µs）
port: ipackets 2758150  opackets 2758256  imissed 0  ierrors 0  oerrors 0  rx_nombuf 0
AWS allowance（本次运行增量）：bw_in_allowance_exceeded=0  bw_out_allowance_exceeded=0  pps_allowance_exceeded=0  conntrack_allowance_exceeded=0  linklocal_allowance_exceeded=0
mbuf：pool 8191，初值 avail 8191（端口启动后 7168），关停后 avail 8191 → 泄漏 0 ✔
退出原因：到达 --duration-sec，停止发送并等在途请求收尾
构建：commit ea2e92b1d3ac · rustc 1.98.1 (48a229cea 2026-09-01) · DPDK 25.11.3 · release · features: probe
环境：AMD EPYC 9R45 · 内核 6.18.48-107.148.amzn2023.x86_64 · 网卡 0000:28:00.0 驱动 igb_uio（写合并映射：是）· clocksource tsc · rdtscp constant_tsc nonstop_tsc tsc_known_freq
时钟：读一次 rdtscp 平均 17.8 ns（每个被测段恰好含一次）；TSC 读数步长 26 周期 = 10.0 ns（时间戳分辨率，所有时间差都是它的整数倍）；周期→纳秒换算与 CLOCK_MONOTONIC_RAW 相差 -0.7 ppm
[probe] tx_burst > 125 ns 的占比，按「发送计数 % 32」分（32 个 LLQ 条目 = 一个 4 KB 页）：0:0.23% 1:0.21% 2:0.26% 3:1.25% 4:0.20% 5:0.20% 6:0.22% 7:0.59% 8:0.21% 9:0.20% 10:0.20% 11:1.12% 12:0.19% 13:0.18% 14:0.20% 15:2.52% 16:0.24% 17:0.18% 18:0.22% 19:5.12% 20:0.22% 21:0.21% 22:0.22% 23:2.76% 24:0.23% 25:0.21% 26:0.24% 27:2.27% 28:0.26% 29:0.25% 30:0.25% 31:1.27%
