[1;34m[02:18:27][0m 运行 A（async-ping）--progress-sec 0 --json logs/sessions/day2-v2/A-600.json --delay-us 500 --duration-sec 600 --samples logs/tmp/day2-v2-A.samples  → /dev/null
EAL: No free 1048576 kB hugepages reported on node 0
ENA_DRIVER: ena_get_metrics_entries(): 0x6 customer metrics are supported
ENA_DRIVER: ena_rx_queue_release(): Rx queue 0:0 released
ENA_DRIVER: ena_tx_queue_release(): Tx queue 0:0 released

==================== A · async-ping（自研 rt runtime） ====================
sessions 64  delay 500 µs  duration 600 s (实际 600.01 s)  payload 64 B  timeout 10000 µs  TSC 2.600 GHz
sent 54271570  received 54271570  timeouts 0  late 0  in-flight-at-end 0  unexpected 0  foreign 1  tsc-mismatch 0  other 0  arp-replied 9  tx-full 0  no-mbuf 0
对账：sent − received − timeouts − in-flight = 0（应为 0）；丢包 = timeouts = 0（其中 0 个迟到收到）
收包对账：rx 54271580 − (received + late + unexpected + foreign + other + arp) = 0（应为 0）

metric (ns)                       count      min     mean      p50      p90      p99    p99.9   p99.99        max
in-process ①+②  [排名指标]         54271570       60      209      200      270      380      490      690     111420
seg① send  T1−T0               54271570       40       55       50       60      150      210      300     111290
seg② recv  T3−T2               54271570       20      153      140      220      310      429      601      37470
end-to-end T3−T0               54271570    36760   207384   229218   233944   248123   252849   296960     487350
seg③ wake→next T0              54271570       30      133       70      320      709     1123     1630      33130
sleep error                    54271570        0       37       10      120      280      749     2295     109630
deadline→next T0 (误差+③)        54271570       40      169       80      441      809     1227     3310     110620
  (诊断) seg① 距上次发送<100ns               0        0        0        0        0        0        0        0          0
  (诊断) seg① 100–250ns               157       60       70       70       80      170      180      180        180
  (诊断) seg① 250–500ns          14397545       40       56       50       60      160      240      310      18080
  (诊断) seg① 500ns–2µs          28921691       40       55       50       60       80      200      290     111290
  (诊断) seg① ≥2µs               10952177       40       55       50       60      140      200      300      21040
  (诊断) 维护: rte_timer_manage     5998875       20       25       20       30       30       40     1049       5220
  (诊断) 维护: 整个节拍                 5998875       40      307       60      870     1227     1412     2246      30490

段① ≥ 125 ns 的样本占 1.247%（段①是两段式分布，它的 p99 落在哪一段只看这个占比在 1% 的哪一边）
rx_burst 包数分布（非空 burst）：1:77.93%  2:18.46%  3:3.23%  4:0.38%  其余更大的 burst 共 864 次（最大一次 32 个包）
主循环被外部打断：空轮询 > 1 µs 共 130859 次（累计 293.5 ms，最长 126.8 µs）；取包前 > 10 µs 共 138 次（累计 2.7 ms，最长 104.6 µs）
port: ipackets 54271580  opackets 54271734  imissed 0  ierrors 0  oerrors 0  rx_nombuf 0
AWS allowance（本次运行增量）：bw_in_allowance_exceeded=0  bw_out_allowance_exceeded=0  pps_allowance_exceeded=0  conntrack_allowance_exceeded=0  linklocal_allowance_exceeded=0
mbuf：pool 8191，初值 avail 8191（端口启动后 7168），关停后 avail 8191 → 泄漏 0 ✔
退出原因：到达 --duration-sec，停止发送并等在途请求收尾
构建：commit b45fad686be5 · rustc 1.98.1 (48a229cea 2026-09-01) · DPDK 25.11.3 · release
环境：AMD EPYC 9R45 · 内核 6.18.48-107.148.amzn2023.x86_64 · 网卡 0000:28:00.0 驱动 igb_uio（写合并映射：是）· clocksource tsc · rdtscp constant_tsc nonstop_tsc tsc_known_freq
时钟：读一次 rdtscp 平均 17.5 ns（每个被测段恰好含一次）；TSC 读数步长 26 周期 = 10.0 ns（时间戳分辨率，所有时间差都是它的整数倍）；周期→纳秒换算与 CLOCK_MONOTONIC_RAW 相差 +0.1 ppm
原始样本：54271570 个 → logs/tmp/day2-v2-A.samples（容量 77541976）
异常包明细（最多 16 条）：
  [tsc 20374494524306] foreign：来自 13.214.173.166 的 echo reply（不是对端），id=16509 seq=14618，已丢弃
[1;34m[02:28:28][0m 退出码 0；报告：（由调用者指定）
