[1;34m[02:28:28][0m 运行 B（raw-ping）--progress-sec 0 --json logs/sessions/day2-v2/B-600.json --delay-us 500 --duration-sec 600 --samples logs/tmp/day2-v2-B.samples  → /dev/null
EAL: No free 1048576 kB hugepages reported on node 0
ENA_DRIVER: ena_get_metrics_entries(): 0x6 customer metrics are supported
ENA_DRIVER: ena_rx_queue_release(): Rx queue 0:0 released
ENA_DRIVER: ena_tx_queue_release(): Tx queue 0:0 released

==================== B · raw-ping（手写 busy-poll，无 runtime） ====================
sessions 64  delay 500 µs  duration 600 s (实际 600.01 s)  payload 64 B  timeout 10000 µs  TSC 2.600 GHz
sent 58095429  received 58095429  timeouts 0  late 0  in-flight-at-end 0  unexpected 0  foreign 1  tsc-mismatch 0  other 6  arp-replied 10  tx-full 0  no-mbuf 0
对账：sent − received − timeouts − in-flight = 0（应为 0）；丢包 = timeouts = 0（其中 0 个迟到收到）
收包对账：rx 58095446 − (received + late + unexpected + foreign + other + arp) = 0（应为 0）

metric (ns)                       count      min     mean      p50      p90      p99    p99.9   p99.99        max
in-process ①+②  [排名指标]         58095429       50      205      180      280      469      580      740      39550
seg① send  T1−T0               58095429       40       66       50       70      310      330      420      39440
seg② recv  T3−T2               58095429       10      139      130      200      290      401      570      35680
end-to-end T3−T0               58095429    36300   160844   160295   164233   232369   243396   251273     460360
seg③ wake→next T0              58095429       20      106       50      300      410      761     1129      43310
sleep error                    58095429        0       32       10      110      260      561     2233      99720
deadline→next T0 (误差+③)        58095429       30      138       60      410      570      938     2886      99830
  (诊断) seg① 距上次发送<100ns         2523998       60      306      310      320      330      441      700      39440
  (诊断) seg① 100–250ns              7009       60      193      200      210      310      441     1098       1100
  (诊断) seg① 250–500ns          12654342       40       55       50       60       70      180      270       6370
  (诊断) seg① 500ns–2µs          31173991       40       54       50       60       70      170      250       8970
  (诊断) seg① ≥2µs               11736089       40       55       50       60       70      170      250       7040
  (诊断) 维护: rte_timer_manage     5998908       20       25       20       30       30       40      840       3650
  (诊断) 维护: 整个节拍                 5998908       40      275       60      660      907     1110     2160      34130

段① ≥ 125 ns 的样本占 4.618%（段①是两段式分布，它的 p99 落在哪一段只看这个占比在 1% 的哪一边）
rx_burst 包数分布（非空 burst）：1:78.05%  2:18.40%  3:3.26%  4:0.29%  其余更大的 burst 共 877 次（最大一次 29 个包）
主循环被外部打断：空轮询 > 1 µs 共 130318 次（累计 291.9 ms，最长 124.7 µs）；取包前 > 10 µs 共 166 次（累计 3.0 ms，最长 107.3 µs）
port: ipackets 58095446  opackets 58095594  imissed 0  ierrors 0  oerrors 0  rx_nombuf 0
AWS allowance（本次运行增量）：bw_in_allowance_exceeded=0  bw_out_allowance_exceeded=0  pps_allowance_exceeded=0  conntrack_allowance_exceeded=0  linklocal_allowance_exceeded=0
mbuf：pool 8191，初值 avail 8191（端口启动后 7168），关停后 avail 8191 → 泄漏 0 ✔
退出原因：到达 --duration-sec，停止发送并等在途请求收尾
构建：commit b45fad686be5 · rustc 1.98.1 (48a229cea 2026-09-01) · DPDK 25.11.3 · release
环境：AMD EPYC 9R45 · 内核 6.18.48-107.148.amzn2023.x86_64 · 网卡 0000:28:00.0 驱动 igb_uio（写合并映射：是）· clocksource tsc · rdtscp constant_tsc nonstop_tsc tsc_known_freq
时钟：读一次 rdtscp 平均 17.7 ns（每个被测段恰好含一次）；TSC 读数步长 26 周期 = 10.0 ns（时间戳分辨率，所有时间差都是它的整数倍）；周期→纳秒换算与 CLOCK_MONOTONIC_RAW 相差 +0.1 ppm
原始样本：58095429 个 → logs/tmp/day2-v2-B.samples（容量 77541976）
异常包明细（最多 16 条）：
  [tsc 22673631435728] foreign：来自 13.214.173.166 的 echo reply（不是对端），id=16509 seq=14618，已丢弃
[1;34m[02:38:28][0m 退出码 0；报告：（由调用者指定）
