EAL: No free 1048576 kB hugepages reported on node 0
ENA_DRIVER: ena_get_metrics_entries(): 0x6 customer metrics are supported
ENA_DRIVER: ena_rx_queue_release(): Rx queue 0:0 released
ENA_DRIVER: ena_tx_queue_release(): Tx queue 0:0 released

==================== A · async-ping（自研 rt runtime） ====================
sessions 64  delay 500 µs  duration 60 s (实际 60.00 s)  payload 64 B  timeout 10000 µs  TSC 2.600 GHz
sent 5265109  received 5265109  timeouts 0  late 0  in-flight-at-end 0  unexpected 0  other 0  arp-replied 0  tx-full 0  no-mbuf 0
对账：sent − received − timeouts − in-flight = 0（应为 0）；丢包 = timeouts = 0（其中 0 个迟到收到）

metric (ns)                       count      min     mean      p50      p90      p99    p99.9   p99.99        max
in-process ①+②  [排名指标]          5265109       60      194      180      250      360      460      589      28520
seg① send  T1−T0                5265109       40       54       50       60       70      170      290       4540
seg② recv  T3−T2                5265109       20      140      130      190      300      401      521      28460
end-to-end T3−T0                5265109    53440   229157   246547   249698   254424   257575   314289     371320
seg③ wake→next T0               5265109       20      139       70      320      721     1123     1655       7610
sleep error                     5265109        0       36       10      100      340      907     2652      84910
  (诊断) seg① 距上次发送<100ns               0        0        0        0        0        0        0        0          0
  (诊断) seg① 100–250ns                18       60       63       60       70       70       70       70         70
  (诊断) seg① 250–500ns           1490397       40       55       50       60      150      200      310       4090
  (诊断) seg① 500ns–2µs           2796640       40       53       50       60       70      160      230       4540
  (诊断) seg① ≥2µs                 978054       40       54       50       60       70      160      230       3740

rx_burst 包数分布（非空 burst）：1:76.93%  2:18.75%  3:3.77%  4:0.55%  5:0.00%  6:0.00%  7:0.00%  8:0.00%  9:0.00%  10:0.00%  12:0.00%  18:0.00%  21:0.00%
port: ipackets 5265109  opackets 5265215  imissed 0  ierrors 0  oerrors 0  rx_nombuf 0
AWS allowance（本次运行增量）：bw_in_allowance_exceeded=0  bw_out_allowance_exceeded=0  pps_allowance_exceeded=0  conntrack_allowance_exceeded=0  linklocal_allowance_exceeded=0
mbuf：pool 8191，初值 avail 8191（端口启动后 7168），关停后 avail 8191 → 泄漏 0 ✔
退出原因：到达 --duration-sec，停止发送并等在途请求收尾
