EAL: No free 1048576 kB hugepages reported on node 0
ENA_DRIVER: ena_get_metrics_entries(): 0x6 customer metrics are supported
[A async    5.0s] sent     431826  recv     431826  timeouts 0  late 0  86311 req/s
[A async   10.0s] sent     911231  recv     911203  timeouts 0  late 0  95818 req/s
[A async   15.0s] sent    1432274  recv    1432268  timeouts 0  late 0  104141 req/s
[A async   20.0s] sent    1877869  recv    1877837  timeouts 0  late 0  89062 req/s
[A async   25.0s] sent    2306288  recv    2306253  timeouts 0  late 0  85628 req/s
[A async   30.0s] sent    2734220  recv    2734196  timeouts 0  late 0  85530 req/s
[A async   35.0s] sent    3182465  recv    3182465  timeouts 0  late 0  89584 req/s
[A async   40.0s] sent    3614849  recv    3614849  timeouts 0  late 0  86357 req/s
[A async   45.0s] sent    4065714  recv    4065651  timeouts 0  late 0  90115 req/s
[A async   50.0s] sent    4494387  recv    4494386  timeouts 0  late 0  85678 req/s
[A async   55.0s] sent    4922995  recv    4922994  timeouts 0  late 0  85666 req/s
[A async   60.0s] sent    5351218  recv    5351155  timeouts 0  late 0  85590 req/s
[A async   65.1s] sent    5780212  recv    5780211  timeouts 0  late 0  85634 req/s
[A async   70.1s] sent    6242925  recv    6242897  timeouts 0  late 0  92482 req/s
[A async   75.1s] sent    6727569  recv    6727569  timeouts 0  late 0  96866 req/s
[A async   80.1s] sent    7212305  recv    7212269  timeouts 0  late 0  96884 req/s
[A async   85.1s] sent    7697773  recv    7697773  timeouts 0  late 0  96883 req/s
[A async   90.1s] sent    8190006  recv    8190004  timeouts 0  late 0  98382 req/s
[A async   95.1s] sent    8682180  recv    8682137  timeouts 0  late 0  98370 req/s
[A async  100.1s] sent    9121049  recv    9121028  timeouts 0  late 0  87717 req/s
[A async  105.1s] sent    9560388  recv    9560388  timeouts 0  late 0  87720 req/s
[A async  110.1s] sent    9999257  recv    9999236  timeouts 0  late 0  87716 req/s
[A async  115.1s] sent   10438148  recv   10438105  timeouts 0  late 0  87720 req/s
[A async  120.1s] sent   10876996  recv   10876996  timeouts 0  late 0  87714 req/s
[A async  125.1s] sent   11315908  recv   11315865  timeouts 0  late 0  87725 req/s
[A async  130.1s] sent   11754777  recv   11754756  timeouts 0  late 0  87716 req/s
[A async  135.1s] sent   12193668  recv   12193625  timeouts 0  late 0  87721 req/s
[A async  140.1s] sent   12632522  recv   12632516  timeouts 0  late 0  87713 req/s
[A async  145.1s] sent   13071705  recv   13071684  timeouts 0  late 0  87717 req/s
[A async  150.1s] sent   13510596  recv   13510553  timeouts 0  late 0  87722 req/s
[A async  155.1s] sent   13949464  recv   13949464  timeouts 0  late 0  87716 req/s
[A async  160.1s] sent   14388356  recv   14388312  timeouts 0  late 0  87724 req/s
[A async  165.1s] sent   14827780  recv   14827736  timeouts 0  late 0  87718 req/s
[A async  170.1s] sent   15266882  recv   15266840  timeouts 0  late 0  87724 req/s
[A async  175.1s] sent   15705752  recv   15705732  timeouts 0  late 0  87717 req/s
[A async  180.2s] sent   16144600  recv   16144600  timeouts 0  late 0  87713 req/s
[A async  185.2s] sent   16583492  recv   16583448  timeouts 0  late 0  87721 req/s
[A async  190.2s] sent   17022360  recv   17022340  timeouts 0  late 0  87716 req/s
[A async  195.2s] sent   17461252  recv   17461208  timeouts 0  late 0  87722 req/s
[A async  200.2s] sent   17900676  recv   17900632  timeouts 0  late 0  87719 req/s
[A async  205.2s] sent   18339524  recv   18339524  timeouts 0  late 0  87712 req/s
[A async  210.2s] sent   18778394  recv   18778392  timeouts 0  late 0  87716 req/s
[A async  215.2s] sent   19217668  recv   19217668  timeouts 0  late 0  87720 req/s
[A async  220.2s] sent   19656539  recv   19656536  timeouts 0  late 0  87716 req/s
[A async  225.2s] sent   20158449  recv   20158437  timeouts 0  late 0  100279 req/s
[A async  230.2s] sent   20598999  recv   20598946  timeouts 0  late 0  88052 req/s
[A async  235.2s] sent   21035490  recv   21035479  timeouts 0  late 0  87243 req/s
[A async  240.2s] sent   21472023  recv   21471978  timeouts 0  late 0  87250 req/s
[A async  245.2s] sent   21908567  recv   21908567  timeouts 0  late 0  87242 req/s
[A async  250.2s] sent   22345943  recv   22345943  timeouts 0  late 0  87246 req/s
[A async  255.2s] sent   22782487  recv   22782434  timeouts 0  late 0  87251 req/s
[A async  260.2s] sent   23218978  recv   23218967  timeouts 0  late 0  87242 req/s
[A async  265.2s] sent   23654743  recv   23654688  timeouts 0  late 0  87097 req/s
[A async  270.2s] sent   24089120  recv   24089111  timeouts 0  late 0  86817 req/s
[A async  275.2s] sent   24523424  recv   24523415  timeouts 0  late 0  86804 req/s
[A async  280.2s] sent   24957728  recv   24957728  timeouts 0  late 0  86806 req/s
[A async  285.2s] sent   25392087  recv   25392032  timeouts 0  late 0  86815 req/s
[A async  290.2s] sent   25826391  recv   25826391  timeouts 0  late 0  86803 req/s
[A async  295.3s] sent   26260704  recv   26260695  timeouts 0  late 0  86807 req/s
[A async  300.3s] sent   26695264  recv   26695264  timeouts 0  late 0  86801 req/s
[A async  305.3s] sent   27130528  recv   27130519  timeouts 0  late 0  86812 req/s
[A async  310.3s] sent   27564887  recv   27564832  timeouts 0  late 0  86815 req/s
[A async  315.3s] sent   27999200  recv   27999191  timeouts 0  late 0  86804 req/s
[A async  320.3s] sent   28433552  recv   28433504  timeouts 0  late 0  86814 req/s
[A async  325.3s] sent   28868512  recv   28868503  timeouts 0  late 0  86799 req/s
[A async  330.3s] sent   29302807  recv   29302752  timeouts 0  late 0  86803 req/s
[A async  335.3s] sent   29737111  recv   29737056  timeouts 0  late 0  86804 req/s
[A async  340.3s] sent   30171415  recv   30171366  timeouts 0  late 0  86805 req/s
[A async  345.3s] sent   30606423  recv   30606404  timeouts 0  late 0  86806 req/s
[A async  350.3s] sent   31041025  recv   31040992  timeouts 0  late 0  86811 req/s
[A async  355.3s] sent   31476823  recv   31476768  timeouts 0  late 0  86809 req/s
[A async  360.3s] sent   31911127  recv   31911096  timeouts 0  late 0  86805 req/s
[A async  365.3s] sent   32345780  recv   32345760  timeouts 0  late 0  86873 req/s
[A async  370.3s] sent   32780128  recv   32780128  timeouts 0  late 0  86812 req/s
[A async  375.4s] sent   33214935  recv   33214935  timeouts 0  late 0  86810 req/s
[A async  380.4s] sent   33649184  recv   33649184  timeouts 0  late 0  86794 req/s
[A async  385.4s] sent   34083543  recv   34083488  timeouts 0  late 0  86815 req/s
[A async  390.4s] sent   34517856  recv   34517847  timeouts 0  late 0  86806 req/s
[A async  395.4s] sent   34959177  recv   34959153  timeouts 0  late 0  88208 req/s
[A async  400.4s] sent   35410313  recv   35410296  timeouts 0  late 0  90168 req/s
[A async  405.4s] sent   35860169  recv   35860169  timeouts 0  late 0  89912 req/s
[A async  410.4s] sent   36309553  recv   36309513  timeouts 0  late 0  89820 req/s
[A async  415.4s] sent   36758321  recv   36758281  timeouts 0  late 0  89582 req/s
[A async  420.4s] sent   37205937  recv   37205937  timeouts 0  late 0  89464 req/s
[A async  425.4s] sent   37654983  recv   37654961  timeouts 0  late 0  89751 req/s
[A async  430.4s] sent   38103497  recv   38103473  timeouts 0  late 0  89646 req/s
[A async  435.4s] sent   38553393  recv   38553364  timeouts 0  late 0  89911 req/s
[A async  440.4s] sent   39003657  recv   39003633  timeouts 0  late 0  89995 req/s
[A async  445.4s] sent   39452593  recv   39452553  timeouts 0  late 0  89730 req/s
[A async  450.4s] sent   39904809  recv   39904777  timeouts 0  late 0  90383 req/s
[A async  455.4s] sent   40356209  recv   40356169  timeouts 0  late 0  90221 req/s
[A async  460.4s] sent   40807177  recv   40807177  timeouts 0  late 0  90111 req/s
[A async  465.4s] sent   41327605  recv   41327600  timeouts 0  late 0  103986 req/s
[A async  470.4s] sent   41854735  recv   41854708  timeouts 0  late 0  105357 req/s
[A async  475.4s] sent   42346831  recv   42346805  timeouts 0  late 0  98356 req/s
[A async  480.4s] sent   42858935  recv   42858933  timeouts 0  late 0  102354 req/s
[A async  485.4s] sent   43377783  recv   43377783  timeouts 0  late 0  103702 req/s
[A async  490.4s] sent   43902604  recv   43902604  timeouts 0  late 0  104898 req/s
[A async  495.4s] sent   44422558  recv   44422558  timeouts 0  late 0  103899 req/s
[A async  500.5s] sent   44907065  recv   44907038  timeouts 0  late 0  96838 req/s
[A async  505.5s] sent   45392443  recv   45392443  timeouts 0  late 0  97012 req/s
[A async  510.5s] sent   45902928  recv   45902928  timeouts 0  late 0  102030 req/s
[A async  515.5s] sent   46418235  recv   46418193  timeouts 0  late 0  102995 req/s
[A async  520.5s] sent   46936843  recv   46936837  timeouts 0  late 0  103654 req/s
[A async  525.5s] sent   47409126  recv   47409125  timeouts 0  late 0  94284 req/s
[A async  530.5s] sent   47837797  recv   47837766  timeouts 0  late 0  85679 req/s
[A async  535.5s] sent   48266468  recv   48266468  timeouts 0  late 0  85678 req/s
[A async  540.5s] sent   48696678  recv   48696676  timeouts 0  late 0  85888 req/s
[A async  545.5s] sent   49126436  recv   49126381  timeouts 0  late 0  85897 req/s
[A async  550.5s] sent   49556774  recv   49556772  timeouts 0  late 0  85889 req/s
[A async  555.5s] sent   49986534  recv   49986532  timeouts 0  late 0  85896 req/s
[A async  560.5s] sent   50416612  recv   50416612  timeouts 0  late 0  85889 req/s
[A async  565.5s] sent   50846310  recv   50846308  timeouts 0  late 0  85883 req/s
[A async  570.5s] sent   51276070  recv   51276068  timeouts 0  late 0  85895 req/s
[A async  575.5s] sent   51705828  recv   51705766  timeouts 0  late 0  85897 req/s
[A async  580.5s] sent   52135588  recv   52135526  timeouts 0  late 0  85887 req/s
[A async  585.5s] sent   52565220  recv   52565158  timeouts 0  late 0  85870 req/s
[A async  590.5s] sent   52994982  recv   52994980  timeouts 0  late 0  85885 req/s
[A async  595.5s] sent   53424740  recv   53424678  timeouts 0  late 0  85895 req/s
ENA_DRIVER: ena_rx_queue_release(): Rx queue 0:0 released
ENA_DRIVER: ena_tx_queue_release(): Tx queue 0:0 released

==================== A · async-ping（自研 rt runtime） ====================
sessions 64  delay 500 µs  duration 600 s (实际 600.01 s)  payload 64 B  timeout 10000 µs  TSC 2.600 GHz
sent 53807376  received 53807376  timeouts 0  late 0  in-flight-at-end 0  unexpected 1  other 6  arp-replied 10  tx-full 0  no-mbuf 0
对账：sent − received − timeouts − in-flight = 0（应为 0）；丢包 = timeouts = 0（其中 0 个迟到收到）

metric (ns)                       count      min     mean      p50      p90      p99    p99.9   p99.99        max
in-process ①+②  [排名指标]         53807376       60      194      180      250      350      450      589      39890
seg① send  T1−T0               53807376       40       54       50       60       70      170      280      16260
seg② recv  T3−T2               53807376       20      140      130      190      300      390      509      39840
end-to-end T3−T0               53807376    52230   213479   232369   246547   251273   256000   301686     650860
seg③ wake→next T0              53807376       30      142       70      320      721     1129     1692      40280
sleep error                    53807376        0       36       10      110      300      821     2787      95630
  (诊断) seg① 距上次发送<100ns               0        0        0        0        0        0        0        0          0
  (诊断) seg① 100–250ns               159       50       64       60       70       80       80       80         80
  (诊断) seg① 250–500ns          15007809       40       55       50       60      160      200      310      16260
  (诊断) seg① 500ns–2µs          27976642       40       54       50       60       70      160      240      14730
  (诊断) seg① ≥2µs               10822766       40       55       50       60       70      160      230      10120

rx_burst 包数分布（非空 burst）：1:77.30%  2:18.36%  3:3.76%  4:0.57%  5:0.00%  6:0.00%  7:0.00%  8:0.00%  9:0.00%  10:0.00%  11:0.00%  12:0.00%  13:0.00%  14:0.00%  15:0.00%  16:0.00%  17:0.00%  18:0.00%  20:0.00%  22:0.00%  23:0.00%  24:0.00%  25:0.00%  27:0.00%  28:0.00%  32:0.00%
port: ipackets 53807393  opackets 53807492  imissed 0  ierrors 0  oerrors 0  rx_nombuf 0
AWS allowance（本次运行增量）：bw_in_allowance_exceeded=0  bw_out_allowance_exceeded=0  pps_allowance_exceeded=0  conntrack_allowance_exceeded=0  linklocal_allowance_exceeded=0
mbuf：pool 8191，初值 avail 8191（端口启动后 7168），关停后 avail 8191 → 泄漏 0 ✔
退出原因：到达 --duration-sec，停止发送并等在途请求收尾
异常包明细（最多 16 条）：
  [tsc 37739774602426] unexpected：id=16509 超出 session 范围，seq=14618
