EAL: No free 1048576 kB hugepages reported on node 0
ENA_DRIVER: ena_get_metrics_entries(): 0x6 customer metrics are supported
ENA_DRIVER: ena_rx_queue_release(): Rx queue 0:0 released
ENA_DRIVER: ena_tx_queue_release(): Tx queue 0:0 released

==================== A · async-ping（自研 rt runtime） ====================
sessions 64  delay 500 µs  duration 8 s (实际 8.00 s)  payload 64 B  timeout 10000 µs  TSC 2.600 GHz
sent 705767  received 705767  timeouts 0  late 0  in-flight-at-end 0  unexpected 0  foreign 0  tsc-mismatch 0  other 0  arp-replied 0  tx-full 0  no-mbuf 0
对账：sent − received − timeouts − in-flight = 0（应为 0）；丢包 = timeouts = 0（其中 0 个迟到收到）
收包对账：rx 705767 − (received + late + unexpected + foreign + other + arp) = 0（应为 0）

metric (ns)                       count      min     mean      p50      p90      p99    p99.9   p99.99        max
in-process ①+②  [排名指标]           705767       70      205      190      260      370      490     1815      15410
seg① send  T1−T0                 705767       40       55       50       60      150      190      310       3880
seg② recv  T3−T2                 705767       20      150      140      200      310      420     1350      15360
end-to-end T3−T0                 705767    55630   225296   244972   248123   251273   256000   303261     371660
seg③ wake→next T0                705767       30      139       60      330      740     1160     2800      14320
sleep error                      705767        0       39       10      100      340      932     3132      14930
deadline→next T0 (误差+③)          705767       40      178       70      429      840     1704     4664      21820
  (诊断) seg① 距上次发送<100ns               0        0        0        0        0        0        0        0          0
  (诊断) seg① 100–250ns                 4       60      100       70      190      190      190      190        190
  (诊断) seg① 250–500ns            198103       40       56       50       60      160      240      320       2740
  (诊断) seg① 500ns–2µs            368155       40       54       50       60       70      180      280       3880
  (诊断) seg① ≥2µs                 139505       40       55       50       60       80      180      300       3340
  (诊断) 维护: rte_timer_manage       79998       20       30       30       40       40       40      907       2860
  (诊断) 维护: 整个节拍                   79998       50      265       60      809     1221     1387     2763       4900

段① ≥ 125 ns 的样本占 1.051%（段①是两段式分布，它的 p99 落在哪一段只看这个占比在 1% 的哪一边）
rx_burst 包数分布（非空 burst）：1:76.97%  2:18.76%  3:3.59%  4:0.68%  其余更大的 burst 共 14 次（最大一次 32 个包）
主循环被外部打断：空轮询 > 1 µs 共 1732 次（累计 5.1 ms，最长 14.5 µs）；取包前 > 10 µs 共 3 次（累计 0.2 ms，最长 200.6 µs）
port: ipackets 705767  opackets 705873  imissed 0  ierrors 0  oerrors 0  rx_nombuf 0
AWS allowance（本次运行增量）：bw_in_allowance_exceeded=0  bw_out_allowance_exceeded=0  pps_allowance_exceeded=0  conntrack_allowance_exceeded=0  linklocal_allowance_exceeded=0
mbuf：pool 8191，初值 avail 8191（端口启动后 7168），关停后 avail 8191 → 泄漏 0 ✔
退出原因：到达 --duration-sec，停止发送并等在途请求收尾
构建：commit 8985f414c2df · rustc 1.98.1 (48a229cea 2026-09-01) · DPDK 25.11.3 · release
环境：AMD EPYC 9R45 · 内核 6.18.48-107.148.amzn2023.x86_64 · 网卡 0000:28:00.0 驱动 igb_uio（写合并映射：是）· clocksource tsc · rdtscp constant_tsc nonstop_tsc tsc_known_freq
时钟：读一次 rdtscp 平均 17.7 ns（每个被测段恰好含一次）；TSC 读数步长 26 周期 = 10.0 ns（时间戳分辨率，所有时间差都是它的整数倍）；周期→纳秒换算与 CLOCK_MONOTONIC_RAW 相差 -0.8 ppm
