EAL: No free 1048576 kB hugepages reported on node 0
ENA_DRIVER: ena_get_metrics_entries(): 0x6 customer metrics are supported
ENA_DRIVER: ena_rx_queue_release(): Rx queue 0:0 released
ENA_DRIVER: ena_tx_queue_release(): Tx queue 0:0 released

==================== A · async-ping（自研 rt runtime） ====================
sessions 64  delay 800 µs  duration 60 s (实际 60.00 s)  payload 64 B  timeout 10000 µs  TSC 2.600 GHz
sent 3958462  received 3958462  timeouts 0  late 0  in-flight-at-end 0  unexpected 0  foreign 0  tsc-mismatch 0  other 1  arp-replied 1  tx-full 0  no-mbuf 0
对账：sent − received − timeouts − in-flight = 0（应为 0）；丢包 = timeouts = 0（其中 0 个迟到收到）
收包对账：rx 3958464 − (received + late + unexpected + foreign + other + arp) = 0（应为 0）

metric (ns)                       count      min     mean      p50      p90      p99    p99.9   p99.99        max
in-process ①+②  [排名指标]          3958462       60      194      180      240      350      450      580      15770
seg① send  T1−T0                3958462       40       54       50       60       70      170      280       4350
seg② recv  T3−T2                3958462       20      140      130      190      290      380      500      15720
end-to-end T3−T0                3958462    53610   169920   189440   193378   196529   262301   328467     368110
seg③ wake→next T0               3958462       40      122       60      320      721     1129     1338      20930
sleep error                     3958462        0       32       10      100      280      770     2775      26210
deadline→next T0 (误差+③)         3958462       40      154       70      429      780     1178     3261      26610
  (诊断) seg① 距上次发送<100ns               0        0        0        0        0        0        0        0          0
  (诊断) seg① 100–250ns                15       60       65       70       70       70       70       70         70
  (诊断) seg① 250–500ns            909287       40       55       50       60       80      180      300       4350
  (诊断) seg① 500ns–2µs           2025679       40       54       50       60       70      170      270       3850
  (诊断) seg① ≥2µs                1023481       40       54       50       60       70      170      280       3570
  (诊断) 维护: rte_timer_manage      599921       20       27       30       30       40       40      730       3280
  (诊断) 维护: 整个节拍                  599921       50      274       70      709      938     1061     1547      13700

rx_burst 包数分布（非空 burst）：1:81.43%  2:15.65%  3:2.67%  4:0.25%  其余更大的 burst 共 55 次（最大一次 13 个包）
主循环被外部打断：空轮询 > 1 µs 共 13421 次（累计 40.6 ms，最长 91.9 µs）；取包前 > 10 µs 共 11 次（累计 0.2 ms，最长 40.1 µs）
port: ipackets 3958464  opackets 3958569  imissed 0  ierrors 0  oerrors 0  rx_nombuf 0
AWS allowance（本次运行增量）：bw_in_allowance_exceeded=0  bw_out_allowance_exceeded=0  pps_allowance_exceeded=0  conntrack_allowance_exceeded=0  linklocal_allowance_exceeded=0
mbuf：pool 8191，初值 avail 8191（端口启动后 7168），关停后 avail 8191 → 泄漏 0 ✔
退出原因：到达 --duration-sec，停止发送并等在途请求收尾
