EAL: No free 1048576 kB hugepages reported on node 0
ENA_DRIVER: ena_get_metrics_entries(): 0x6 customer metrics are supported
ENA_DRIVER: ena_rx_queue_release(): Rx queue 0:0 released
ENA_DRIVER: ena_tx_queue_release(): Tx queue 0:0 released

==================== A · async-ping（自研 rt runtime） ====================
sessions 1  delay 940 µs  duration 30 s (实际 30.00 s)  payload 64 B  timeout 10000 µs  TSC 2.600 GHz
sent 29896  received 29896  timeouts 0  late 0  in-flight-at-end 0  unexpected 0  other 0  arp-replied 1  tx-full 0  no-mbuf 0
对账：sent − received − timeouts − in-flight = 0（应为 0）；丢包 = timeouts = 0（其中 0 个迟到收到）

metric (ns)                       count      min     mean      p50      p90      p99    p99.9   p99.99        max
in-process ①+②  [排名指标]            29896       70      190      180      230      290      380      570       2810
seg① send  T1−T0                  29896       40       59       60       70      160      240      330       2530
seg② recv  T3−T2                  29896       20      132      130      160      200      260      340        540
end-to-end T3−T0                  29896    58190    63431    63212    65575    67938    73846    93538     158510
seg③ wake→next T0                 29896       40       49       50       60       60       80      350       3190
sleep error                       29896        0       10       10       10       20       20     2836      76090
  (诊断) seg① 距上次发送<100ns               0        0        0        0        0        0        0        0          0
  (诊断) seg① 100–250ns                 0        0        0        0        0        0        0        0          0
  (诊断) seg① 250–500ns                 0        0        0        0        0        0        0        0          0
  (诊断) seg① 500ns–2µs                 0        0        0        0        0        0        0        0          0
  (诊断) seg① ≥2µs                  29896       40       59       60       70      160      240      330       2530

rx_burst 包数分布（非空 burst）：1:100.00%
port: ipackets 29897  opackets 30003  imissed 0  ierrors 0  oerrors 0  rx_nombuf 0
AWS allowance（本次运行增量）：bw_in_allowance_exceeded=0  bw_out_allowance_exceeded=0  pps_allowance_exceeded=0  conntrack_allowance_exceeded=0  linklocal_allowance_exceeded=0
mbuf：pool 8191，初值 avail 8191（端口启动后 7168），关停后 avail 8191 → 泄漏 0 ✔
退出原因：到达 --duration-sec，停止发送并等在途请求收尾
