EAL: No free 1048576 kB hugepages reported on node 0
ENA_DRIVER: ena_get_metrics_entries(): 0x6 customer metrics are supported
ENA_DRIVER: ena_rx_queue_release(): Rx queue 0:0 released
ENA_DRIVER: ena_tx_queue_release(): Tx queue 0:0 released

==================== A · async-ping（自研 rt runtime） ====================
sessions 64  delay 500 µs  duration 60 s (实际 60.00 s)  payload 64 B  timeout 10000 µs  TSC 2.600 GHz
sent 5675636  received 5675636  timeouts 0  late 0  in-flight-at-end 0  unexpected 0  other 1  arp-replied 1  tx-full 0  no-mbuf 0
对账：sent − received − timeouts − in-flight = 0（应为 0）；丢包 = timeouts = 0（其中 0 个迟到收到）

metric (ns)                       count      min     mean      p50      p90      p99    p99.9   p99.99        max
in-process ①+②  [排名指标]          5675636       60      192      180      240      350      450      610       4820
seg① send  T1−T0                5675636       40       54       50       60       70      170      290       4310
seg② recv  T3−T2                5675636       20      139      120      190      290      390      521       4770
end-to-end T3−T0                5675636    51460   176407   168172   243396   251273   254424   278055     356340
seg③ wake→next T0               5675636       30      134       70      320      721     1129     2024      12480
sleep error                     5675636        0       37       10      110      320      907     2775      85890
  (诊断) seg① 距上次发送<100ns               0        0        0        0        0        0        0        0          0
  (诊断) seg① 100–250ns                14       60       62       60       70       70       70       70         70
  (诊断) seg① 250–500ns           1509784       40       55       50       60      160      200      310       3440
  (诊断) seg① 500ns–2µs           2970301       40       53       50       60       70      160      250       4310
  (诊断) seg① ≥2µs                1195537       40       54       50       60       70      160      260       3830

rx_burst 包数分布（非空 burst）：1:78.37%  2:17.81%  3:3.28%  4:0.55%  5:0.00%  6:0.00%  7:0.00%  8:0.00%  9:0.00%  10:0.00%  11:0.00%  12:0.00%  13:0.00%  14:0.00%  15:0.00%  18:0.00%  20:0.00%  22:0.00%  32:0.00%
port: ipackets 5675638  opackets 5675743  imissed 0  ierrors 0  oerrors 0  rx_nombuf 0
AWS allowance（本次运行增量）：bw_in_allowance_exceeded=0  bw_out_allowance_exceeded=0  pps_allowance_exceeded=0  conntrack_allowance_exceeded=0  linklocal_allowance_exceeded=0
mbuf：pool 8191，初值 avail 8191（端口启动后 7168），关停后 avail 8191 → 泄漏 0 ✔
退出原因：到达 --duration-sec，停止发送并等在途请求收尾
