EAL: No free 1048576 kB hugepages reported on node 0
ENA_DRIVER: ena_get_metrics_entries(): 0x6 customer metrics are supported
ENA_DRIVER: ena_rx_queue_release(): Rx queue 0:0 released
ENA_DRIVER: ena_tx_queue_release(): Tx queue 0:0 released

==================== A · async-ping（自研 rt runtime） ====================
sessions 64  delay 500 µs  duration 60 s (实际 60.00 s)  payload 64 B  timeout 10000 µs  TSC 2.600 GHz
sent 5435992  received 5435992  timeouts 0  late 0  in-flight-at-end 0  unexpected 0  foreign 0  tsc-mismatch 0  other 0  arp-replied 0  tx-full 0  no-mbuf 0
对账：sent − received − timeouts − in-flight = 0（应为 0）；丢包 = timeouts = 0（其中 0 个迟到收到）
收包对账：rx 5435992 − (received + late + unexpected + foreign + other + arp) = 0（应为 0）

metric (ns)                       count      min     mean      p50      p90      p99    p99.9   p99.99        max
in-process ①+②  [排名指标]          5435992       60      197      180      250      360      460      601      18350
seg① send  T1−T0                5435992       40       55       50       60       80      180      300      18230
seg② recv  T3−T2                5435992       20      142      130      190      300      401      521      15740
end-to-end T3−T0                5435992    52850   206228   243396   249698   252849   257575   293809     368420
seg③ wake→next T0               5435992       30      139       70      320      721     1141     1547       8200
sleep error                     5435992        0       38       10      110      300      870     2652     114450
deadline→next T0 (误差+③)         5435992       40      177       70      429      803     1338     3120     114600
  (诊断) seg① 距上次发送<100ns               0        0        0        0        0        0        0        0          0
  (诊断) seg① 100–250ns                14       60       66       70       70       70       70       70         70
  (诊断) seg① 250–500ns           1553481       40       56       50       60      160      200      310       4710
  (诊断) seg① 500ns–2µs           2886211       40       54       50       60       70      170      280      15820
  (诊断) seg① ≥2µs                 996286       40       55       50       60       70      170      290      18230
  (诊断) 维护: rte_timer_manage      599897       20       31       30       40       40       40      721       3450
  (诊断) 维护: 整个节拍                  599897       50      284       60      790     1381     1572     1889      17320

rx_burst 包数分布（非空 burst）：1:76.34%  2:19.31%  3:3.88%  4:0.46%  其余更大的 burst 共 107 次（最大一次 21 个包）
主循环被外部打断：空轮询 > 1 µs 共 13037 次（累计 38.2 ms，最长 193.6 µs）；取包前 > 10 µs 共 8 次（累计 0.1 ms，最长 37.0 µs）
port: ipackets 5435992  opackets 5436098  imissed 0  ierrors 0  oerrors 0  rx_nombuf 0
AWS allowance（本次运行增量）：bw_in_allowance_exceeded=0  bw_out_allowance_exceeded=0  pps_allowance_exceeded=0  conntrack_allowance_exceeded=0  linklocal_allowance_exceeded=0
mbuf：pool 8191，初值 avail 8191（端口启动后 7168），关停后 avail 8191 → 泄漏 0 ✔
退出原因：到达 --duration-sec，停止发送并等在途请求收尾
