EAL: No free 1048576 kB hugepages reported on node 0
ENA_DRIVER: ena_get_metrics_entries(): 0x6 customer metrics are supported
ENA_DRIVER: ena_rx_queue_release(): Rx queue 0:0 released
ENA_DRIVER: ena_tx_queue_release(): Tx queue 0:0 released

==================== A · async-ping（自研 rt runtime） ====================
sessions 64  delay 500 µs  duration 30 s (实际 30.00 s)  payload 64 B  timeout 10000 µs  TSC 2.600 GHz
sent 2675808  received 2675808  timeouts 0  late 0  in-flight-at-end 0  unexpected 0  foreign 0  tsc-mismatch 0  other 1  arp-replied 1  tx-full 0  no-mbuf 0
对账：sent − received − timeouts − in-flight = 0（应为 0）；丢包 = timeouts = 0（其中 0 个迟到收到）
收包对账：rx 2675810 − (received + late + unexpected + foreign + other + arp) = 0（应为 0）

metric (ns)                       count      min     mean      p50      p90      p99    p99.9   p99.99        max
in-process ①+②  [排名指标]          2675808       60      199      180      260      370      490      681      15650
seg① send  T1−T0                2675808       40       56       50       60      150      190      310       5870
seg② recv  T3−T2                2675808       20      144      130      200      310      429      580      15600
end-to-end T3−T0                2675808    53440   217366   244972   249698   254424   257575   278055     378400
seg③ wake→next T0               2675808       30      140       70      320      730     1160     2123       6850
sleep error                     2675808        0       41       10      110      370     1067     2763      12390
deadline→next T0 (误差+③)         2675808       40      180       70      429      901     1840     3360      12710
  (诊断) seg① 距上次发送<100ns               0        0        0        0        0        0        0        0          0
  (诊断) seg① 100–250ns                 5       60       64       60       70       70       70       70         70
  (诊断) seg① 250–500ns            751952       40       57       50       60      170      250      320       3920
  (诊断) seg① 500ns–2µs           1408266       40       55       50       60       70      180      290       3880
  (诊断) seg① ≥2µs                 515585       40       56       50       60       80      180      310       5870
  (诊断) 维护: rte_timer_manage      299959       20       25       20       30       30       40     1030       3360
  (诊断) 维护: 整个节拍                  299959       50      306       60     1018     1400     1547     1840       9990

rx_burst 包数分布（非空 burst）：1:77.42%  2:18.21%  3:3.70%  4:0.66%  其余更大的 burst 共 72 次（最大一次 20 个包）
主循环被外部打断：空轮询 > 1 µs 共 6522 次（累计 19.0 ms，最长 36.1 µs）；取包前 > 10 µs 共 7 次（累计 0.1 ms，最长 24.0 µs）
port: ipackets 2675810  opackets 2675915  imissed 0  ierrors 0  oerrors 0  rx_nombuf 0
AWS allowance（本次运行增量）：bw_in_allowance_exceeded=0  bw_out_allowance_exceeded=0  pps_allowance_exceeded=0  conntrack_allowance_exceeded=0  linklocal_allowance_exceeded=0
mbuf：pool 8191，初值 avail 8191（端口启动后 7168），关停后 avail 8191 → 泄漏 0 ✔
退出原因：到达 --duration-sec，停止发送并等在途请求收尾
