EAL: No free 1048576 kB hugepages reported on node 0
ENA_DRIVER: ena_get_metrics_entries(): 0x6 customer metrics are supported
[A async   60.0s] sent    5347086  recv    5347085  timeouts 0  late 0  89057 req/s
[A async  120.1s] sent   10494030  recv   10494029  timeouts 0  late 0  85726 req/s
[A async  180.1s] sent   15640590  recv   15640589  timeouts 0  late 0  85705 req/s
[A async  240.2s] sent   20787725  recv   20787710  timeouts 0  late 0  85729 req/s
[A async  300.2s] sent   25935309  recv   25935309  timeouts 0  late 0  85735 req/s
[A async  360.3s] sent   31505960  recv   31505933  timeouts 0  late 0  92777 req/s
[A async  420.3s] sent   37322643  recv   37322643  timeouts 0  late 0  96881 req/s
[A async  480.3s] sent   42712712  recv   42712698  timeouts 0  late 0  89758 req/s
[A async  540.4s] sent   48160635  recv   48160635  timeouts 0  late 0  90731 req/s
ENA_DRIVER: ena_rx_queue_release(): Rx queue 0:0 released
ENA_DRIVER: ena_tx_queue_release(): Tx queue 0:0 released

==================== A · async-ping（自研 rt runtime） ====================
sessions 64  delay 500 µs  duration 600 s (实际 600.01 s)  payload 64 B  timeout 10000 µs  TSC 2.600 GHz
sent 53934999  received 53934999  timeouts 0  late 0  in-flight-at-end 0  unexpected 1  other 8  arp-replied 10  tx-full 0  no-mbuf 0
对账：sent − received − timeouts − in-flight = 0（应为 0）；丢包 = timeouts = 0（其中 0 个迟到收到）

metric (ns)                       count      min     mean      p50      p90      p99    p99.9   p99.99        max
in-process ①+②  [排名指标]         53934999       60      194      180      250      350      450      580      29590
seg① send  T1−T0               53934999       40       54       50       60       70      170      280      15900
seg② recv  T3−T2               53934999       20      140      130      190      300      390      509      29530
end-to-end T3−T0               53934999    52060   211795   241821   249698   252849   256000   284356     392030
seg③ wake→next T0              53934999       20      138       70      330      721     1129     1547      11450
sleep error                    53934999        0       35       10      100      280      803     2652      80110
  (诊断) seg① 距上次发送<100ns               0        0        0        0        0        0        0        0          0
  (诊断) seg① 100–250ns               155       50       66       60       70       90      250      250        250
  (诊断) seg① 250–500ns          14776808       40       55       50       60      150      190      300       4580
  (诊断) seg① 500ns–2µs          28785052       40       53       50       60       70      160      220      15900
  (诊断) seg① ≥2µs               10372984       40       54       50       60       70      160      220      12650

rx_burst 包数分布（非空 burst）：1:77.41%  2:18.64%  3:3.51%  4:0.43%  5:0.00%  6:0.00%  7:0.00%  8:0.00%  9:0.00%  10:0.00%  11:0.00%  12:0.00%  13:0.00%  14:0.00%  15:0.00%  16:0.00%  17:0.00%  18:0.00%  25:0.00%
port: ipackets 53935018  opackets 53935115  imissed 0  ierrors 0  oerrors 0  rx_nombuf 0
AWS allowance（本次运行增量）：bw_in_allowance_exceeded=0  bw_out_allowance_exceeded=0  pps_allowance_exceeded=0  conntrack_allowance_exceeded=0  linklocal_allowance_exceeded=0
mbuf：pool 8191，初值 avail 8191（端口启动后 7168），关停后 avail 8191 → 泄漏 0 ✔
退出原因：到达 --duration-sec，停止发送并等在途请求收尾
