EAL: No free 1048576 kB hugepages reported on node 0
ENA_DRIVER: ena_get_metrics_entries(): 0x6 customer metrics are supported
ENA_DRIVER: ena_rx_queue_release(): Rx queue 0:0 released
ENA_DRIVER: ena_tx_queue_release(): Tx queue 0:0 released

==================== A · async-ping（自研 rt runtime） ====================
sessions 64  delay 800 µs  duration 60 s (实际 60.00 s)  payload 64 B  timeout 10000 µs  TSC 2.600 GHz
sent 3889465  received 3889465  timeouts 0  late 0  in-flight-at-end 0  unexpected 0  other 0  arp-replied 1  tx-full 0  no-mbuf 0
对账：sent − received − timeouts − in-flight = 0（应为 0）；丢包 = timeouts = 0（其中 0 个迟到收到）

metric (ns)                       count      min     mean      p50      p90      p99    p99.9   p99.99        max
in-process ①+②  [排名指标]          3889465       60      197      180      250      350      450      580      15770
seg① send  T1−T0                3889465       40       54       50       60       70      170      270       3940
seg② recv  T3−T2                3889465       20      143      130      190      300      390      509      15720
end-to-end T3−T0                3889465    55060   187134   190227   193378   196529   257575   271753     336750
seg③ wake→next T0               3889465       40      123       70      320      721     1110     1307     117290
sleep error                     3889465        0       30       10      100      230      761     2775     115960
  (诊断) seg① 距上次发送<100ns               0        0        0        0        0        0        0        0          0
  (诊断) seg① 100–250ns                 6       60       65       60       70       70       70       70         70
  (诊断) seg① 250–500ns            904170       40       54       50       60       80      190      290       3590
  (诊断) seg① 500ns–2µs           2049203       40       54       50       60       70      160      250       3940
  (诊断) seg① ≥2µs                 936086       40       54       50       60       70      170      260       3850

rx_burst 包数分布（非空 burst）：1:81.26%  2:16.08%  3:2.44%  4:0.22%  5:0.00%  6:0.00%  7:0.00%  8:0.00%  11:0.00%  12:0.00%
port: ipackets 3889466  opackets 3889572  imissed 0  ierrors 0  oerrors 0  rx_nombuf 0
AWS allowance（本次运行增量）：bw_in_allowance_exceeded=0  bw_out_allowance_exceeded=0  pps_allowance_exceeded=0  conntrack_allowance_exceeded=0  linklocal_allowance_exceeded=0
mbuf：pool 8191，初值 avail 8191（端口启动后 7168），关停后 avail 8191 → 泄漏 0 ✔
退出原因：到达 --duration-sec，停止发送并等在途请求收尾
