EAL: No free 1048576 kB hugepages reported on node 0
ENA_DRIVER: ena_get_metrics_entries(): 0x6 customer metrics are supported
ENA_DRIVER: ena_rx_queue_release(): Rx queue 0:0 released
ENA_DRIVER: ena_tx_queue_release(): Tx queue 0:0 released

==================== B · raw-ping（手写 busy-poll，无 runtime） ====================
sessions 64  delay 500 µs  duration 30 s (实际 30.00 s)  payload 64 B  timeout 10000 µs  TSC 2.600 GHz
sent 2811387  received 2811387  timeouts 0  late 0  in-flight-at-end 0  unexpected 0  foreign 0  tsc-mismatch 0  other 0  arp-replied 1  tx-full 0  no-mbuf 0
对账：sent − received − timeouts − in-flight = 0（应为 0）；丢包 = timeouts = 0（其中 0 个迟到收到）
收包对账：rx 2811388 − (received + late + unexpected + foreign + other + arp) = 0（应为 0）

metric (ns)                       count      min     mean      p50      p90      p99    p99.9   p99.99        max
in-process ①+②  [排名指标]          2811387       50      193      170      260      460      570      690      35660
seg① send  T1−T0                2811387       40       67       50       70      320      330      441       4460
seg② recv  T3−T2                2811387       10      126      120      170      270      360      469      35610
end-to-end T3−T0                2811387    53320   182804   170535   230793   233944   238670   296960     354570
seg③ wake→next T0               2811387       20      106       50      300      410      770     1123       6400
sleep error                     2811387        0       34       10      110      280      660     2615      13800
deadline→next T0 (误差+③)         2811387       30      140       60      410      629     1012     2960      13890
  (诊断) seg① 距上次发送<100ns          135236      230      310      310      320      340      441      540       4460
  (诊断) seg① 100–250ns              2370       60      209      210      220      260      330      629        630
  (诊断) seg① 250–500ns            596788       40       54       50       60       80      180      300       3600
  (诊断) seg① 500ns–2µs           1498798       40       54       50       60       80      180      300       3540
  (诊断) seg① ≥2µs                 578195       40       55       50       60       80      190      300       3470
  (诊断) 维护: rte_timer_manage      299956       20       31       30       40       40       40      740      15540
  (诊断) 维护: 整个节拍                  299956       50      302      200      790     1098     1258     1529      15730

rx_burst 包数分布（非空 burst）：1:78.17%  2:18.26%  3:3.22%  4:0.35%  其余更大的 burst 共 36 次（最大一次 22 个包）
主循环被外部打断：空轮询 > 1 µs 共 6522 次（累计 19.1 ms，最长 19.9 µs）；取包前 > 10 µs 共 6 次（累计 0.1 ms，最长 16.9 µs）
port: ipackets 2811388  opackets 2811494  imissed 0  ierrors 0  oerrors 0  rx_nombuf 0
AWS allowance（本次运行增量）：bw_in_allowance_exceeded=0  bw_out_allowance_exceeded=0  pps_allowance_exceeded=0  conntrack_allowance_exceeded=0  linklocal_allowance_exceeded=0
mbuf：pool 8191，初值 avail 8191（端口启动后 7168），关停后 avail 8191 → 泄漏 0 ✔
退出原因：到达 --duration-sec，停止发送并等在途请求收尾
