EAL: No free 1048576 kB hugepages reported on node 0
ENA_DRIVER: ena_get_metrics_entries(): 0x6 customer metrics are supported
ENA_DRIVER: ena_rx_queue_release(): Rx queue 0:0 released
ENA_DRIVER: ena_tx_queue_release(): Tx queue 0:0 released

==================== B · raw-ping（手写 busy-poll，无 runtime） ====================
sessions 64  delay 500 µs  duration 5 s (实际 5.00 s)  payload 64 B  timeout 10000 µs  TSC 2.600 GHz
sent 484544  received 484544  timeouts 0  late 0  in-flight-at-end 0  unexpected 0  foreign 0  tsc-mismatch 0  other 0  arp-replied 0  tx-full 0  no-mbuf 0
对账：sent − received − timeouts − in-flight = 0（应为 0）；丢包 = timeouts = 0（其中 0 个迟到收到）
收包对账：rx 484544 − (received + late + unexpected + foreign + other + arp) = 0（应为 0）

metric (ns)                       count      min     mean      p50      p90      p99    p99.9   p99.99        max
in-process ①+②  [排名指标]           484544       50      202      180      290      490      589      730       3500
seg① send  T1−T0                 484544       40       72       50       70      320      340      441       3290
seg② recv  T3−T2                 484544       10      131      120      180      280      390      490       3450
end-to-end T3−T0                 484544    57080   160267   160295   163446   168172   232369   282781     307030
seg③ wake→next T0                484544       30      116       50      300      420      780     1012       4170
sleep error                      484544        0       39       10      120      350      721     2812      38430
deadline→next T0 (误差+③)          484544       30      155       60      420      749     1030     3070      38580
  (诊断) seg① 距上次发送<100ns           30505      240      314      310      330      340      441      740       3290
  (诊断) seg① 100–250ns               413      140      210      210      220      260      390      390        390
  (诊断) seg① 250–500ns            117394       40       56       50       60       70      180      300       2710
  (诊断) seg① 500ns–2µs            242112       40       55       50       60       70      170      300       3240
  (诊断) seg① ≥2µs                  94120       40       55       50       60       70      180      290       2380
  (诊断) 维护: rte_timer_manage       49996       20       25       20       30       30       40      690       3110
  (诊断) 维护: 整个节拍                   49996       50      264       60      681      840      969     1541       3940

段① ≥ 125 ns 的样本占 6.840%（段①是两段式分布，它的 p99 落在哪一段只看这个占比在 1% 的哪一边）
rx_burst 包数分布（非空 burst）：1:74.85%  2:19.74%  3:4.62%  4:0.79%  其余更大的 burst 共 8 次（最大一次 6 个包）
主循环被外部打断：空轮询 > 1 µs 共 1089 次（累计 3.2 ms，最长 40.4 µs）；取包前 > 10 µs 共 2 次（累计 0.0 ms，最长 24.5 µs）
port: ipackets 484544  opackets 484650  imissed 0  ierrors 0  oerrors 0  rx_nombuf 0
AWS allowance（本次运行增量）：bw_in_allowance_exceeded=0  bw_out_allowance_exceeded=0  pps_allowance_exceeded=0  conntrack_allowance_exceeded=0  linklocal_allowance_exceeded=0
mbuf：pool 8191，初值 avail 8191（端口启动后 7168），关停后 avail 8191 → 泄漏 0 ✔
退出原因：到达 --duration-sec，停止发送并等在途请求收尾
构建：commit 8985f414c2df · rustc 1.98.1 (48a229cea 2026-09-01) · DPDK 25.11.3 · release
环境：AMD EPYC 9R45 · 内核 6.18.48-107.148.amzn2023.x86_64 · 网卡 0000:28:00.0 驱动 igb_uio（写合并映射：是）· clocksource tsc · rdtscp constant_tsc nonstop_tsc tsc_known_freq
时钟：读一次 rdtscp 平均 17.8 ns（每个被测段恰好含一次）；TSC 读数步长 26 周期 = 10.0 ns（时间戳分辨率，所有时间差都是它的整数倍）；周期→纳秒换算与 CLOCK_MONOTONIC_RAW 相差 -0.7 ppm
