EAL: No free 1048576 kB hugepages reported on node 0
ENA_DRIVER: ena_get_metrics_entries(): 0x6 customer metrics are supported
ENA_DRIVER: ena_rx_queue_release(): Rx queue 0:0 released
ENA_DRIVER: ena_tx_queue_release(): Tx queue 0:0 released

==================== B · raw-ping（手写 busy-poll，无 runtime） ====================
sessions 64  delay 500 µs  duration 30 s (实际 30.00 s)  payload 64 B  timeout 10000 µs  TSC 2.600 GHz
sent 2962250  received 2962250  timeouts 0  late 0  in-flight-at-end 0  unexpected 0  other 0  arp-replied 1  tx-full 0  no-mbuf 0
对账：sent − received − timeouts − in-flight = 0（应为 0）；丢包 = timeouts = 0（其中 0 个迟到收到）

metric (ns)                       count      min     mean      p50      p90      p99    p99.9   p99.99        max
in-process ①+②  [排名指标]          2962250       50      233      180      420      521      620      780      16150
seg① send  T1−T0                2962250       40      107       50      300      330      410      469       4430
seg② recv  T3−T2                2962250       10      126      120      170      270      360      481      15890
end-to-end T3−T0                2962250    52910   148051   159507   167384   227643   241821   249698     321070
seg③ wake→next T0               2962250       20       69       50       80      390      749     1110       4410
sleep error                     2962250        0       40       20      120      481      770     2713      31080
  (诊断) seg① 背靠背 <2µs            2331155       40      122       50      300      330      420      481       4430
  (诊断) seg① 间隔 ≥2µs              631095       40       54       50       60       70      160      260       4290

rx_burst 包数分布（非空 burst）：1:77.55%  2:18.24%  3:3.68%  4:0.53%  5:0.00%  6:0.00%  7:0.00%  8:0.00%  9:0.00%  10:0.00%  12:0.00%  13:0.00%  14:0.00%  15:0.00%  16:0.00%
port: ipackets 2962251  opackets 2962357  imissed 0  ierrors 0  oerrors 0  rx_nombuf 0
AWS allowance（本次运行增量）：bw_in_allowance_exceeded=0  bw_out_allowance_exceeded=0  pps_allowance_exceeded=0  conntrack_allowance_exceeded=0  linklocal_allowance_exceeded=0
mbuf：pool 8191，初值 avail 8191（端口启动后 7168），关停后 avail 8191 → 泄漏 0 ✔
退出原因：到达 --duration-sec，停止发送并等在途请求收尾
