[1;34m[12:12:51][0m packages：编译工具链、内核头文件、调试工具
[1;32m  ✔[0m gcc 11，clang 15.0.7，meson 0.63.3
[1;34m[12:12:52][0m rust：rustup + 固定版本工具链 1.98.1
info: syncing channel updates for 1.98.1-x86_64-unknown-linux-gnu
info: latest update on 2026-09-03 for version 1.98.1 (48a229cea 2026-09-01)
info: component clippy is up to date
info: component rustfmt is up to date

  1.98.1-x86_64-unknown-linux-gnu unchanged - rustc 1.98.1 (48a229cea 2026-09-01)

info: checking for self-update (current version: 1.29.1)
info: using existing install for 1.98.1-x86_64-unknown-linux-gnu
info: default toolchain set to 1.98.1-x86_64-unknown-linux-gnu

  1.98.1-x86_64-unknown-linux-gnu unchanged - rustc 1.98.1 (48a229cea 2026-09-01)

info: note that the toolchain '1.98.1-x86_64-unknown-linux-gnu' is currently in use (overridden by '/home/ec2-user/dpdk-async-ping/rust-toolchain.toml')
[1;32m  ✔[0m rustc 1.98.1 (48a229cea 2026-09-01)
[1;34m[12:12:52][0m nic：探测 DPDK 网卡参数
[1;32m  ✔[0m 已有 /home/ec2-user/dpdk-async-ping/config/nic.env 且网卡不在内核中（已绑定 DPDK），保留现有配置
[1;34m[12:12:52][0m dpdk：下载、编译、安装 DPDK 25.11.3 到 /usr/local
[1;32m  ✔[0m DPDK 25.11.3 已安装
[1;34m[12:12:52][0m igb_uio：编译 dpdk-kmods 的 igb_uio（支持 wc_activate=1 写合并）
[1;32m  ✔[0m igb_uio 已安装：/lib/modules/6.18.48-107.148.amzn2023.x86_64/extra/dpdk/igb_uio.ko（commit 9b182be）
[1;34m[12:12:52][0m hugepages：运行时预留 1024 × 2 MiB（重启后由启动参数接管）
[1;32m  ✔[0m HugePages_Total=1024，HugePages_Free=1024
[1;34m[12:12:52][0m cmdline：写入内核启动参数（需要重启生效）
[1;32m  ✔[0m 当前内核已带全部参数
[1;34m[12:12:52][0m irq：irqbalance 避开核 3，现有中断立即迁走
[1;32m  ✔[0m irqbalance 已排除核 3；59 个中断的亲和性设为 0-2
[1;34m[12:12:53][0m 完成：packages rust nic dpdk igb_uio hugepages cmdline irq
