[1;34m[14:53:46][0m 运行 B（raw-ping）--progress-sec 0 --json logs/diag/B-mfence.json --delay-us 500 --duration-sec 300 --diag-pre-t0 mfence --samples logs/tmp/B-mfence.samples  → /dev/null
EAL: No free 1048576 kB hugepages reported on node 0
ENA_DRIVER: ena_get_metrics_entries(): 0x6 customer metrics are supported
ENA_DRIVER: ena_rx_queue_release(): Rx queue 0:0 released
ENA_DRIVER: ena_tx_queue_release(): Tx queue 0:0 released

==================== B · raw-ping（手写 busy-poll，无 runtime） ====================
★ 诊断运行（mfence-before-t0）：这份结果不参与 A − B 排名
sessions 64  delay 500 µs  duration 300 s (实际 300.00 s)  payload 64 B  timeout 10000 µs  TSC 2.600 GHz
sent 28021451  received 28021451  timeouts 0  late 0  in-flight-at-end 0  unexpected 0  foreign 1  tsc-mismatch 0  other 6  arp-replied 5  tx-full 0  no-mbuf 0
对账：sent − received − timeouts − in-flight = 0（应为 0）；丢包 = timeouts = 0（其中 0 个迟到收到）
收包对账：rx 28021463 − (received + late + unexpected + foreign + other + arp) = 0（应为 0）

metric (ns)                       count      min     mean      p50      p90      p99    p99.9   p99.99        max
in-process ①+②  [排名指标]         28021451       50      173      160      220      320      401      509      15980
seg① send  T1−T0               28021451       40       53       50       60       70      170      280       8930
seg② recv  T3−T2               28021451       10      120      110      170      260      330      429      15930
end-to-end T3−T0               28021451    35390   185001   161870   230793   233944   243396   265452     426280
seg③ wake→next T0              28021451       40      149       70      320      709     1098     1480      15750
sleep error                    28021451        0       40       10      130      310      660     2147      16710
deadline→next T0 (误差+③)        28021451       40      189       80      450      840     1289     2763      16930
  (诊断) seg① 距上次发送<100ns               2       60       65       60       70       70       70       70         70
  (诊断) seg① 100–250ns                67       60       67       60       70      160      160      160        160
  (诊断) seg① 250–500ns           7562078       40       54       50       60      150      190      310       4530
  (诊断) seg① 500ns–2µs          14716536       40       53       50       60       70      160      240       8930
  (诊断) seg① ≥2µs                5742768       40       53       50       60       70      160      250       4580
  (诊断) 维护: rte_timer_manage     2999474       20       24       20       30       30       40      809       3600
  (诊断) 维护: 整个节拍                 2999474       40      261       60      660      938     1123     1741      16610

段① ≥ 125 ns 的样本占 0.525%（段①是两段式分布，它的 p99 落在哪一段只看这个占比在 1% 的哪一边）
rx_burst 包数分布（非空 burst）：1:77.51%  2:18.49%  3:3.54%  4:0.46%  其余更大的 burst 共 271 次（最大一次 23 个包）
主循环被外部打断：空轮询 > 1 µs 共 65178 次（累计 146.2 ms，最长 46.1 µs）；取包前 > 10 µs 共 30 次（累计 0.4 ms，最长 17.4 µs）
port: ipackets 28021463  opackets 89105915  imissed 0  ierrors 0  oerrors 0  rx_nombuf 0
AWS allowance（本次运行增量）：bw_in_allowance_exceeded=0  bw_out_allowance_exceeded=0  pps_allowance_exceeded=0  conntrack_allowance_exceeded=0  linklocal_allowance_exceeded=0
mbuf：pool 8191，初值 avail 8191（端口启动后 7168），关停后 avail 8191 → 泄漏 0 ✔
退出原因：到达 --duration-sec，停止发送并等在途请求收尾
构建：commit f5b43e521118 · rustc 1.98.1 (48a229cea 2026-09-01) · DPDK 25.11.3 · release
环境：AMD EPYC 9R45 · 内核 6.18.48-107.148.amzn2023.x86_64 · 网卡 0000:28:00.0 驱动 igb_uio（写合并映射：是）· clocksource tsc · rdtscp constant_tsc nonstop_tsc tsc_known_freq
时钟：读一次 rdtscp 平均 17.6 ns（每个被测段恰好含一次）；TSC 读数步长 26 周期 = 10.0 ns（时间戳分辨率，所有时间差都是它的整数倍）；周期→纳秒换算与 CLOCK_MONOTONIC_RAW 相差 -0.7 ppm
原始样本：28021451 个 → logs/tmp/B-mfence.samples（容量 38773036）
异常包明细（最多 16 条）：
  [tsc 29999128489646] foreign：来自 13.214.173.166 的 echo reply（不是对端），id=16509 seq=14618，已丢弃
[1;34m[14:58:47][0m 退出码 0；报告：（由调用者指定）
