[1;34m[15:04:58][0m 运行 B（raw-ping）--progress-sec 0 --json logs/diag/B-sfence.json --delay-us 500 --duration-sec 60 --diag-pre-t0 sfence  → /dev/null
EAL: No free 1048576 kB hugepages reported on node 0
ENA_DRIVER: ena_get_metrics_entries(): 0x6 customer metrics are supported
ENA_DRIVER: ena_rx_queue_release(): Rx queue 0:0 released
ENA_DRIVER: ena_tx_queue_release(): Tx queue 0:0 released

==================== B · raw-ping（手写 busy-poll，无 runtime） ====================
★ 诊断运行（sfence-before-t0）：这份结果不参与 A − B 排名
sessions 64  delay 500 µs  duration 60 s (实际 60.00 s)  payload 64 B  timeout 10000 µs  TSC 2.600 GHz
sent 5825994  received 5825994  timeouts 0  late 0  in-flight-at-end 0  unexpected 0  foreign 0  tsc-mismatch 0  other 0  arp-replied 1  tx-full 0  no-mbuf 0
对账：sent − received − timeouts − in-flight = 0（应为 0）；丢包 = timeouts = 0（其中 0 个迟到收到）
收包对账：rx 5825995 − (received + late + unexpected + foreign + other + arp) = 0（应为 0）

metric (ns)                       count      min     mean      p50      p90      p99    p99.9   p99.99        max
in-process ①+②  [排名指标]          5825994       50      183      160      240      441      549      650      16090
seg① send  T1−T0                5825994       40       64       50       60      310      330      420       2640
seg② recv  T3−T2                5825994       10      119      110      160      260      330      429      16030
end-to-end T3−T0                5825994    36890   158983   160295   163446   166596   230793   248123     308220
seg③ wake→next T0               5825994       30      103       50      300      401      740      780       4030
sleep error                     5825994        0       32       10      110      230      490     1498      14350
deadline→next T0 (误差+③)         5825994       30      135       60      410      521      840     1766      14440
  (诊断) seg① 距上次发送<100ns          258862      220      304      300      320      330      429      549       2640
  (诊断) seg① 100–250ns               157       60      183      200      220      270      300      300        300
  (诊断) seg① 250–500ns           1238023       40       53       50       60       70      160      240       2460
  (诊断) seg① 500ns–2µs           3168248       40       53       50       60       70      160      220       2490
  (诊断) seg① ≥2µs                1160704       40       54       50       60       70      160      230       2460
  (诊断) 维护: rte_timer_manage      599905       20       24       20       30       30       40      580       2570
  (诊断) 维护: 整个节拍                  599905       40      266       60      629      827      950     1606      14830

段① ≥ 125 ns 的样本占 4.646%（段①是两段式分布，它的 p99 落在哪一段只看这个占比在 1% 的哪一边）
rx_burst 包数分布（非空 burst）：1:78.31%  2:18.35%  3:3.14%  4:0.21%  其余更大的 burst 共 20 次（最大一次 17 个包）
主循环被外部打断：空轮询 > 1 µs 共 12965 次（累计 23.8 ms，最长 45.4 µs）；取包前 > 10 µs 共 8 次（累计 0.1 ms，最长 17.1 µs）
port: ipackets 5825995  opackets 66910454  imissed 0  ierrors 0  oerrors 0  rx_nombuf 0
AWS allowance（本次运行增量）：bw_in_allowance_exceeded=0  bw_out_allowance_exceeded=0  pps_allowance_exceeded=0  conntrack_allowance_exceeded=0  linklocal_allowance_exceeded=0
mbuf：pool 8191，初值 avail 8191（端口启动后 7168），关停后 avail 8191 → 泄漏 0 ✔
退出原因：到达 --duration-sec，停止发送并等在途请求收尾
构建：commit f5b43e521118 · rustc 1.98.1 (48a229cea 2026-09-01) · DPDK 25.11.3 · release
环境：AMD EPYC 9R45 · 内核 6.18.48-107.148.amzn2023.x86_64 · 网卡 0000:28:00.0 驱动 igb_uio（写合并映射：是）· clocksource tsc · rdtscp constant_tsc nonstop_tsc tsc_known_freq
时钟：读一次 rdtscp 平均 17.5 ns（每个被测段恰好含一次）；TSC 读数步长 26 周期 = 10.0 ns（时间戳分辨率，所有时间差都是它的整数倍）；周期→纳秒换算与 CLOCK_MONOTONIC_RAW 相差 -0.7 ppm
[1;34m[15:05:58][0m 退出码 0；报告：（由调用者指定）
