[1;34m[13:16:12][0m 运行 B（raw-ping）--progress-sec 0 --json logs/diag/B-stores-36.json --delay-us 500 --duration-sec 20 --diag-pre-t0 stores --diag-stores 36  → /dev/null
EAL: No free 1048576 kB hugepages reported on node 0
ENA_DRIVER: ena_get_metrics_entries(): 0x6 customer metrics are supported
ENA_DRIVER: ena_rx_queue_release(): Rx queue 0:0 released
ENA_DRIVER: ena_tx_queue_release(): Tx queue 0:0 released

==================== B · raw-ping（手写 busy-poll，无 runtime） ====================
★ 诊断运行（36-stores-before-t0）：这份结果不参与 A − B 排名
sessions 64  delay 500 µs  duration 20 s (实际 20.00 s)  payload 64 B  timeout 10000 µs  TSC 2.600 GHz
sent 2180321  received 2180321  timeouts 0  late 0  in-flight-at-end 0  unexpected 0  foreign 0  tsc-mismatch 0  other 0  arp-replied 0  tx-full 0  no-mbuf 0
对账：sent − received − timeouts − in-flight = 0（应为 0）；丢包 = timeouts = 0（其中 0 个迟到收到）
收包对账：rx 2180321 − (received + late + unexpected + foreign + tsc-mismatch + other + arp) = 0（应为 0）

metric (ns)                       count      min     mean      p50      p90      p99    p99.9   p99.99        max
in-process ①+②  [排名指标]          2180321       50      181      170      230      429      549      690      17210
seg① send  T1−T0                2180321       40       60       50       60      310      390      450       4690
seg② recv  T3−T2                2180321       10      122      110      160      260      330      441      17150
end-to-end T3−T0                2180321    27410    86958    53760   161083   165021   227643   235520     306210
seg③ wake→next T0               2180321       30       88       50      300      401      530      901       5010
sleep error                     2180321        0       27       10      110      240      549     2898      90770
deadline→next T0 (误差+③)         2180321       40      115       60      401      509      883     3144      90960
  (诊断) seg① 距上次发送<100ns           59376      220      311      310      320      429      540     3009       4690
  (诊断) seg① 100–250ns               136       60      214      200      290      370      620      620        620
  (诊断) seg① 250–500ns            331511       40       53       50       60       70      160      280       3730
  (诊断) seg① 500ns–2µs           1073838       40       53       50       60       70      160      250       4450
  (诊断) seg① ≥2µs                 715460       40       53       50       60       70      160      250       3980
  (诊断) 维护: rte_timer_manage      199969       20       25       20       30       30       40     1172       3690
  (诊断) 维护: 整个节拍                  199969       40      350      350      610      761      932     2701      16610

段① ≥ 125 ns 的样本占 2.992%（段①是两段式分布，它的 p99 落在哪一段只看这个占比在 1% 的哪一边）
rx_burst 包数分布（非空 burst）：1:86.07%  2:12.32%  3:1.50%  4:0.11%  其余更大的 burst 共 29 次（最大一次 10 个包）
主循环被外部打断：空轮询 > 1 µs 共 4067 次（累计 12.2 ms，最长 108.2 µs）；取包前 > 10 µs 共 6 次（累计 0.1 ms，最长 16.4 µs）
port: ipackets 2180321  opackets 1934899762  imissed 0  ierrors 0  oerrors 0  rx_nombuf 0
AWS allowance（本次运行增量）：bw_in_allowance_exceeded=0  bw_out_allowance_exceeded=0  pps_allowance_exceeded=0  conntrack_allowance_exceeded=0  linklocal_allowance_exceeded=0
mbuf：pool 8191，初值 avail 8191（端口启动后 7168），关停后 avail 8191 → 泄漏 0 ✔
退出原因：到达 --duration-sec，停止发送并等在途请求收尾
构建：commit e50c0f882898 · rustc 1.98.1 (48a229cea 2026-09-01) · DPDK 25.11.3 · release
环境：AMD EPYC 9R45 · 内核 6.18.48-107.148.amzn2023.x86_64 · 网卡 0000:28:00.0 驱动 igb_uio（写合并映射：是）· clocksource tsc · rdtscp constant_tsc nonstop_tsc tsc_known_freq
时钟：读一次 rdtscp 平均 17.7 ns（每个被测段恰好含一次）；TSC 读数步长 26 周期 = 10.0 ns（时间戳分辨率，所有时间差都是它的整数倍）；周期→纳秒换算与 CLOCK_MONOTONIC_RAW 相差 +0.1 ppm
[1;34m[13:16:32][0m 退出码 0；报告：（由调用者指定）
