[1;34m[09:08:05][0m 运行 B（raw-ping）--progress-sec 0 --json logs/diag/B-stores-40.json --delay-us 500 --duration-sec 20 --diag-pre-t0 stores --diag-stores 40  → /home/ec2-user/dpdk-async-ping/logs/B-20261001-090805.log
EAL: No free 1048576 kB hugepages reported on node 0
ENA_DRIVER: ena_get_metrics_entries(): 0x6 customer metrics are supported
ENA_DRIVER: ena_rx_queue_release(): Rx queue 0:0 released
ENA_DRIVER: ena_tx_queue_release(): Tx queue 0:0 released

==================== B · raw-ping（手写 busy-poll，无 runtime） ====================
★ 诊断运行（40-stores-before-t0）：这份结果不参与 A − B 排名
sessions 64  delay 500 µs  duration 20 s (实际 20.00 s)  payload 64 B  timeout 10000 µs  TSC 2.600 GHz
sent 1787393  received 1787393  timeouts 0  late 0  in-flight-at-end 0  unexpected 0  foreign 0  tsc-mismatch 0  other 0  arp-replied 0  tx-full 0  no-mbuf 0
对账：sent − received − timeouts − in-flight = 0（应为 0）；丢包 = timeouts = 0（其中 0 个迟到收到）
收包对账：rx 1787393 − (received + late + unexpected + foreign + other + arp) = 0（应为 0）

metric (ns)                       count      min     mean      p50      p90      p99    p99.9   p99.99        max
in-process ①+②  [排名指标]          1787393       50      224      200      310      549      681      969       5860
seg① send  T1−T0                1787393       40       71       50       70      360      469      570       4840
seg② recv  T3−T2                1787393       10      153      140      220      320      420      650       5800
end-to-end T3−T0                1787393    53560   215963   244972   249698   254424   257575   322166     372000
seg③ wake→next T0               1787393       30      125       60      340      469      901     8295      24490
sleep error                     1787393        0       48       10      120      401     1092    18855     108560
deadline→next T0 (误差+③)         1787393       40      173       70      460      790     1655    25304     108630
  (诊断) seg① 距上次发送<100ns           93203      170      343      330      370      490      589      730       4010
  (诊断) seg① 100–250ns              3775       60      221      210      230      360      481     3261       3270
  (诊断) seg① 250–500ns            411984       40       56       50       60       80      200      310       4290
  (诊断) seg① 500ns–2µs            932231       40       55       50       60       70      190      290       4840
  (诊断) seg① ≥2µs                 346200       40       56       50       60       80      180      280       4020
  (诊断) 维护: rte_timer_manage      199962       20       31       30       40       40       40      690       4170
  (诊断) 维护: 整个节拍                  199962       50      292       60      920     1400     1581     3360     111690

段① ≥ 125 ns 的样本占 5.848%（段①是两段式分布，它的 p99 落在哪一段只看这个占比在 1% 的哪一边）
rx_burst 包数分布（非空 burst）：1:76.45%  2:19.15%  3:3.84%  4:0.55%  其余更大的 burst 共 86 次（最大一次 32 个包）
主循环被外部打断：空轮询 > 1 µs 共 4337 次（累计 15.6 ms，最长 109.6 µs）；取包前 > 10 µs 共 7 次（累计 0.1 ms，最长 24.4 µs）
port: ipackets 1787393  opackets 1787499  imissed 0  ierrors 0  oerrors 0  rx_nombuf 0
AWS allowance（本次运行增量）：bw_in_allowance_exceeded=0  bw_out_allowance_exceeded=0  pps_allowance_exceeded=0  conntrack_allowance_exceeded=0  linklocal_allowance_exceeded=0
mbuf：pool 8191，初值 avail 8191（端口启动后 7168），关停后 avail 8191 → 泄漏 0 ✔
退出原因：到达 --duration-sec，停止发送并等在途请求收尾
构建：commit ea2e92b1d3ac · rustc 1.98.1 (48a229cea 2026-09-01) · DPDK 25.11.3 · release
环境：AMD EPYC 9R45 · 内核 6.18.48-107.148.amzn2023.x86_64 · 网卡 0000:28:00.0 驱动 igb_uio（写合并映射：是）· clocksource tsc · rdtscp constant_tsc nonstop_tsc tsc_known_freq
时钟：读一次 rdtscp 平均 17.7 ns（每个被测段恰好含一次）；TSC 读数步长 26 周期 = 10.0 ns（时间戳分辨率，所有时间差都是它的整数倍）；周期→纳秒换算与 CLOCK_MONOTONIC_RAW 相差 -0.7 ppm
[1;34m[09:08:25][0m 退出码 0；报告：（由调用者指定）
