[1;34m[13:17:32][0m 运行 B（raw-ping）--progress-sec 0 --json logs/diag/B-stores-64.json --delay-us 500 --duration-sec 20 --diag-pre-t0 stores --diag-stores 64  → /dev/null
EAL: No free 1048576 kB hugepages reported on node 0
ENA_DRIVER: ena_get_metrics_entries(): 0x6 customer metrics are supported
ENA_DRIVER: ena_rx_queue_release(): Rx queue 0:0 released
ENA_DRIVER: ena_tx_queue_release(): Tx queue 0:0 released

==================== B · raw-ping（手写 busy-poll，无 runtime） ====================
★ 诊断运行（64-stores-before-t0）：这份结果不参与 A − B 排名
sessions 64  delay 500 µs  duration 20 s (实际 20.00 s)  payload 64 B  timeout 10000 µs  TSC 2.600 GHz
sent 2311011  received 2311011  timeouts 0  late 0  in-flight-at-end 0  unexpected 0  foreign 0  tsc-mismatch 0  other 1  arp-replied 1  tx-full 0  no-mbuf 0
对账：sent − received − timeouts − in-flight = 0（应为 0）；丢包 = timeouts = 0（其中 0 个迟到收到）
收包对账：rx 2311013 − (received + late + unexpected + foreign + tsc-mismatch + other + arp) = 0（应为 0）

metric (ns)                       count      min     mean      p50      p90      p99    p99.9   p99.99        max
in-process ①+②  [排名指标]          2311011       50      173      160      210      310      380      490       5130
seg① send  T1−T0                2311011       40       53       50       60       70      160      260       4620
seg② recv  T3−T2                2311011       10      120      110      160      250      320      420       5070
end-to-end T3−T0                2311011    24240    53758    52972    55335   100627   233944   248123     303040
seg③ wake→next T0               2311011       30       88       50      300      441      690     1172       8790
sleep error                     2311011        0       26       10      110      240      549     2996      89660
deadline→next T0 (误差+③)         2311011       30      114       60      390      700     1092     3310      89760
  (诊断) seg① 距上次发送<100ns               0        0        0        0        0        0        0        0          0
  (诊断) seg① 100–250ns                 5       60       60       60       60       60       60       60         60
  (诊断) seg① 250–500ns            340693       40       53       50       60       70      180      280       3190
  (诊断) seg① 500ns–2µs           1052678       40       53       50       60       70      160      260       4620
  (诊断) seg① ≥2µs                 917635       40       53       50       60       70      160      260       4560
  (诊断) 维护: rte_timer_manage      199966       20       25       20       30       30       40     1209       4160
  (诊断) 维护: 整个节拍                  199966       50      396      370      580      761      950     2763      10100

段① ≥ 125 ns 的样本占 0.312%（段①是两段式分布，它的 p99 落在哪一段只看这个占比在 1% 的哪一边）
rx_burst 包数分布（非空 burst）：1:88.70%  2:10.21%  3:1.04%  4:0.04%  其余更大的 burst 共 19 次（最大一次 18 个包）
主循环被外部打断：空轮询 > 1 µs 共 3921 次（累计 11.5 ms，最长 142.5 µs）；取包前 > 10 µs 共 9 次（累计 0.2 ms，最长 27.3 µs）
port: ipackets 2311013  opackets 1935030453  imissed 0  ierrors 0  oerrors 0  rx_nombuf 0
AWS allowance（本次运行增量）：bw_in_allowance_exceeded=0  bw_out_allowance_exceeded=0  pps_allowance_exceeded=0  conntrack_allowance_exceeded=0  linklocal_allowance_exceeded=0
mbuf：pool 8191，初值 avail 8191（端口启动后 7168），关停后 avail 8191 → 泄漏 0 ✔
退出原因：到达 --duration-sec，停止发送并等在途请求收尾
构建：commit e50c0f882898 · rustc 1.98.1 (48a229cea 2026-09-01) · DPDK 25.11.3 · release
环境：AMD EPYC 9R45 · 内核 6.18.48-107.148.amzn2023.x86_64 · 网卡 0000:28:00.0 驱动 igb_uio（写合并映射：是）· clocksource tsc · rdtscp constant_tsc nonstop_tsc tsc_known_freq
时钟：读一次 rdtscp 平均 17.6 ns（每个被测段恰好含一次）；TSC 读数步长 26 周期 = 10.0 ns（时间戳分辨率，所有时间差都是它的整数倍）；周期→纳秒换算与 CLOCK_MONOTONIC_RAW 相差 +0.1 ppm
[1;34m[13:17:53][0m 退出码 0；报告：（由调用者指定）
