[1;34m[15:06:39][0m 运行 B（raw-ping）--progress-sec 0 --json logs/diag/B-stores-32.json --delay-us 500 --duration-sec 20 --diag-pre-t0 stores --diag-stores 32  → /dev/null
EAL: No free 1048576 kB hugepages reported on node 0
ENA_DRIVER: ena_get_metrics_entries(): 0x6 customer metrics are supported
ENA_DRIVER: ena_rx_queue_release(): Rx queue 0:0 released
ENA_DRIVER: ena_tx_queue_release(): Tx queue 0:0 released

==================== B · raw-ping（手写 busy-poll，无 runtime） ====================
★ 诊断运行（32-stores-before-t0）：这份结果不参与 A − B 排名
sessions 64  delay 500 µs  duration 20 s (实际 20.00 s)  payload 64 B  timeout 10000 µs  TSC 2.600 GHz
sent 1884473  received 1884473  timeouts 0  late 0  in-flight-at-end 0  unexpected 0  foreign 0  tsc-mismatch 0  other 1  arp-replied 0  tx-full 0  no-mbuf 0
对账：sent − received − timeouts − in-flight = 0（应为 0）；丢包 = timeouts = 0（其中 0 个迟到收到）
收包对账：rx 1884474 − (received + late + unexpected + foreign + other + arp) = 0（应为 0）

metric (ns)                       count      min     mean      p50      p90      p99    p99.9   p99.99        max
in-process ①+②  [排名指标]          1884473       50      184      170      240      441      561      681       2820
seg① send  T1−T0                1884473       40       64       50       60      310      401      490       2340
seg② recv  T3−T2                1884473       10      120      110      160      260      330      420       2760
end-to-end T3−T0                1884473    36390   179096   238670   243396   248123   252849   300110     338700
seg③ wake→next T0               1884473       30      105       60      300      420      780     1018       2610
sleep error                     1884473        0       34       10      120      260      681     1443       9970
deadline→next T0 (误差+③)         1884473       30      139       70      420      561      938     1741      10020
  (诊断) seg① 距上次发送<100ns           79561      210      308      300      320      420      521     1766       2220
  (诊断) seg① 100–250ns               474       60      260      260      270      390      469      469        470
  (诊断) seg① 250–500ns            367113       40       53       50       60       70      160      260       2340
  (诊断) seg① 500ns–2µs            986480       40       53       50       60       70      160      250       2340
  (诊断) seg① ≥2µs                 450845       40       54       50       60       80      160      250       2240
  (诊断) 维护: rte_timer_manage      199973       20       26       30       30       40       40      589       2200
  (诊断) 维护: 整个节拍                  199973       40      297      210      840     1227     1381     2135      14830

段① ≥ 125 ns 的样本占 4.492%（段①是两段式分布，它的 p99 落在哪一段只看这个占比在 1% 的哪一边）
rx_burst 包数分布（非空 burst）：1:80.34%  2:16.94%  3:2.45%  4:0.26%  其余更大的 burst 共 13 次（最大一次 12 个包）
主循环被外部打断：空轮询 > 1 µs 共 4366 次（累计 7.9 ms，最长 11.6 µs）；取包前 > 10 µs 共 3 次（累计 0.0 ms，最长 16.5 µs）
port: ipackets 1884474  opackets 62968932  imissed 0  ierrors 0  oerrors 0  rx_nombuf 0
AWS allowance（本次运行增量）：bw_in_allowance_exceeded=0  bw_out_allowance_exceeded=0  pps_allowance_exceeded=0  conntrack_allowance_exceeded=0  linklocal_allowance_exceeded=0
mbuf：pool 8191，初值 avail 8191（端口启动后 7168），关停后 avail 8191 → 泄漏 0 ✔
退出原因：到达 --duration-sec，停止发送并等在途请求收尾
构建：commit f5b43e521118 · rustc 1.98.1 (48a229cea 2026-09-01) · DPDK 25.11.3 · release
环境：AMD EPYC 9R45 · 内核 6.18.48-107.148.amzn2023.x86_64 · 网卡 0000:28:00.0 驱动 igb_uio（写合并映射：是）· clocksource tsc · rdtscp constant_tsc nonstop_tsc tsc_known_freq
时钟：读一次 rdtscp 平均 17.5 ns（每个被测段恰好含一次）；TSC 读数步长 26 周期 = 10.0 ns（时间戳分辨率，所有时间差都是它的整数倍）；周期→纳秒换算与 CLOCK_MONOTONIC_RAW 相差 -0.7 ppm
[1;34m[15:06:59][0m 退出码 0；报告：（由调用者指定）
