[1;34m[09:08:25][0m 运行 B（raw-ping）--progress-sec 0 --json logs/diag/B-stores-44.json --delay-us 500 --duration-sec 20 --diag-pre-t0 stores --diag-stores 44  → /home/ec2-user/dpdk-async-ping/logs/B-20261001-090825.log
EAL: No free 1048576 kB hugepages reported on node 0
ENA_DRIVER: ena_get_metrics_entries(): 0x6 customer metrics are supported
ENA_DRIVER: ena_rx_queue_release(): Rx queue 0:0 released
ENA_DRIVER: ena_tx_queue_release(): Tx queue 0:0 released

==================== B · raw-ping（手写 busy-poll，无 runtime） ====================
★ 诊断运行（44-stores-before-t0）：这份结果不参与 A − B 排名
sessions 64  delay 500 µs  duration 20 s (实际 20.00 s)  payload 64 B  timeout 10000 µs  TSC 2.600 GHz
sent 1931941  received 1931941  timeouts 0  late 0  in-flight-at-end 0  unexpected 0  foreign 0  tsc-mismatch 0  other 0  arp-replied 1  tx-full 0  no-mbuf 0
对账：sent − received − timeouts − in-flight = 0（应为 0）；丢包 = timeouts = 0（其中 0 个迟到收到）
收包对账：rx 1931942 − (received + late + unexpected + foreign + other + arp) = 0（应为 0）

metric (ns)                       count      min     mean      p50      p90      p99    p99.9   p99.99        max
in-process ①+②  [排名指标]          1931941       50      206      190      270      380      500      690     101220
seg① send  T1−T0                1931941       40       56       50       60      160      240      360       5130
seg② recv  T3−T2                1931941       10      150      140      220      310      420      570     101170
end-to-end T3−T0                1931941    52950   162353   120123   246547   249698   254424   315864     420990
seg③ wake→next T0               1931941       30      148       60      350      790     1498    14916      98240
sleep error                     1931941        0       60       10      120      469     1593    69120     118030
deadline→next T0 (误差+③)         1931941       30      208       70      469     1123     2504    78966     118150
  (诊断) seg① 距上次发送<100ns             586       70      359      350      370      540     3550     3550       3550
  (诊断) seg① 100–250ns              2554       60      222      220      230      340      370      870        870
  (诊断) seg① 250–500ns            555318       40       57       50       60      180      260      330       4520
  (诊断) seg① 500ns–2µs            943766       40       55       50       60       70      190      290       5130
  (诊断) seg① ≥2µs                 429717       40       55       50       60       80      190      290       5020
  (诊断) 维护: rte_timer_manage      199957       20       25       30       30       30       40      749       4120
  (诊断) 维护: 整个节拍                  199957       50      315      220      858     1258     1467     3384     109020

段① ≥ 125 ns 的样本占 1.301%（段①是两段式分布，它的 p99 落在哪一段只看这个占比在 1% 的哪一边）
rx_burst 包数分布（非空 burst）：1:76.79%  2:18.23%  3:3.99%  4:0.98%  其余更大的 burst 共 111 次（最大一次 32 个包）
主循环被外部打断：空轮询 > 1 µs 共 4236 次（累计 15.1 ms，最长 105.9 µs）；取包前 > 10 µs 共 14 次（累计 1.0 ms，最长 120.3 µs）
port: ipackets 1931942  opackets 1932048  imissed 0  ierrors 0  oerrors 0  rx_nombuf 0
AWS allowance（本次运行增量）：bw_in_allowance_exceeded=0  bw_out_allowance_exceeded=0  pps_allowance_exceeded=0  conntrack_allowance_exceeded=0  linklocal_allowance_exceeded=0
mbuf：pool 8191，初值 avail 8191（端口启动后 7168），关停后 avail 8191 → 泄漏 0 ✔
退出原因：到达 --duration-sec，停止发送并等在途请求收尾
构建：commit ea2e92b1d3ac · rustc 1.98.1 (48a229cea 2026-09-01) · DPDK 25.11.3 · release
环境：AMD EPYC 9R45 · 内核 6.18.48-107.148.amzn2023.x86_64 · 网卡 0000:28:00.0 驱动 igb_uio（写合并映射：是）· clocksource tsc · rdtscp constant_tsc nonstop_tsc tsc_known_freq
时钟：读一次 rdtscp 平均 18.1 ns（每个被测段恰好含一次）；TSC 读数步长 26 周期 = 10.0 ns（时间戳分辨率，所有时间差都是它的整数倍）；周期→纳秒换算与 CLOCK_MONOTONIC_RAW 相差 -0.7 ppm
[1;34m[09:08:46][0m 退出码 0；报告：（由调用者指定）
