EAL: No free 1048576 kB hugepages reported on node 0
ENA_DRIVER: ena_get_metrics_entries(): 0x6 customer metrics are supported
ENA_DRIVER: ena_rx_queue_release(): Rx queue 0:0 released
ENA_DRIVER: ena_tx_queue_release(): Tx queue 0:0 released

==================== B · raw-ping（手写 busy-poll，无 runtime） ====================
sessions 64  delay 500 µs  duration 5 s (实际 5.00 s)  payload 64 B  timeout 10000 µs  TSC 2.600 GHz
sent 527337  received 527337  timeouts 0  late 0  in-flight-at-end 0  unexpected 0  foreign 0  tsc-mismatch 0  other 1  arp-replied 0  tx-full 0  no-mbuf 0
对账：sent − received − timeouts − in-flight = 0（应为 0）；丢包 = timeouts = 0（其中 0 个迟到收到）
收包对账：rx 527338 − (received + late + unexpected + foreign + other + arp) = 0（应为 0）

metric (ns)                       count      min     mean      p50      p90      p99    p99.9   p99.99        max
in-process ①+②  [排名指标]           527337       60      194      170      250      460      580      730       4240
seg① send  T1−T0                 527337       40       64       50       70      320      330      441       4110
seg② recv  T3−T2                 527337       10      130      120      180      280      370      509       4180
end-to-end T3−T0                 527337    56730   106720   106732   109883   113821   158720   179200     303470
seg③ wake→next T0                527337       30       96       50      300      410      761      938       4490
sleep error                      527337        0       31       10      110      270      700     2812      26610
deadline→next T0 (误差+③)          527337       30      127       60      410      549     1012     3058      26650
  (诊断) seg① 距上次发送<100ns           20212      250      312      310      320      340      450      601       3400
  (诊断) seg① 100–250ns               299       60      207      210      220      270      310      310        310
  (诊断) seg① 250–500ns             97890       40       54       50       60       70      180      290       4110
  (诊断) seg① 500ns–2µs            264623       40       54       50       60       70      170      280       3390
  (诊断) seg① ≥2µs                 144313       40       54       50       60       70      170      270       3730
  (诊断) 维护: rte_timer_manage       49997       20       25       20       30       30       40     1098       3250
  (诊断) 维护: 整个节拍                   49997       50      365      300      709      963     1123     3335      11220

段① ≥ 125 ns 的样本占 4.345%（段①是两段式分布，它的 p99 落在哪一段只看这个占比在 1% 的哪一边）
rx_burst 包数分布（非空 burst）：1:81.97%  2:15.45%  3:2.31%  4:0.25%  其余更大的 burst 共 10 次（最大一次 11 个包）
主循环被外部打断：空轮询 > 1 µs 共 1036 次（累计 3.2 ms，最长 18.7 µs）；取包前 > 10 µs 共 3 次（累计 0.1 ms，最长 28.7 µs）
port: ipackets 527338  opackets 527443  imissed 0  ierrors 0  oerrors 0  rx_nombuf 0
AWS allowance（本次运行增量）：bw_in_allowance_exceeded=0  bw_out_allowance_exceeded=0  pps_allowance_exceeded=0  conntrack_allowance_exceeded=0  linklocal_allowance_exceeded=0
mbuf：pool 8191，初值 avail 8191（端口启动后 7168），关停后 avail 8191 → 泄漏 0 ✔
退出原因：到达 --duration-sec，停止发送并等在途请求收尾
构建：commit ea2e92b1d3ac · rustc 1.98.1 (48a229cea 2026-09-01) · DPDK 25.11.3 · release
环境：AMD EPYC 9R45 · 内核 6.18.48-107.148.amzn2023.x86_64 · 网卡 0000:28:00.0 驱动 igb_uio（写合并映射：是）· clocksource tsc · rdtscp constant_tsc nonstop_tsc tsc_known_freq
时钟：读一次 rdtscp 平均 17.7 ns（每个被测段恰好含一次）；TSC 读数步长 26 周期 = 10.0 ns（时间戳分辨率，所有时间差都是它的整数倍）；周期→纳秒换算与 CLOCK_MONOTONIC_RAW 相差 -0.7 ppm
