EAL: No free 1048576 kB hugepages reported on node 0
ENA_DRIVER: ena_get_metrics_entries(): 0x6 customer metrics are supported
ENA_DRIVER: ena_rx_queue_release(): Rx queue 0:0 released
ENA_DRIVER: ena_tx_queue_release(): Tx queue 0:0 released

==================== B · raw-ping（手写 busy-poll，无 runtime） ====================
sessions 64  delay 500 µs  duration 5 s (实际 5.00 s)  payload 64 B  timeout 10000 µs  TSC 2.600 GHz
sent 445440  received 444106  timeouts 1334  late 0  in-flight-at-end 0  unexpected 0  foreign 1  tsc-mismatch 0  other 0  arp-replied 0  tx-full 0  no-mbuf 5580
对账：sent − received − timeouts − in-flight = 0（应为 0）；丢包 = timeouts = 1334（其中 0 个迟到收到）
收包对账：rx 444107 − (received + late + unexpected + foreign + other + arp) = 0（应为 0）

metric (ns)                       count      min     mean      p50      p90      p99    p99.9   p99.99        max
in-process ①+②  [排名指标]           444106       50      205      180      340      500      669      938       4450
seg① send  T1−T0                 444106       40       77       50      190      320      330      441       4360
seg② recv  T3−T2                 444106       10      129      120      180      310      500      700       3500
end-to-end T3−T0                 444106    51380   188705   240246   246547   249698   254424   320590     384150
seg③ wake→next T0                445440       20      101       50      300      420     3680     8640      11700
sleep error                      445440        0       54       10      130      469      987     3095       8980
deadline→next T0 (误差+③)          445440       20      155       70      420      827     3975     8738      11710
  (诊断) seg① 距上次发送<100ns           33740      220      309      310      320      340      441      500       2950
  (诊断) seg① 100–250ns             10556       60      208      210      220      230      320      469        480
  (诊断) seg① 250–500ns             81495       40       54       50       60       70      190      280       2580
  (诊断) seg① 500ns–2µs            224628       40       53       50       60       70      170      250       3120
  (诊断) seg① ≥2µs                  93687       40       54       50       60       70      170      300       4360
  (诊断) 维护: rte_timer_manage       49992       20       29       30       30       40       40      690       3320
  (诊断) 维护: 整个节拍                   49992       50      294      200      889     1320     1449     2221       4120

段① ≥ 125 ns 的样本占 10.321%（段①是两段式分布，它的 p99 落在哪一段只看这个占比在 1% 的哪一边）
rx_burst 包数分布（非空 burst）：1:77.08%  2:18.47%  3:3.84%  4:0.61%  其余更大的 burst 共 11 次（最大一次 30 个包）
主循环被外部打断：空轮询 > 1 µs 共 1104 次（累计 3.4 ms，最长 25.9 µs）；取包前 > 10 µs 共 0 次（累计 0.0 ms，最长 0.0 µs）
port: ipackets 444107  opackets 445546  imissed 1334  ierrors 0  oerrors 0  rx_nombuf 23478482
AWS allowance（本次运行增量）：bw_in_allowance_exceeded=0  bw_out_allowance_exceeded=0  pps_allowance_exceeded=0  conntrack_allowance_exceeded=0  linklocal_allowance_exceeded=0
mbuf：pool 1040，初值 avail 1040（端口启动后 17），关停后 avail 1040 → 泄漏 0 ✔
退出原因：到达 --duration-sec，停止发送并等在途请求收尾
构建：commit ea2e92b1d3ac · rustc 1.98.1 (48a229cea 2026-09-01) · DPDK 25.11.3 · release
环境：AMD EPYC 9R45 · 内核 6.18.48-107.148.amzn2023.x86_64 · 网卡 0000:28:00.0 驱动 igb_uio（写合并映射：是）· clocksource tsc · rdtscp constant_tsc nonstop_tsc tsc_known_freq
时钟：读一次 rdtscp 平均 17.7 ns（每个被测段恰好含一次）；TSC 读数步长 26 周期 = 10.0 ns（时间戳分辨率，所有时间差都是它的整数倍）；周期→纳秒换算与 CLOCK_MONOTONIC_RAW 相差 -0.8 ppm
异常包明细（最多 16 条）：
  [tsc 212103866013624] foreign：来自 13.214.173.166 的 echo reply（不是对端），id=16509 seq=14618，已丢弃
