EAL: No free 1048576 kB hugepages reported on node 0
ENA_DRIVER: ena_get_metrics_entries(): 0x6 customer metrics are supported
ENA_DRIVER: ena_rx_queue_release(): Rx queue 0:0 released
ENA_DRIVER: ena_tx_queue_release(): Tx queue 0:0 released

==================== B · raw-ping（手写 busy-poll，无 runtime） ====================
sessions 64  delay 2000 µs  duration 5 s (实际 5.00 s)  payload 1472 B  timeout 10000 µs  TSC 2.600 GHz
sent 153425  received 153425  timeouts 0  late 0  in-flight-at-end 0  unexpected 0  foreign 0  tsc-mismatch 0  other 0  arp-replied 0  tx-full 0  no-mbuf 0
对账：sent − received − timeouts − in-flight = 0（应为 0）；丢包 = timeouts = 0（其中 0 个迟到收到）
收包对账：rx 153425 − (received + late + unexpected + foreign + other + arp) = 0（应为 0）

metric (ns)                       count      min     mean      p50      p90      p99    p99.9   p99.99        max
in-process ①+②  [排名指标]           153425       80      344      330      420      509      620     3046      11240
seg① send  T1−T0                 153425       60      227      210      290      360      450      950      11130
seg② recv  T3−T2                 153425       10      117      110      150      250      300      401       3790
end-to-end T3−T0                 153425    57090    85702    93538    97870   100627   129575   184713     310160
seg③ wake→next T0                153425       30       61       50       60      310      570      938       3190
sleep error                      153425        0       21       10       20      300      650     3212      11210
deadline→next T0 (误差+③)          153425       40       82       60       70      601      950     3261      11290
  (诊断) seg① 距上次发送<100ns             740      280      369      330      450      561      629      629        630
  (诊断) seg① 100–250ns               523      210      378      370      450      509      549      549        550
  (诊断) seg① 250–500ns              7116       60      231      210      310      360      469      520        520
  (诊断) seg① 500ns–2µs             47576       60      225      210      290      350      380      490       3400
  (诊断) seg① ≥2µs                  97470       60      225      210      290      350      380     2701      11130
  (诊断) 维护: rte_timer_manage       50016       20       25       20       30       30       30      170       2560
  (诊断) 维护: 整个节拍                   50016       50      224      230      350      469      580     2480      29070

段① ≥ 125 ns 的样本占 99.789%（段①是两段式分布，它的 p99 落在哪一段只看这个占比在 1% 的哪一边）
rx_burst 包数分布（非空 burst）：1:96.80%  2:3.09%  3:0.11%  其余更大的 burst 共 2 次（最大一次 4 个包）
主循环被外部打断：空轮询 > 1 µs 共 1142 次（累计 3.5 ms，最长 19.8 µs）；取包前 > 10 µs 共 0 次（累计 0.0 ms，最长 0.0 µs）
port: ipackets 153425  opackets 153531  imissed 0  ierrors 0  oerrors 0  rx_nombuf 0
AWS allowance（本次运行增量）：bw_in_allowance_exceeded=0  bw_out_allowance_exceeded=0  pps_allowance_exceeded=0  conntrack_allowance_exceeded=0  linklocal_allowance_exceeded=0
mbuf：pool 8191，初值 avail 8191（端口启动后 7168），关停后 avail 8191 → 泄漏 0 ✔
退出原因：到达 --duration-sec，停止发送并等在途请求收尾
构建：commit ea2e92b1d3ac · rustc 1.98.1 (48a229cea 2026-09-01) · DPDK 25.11.3 · release
环境：AMD EPYC 9R45 · 内核 6.18.48-107.148.amzn2023.x86_64 · 网卡 0000:28:00.0 驱动 igb_uio（写合并映射：是）· clocksource tsc · rdtscp constant_tsc nonstop_tsc tsc_known_freq
时钟：读一次 rdtscp 平均 17.8 ns（每个被测段恰好含一次）；TSC 读数步长 26 周期 = 10.0 ns（时间戳分辨率，所有时间差都是它的整数倍）；周期→纳秒换算与 CLOCK_MONOTONIC_RAW 相差 -0.7 ppm
