EAL: No free 1048576 kB hugepages reported on node 0
ENA_DRIVER: ena_get_metrics_entries(): 0x6 customer metrics are supported
ENA_DRIVER: ena_rx_queue_release(): Rx queue 0:0 released
ENA_DRIVER: ena_tx_queue_release(): Tx queue 0:0 released

==================== A · async-ping（自研 rt runtime） ====================
sessions 64  delay 500 µs  duration 6 s (实际 6.00 s)  payload 64 B  timeout 10000 µs  TSC 2.600 GHz
sent 630695  received 630695  timeouts 0  late 0  in-flight-at-end 0  unexpected 0  foreign 0  tsc-mismatch 0  other 0  arp-replied 0  tx-full 0  no-mbuf 0
对账：sent − received − timeouts − in-flight = 0（应为 0）；丢包 = timeouts = 0（其中 0 个迟到收到）
收包对账：rx 630695 − (received + late + unexpected + foreign + other + arp) = 0（应为 0）

metric (ns)                       count      min     mean      p50      p90      p99    p99.9   p99.99        max
in-process ①+②  [排名指标]           630695       60      202      190      250      360      469      641       4240
seg① send  T1−T0                 630695       40       54       50       60       70      180      280       4110
seg② recv  T3−T2                 630695       20      147      140      200      300      401      540       3860
end-to-end T3−T0                 630695    56450   108714   106732   109883   227643   246547   252849     312110
seg③ wake→next T0                630695       40      119       70      320      721     1129     1572       4460
sleep error                      630695        0       32       10      110      290      790     2713       4460
deadline→next T0 (误差+③)          630695       50      152       70      429      780     1387     3187       4770
  (诊断) seg① 距上次发送<100ns               0        0        0        0        0        0        0        0          0
  (诊断) seg① 100–250ns                 1       60       60       60       60       60       60       60         60
  (诊断) seg① 250–500ns            141253       40       55       50       60      150      190      300       3640
  (诊断) seg① 500ns–2µs            323099       40       54       50       60       70      170      270       4110
  (诊断) seg① ≥2µs                 166342       40       55       50       60       70      170      300       3750
  (诊断) 维护: rte_timer_manage       60001       20       30       30       40       40       40      803       2970
  (诊断) 维护: 整个节拍                   60001       50      378      290      761     1012     1209     3163       4200

段① ≥ 125 ns 的样本占 0.512%（段①是两段式分布，它的 p99 落在哪一段只看这个占比在 1% 的哪一边）
rx_burst 包数分布（非空 burst）：1:81.89%  2:15.65%  3:2.23%  4:0.22%  其余更大的 burst 共 7 次（最大一次 13 个包）
主循环被外部打断：空轮询 > 1 µs 共 1239 次（累计 3.8 ms，最长 21.4 µs）；取包前 > 10 µs 共 1 次（累计 0.0 ms，最长 12.2 µs）
port: ipackets 630695  opackets 630801  imissed 0  ierrors 0  oerrors 0  rx_nombuf 0
AWS allowance（本次运行增量）：bw_in_allowance_exceeded=0  bw_out_allowance_exceeded=0  pps_allowance_exceeded=0  conntrack_allowance_exceeded=0  linklocal_allowance_exceeded=0
mbuf：pool 8191，初值 avail 8191（端口启动后 7168），关停后 avail 8191 → 泄漏 0 ✔
退出原因：到达 --duration-sec，停止发送并等在途请求收尾
构建：commit ea2e92b1d3ac · rustc 1.98.1 (48a229cea 2026-09-01) · DPDK 25.11.3 · release
环境：AMD EPYC 9R45 · 内核 6.18.48-107.148.amzn2023.x86_64 · 网卡 0000:28:00.0 驱动 igb_uio（写合并映射：是）· clocksource tsc · rdtscp constant_tsc nonstop_tsc tsc_known_freq
时钟：读一次 rdtscp 平均 17.8 ns（每个被测段恰好含一次）；TSC 读数步长 26 周期 = 10.0 ns（时间戳分辨率，所有时间差都是它的整数倍）；周期→纳秒换算与 CLOCK_MONOTONIC_RAW 相差 -0.8 ppm
