EAL: No free 1048576 kB hugepages reported on node 0
ENA_DRIVER: ena_get_metrics_entries(): 0x6 customer metrics are supported
ENA_DRIVER: ena_rx_queue_release(): Rx queue 0:0 released
ENA_DRIVER: ena_tx_queue_release(): Tx queue 0:0 released

==================== A · async-ping（自研 rt runtime） ====================
sessions 256  delay 2000 µs  duration 5 s (实际 5.00 s)  payload 64 B  timeout 10000 µs  TSC 2.600 GHz
sent 603112  received 603112  timeouts 0  late 0  in-flight-at-end 0  unexpected 0  foreign 0  tsc-mismatch 0  other 0  arp-replied 0  tx-full 0  no-mbuf 0
对账：sent − received − timeouts − in-flight = 0（应为 0）；丢包 = timeouts = 0（其中 0 个迟到收到）
收包对账：rx 603112 − (received + late + unexpected + foreign + other + arp) = 0（应为 0）

metric (ns)                       count      min     mean      p50      p90      p99    p99.9   p99.99        max
in-process ①+②  [排名指标]           603112       60      202      190      270      380      500      700       5450
seg① send  T1−T0                 603112       40       59       50       70      170      270      330       5300
seg② recv  T3−T2                 603112       20      143      130      200      300      410      580       5160
end-to-end T3−T0                 603112    52530   122178   125636   165809   235520   240246   320590     338320
seg③ wake→next T0                603112       50      133       70      320      740     1190     2086       7230
sleep error                      603112        0       41       10      110      450     1080     3163      12420
deadline→next T0 (误差+③)          603112       50      174       80      441      932     1741     3753      12490
  (诊断) seg① 距上次发送<100ns               0        0        0        0        0        0        0        0          0
  (诊断) seg① 100–250ns                 3       60       97       80      150      150      150      150        150
  (诊断) seg① 250–500ns            132610       40       61       50       70      180      290      330       4800
  (诊断) seg① 500ns–2µs            266166       40       59       50       70      170      270      330       4140
  (诊断) seg① ≥2µs                 204333       40       59       50       70      170      260      320       5300
  (诊断) 维护: rte_timer_manage       50018       20       25       20       30       30       40      730       3490
  (诊断) 维护: 整个节拍                   50018       50      412      330      809     1209     1449     3310       3970

段① ≥ 125 ns 的样本占 3.907%（段①是两段式分布，它的 p99 落在哪一段只看这个占比在 1% 的哪一边）
rx_burst 包数分布（非空 burst）：1:83.71%  2:13.01%  3:2.72%  4:0.56%  其余更大的 burst 共 21 次（最大一次 21 个包）
主循环被外部打断：空轮询 > 1 µs 共 987 次（累计 3.1 ms，最长 21.0 µs）；取包前 > 10 µs 共 2 次（累计 0.0 ms，最长 15.2 µs）
port: ipackets 603112  opackets 603218  imissed 0  ierrors 0  oerrors 0  rx_nombuf 0
AWS allowance（本次运行增量）：bw_in_allowance_exceeded=0  bw_out_allowance_exceeded=0  pps_allowance_exceeded=0  conntrack_allowance_exceeded=0  linklocal_allowance_exceeded=0
mbuf：pool 8191，初值 avail 8191（端口启动后 7168），关停后 avail 8191 → 泄漏 0 ✔
退出原因：到达 --duration-sec，停止发送并等在途请求收尾
构建：commit ea2e92b1d3ac · rustc 1.98.1 (48a229cea 2026-09-01) · DPDK 25.11.3 · release
环境：AMD EPYC 9R45 · 内核 6.18.48-107.148.amzn2023.x86_64 · 网卡 0000:28:00.0 驱动 igb_uio（写合并映射：是）· clocksource tsc · rdtscp constant_tsc nonstop_tsc tsc_known_freq
时钟：读一次 rdtscp 平均 17.8 ns（每个被测段恰好含一次）；TSC 读数步长 26 周期 = 10.0 ns（时间戳分辨率，所有时间差都是它的整数倍）；周期→纳秒换算与 CLOCK_MONOTONIC_RAW 相差 -0.8 ppm
