EAL: No free 1048576 kB hugepages reported on node 0
ENA_DRIVER: ena_get_metrics_entries(): 0x6 customer metrics are supported
ENA_DRIVER: ena_rx_queue_release(): Rx queue 0:0 released
ENA_DRIVER: ena_tx_queue_release(): Tx queue 0:0 released

==================== A · async-ping（自研 rt runtime） ====================
sessions 64  delay 500 µs  duration 5 s (实际 5.00 s)  payload 64 B  timeout 1 µs  TSC 2.600 GHz
sent 537630  received 26252  timeouts 511378  late 511378  in-flight-at-end 0  unexpected 0  foreign 0  tsc-mismatch 0  other 0  arp-replied 0  tx-full 0  no-mbuf 0
对账：sent − received − timeouts − in-flight = 0（应为 0）；丢包 = timeouts = 511378（其中 511378 个迟到收到）
收包对账：rx 537630 − (received + late + unexpected + foreign + other + arp) = 0（应为 0）

metric (ns)                       count      min     mean      p50      p90      p99    p99.9   p99.99        max
in-process ①+②  [排名指标]            26252       70      208      200      260      360      450      610       4090
seg① send  T1−T0                  26252       40       55       50       60       80      180      330       3970
seg② recv  T3−T2                  26252       20      153      140      200      300      380      500       3020
end-to-end T3−T0                  26252    54650    84827    86055    95901    99052   101218   107520     108550
seg③ wake→next T0                537630       40     3896     2775     9673    13243    16098    17772      20290
sleep error                      537630        0     1873      761     5747    13538    16196    17772      18970
deadline→next T0 (误差+③)          537630       40     5769     4541    13144    18067    20627    21809      23050
  (诊断) seg① 距上次发送<100ns               0        0        0        0        0        0        0        0          0
  (诊断) seg① 100–250ns                 0        0        0        0        0        0        0        0          0
  (诊断) seg① 250–500ns             18165       40       54       50       60       70      180      330       3970
  (诊断) seg① 500ns–2µs              1302       40       54       50       60       80      160      300        300
  (诊断) seg① ≥2µs                   6785       40       57       50       70       80      190      280        280
  (诊断) 维护: rte_timer_manage       50003       20       25       20       30       30       40      160       3040
  (诊断) 维护: 整个节拍                   50003       50      337      250      840     1178     1350     2356       4330

段① ≥ 125 ns 的样本占 0.655%（段①是两段式分布，它的 p99 落在哪一段只看这个占比在 1% 的哪一边）
rx_burst 包数分布（非空 burst）：1:73.65%  2:18.70%  3:5.23%  4:2.21%  5:0.09%  6:0.06%  7:0.03%  8:0.02%  其余更大的 burst 共 33 次（最大一次 15 个包）
主循环被外部打断：空轮询 > 1 µs 共 1040 次（累计 3.3 ms，最长 39.0 µs）；取包前 > 10 µs 共 1 次（累计 0.0 ms，最长 20.7 µs）
port: ipackets 537630  opackets 537736  imissed 0  ierrors 0  oerrors 0  rx_nombuf 0
AWS allowance（本次运行增量）：bw_in_allowance_exceeded=0  bw_out_allowance_exceeded=0  pps_allowance_exceeded=0  conntrack_allowance_exceeded=0  linklocal_allowance_exceeded=0
mbuf：pool 8191，初值 avail 8191（端口启动后 7168），关停后 avail 8191 → 泄漏 0 ✔
退出原因：到达 --duration-sec，停止发送并等在途请求收尾
构建：commit ea2e92b1d3ac · rustc 1.98.1 (48a229cea 2026-09-01) · DPDK 25.11.3 · release
环境：AMD EPYC 9R45 · 内核 6.18.48-107.148.amzn2023.x86_64 · 网卡 0000:28:00.0 驱动 igb_uio（写合并映射：是）· clocksource tsc · rdtscp constant_tsc nonstop_tsc tsc_known_freq
时钟：读一次 rdtscp 平均 17.6 ns（每个被测段恰好含一次）；TSC 读数步长 26 周期 = 10.0 ns（时间戳分辨率，所有时间差都是它的整数倍）；周期→纳秒换算与 CLOCK_MONOTONIC_RAW 相差 -0.8 ppm
