EAL: No free 1048576 kB hugepages reported on node 0
ENA_DRIVER: ena_get_metrics_entries(): 0x6 customer metrics are supported
ENA_DRIVER: ena_rx_queue_release(): Rx queue 0:0 released
ENA_DRIVER: ena_tx_queue_release(): Tx queue 0:0 released

==================== B · raw-ping（手写 busy-poll，无 runtime） ====================
sessions 64  delay 500 µs  duration 5 s (实际 5.00 s)  payload 64 B  timeout 1 µs  TSC 2.600 GHz
sent 618145  received 7166  timeouts 610979  late 610979  in-flight-at-end 0  unexpected 0  foreign 0  tsc-mismatch 0  other 0  arp-replied 0  tx-full 0  no-mbuf 0
对账：sent − received − timeouts − in-flight = 0（应为 0）；丢包 = timeouts = 610979（其中 610979 个迟到收到）
收包对账：rx 618145 − (received + late + unexpected + foreign + other + arp) = 0（应为 0）

metric (ns)                       count      min     mean      p50      p90      p99    p99.9   p99.99        max
in-process ①+②  [排名指标]             7166       70      425      441      509      610      730     2467       2470
seg① send  T1−T0                   7166       50      293      320      330      441      460     2320       2320
seg② recv  T3−T2                   7166       20      132      120      190      290      410      640        640
end-to-end T3−T0                   7166    54520    90983    92356   101218   106732   109095   110440     110440
seg③ wake→next T0                618145       20     3032     2381     6523    13243    18560    20529      22340
sleep error                      618145        0       16       10       20      250     1209     3286       7230
deadline→next T0 (误差+③)          618145       20     3048     2393     6523    13243    18560    20529      22340
  (诊断) seg① 距上次发送<100ns            6367      260      322      320      330      441      460      469        470
  (诊断) seg① 100–250ns                 7      200      240      210      330      330      330      330        330
  (诊断) seg① 250–500ns                36       50       78       50      160      160      160      160        160
  (诊断) seg① 500ns–2µs                 5       50       60       60       70       70       70       70         70
  (诊断) seg① ≥2µs                    751       50       61       50       70      170     2320     2320       2320
  (诊断) 维护: rte_timer_manage       49250       20       25       20       30       30       40     1430       3390
  (诊断) 维护: 整个节拍                   49250       50      424      420      669      969     1190     3630       4490

段① ≥ 125 ns 的样本占 89.352%（段①是两段式分布，它的 p99 落在哪一段只看这个占比在 1% 的哪一边）
rx_burst 包数分布（非空 burst）：1:74.32%  2:17.09%  3:5.40%  4:2.78%  5:0.19%  6:0.11%  7:0.05%  8:0.03%  其余更大的 burst 共 91 次（最大一次 17 个包）
主循环被外部打断：空轮询 > 1 µs 共 1017 次（累计 3.1 ms，最长 21.0 µs）；取包前 > 10 µs 共 3 次（累计 0.0 ms，最长 15.2 µs）
port: ipackets 618145  opackets 618251  imissed 0  ierrors 0  oerrors 0  rx_nombuf 0
AWS allowance（本次运行增量）：bw_in_allowance_exceeded=0  bw_out_allowance_exceeded=0  pps_allowance_exceeded=0  conntrack_allowance_exceeded=0  linklocal_allowance_exceeded=0
mbuf：pool 8191，初值 avail 8191（端口启动后 7168），关停后 avail 8191 → 泄漏 0 ✔
退出原因：到达 --duration-sec，停止发送并等在途请求收尾
构建：commit ea2e92b1d3ac · rustc 1.98.1 (48a229cea 2026-09-01) · DPDK 25.11.3 · release
环境：AMD EPYC 9R45 · 内核 6.18.48-107.148.amzn2023.x86_64 · 网卡 0000:28:00.0 驱动 igb_uio（写合并映射：是）· clocksource tsc · rdtscp constant_tsc nonstop_tsc tsc_known_freq
时钟：读一次 rdtscp 平均 17.7 ns（每个被测段恰好含一次）；TSC 读数步长 26 周期 = 10.0 ns（时间戳分辨率，所有时间差都是它的整数倍）；周期→纳秒换算与 CLOCK_MONOTONIC_RAW 相差 -0.7 ppm
