[1;34m[12:20:00][0m 运行 A（async-ping）--delay-us 500 --duration-sec 60 --progress-sec 0 --json logs/sessions/reboot1/ab/A-8.json  → /dev/null
EAL: No free 1048576 kB hugepages reported on node 0
ENA_DRIVER: ena_get_metrics_entries(): 0x6 customer metrics are supported
ENA_DRIVER: ena_rx_queue_release(): Rx queue 0:0 released
ENA_DRIVER: ena_tx_queue_release(): Tx queue 0:0 released

==================== A · async-ping（自研 rt runtime） ====================
sessions 64  delay 500 µs  duration 60 s (实际 60.00 s)  payload 64 B  timeout 10000 µs  TSC 2.600 GHz
sent 5814949  received 5814949  timeouts 0  late 0  in-flight-at-end 0  unexpected 0  foreign 0  tsc-mismatch 0  other 0  arp-replied 1  tx-full 0  no-mbuf 0
对账：sent − received − timeouts − in-flight = 0（应为 0）；丢包 = timeouts = 0（其中 0 个迟到收到）
收包对账：rx 5814950 − (received + late + unexpected + foreign + other + arp) = 0（应为 0）

metric (ns)                       count      min     mean      p50      p90      p99    p99.9   p99.99        max
in-process ①+②  [排名指标]          5814949       60      232      200      360      580      761      963      34360
seg① send  T1−T0                5814949       40       58       50       60      170      270      330       9120
seg② recv  T3−T2                5814949       20      174      140      300      509      690      858      34310
end-to-end T3−T0                5814949    54410   160205   160295   164233   232369   237095   251273     456910
seg③ wake→next T0               5814949       40      115       70      320      709      883     1480       9420
sleep error                     5814949        0       48       10      150      300      690     2775      14160
deadline→next T0 (误差+③)         5814949       40      162       80      420      770     1227     3286      14480
  (诊断) seg① 距上次发送<100ns               0        0        0        0        0        0        0        0          0
  (诊断) seg① 100–250ns                 9       60       64       60       80       80       80       80         80
  (诊断) seg① 250–500ns           1618893       40       58       50       60      170      270      330       5300
  (诊断) seg① 500ns–2µs           3044910       40       58       50       60      170      270      320       4000
  (诊断) seg① ≥2µs                1151137       40       59       50       70      180      280      330       9120
  (诊断) 维护: rte_timer_manage      599888       20       25       20       30       30       40      641       2860
  (诊断) 维护: 整个节拍                  599888       50      296       60      761      938     1098     2344      14060

段① ≥ 125 ns 的样本占 4.164%（段①是两段式分布，它的 p99 落在哪一段只看这个占比在 1% 的哪一边）
rx_burst 包数分布（非空 burst）：1:76.70%  2:19.09%  3:3.87%  4:0.34%  其余更大的 burst 共 114 次（最大一次 32 个包）
主循环被外部打断：空轮询 > 1 µs 共 12803 次（累计 38.5 ms，最长 41.2 µs）；取包前 > 10 µs 共 14 次（累计 0.3 ms，最长 42.8 µs）
port: ipackets 5814950  opackets 5815008  imissed 0  ierrors 0  oerrors 0  rx_nombuf 0
AWS allowance（本次运行增量）：bw_in_allowance_exceeded=0  bw_out_allowance_exceeded=0  pps_allowance_exceeded=0  conntrack_allowance_exceeded=0  linklocal_allowance_exceeded=0
mbuf：pool 8191，初值 avail 8191（端口启动后 7168），关停后 avail 8191 → 泄漏 0 ✔
退出原因：到达 --duration-sec，停止发送并等在途请求收尾
构建：commit 11334b196717 · rustc 1.98.1 (48a229cea 2026-09-01) · DPDK 25.11.3 · release
环境：AMD EPYC 9R45 · 内核 6.18.48-107.148.amzn2023.x86_64 · 网卡 0000:28:00.0 驱动 igb_uio（写合并映射：是）· clocksource tsc · rdtscp constant_tsc nonstop_tsc tsc_known_freq
时钟：读一次 rdtscp 平均 17.6 ns（每个被测段恰好含一次）；TSC 读数步长 26 周期 = 10.0 ns（时间戳分辨率，所有时间差都是它的整数倍）；周期→纳秒换算与 CLOCK_MONOTONIC_RAW 相差 -0.7 ppm
[1;34m[12:21:01][0m 退出码 0；报告：（由调用者指定）
