[1;34m[12:23:01][0m 运行 B（raw-ping）--delay-us 500 --duration-sec 60 --progress-sec 0 --json logs/sessions/reboot1/ab/B-10.json  → /dev/null
EAL: No free 1048576 kB hugepages reported on node 0
ENA_DRIVER: ena_get_metrics_entries(): 0x6 customer metrics are supported
ENA_DRIVER: ena_rx_queue_release(): Rx queue 0:0 released
ENA_DRIVER: ena_tx_queue_release(): Tx queue 0:0 released

==================== B · raw-ping（手写 busy-poll，无 runtime） ====================
sessions 64  delay 500 µs  duration 60 s (实际 60.00 s)  payload 64 B  timeout 10000 µs  TSC 2.600 GHz
sent 5855329  received 5855329  timeouts 0  late 0  in-flight-at-end 0  unexpected 0  foreign 0  tsc-mismatch 0  other 1  arp-replied 1  tx-full 0  no-mbuf 0
对账：sent − received − timeouts − in-flight = 0（应为 0）；丢包 = timeouts = 0（其中 0 个迟到收到）
收包对账：rx 5855331 − (received + late + unexpected + foreign + other + arp) = 0（应为 0）

metric (ns)                       count      min     mean      p50      p90      p99    p99.9   p99.99        max
in-process ①+②  [排名指标]          5855329       50      207      180      320      469      570      700      15800
seg① send  T1−T0                5855329       40       76       50      200      320      330      429      12650
seg② recv  T3−T2                5855329       10      130      120      180      280      360      481      15750
end-to-end T3−T0                5855329    53500   155689   160295   163446   166596   229218   233944     454080
seg③ wake→next T0               5855329       30       93       50      290      410      761      987       5590
sleep error                     5855329        0       33       10      110      270      660     2664      20420
deadline→next T0 (误差+③)         5855329       30      125       60      390      540      963     2972      20510
  (诊断) seg① 距上次发送<100ns          264783       60      308      310      320      330      441      549       9090
  (诊断) seg① 100–250ns            412110       60      208      210      220      230      330      460       3850
  (诊断) seg① 250–500ns            823126       40       54       50       60       70      210      290       3680
  (诊断) seg① 500ns–2µs           3168636       40       54       50       60       70      170      260      12650
  (诊断) seg① ≥2µs                1186674       40       55       50       60       70      170      260      12650
  (诊断) 维护: rte_timer_manage      599897       20       31       30       40       40       40      681       3190
  (诊断) 维护: 整个节拍                  599897       50      294       70      730      889     1018     2393      14210

段① ≥ 125 ns 的样本占 11.822%（段①是两段式分布，它的 p99 落在哪一段只看这个占比在 1% 的哪一边）
rx_burst 包数分布（非空 burst）：1:79.07%  2:17.53%  3:2.99%  4:0.41%  其余更大的 burst 共 95 次（最大一次 28 个包）
主循环被外部打断：空轮询 > 1 µs 共 12808 次（累计 37.9 ms，最长 40.1 µs）；取包前 > 10 µs 共 12 次（累计 0.2 ms，最长 45.9 µs）
port: ipackets 5855331  opackets 5855388  imissed 0  ierrors 0  oerrors 0  rx_nombuf 0
AWS allowance（本次运行增量）：bw_in_allowance_exceeded=0  bw_out_allowance_exceeded=0  pps_allowance_exceeded=0  conntrack_allowance_exceeded=0  linklocal_allowance_exceeded=0
mbuf：pool 8191，初值 avail 8191（端口启动后 7168），关停后 avail 8191 → 泄漏 0 ✔
退出原因：到达 --duration-sec，停止发送并等在途请求收尾
构建：commit 11334b196717 · rustc 1.98.1 (48a229cea 2026-09-01) · DPDK 25.11.3 · release
环境：AMD EPYC 9R45 · 内核 6.18.48-107.148.amzn2023.x86_64 · 网卡 0000:28:00.0 驱动 igb_uio（写合并映射：是）· clocksource tsc · rdtscp constant_tsc nonstop_tsc tsc_known_freq
时钟：读一次 rdtscp 平均 17.6 ns（每个被测段恰好含一次）；TSC 读数步长 26 周期 = 10.0 ns（时间戳分辨率，所有时间差都是它的整数倍）；周期→纳秒换算与 CLOCK_MONOTONIC_RAW 相差 -0.7 ppm
[1;34m[12:24:01][0m 退出码 0；报告：（由调用者指定）
