[1;34m[16:25:59][0m 运行 A（async-ping）--delay-us 500 --duration-sec 60 --progress-sec 0 --json logs/versions/20261001-161648/A1-4.json --samples logs/tmp/ver-A1-4.samples  → /dev/null
EAL: No free 1048576 kB hugepages reported on node 0
ENA_DRIVER: ena_get_metrics_entries(): 0x6 customer metrics are supported
ENA_DRIVER: ena_rx_queue_release(): Rx queue 0:0 released
ENA_DRIVER: ena_tx_queue_release(): Tx queue 0:0 released

==================== A · async-ping（自研 rt runtime） ====================
sessions 64  delay 500 µs  duration 60 s (实际 60.00 s)  payload 64 B  timeout 10000 µs  TSC 2.600 GHz
sent 5897775  received 5897775  timeouts 0  late 0  in-flight-at-end 0  unexpected 0  foreign 0  tsc-mismatch 0  other 3  arp-replied 1  tx-full 0  no-mbuf 0
对账：sent − received − timeouts − in-flight = 0（应为 0）；丢包 = timeouts = 0（其中 0 个迟到收到）
收包对账：rx 5897779 − (received + late + unexpected + foreign + other + arp) = 0（应为 0）

metric (ns)                       count      min     mean      p50      p90      p99    p99.9   p99.99        max
in-process ①+②  [排名指标]          5897775       60      192      180      250      360      460      589      15610
seg① send  T1−T0                5897775       40       58       50       70      160      260      310      13940
seg② recv  T3−T2                5897775       20      135      120      180      290      380      500      15560
end-to-end T3−T0                5897775    36540   150925   159507   162658   172898   248123   293809     377800
seg③ wake→next T0               5897775       40      133       70      320      709     1129     1529      13320
sleep error                     5897775        0       36       10      110      280      730     1581      12170
deadline→next T0 (误差+③)         5897775       40      169       80      429      803     1178     2184      13730
  (诊断) seg① 距上次发送<100ns               0        0        0        0        0        0        0        0          0
  (诊断) seg① 100–250ns                13       60       86       70      160      170      170      170        170
  (诊断) seg① 250–500ns           1546479       40       58       50       70      160      260      310       2470
  (诊断) seg① 500ns–2µs           3111794       40       58       50       60      150      260      310      13940
  (诊断) seg① ≥2µs                1239489       40       58       50       70      150      250      310       3810
  (诊断) 维护: rte_timer_manage      599897       20       28       30       30       40       40      730       2720
  (诊断) 维护: 整个节拍                  599897       40      292       80      709      950     1129     1790      13140

段① ≥ 125 ns 的样本占 4.542%（段①是两段式分布，它的 p99 落在哪一段只看这个占比在 1% 的哪一边）
rx_burst 包数分布（非空 burst）：1:78.65%  2:17.68%  3:3.26%  4:0.42%  其余更大的 burst 共 30 次（最大一次 32 个包）
主循环被外部打断：空轮询 > 1 µs 共 12973 次（累计 24.1 ms，最长 24.3 µs）；取包前 > 10 µs 共 10 次（累计 0.3 ms，最长 130.1 µs）
port: ipackets 5897779  opackets 66982235  imissed 0  ierrors 0  oerrors 0  rx_nombuf 0
AWS allowance（本次运行增量）：bw_in_allowance_exceeded=0  bw_out_allowance_exceeded=0  pps_allowance_exceeded=0  conntrack_allowance_exceeded=0  linklocal_allowance_exceeded=0
mbuf：pool 8191，初值 avail 8191（端口启动后 7168），关停后 avail 8191 → 泄漏 0 ✔
退出原因：到达 --duration-sec，停止发送并等在途请求收尾
构建：commit ea2e92b1d3ac · rustc 1.98.1 (48a229cea 2026-09-01) · DPDK 25.11.3 · release
环境：AMD EPYC 9R45 · 内核 6.18.48-107.148.amzn2023.x86_64 · 网卡 0000:28:00.0 驱动 igb_uio（写合并映射：是）· clocksource tsc · rdtscp constant_tsc nonstop_tsc tsc_known_freq
时钟：读一次 rdtscp 平均 17.6 ns（每个被测段恰好含一次）；TSC 读数步长 26 周期 = 10.0 ns（时间戳分辨率，所有时间差都是它的整数倍）；周期→纳秒换算与 CLOCK_MONOTONIC_RAW 相差 -0.7 ppm
原始样本：5897775 个 → logs/tmp/ver-A1-4.samples（容量 7757884）
[1;34m[16:26:59][0m 退出码 0；报告：（由调用者指定）
