[1;34m[16:24:56][0m 运行 A（async-ping）--delay-us 500 --duration-sec 60 --progress-sec 0 --json logs/versions/20261001-161648/A2-3.json --samples logs/tmp/ver-A2-3.samples  → /dev/null
EAL: No free 1048576 kB hugepages reported on node 0
ENA_DRIVER: ena_get_metrics_entries(): 0x6 customer metrics are supported
ENA_DRIVER: ena_rx_queue_release(): Rx queue 0:0 released
ENA_DRIVER: ena_tx_queue_release(): Tx queue 0:0 released

==================== A · async-ping（自研 rt runtime） ====================
sessions 64  delay 500 µs  duration 60 s (实际 60.00 s)  payload 64 B  timeout 10000 µs  TSC 2.600 GHz
sent 5301230  received 5301230  timeouts 0  late 0  in-flight-at-end 0  unexpected 0  foreign 0  tsc-mismatch 0  other 3  arp-replied 1  tx-full 0  no-mbuf 0
对账：sent − received − timeouts − in-flight = 0（应为 0）；丢包 = timeouts = 0（其中 0 个迟到收到）
收包对账：rx 5301234 − (received + late + unexpected + foreign + other + arp) = 0（应为 0）

metric (ns)                       count      min     mean      p50      p90      p99    p99.9   p99.99        max
in-process ①+②  [排名指标]          5301230       60      186      180      230      330      420      561      28720
seg① send  T1−T0                5301230       40       54       50       60       70      180      290       3120
seg② recv  T3−T2                5301230       20      133      120      180      280      360      469      28670
end-to-end T3−T0                5301230    36360   224186   230793   233944   238670   248123   300110     362280
seg③ wake→next T0               5301230       40      137       70      320      721     1129     1523      16640
sleep error                     5301230        0       39       10      120      280      681     1692      45930
deadline→next T0 (误差+③)         5301230       40      176       70      441      821     1203     2233      46880
  (诊断) seg① 距上次发送<100ns               0        0        0        0        0        0        0        0          0
  (诊断) seg① 100–250ns                23       60       67       60       70      140      140      140        140
  (诊断) seg① 250–500ns           1457705       40       55       50       60      160      200      310       2690
  (诊断) seg① 500ns–2µs           2745933       40       53       50       60       70      160      270       2990
  (诊断) seg① ≥2µs                1097569       40       54       50       60       70      160      270       3120
  (诊断) 维护: rte_timer_manage      599909       20       25       20       30       30       40      641       2410
  (诊断) 维护: 整个节拍                  599909       40      257       60      809     1092     1240     1510      15150

段① ≥ 125 ns 的样本占 0.738%（段①是两段式分布，它的 p99 落在哪一段只看这个占比在 1% 的哪一边）
rx_burst 包数分布（非空 burst）：1:77.37%  2:18.67%  3:3.45%  4:0.51%  其余更大的 burst 共 32 次（最大一次 32 个包）
主循环被外部打断：空轮询 > 1 µs 共 13167 次（累计 24.4 ms，最长 46.7 µs）；取包前 > 10 µs 共 12 次（累计 0.4 ms，最长 140.6 µs）
port: ipackets 5301234  opackets 66385690  imissed 0  ierrors 0  oerrors 0  rx_nombuf 0
AWS allowance（本次运行增量）：bw_in_allowance_exceeded=0  bw_out_allowance_exceeded=0  pps_allowance_exceeded=0  conntrack_allowance_exceeded=0  linklocal_allowance_exceeded=0
mbuf：pool 8191，初值 avail 8191（端口启动后 7168），关停后 avail 8191 → 泄漏 0 ✔
退出原因：到达 --duration-sec，停止发送并等在途请求收尾
构建：commit f5b43e521118 · rustc 1.98.1 (48a229cea 2026-09-01) · DPDK 25.11.3 · release
环境：AMD EPYC 9R45 · 内核 6.18.48-107.148.amzn2023.x86_64 · 网卡 0000:28:00.0 驱动 igb_uio（写合并映射：是）· clocksource tsc · rdtscp constant_tsc nonstop_tsc tsc_known_freq
时钟：读一次 rdtscp 平均 17.6 ns（每个被测段恰好含一次）；TSC 读数步长 26 周期 = 10.0 ns（时间戳分辨率，所有时间差都是它的整数倍）；周期→纳秒换算与 CLOCK_MONOTONIC_RAW 相差 -0.7 ppm
原始样本：5301230 个 → logs/tmp/ver-A2-3.samples（容量 7757884）
[1;34m[16:25:56][0m 退出码 0；报告：（由调用者指定）
