[1;34m[16:34:06][0m 运行 A（async-ping）--delay-us 500 --duration-sec 60 --progress-sec 0 --json logs/versions/20261001-161648/A2-6.json --samples logs/tmp/ver-A2-6.samples  → /dev/null
EAL: No free 1048576 kB hugepages reported on node 0
ENA_DRIVER: ena_get_metrics_entries(): 0x6 customer metrics are supported
ENA_DRIVER: ena_rx_queue_release(): Rx queue 0:0 released
ENA_DRIVER: ena_tx_queue_release(): Tx queue 0:0 released

==================== A · async-ping（自研 rt runtime） ====================
sessions 64  delay 500 µs  duration 60 s (实际 60.00 s)  payload 64 B  timeout 10000 µs  TSC 2.600 GHz
sent 5825827  received 5825827  timeouts 0  late 0  in-flight-at-end 0  unexpected 0  foreign 0  tsc-mismatch 0  other 1  arp-replied 1  tx-full 0  no-mbuf 0
对账：sent − received − timeouts − in-flight = 0（应为 0）；丢包 = timeouts = 0（其中 0 个迟到收到）
收包对账：rx 5825829 − (received + late + unexpected + foreign + other + arp) = 0（应为 0）

metric (ns)                       count      min     mean      p50      p90      p99    p99.9   p99.99        max
in-process ①+②  [排名指标]          5825827       60      187      180      230      330      420      549       3560
seg① send  T1−T0                5825827       40       55       50       60      140      180      300       3400
seg② recv  T3−T2                5825827       20      132      120      180      270      350      469       2960
end-to-end T3−T0                5825827    36450   158963   160295   163446   168960   241821   249698     315170
seg③ wake→next T0               5825827       40      134       70      320      709     1129     1529      11230
sleep error                     5825827        0       37       10      120      270      629     1541      11120
deadline→next T0 (误差+③)         5825827       40      171       70      441      821     1209     2110      11910
  (诊断) seg① 距上次发送<100ns               0        0        0        0        0        0        0        0          0
  (诊断) seg① 100–250ns                14       60       63       60       70       70       70       70         70
  (诊断) seg① 250–500ns           1540204       40       56       50       60      160      230      310       2230
  (诊断) seg① 500ns–2µs           3105567       40       54       50       60       80      170      290       2530
  (诊断) seg① ≥2µs                1180042       40       55       50       60       80      170      290       3400
  (诊断) 维护: rte_timer_manage      599902       20       30       30       30       40       40      601       2610
  (诊断) 维护: 整个节拍                  599902       40      276       60      650      827      987     1606       3170

段① ≥ 125 ns 的样本占 1.183%（段①是两段式分布，它的 p99 落在哪一段只看这个占比在 1% 的哪一边）
rx_burst 包数分布（非空 burst）：1:78.58%  2:17.66%  3:3.27%  4:0.48%  其余更大的 burst 共 34 次（最大一次 25 个包）
主循环被外部打断：空轮询 > 1 µs 共 12960 次（累计 23.6 ms，最长 12.4 µs）；取包前 > 10 µs 共 7 次（累计 0.1 ms，最长 40.7 µs）
port: ipackets 5825829  opackets 66910287  imissed 0  ierrors 0  oerrors 0  rx_nombuf 0
AWS allowance（本次运行增量）：bw_in_allowance_exceeded=0  bw_out_allowance_exceeded=0  pps_allowance_exceeded=0  conntrack_allowance_exceeded=0  linklocal_allowance_exceeded=0
mbuf：pool 8191，初值 avail 8191（端口启动后 7168），关停后 avail 8191 → 泄漏 0 ✔
退出原因：到达 --duration-sec，停止发送并等在途请求收尾
构建：commit f5b43e521118 · rustc 1.98.1 (48a229cea 2026-09-01) · DPDK 25.11.3 · release
环境：AMD EPYC 9R45 · 内核 6.18.48-107.148.amzn2023.x86_64 · 网卡 0000:28:00.0 驱动 igb_uio（写合并映射：是）· clocksource tsc · rdtscp constant_tsc nonstop_tsc tsc_known_freq
时钟：读一次 rdtscp 平均 17.6 ns（每个被测段恰好含一次）；TSC 读数步长 26 周期 = 10.0 ns（时间戳分辨率，所有时间差都是它的整数倍）；周期→纳秒换算与 CLOCK_MONOTONIC_RAW 相差 -0.7 ppm
原始样本：5825827 个 → logs/tmp/ver-A2-6.samples（容量 7757884）
[1;34m[16:35:06][0m 退出码 0；报告：（由调用者指定）
