EAL: No free 1048576 kB hugepages reported on node 0
ENA_DRIVER: ena_get_metrics_entries(): 0x6 customer metrics are supported
ENA_DRIVER: ena_rx_queue_release(): Rx queue 0:0 released
ENA_DRIVER: ena_tx_queue_release(): Tx queue 0:0 released

==================== A · async-ping（自研 rt runtime） ====================
sessions 64  delay 500 µs  duration 30 s (实际 30.00 s)  payload 64 B  timeout 10000 µs  TSC 2.600 GHz
sent 2939254  received 2939254  timeouts 0  late 0  in-flight-at-end 0  unexpected 0  foreign 0  tsc-mismatch 0  other 0  arp-replied 0  tx-full 0  no-mbuf 0
对账：sent − received − timeouts − in-flight = 0（应为 0）；丢包 = timeouts = 0（其中 0 个迟到收到）
收包对账：rx 2939254 − (received + late + unexpected + foreign + other + arp) = 0（应为 0）

metric (ns)                       count      min     mean      p50      p90      p99    p99.9   p99.99        max
in-process ①+②  [排名指标]          2939254       60      198      180      250      370      490      629       4760
seg① send  T1−T0                2939254       40       55       50       60      160      200      310       4420
seg② recv  T3−T2                2939254       20      143      130      200      310      420      549       4710
end-to-end T3−T0                2939254    52350   153064   112246   248123   252849   256000   271753     314210
seg③ wake→next T0               2939254       30      132       70      320      730     1147     2061      16340
sleep error                     2939254        0       38       10      100      350      987     2824      72970
deadline→next T0 (误差+③)         2939254       40      170       70      420      852     1716     3360      73700
  (诊断) seg① 距上次发送<100ns               0        0        0        0        0        0        0        0          0
  (诊断) seg① 100–250ns                 8       60       94       70      170      170      170      170        170
  (诊断) seg① 250–500ns            754079       40       56       50       60      160      240      320       3260
  (诊断) seg① 500ns–2µs           1480198       40       55       50       60      150      190      300       4420
  (诊断) seg① ≥2µs                 704969       40       55       50       60      150      190      300       3370
  (诊断) 维护: rte_timer_manage      299954       20       31       30       40       40       40      809       3470
  (诊断) 维护: 整个节拍                  299954       50      362      230      901     1369     1523     2800      14820

rx_burst 包数分布（非空 burst）：1:79.73%  2:16.52%  3:3.18%  4:0.57%  其余更大的 burst 共 77 次（最大一次 18 个包）
主循环被外部打断：空轮询 > 1 µs 共 6353 次（累计 19.0 ms，最长 102.1 µs）；取包前 > 10 µs 共 8 次（累计 0.2 ms，最长 91.3 µs）
port: ipackets 2939254  opackets 2939360  imissed 0  ierrors 0  oerrors 0  rx_nombuf 0
AWS allowance（本次运行增量）：bw_in_allowance_exceeded=0  bw_out_allowance_exceeded=0  pps_allowance_exceeded=0  conntrack_allowance_exceeded=0  linklocal_allowance_exceeded=0
mbuf：pool 8191，初值 avail 8191（端口启动后 7168），关停后 avail 8191 → 泄漏 0 ✔
退出原因：到达 --duration-sec，停止发送并等在途请求收尾
