EAL: No free 1048576 kB hugepages reported on node 0
ENA_DRIVER: ena_get_metrics_entries(): 0x6 customer metrics are supported
ENA_DRIVER: ena_rx_queue_release(): Rx queue 0:0 released
ENA_DRIVER: ena_tx_queue_release(): Tx queue 0:0 released

==================== A · async-ping（自研 rt runtime） ====================
sessions 1  delay 940 µs  duration 30 s (实际 30.00 s)  payload 64 B  timeout 10000 µs  TSC 2.600 GHz
sent 29886  received 29886  timeouts 0  late 0  in-flight-at-end 0  unexpected 0  foreign 0  tsc-mismatch 0  other 0  arp-replied 0  tx-full 0  no-mbuf 0
对账：sent − received − timeouts − in-flight = 0（应为 0）；丢包 = timeouts = 0（其中 0 个迟到收到）
收包对账：rx 29886 − (received + late + unexpected + foreign + other + arp) = 0（应为 0）

metric (ns)                       count      min     mean      p50      p90      p99    p99.9   p99.99        max
in-process ①+②  [排名指标]            29886       70      203      190      280      360      441      570       3200
seg① send  T1−T0                  29886       40       68       60       80      190      300      350       2440
seg② recv  T3−T2                  29886       20      135      130      170      230      300      360       3150
end-to-end T3−T0                  29886    58530    63757    63606    65575    68332    74633   112246     139840
seg③ wake→next T0                 29886       40       58       50       70       80      170      230        320
sleep error                       29886        0        8       10       10       20       50     2258       2620
deadline→next T0 (误差+③)           29886       40       65       60       80       90      210     2320       2680
  (诊断) seg① 距上次发送<100ns               0        0        0        0        0        0        0        0          0
  (诊断) seg① 100–250ns                 0        0        0        0        0        0        0        0          0
  (诊断) seg① 250–500ns                 0        0        0        0        0        0        0        0          0
  (诊断) seg① 500ns–2µs                 0        0        0        0        0        0        0        0          0
  (诊断) seg① ≥2µs                  29886       40       68       60       80      190      300      350       2440
  (诊断) 维护: rte_timer_manage      299990       20       24       20       30       30       30      601       3770
  (诊断) 维护: 整个节拍                  299990       40       66       50       70      250      350      641       3810

rx_burst 包数分布（非空 burst）：1:100.00%  其余更大的 burst 共 0 次（最大一次 1 个包）
主循环被外部打断：空轮询 > 1 µs 共 7524 次（累计 21.7 ms，最长 108.5 µs）；取包前 > 10 µs 共 0 次（累计 0.0 ms，最长 0.0 µs）
port: ipackets 29886  opackets 29992  imissed 0  ierrors 0  oerrors 0  rx_nombuf 0
AWS allowance（本次运行增量）：bw_in_allowance_exceeded=0  bw_out_allowance_exceeded=0  pps_allowance_exceeded=0  conntrack_allowance_exceeded=0  linklocal_allowance_exceeded=0
mbuf：pool 8191，初值 avail 8191（端口启动后 7168），关停后 avail 8191 → 泄漏 0 ✔
退出原因：到达 --duration-sec，停止发送并等在途请求收尾
