EAL: No free 1048576 kB hugepages reported on node 0
ENA_DRIVER: ena_get_metrics_entries(): 0x6 customer metrics are supported
ENA_DRIVER: ena_rx_queue_release(): Rx queue 0:0 released
ENA_DRIVER: ena_tx_queue_release(): Tx queue 0:0 released

==================== B · raw-ping（手写 busy-poll，无 runtime） ====================
sessions 64  delay 800 µs  duration 60 s (实际 60.00 s)  payload 64 B  timeout 10000 µs  TSC 2.600 GHz
sent 4060612  received 4060612  timeouts 0  late 0  in-flight-at-end 0  unexpected 0  foreign 0  tsc-mismatch 0  other 1  arp-replied 1  tx-full 0  no-mbuf 0
对账：sent − received − timeouts − in-flight = 0（应为 0）；丢包 = timeouts = 0（其中 0 个迟到收到）
收包对账：rx 4060614 − (received + late + unexpected + foreign + other + arp) = 0（应为 0）

metric (ns)                       count      min     mean      p50      p90      p99    p99.9   p99.99        max
in-process ①+②  [排名指标]          4060612       50      185      170      230      429      540      650      22220
seg① send  T1−T0                4060612       40       60       50       60      310      330      429       4360
seg② recv  T3−T2                4060612       10      125      110      170      260      340      441      22170
end-to-end T3−T0                4060612    55070   145561   185501   192590   195741   202436   273329     343110
seg③ wake→next T0               4060612       30       85       50      300      401      469      809      14310
sleep error                     4060612        0       25       10      100      210      500     2713     163200
deadline→next T0 (误差+③)         4060612       30      110       60      390      509      852     2923     163310
  (诊断) seg① 距上次发送<100ns          104616       60      307      310      320      360      441      490       3700
  (诊断) seg① 100–250ns               293       60      211      210      260      330      420      420        420
  (诊断) seg① 250–500ns            584022       40       53       50       60       70      170      280       3420
  (诊断) seg① 500ns–2µs           1933385       40       54       50       60       70      170      270       4360
  (诊断) seg① ≥2µs                1438296       40       54       50       60       70      170      280       3870
  (诊断) 维护: rte_timer_manage      599921       20       25       20       30       30       40      601       3740
  (诊断) 维护: 整个节拍                  599921       50      266      250      540      780      950     1606      15970

rx_burst 包数分布（非空 burst）：1:86.84%  2:11.57%  3:1.51%  4:0.08%  其余更大的 burst 共 44 次（最大一次 14 个包）
主循环被外部打断：空轮询 > 1 µs 共 13193 次（累计 39.8 ms，最长 171.4 µs）；取包前 > 10 µs 共 12 次（累计 0.2 ms，最长 54.6 µs）
port: ipackets 4060614  opackets 4060719  imissed 0  ierrors 0  oerrors 0  rx_nombuf 0
AWS allowance（本次运行增量）：bw_in_allowance_exceeded=0  bw_out_allowance_exceeded=0  pps_allowance_exceeded=0  conntrack_allowance_exceeded=0  linklocal_allowance_exceeded=0
mbuf：pool 8191，初值 avail 8191（端口启动后 7168），关停后 avail 8191 → 泄漏 0 ✔
退出原因：到达 --duration-sec，停止发送并等在途请求收尾
