EAL: No free 1048576 kB hugepages reported on node 0
ENA_DRIVER: ena_get_metrics_entries(): 0x6 customer metrics are supported
[B raw   60.0s] sent    5342009  recv    5342008  timeouts 0  late 0  88973 req/s
[B raw  120.1s] sent   10505466  recv   10505465  timeouts 0  late 0  86001 req/s
[B raw  180.1s] sent   15650233  recv   15650222  timeouts 0  late 0  85690 req/s
[B raw  240.2s] sent   21040700  recv   21040699  timeouts 0  late 0  89782 req/s
[B raw  300.2s] sent   26799878  recv   26799878  timeouts 0  late 0  95923 req/s
[B raw  360.2s] sent   32282616  recv   32282583  timeouts 0  late 0  91312 req/s
[B raw  420.3s] sent   37631419  recv   37631416  timeouts 0  late 0  89089 req/s
[B raw  480.3s] sent   43240601  recv   43240597  timeouts 0  late 0  93426 req/s
[B raw  540.4s] sent   48889472  recv   48889448  timeouts 0  late 0  94069 req/s
ENA_DRIVER: ena_rx_queue_release(): Rx queue 0:0 released
ENA_DRIVER: ena_tx_queue_release(): Tx queue 0:0 released

==================== B · raw-ping（手写 busy-poll，无 runtime） ====================
sessions 64  delay 500 µs  duration 600 s (实际 600.01 s)  payload 64 B  timeout 10000 µs  TSC 2.600 GHz
sent 54181397  received 54181397  timeouts 0  late 0  in-flight-at-end 0  unexpected 0  foreign 0  tsc-mismatch 0  other 1  arp-replied 9  tx-full 0  no-mbuf 0
对账：sent − received − timeouts − in-flight = 0（应为 0）；丢包 = timeouts = 0（其中 0 个迟到收到）
收包对账：rx 54181407 − (received + late + unexpected + foreign + other + arp) = 0（应为 0）

metric (ns)                       count      min     mean      p50      p90      p99    p99.9   p99.99        max
in-process ①+②  [排名指标]         54181397       50      195      170      270      469      580      709      36650
seg① send  T1−T0               54181397       40       68       50       70      320      330      429      10370
seg② recv  T3−T2               54181397       10      127      120      180      280      370      490      36590
end-to-end T3−T0               54181397    51660   208580   243396   249698   252849   257575   295384     407110
seg③ wake→next T0              54181397       20      113       60      300      420      780     1141      14730
sleep error                    54181397        0       38       10      120      350      770     2652     135680
deadline→next T0 (误差+③)        54181397       30      151       70      420      681     1098     2984     135800
  (诊断) seg① 距上次发送<100ns         2873216       60      308      310      320      340      441      601       6420
  (诊断) seg① 100–250ns            219048       50      209      210      220      260      320      401       3560
  (诊断) seg① 250–500ns          11703929       40       54       50       60       70      160      260       4120
  (诊断) seg① 500ns–2µs          28586351       40       54       50       60       70      160      240      10370
  (诊断) seg① ≥2µs               10798853       40       55       50       60       70      160      230       4650
  (诊断) 维护: rte_timer_manage     5998958       20       31       30       40       40       40      570       3970
  (诊断) 维护: 整个节拍                 5998958       50      277       70      827     1270     1443     1692      22420

rx_burst 包数分布（非空 burst）：1:77.47%  2:18.47%  3:3.53%  4:0.52%  其余更大的 burst 共 1049 次（最大一次 32 个包）
主循环被外部打断：空轮询 > 1 µs 共 130081 次（累计 379.2 ms，最长 144.3 µs）；取包前 > 10 µs 共 115 次（累计 2.3 ms，最长 191.8 µs）
port: ipackets 54181407  opackets 54181512  imissed 0  ierrors 0  oerrors 0  rx_nombuf 0
AWS allowance（本次运行增量）：bw_in_allowance_exceeded=0  bw_out_allowance_exceeded=0  pps_allowance_exceeded=0  conntrack_allowance_exceeded=0  linklocal_allowance_exceeded=0
mbuf：pool 8191，初值 avail 8191（端口启动后 7168），关停后 avail 8191 → 泄漏 0 ✔
退出原因：到达 --duration-sec，停止发送并等在途请求收尾
