[1;34m[17:22:31][0m 运行 A（async-ping）--delay-us 500 --duration-sec 60 --progress-sec 0 --json logs/sessions/v4-reboot2/ab/A-10.json  → /dev/null
EAL: No free 1048576 kB hugepages reported on node 0
ENA_DRIVER: ena_get_metrics_entries(): 0x6 customer metrics are supported
ENA_DRIVER: ena_rx_queue_release(): Rx queue 0:0 released
ENA_DRIVER: ena_tx_queue_release(): Tx queue 0:0 released

==================== A · async-ping（自研 rt runtime） ====================
sessions 64  delay 500 µs  duration 60 s (实际 60.00 s)  payload 64 B  timeout 10000 µs  TSC 2.600 GHz
sent 6924443  received 6924443  timeouts 0  late 0  in-flight-at-end 0  unexpected 0  foreign 0  tsc-mismatch 0  other 0  arp-replied 0  tx-full 0  no-mbuf 0
对账：sent − received − timeouts − in-flight = 0（应为 0）；丢包 = timeouts = 0（其中 0 个迟到收到）
收包对账：rx 6924443 − (received + late + unexpected + foreign + tsc-mismatch + other + arp) = 0（应为 0）

metric (ns)                       count      min     mean      p50      p90      p99    p99.9   p99.99        max
in-process ①+②  [排名指标]          6924443       60      186      180      220      320      390      500      15980
seg① send  T1−T0                6924443       40       59       60       70       80      160      240       7830
seg② recv  T3−T2                6924443       20      127      120      160      260      330      429      15920
end-to-end T3−T0                6924443    24450    54434    52972    55335   106732   232369   244972     307750
seg③ wake→next T0               6924443       40       95       60      300      481      730     1147      18090
sleep error                     6924443        0       28       10      120      250      580     3033      41350
deadline→next T0 (误差+③)         6924443       40      123       70      410      740     1141     3384      41470
  (诊断) seg① 距上次发送<100ns               0        0        0        0        0        0        0        0          0
  (诊断) seg① 100–250ns                17       60       64       60       70       70       70       70         70
  (诊断) seg① 250–500ns           1046450       40       59       60       70       80      170      280       4720
  (诊断) seg① 500ns–2µs           3226427       40       59       60       70       80      150      220       7830
  (诊断) seg① ≥2µs                2651549       40       60       60       70       80      150      210       4850
  (诊断) 维护: rte_timer_manage      599889       20       25       20       30       30       40     1301       4170
  (诊断) 维护: 整个节拍                  599889       50      403      370      601      780      963     2960      12530

段① ≥ 125 ns 的样本占 0.203%（段①是两段式分布，它的 p99 落在哪一段只看这个占比在 1% 的哪一边）
rx_burst 包数分布（非空 burst）：1:88.49%  2:10.42%  3:1.05%  4:0.05%  其余更大的 burst 共 41 次（最大一次 11 个包）
主循环被外部打断：空轮询 > 1 µs 共 11972 次（累计 35.6 ms，最长 43.6 µs）；取包前 > 10 µs 共 16 次（累计 0.3 ms，最长 49.4 µs）
port: ipackets 6924443  opackets 6924493  imissed 0  ierrors 0  oerrors 0  rx_nombuf 0
AWS allowance（本次运行增量）：bw_in_allowance_exceeded=0  bw_out_allowance_exceeded=0  pps_allowance_exceeded=0  conntrack_allowance_exceeded=0  linklocal_allowance_exceeded=0
mbuf：pool 8191，初值 avail 8191（端口启动后 7168），关停后 avail 8191 → 泄漏 0 ✔
退出原因：到达 --duration-sec，停止发送并等在途请求收尾
构建：commit 556a373584b8 · rustc 1.98.1 (48a229cea 2026-09-01) · DPDK 25.11.3 · release
环境：AMD EPYC 9R45 · 内核 6.18.48-107.148.amzn2023.x86_64 · 网卡 0000:28:00.0 驱动 igb_uio（写合并映射：是）· clocksource tsc · rdtscp constant_tsc nonstop_tsc tsc_known_freq
时钟：读一次 rdtscp 平均 17.7 ns（每个被测段恰好含一次）；TSC 读数步长 26 周期 = 10.0 ns（时间戳分辨率，所有时间差都是它的整数倍）；周期→纳秒换算与 CLOCK_MONOTONIC_RAW 相差 +0.1 ppm
[1;34m[17:23:31][0m 退出码 0；报告：（由调用者指定）
