[1;34m[17:21:30][0m 运行 B（raw-ping）--delay-us 500 --duration-sec 60 --progress-sec 0 --json logs/sessions/v4-reboot2/ab/B-10.json  → /dev/null
EAL: No free 1048576 kB hugepages reported on node 0
ENA_DRIVER: ena_get_metrics_entries(): 0x6 customer metrics are supported
ENA_DRIVER: ena_rx_queue_release(): Rx queue 0:0 released
ENA_DRIVER: ena_tx_queue_release(): Tx queue 0:0 released

==================== B · raw-ping（手写 busy-poll，无 runtime） ====================
sessions 64  delay 500 µs  duration 60 s (实际 60.00 s)  payload 64 B  timeout 10000 µs  TSC 2.600 GHz
sent 6449467  received 6449467  timeouts 0  late 0  in-flight-at-end 0  unexpected 0  foreign 0  tsc-mismatch 0  other 0  arp-replied 1  tx-full 0  no-mbuf 0
对账：sent − received − timeouts − in-flight = 0（应为 0）；丢包 = timeouts = 0（其中 0 个迟到收到）
收包对账：rx 6449468 − (received + late + unexpected + foreign + tsc-mismatch + other + arp) = 0（应为 0）

metric (ns)                       count      min     mean      p50      p90      p99    p99.9   p99.99        max
in-process ①+②  [排名指标]          6449467       50      180      160      220      429      540      660      21260
seg① send  T1−T0                6449467       40       62       50       60      310      320      429       5270
seg② recv  T3−T2                6449467       10      118      110      160      250      320      429      21210
end-to-end T3−T0                6449467    23450    95281    54547   161870   167384   241821   248123     303040
seg③ wake→next T0               6449467       20       89       50      290      390      740     1012       8340
sleep error                     6449467        0       29       10      110      250      601     2984      25990
deadline→next T0 (误差+③)         6449467       30      118       60      390      521      950     3310      26060
  (诊断) seg① 距上次发送<100ns          222775       60      304      300      320      340      441     1110       4410
  (诊断) seg① 100–250ns              2148       50      201      200      210      260      360      460        460
  (诊断) seg① 250–500ns           1051267       40       53       50       60       70      170      280       5270
  (诊断) seg① 500ns–2µs           3153030       40       53       50       60       70      160      260       4490
  (诊断) seg① ≥2µs                2020247       40       54       50       60       70      160      260       4140
  (诊断) 维护: rte_timer_manage      599894       20       30       30       30       40       40      870       3650
  (诊断) 维护: 整个节拍                  599894       50      344      340      620      821     1012     2775      28410

段① ≥ 125 ns 的样本占 3.793%（段①是两段式分布，它的 p99 落在哪一段只看这个占比在 1% 的哪一边）
rx_burst 包数分布（非空 burst）：1:84.61%  2:13.14%  3:2.00%  4:0.25%  其余更大的 burst 共 93 次（最大一次 26 个包）
主循环被外部打断：空轮询 > 1 µs 共 12515 次（累计 36.5 ms，最长 24.8 µs）；取包前 > 10 µs 共 28 次（累计 0.4 ms，最长 39.7 µs）
port: ipackets 6449468  opackets 6449518  imissed 0  ierrors 0  oerrors 0  rx_nombuf 0
AWS allowance（本次运行增量）：bw_in_allowance_exceeded=0  bw_out_allowance_exceeded=0  pps_allowance_exceeded=0  conntrack_allowance_exceeded=0  linklocal_allowance_exceeded=0
mbuf：pool 8191，初值 avail 8191（端口启动后 7168），关停后 avail 8191 → 泄漏 0 ✔
退出原因：到达 --duration-sec，停止发送并等在途请求收尾
构建：commit 556a373584b8 · rustc 1.98.1 (48a229cea 2026-09-01) · DPDK 25.11.3 · release
环境：AMD EPYC 9R45 · 内核 6.18.48-107.148.amzn2023.x86_64 · 网卡 0000:28:00.0 驱动 igb_uio（写合并映射：是）· clocksource tsc · rdtscp constant_tsc nonstop_tsc tsc_known_freq
时钟：读一次 rdtscp 平均 17.6 ns（每个被测段恰好含一次）；TSC 读数步长 26 周期 = 10.0 ns（时间戳分辨率，所有时间差都是它的整数倍）；周期→纳秒换算与 CLOCK_MONOTONIC_RAW 相差 +0.1 ppm
[1;34m[17:22:31][0m 退出码 0；报告：（由调用者指定）
