[1;34m[17:12:28][0m 运行 B（raw-ping）--delay-us 500 --duration-sec 60 --progress-sec 0 --json logs/sessions/v4-reboot2/ab/B-5.json  → /dev/null
EAL: No free 1048576 kB hugepages reported on node 0
ENA_DRIVER: ena_get_metrics_entries(): 0x6 customer metrics are supported
ENA_DRIVER: ena_rx_queue_release(): Rx queue 0:0 released
ENA_DRIVER: ena_tx_queue_release(): Tx queue 0:0 released

==================== B · raw-ping（手写 busy-poll，无 runtime） ====================
sessions 64  delay 500 µs  duration 60 s (实际 60.00 s)  payload 64 B  timeout 10000 µs  TSC 2.600 GHz
sent 6829644  received 6829644  timeouts 0  late 0  in-flight-at-end 0  unexpected 0  foreign 0  tsc-mismatch 0  other 0  arp-replied 1  tx-full 0  no-mbuf 0
对账：sent − received − timeouts − in-flight = 0（应为 0）；丢包 = timeouts = 0（其中 0 个迟到收到）
收包对账：rx 6829645 − (received + late + unexpected + foreign + tsc-mismatch + other + arp) = 0（应为 0）

metric (ns)                       count      min     mean      p50      p90      p99    p99.9   p99.99        max
in-process ①+②  [排名指标]          6829644       50      177      160      220      420      530      629      34120
seg① send  T1−T0                6829644       40       59       50       60      300      320      429      33990
seg② recv  T3−T2                6829644       10      118      110      150      250      310      420      15740
end-to-end T3−T0                6829644    23880    62152    52972    60061   162658   233944   246547     307440
seg③ wake→next T0               6829644       30       78       50      290      380      469      858       8310
sleep error                     6829644        0       25       10      100      230      540     2984      50990
deadline→next T0 (误差+③)         6829644       30      103       60      350      490      840     3212      51060
  (诊断) seg① 距上次发送<100ns          157490      140      304      300      320      401      441      920      33990
  (诊断) seg① 100–250ns               375       50      201      200      230      450      540      540        540
  (诊断) seg① 250–500ns            910988       40       53       50       60       70      170      280       4580
  (诊断) seg① 500ns–2µs           3207334       40       53       50       60       70      160      250       4720
  (诊断) seg① ≥2µs                2553457       40       54       50       60       70      160      250       5110
  (诊断) 维护: rte_timer_manage      599891       20       25       20       30       40       40     1252       3750
  (诊断) 维护: 整个节拍                  599891       40      381      360      580      749      920     2824      28630

段① ≥ 125 ns 的样本占 2.588%（段①是两段式分布，它的 p99 落在哪一段只看这个占比在 1% 的哪一边）
rx_burst 包数分布（非空 burst）：1:88.06%  2:10.70%  3:1.16%  4:0.08%  其余更大的 burst 共 81 次（最大一次 14 个包）
主循环被外部打断：空轮询 > 1 µs 共 12138 次（累计 35.5 ms，最长 51.0 µs）；取包前 > 10 µs 共 18 次（累计 0.3 ms，最长 52.1 µs）
port: ipackets 6829645  opackets 6829695  imissed 0  ierrors 0  oerrors 0  rx_nombuf 0
AWS allowance（本次运行增量）：bw_in_allowance_exceeded=0  bw_out_allowance_exceeded=0  pps_allowance_exceeded=0  conntrack_allowance_exceeded=0  linklocal_allowance_exceeded=0
mbuf：pool 8191，初值 avail 8191（端口启动后 7168），关停后 avail 8191 → 泄漏 0 ✔
退出原因：到达 --duration-sec，停止发送并等在途请求收尾
构建：commit 556a373584b8 · rustc 1.98.1 (48a229cea 2026-09-01) · DPDK 25.11.3 · release
环境：AMD EPYC 9R45 · 内核 6.18.48-107.148.amzn2023.x86_64 · 网卡 0000:28:00.0 驱动 igb_uio（写合并映射：是）· clocksource tsc · rdtscp constant_tsc nonstop_tsc tsc_known_freq
时钟：读一次 rdtscp 平均 17.6 ns（每个被测段恰好含一次）；TSC 读数步长 26 周期 = 10.0 ns（时间戳分辨率，所有时间差都是它的整数倍）；周期→纳秒换算与 CLOCK_MONOTONIC_RAW 相差 +0.1 ppm
[1;34m[17:13:29][0m 退出码 0；报告：（由调用者指定）
