[1;34m[17:16:29][0m 运行 B（raw-ping）--delay-us 500 --duration-sec 60 --progress-sec 0 --json logs/sessions/v4-reboot2/ab/B-7.json  → /dev/null
EAL: No free 1048576 kB hugepages reported on node 0
ENA_DRIVER: ena_get_metrics_entries(): 0x6 customer metrics are supported
ENA_DRIVER: ena_rx_queue_release(): Rx queue 0:0 released
ENA_DRIVER: ena_tx_queue_release(): Tx queue 0:0 released

==================== B · raw-ping（手写 busy-poll，无 runtime） ====================
sessions 64  delay 500 µs  duration 60 s (实际 60.00 s)  payload 64 B  timeout 10000 µs  TSC 2.600 GHz
sent 6859305  received 6859305  timeouts 0  late 0  in-flight-at-end 0  unexpected 0  foreign 0  tsc-mismatch 0  other 1  arp-replied 1  tx-full 0  no-mbuf 0
对账：sent − received − timeouts − in-flight = 0（应为 0）；丢包 = timeouts = 0（其中 0 个迟到收到）
收包对账：rx 6859307 − (received + late + unexpected + foreign + tsc-mismatch + other + arp) = 0（应为 0）

metric (ns)                       count      min     mean      p50      p90      p99    p99.9   p99.99        max
in-process ①+②  [排名指标]          6859305       50      178      160      220      420      521      641      30600
seg① send  T1−T0                6859305       40       59       50       60      300      320      429       7290
seg② recv  T3−T2                6859305       10      119      110      160      250      320      420      30550
end-to-end T3−T0                6859305    24540    59722    52972    56910   163446   240246   248123     304090
seg③ wake→next T0               6859305       20       77       50      280      380      450      870      27350
sleep error                     6859305        0       25       10      100      240      549     3107      33940
deadline→next T0 (误差+③)         6859305       30      102       60      330      490      840     3360      33990
  (诊断) seg① 距上次发送<100ns          153732      210      303      300      310      410      450     2480       4860
  (诊断) seg① 100–250ns              2037       50      201      200      210      290      340      580        580
  (诊断) seg① 250–500ns            898195       40       53       50       60       70      170      280       7290
  (诊断) seg① 500ns–2µs           3172919       40       53       50       60       70      160      250       5140
  (诊断) seg① ≥2µs                2632422       40       53       50       60       70      160      250       4840
  (诊断) 维护: rte_timer_manage      599891       20       25       20       30       30       40     1147       3340
  (诊断) 维护: 整个节拍                  599891       40      386      360      580      761      987     2824      12790

段① ≥ 125 ns 的样本占 2.537%（段①是两段式分布，它的 p99 落在哪一段只看这个占比在 1% 的哪一边）
rx_burst 包数分布（非空 burst）：1:88.32%  2:10.48%  3:1.13%  4:0.07%  其余更大的 burst 共 75 次（最大一次 16 个包）
主循环被外部打断：空轮询 > 1 µs 共 12073 次（累计 35.4 ms，最长 36.6 µs）；取包前 > 10 µs 共 27 次（累计 0.5 ms，最长 33.3 µs）
port: ipackets 6859307  opackets 6859356  imissed 0  ierrors 0  oerrors 0  rx_nombuf 0
AWS allowance（本次运行增量）：bw_in_allowance_exceeded=0  bw_out_allowance_exceeded=0  pps_allowance_exceeded=0  conntrack_allowance_exceeded=0  linklocal_allowance_exceeded=0
mbuf：pool 8191，初值 avail 8191（端口启动后 7168），关停后 avail 8191 → 泄漏 0 ✔
退出原因：到达 --duration-sec，停止发送并等在途请求收尾
构建：commit 556a373584b8 · rustc 1.98.1 (48a229cea 2026-09-01) · DPDK 25.11.3 · release
环境：AMD EPYC 9R45 · 内核 6.18.48-107.148.amzn2023.x86_64 · 网卡 0000:28:00.0 驱动 igb_uio（写合并映射：是）· clocksource tsc · rdtscp constant_tsc nonstop_tsc tsc_known_freq
时钟：读一次 rdtscp 平均 17.7 ns（每个被测段恰好含一次）；TSC 读数步长 26 周期 = 10.0 ns（时间戳分辨率，所有时间差都是它的整数倍）；周期→纳秒换算与 CLOCK_MONOTONIC_RAW 相差 +0.1 ppm
[1;34m[17:17:29][0m 退出码 0；报告：（由调用者指定）
