[1;34m[17:17:30][0m 运行 B（raw-ping）--delay-us 500 --duration-sec 60 --progress-sec 0 --json logs/sessions/v4-reboot2/ab/B-8.json  → /dev/null
EAL: No free 1048576 kB hugepages reported on node 0
ENA_DRIVER: ena_get_metrics_entries(): 0x6 customer metrics are supported
ENA_DRIVER: ena_rx_queue_release(): Rx queue 0:0 released
ENA_DRIVER: ena_tx_queue_release(): Tx queue 0:0 released

==================== B · raw-ping（手写 busy-poll，无 runtime） ====================
sessions 64  delay 500 µs  duration 60 s (实际 60.00 s)  payload 64 B  timeout 10000 µs  TSC 2.600 GHz
sent 6384284  received 6384284  timeouts 0  late 0  in-flight-at-end 0  unexpected 0  foreign 0  tsc-mismatch 0  other 0  arp-replied 1  tx-full 0  no-mbuf 0
对账：sent − received − timeouts − in-flight = 0（应为 0）；丢包 = timeouts = 0（其中 0 个迟到收到）
收包对账：rx 6384285 − (received + late + unexpected + foreign + tsc-mismatch + other + arp) = 0（应为 0）

metric (ns)                       count      min     mean      p50      p90      p99    p99.9   p99.99        max
in-process ①+②  [排名指标]          6384284       50      181      160      230      429      540      669      15840
seg① send  T1−T0                6384284       40       62       50       60      310      320      429       5370
seg② recv  T3−T2                6384284       10      119      110      160      260      330      450      15790
end-to-end T3−T0                6384284    24080   101360    55729   161870   165021   229218   246547     309310
seg③ wake→next T0               6384284       30       89       50      290      390      730      932       5410
sleep error                     6384284        0       29       10      110      240      570     3083      39700
deadline→next T0 (误差+③)         6384284       30      118       60      401      509      901     3360      39770
  (诊断) seg① 距上次发送<100ns          213235       70      303      300      310      330      441     1606       4350
  (诊断) seg① 100–250ns              1542       50      202      200      210      320      790      870        870
  (诊断) seg① 250–500ns           1073927       40       53       50       60       70      170      280       4410
  (诊断) seg① 500ns–2µs           3173006       40       53       50       60       70      170      270       5370
  (诊断) seg① ≥2µs                1922574       40       54       50       60       70      160      270       4780
  (诊断) 维护: rte_timer_manage      599894       20       30       30       30       40       40      840       3650
  (诊断) 维护: 整个节拍                  599894       40      338      330      629      907     1067     1840      19060

段① ≥ 125 ns 的样本占 3.735%（段①是两段式分布，它的 p99 落在哪一段只看这个占比在 1% 的哪一边）
rx_burst 包数分布（非空 burst）：1:84.02%  2:13.82%  3:2.00%  4:0.16%  其余更大的 burst 共 86 次（最大一次 22 个包）
主循环被外部打断：空轮询 > 1 µs 共 12556 次（累计 37.1 ms，最长 40.0 µs）；取包前 > 10 µs 共 22 次（累计 0.4 ms，最长 48.7 µs）
port: ipackets 6384285  opackets 6384335  imissed 0  ierrors 0  oerrors 0  rx_nombuf 0
AWS allowance（本次运行增量）：bw_in_allowance_exceeded=0  bw_out_allowance_exceeded=0  pps_allowance_exceeded=0  conntrack_allowance_exceeded=0  linklocal_allowance_exceeded=0
mbuf：pool 8191，初值 avail 8191（端口启动后 7168），关停后 avail 8191 → 泄漏 0 ✔
退出原因：到达 --duration-sec，停止发送并等在途请求收尾
构建：commit 556a373584b8 · rustc 1.98.1 (48a229cea 2026-09-01) · DPDK 25.11.3 · release
环境：AMD EPYC 9R45 · 内核 6.18.48-107.148.amzn2023.x86_64 · 网卡 0000:28:00.0 驱动 igb_uio（写合并映射：是）· clocksource tsc · rdtscp constant_tsc nonstop_tsc tsc_known_freq
时钟：读一次 rdtscp 平均 17.6 ns（每个被测段恰好含一次）；TSC 读数步长 26 周期 = 10.0 ns（时间戳分辨率，所有时间差都是它的整数倍）；周期→纳秒换算与 CLOCK_MONOTONIC_RAW 相差 +0.1 ppm
[1;34m[17:18:30][0m 退出码 0；报告：（由调用者指定）
