[1;34m[08:46:24][0m 运行 A（async-ping）--delay-us 500 --duration-sec 60 --progress-sec 0 --json /home/ec2-user/dpdk-async-ping/logs/ab-20261001-083406/A-7.json  → /home/ec2-user/dpdk-async-ping/logs/A-20261001-084624.log
EAL: No free 1048576 kB hugepages reported on node 0
ENA_DRIVER: ena_get_metrics_entries(): 0x6 customer metrics are supported
ENA_DRIVER: ena_rx_queue_release(): Rx queue 0:0 released
ENA_DRIVER: ena_tx_queue_release(): Tx queue 0:0 released

==================== A · async-ping（自研 rt runtime） ====================
sessions 64  delay 500 µs  duration 60 s (实际 60.00 s)  payload 64 B  timeout 10000 µs  TSC 2.600 GHz
sent 5867195  received 5867195  timeouts 0  late 0  in-flight-at-end 0  unexpected 0  foreign 0  tsc-mismatch 0  other 0  arp-replied 1  tx-full 0  no-mbuf 0
对账：sent − received − timeouts − in-flight = 0（应为 0）；丢包 = timeouts = 0（其中 0 个迟到收到）
收包对账：rx 5867196 − (received + late + unexpected + foreign + other + arp) = 0（应为 0）

metric (ns)                       count      min     mean      p50      p90      p99    p99.9   p99.99        max
in-process ①+②  [排名指标]          5867195       60      218      200      280      390      500      987      97390
seg① send  T1−T0                5867195       40       55       50       60       80      200      310       5200
seg② recv  T3−T2                5867195       20      163      150      220      330      441      690      97330
end-to-end T3−T0                5867195    53520   154294   159507   163446   166596   233944   259150     336240
seg③ wake→next T0               5867195       30      150       70      360      803     1258     4763     111600
sleep error                     5867195        0       44       10      110      330      938     5230     110680
deadline→next T0 (误差+③)         5867195       40      193       80      469      883     1766    11101     111690
  (诊断) seg① 距上次发送<100ns               0        0        0        0        0        0        0        0          0
  (诊断) seg① 100–250ns                 6       60       67       70       70       70       70       70         70
  (诊断) seg① 250–500ns           1681138       40       56       50       60      170      220      320       4410
  (诊断) seg① 500ns–2µs           2976740       40       55       50       60       70      190      290       5200
  (诊断) seg① ≥2µs                1209311       40       55       50       60       70      190      290       4350
  (诊断) 维护: rte_timer_manage      599868       20       25       20       30       30       40      740       3390
  (诊断) 维护: 整个节拍                  599868       50      301       70      709     1012     1338     1790     110830

段① ≥ 125 ns 的样本占 0.720%（段①是两段式分布，它的 p99 落在哪一段只看这个占比在 1% 的哪一边）
rx_burst 包数分布（非空 burst）：1:76.36%  2:19.24%  3:3.92%  4:0.48%  其余更大的 burst 共 234 次（最大一次 32 个包）
主循环被外部打断：空轮询 > 1 µs 共 12748 次（累计 44.5 ms，最长 104.1 µs）；取包前 > 10 µs 共 13 次（累计 0.2 ms，最长 32.1 µs）
port: ipackets 5867196  opackets 5867302  imissed 0  ierrors 0  oerrors 0  rx_nombuf 0
AWS allowance（本次运行增量）：bw_in_allowance_exceeded=0  bw_out_allowance_exceeded=0  pps_allowance_exceeded=0  conntrack_allowance_exceeded=0  linklocal_allowance_exceeded=0
mbuf：pool 8191，初值 avail 8191（端口启动后 7168），关停后 avail 8191 → 泄漏 0 ✔
退出原因：到达 --duration-sec，停止发送并等在途请求收尾
构建：commit ea2e92b1d3ac · rustc 1.98.1 (48a229cea 2026-09-01) · DPDK 25.11.3 · release
环境：AMD EPYC 9R45 · 内核 6.18.48-107.148.amzn2023.x86_64 · 网卡 0000:28:00.0 驱动 igb_uio（写合并映射：是）· clocksource tsc · rdtscp constant_tsc nonstop_tsc tsc_known_freq
时钟：读一次 rdtscp 平均 18.0 ns（每个被测段恰好含一次）；TSC 读数步长 26 周期 = 10.0 ns（时间戳分辨率，所有时间差都是它的整数倍）；周期→纳秒换算与 CLOCK_MONOTONIC_RAW 相差 -0.7 ppm
[1;34m[08:47:24][0m 退出码 0；报告：（由调用者指定）
