[1;34m[08:49:25][0m 运行 A（async-ping）--delay-us 500 --duration-sec 60 --progress-sec 0 --json /home/ec2-user/dpdk-async-ping/logs/ab-20261001-083406/A-8.json  → /home/ec2-user/dpdk-async-ping/logs/A-20261001-084925.log
EAL: No free 1048576 kB hugepages reported on node 0
ENA_DRIVER: ena_get_metrics_entries(): 0x6 customer metrics are supported
ENA_DRIVER: ena_rx_queue_release(): Rx queue 0:0 released
ENA_DRIVER: ena_tx_queue_release(): Tx queue 0:0 released

==================== A · async-ping（自研 rt runtime） ====================
sessions 64  delay 500 µs  duration 60 s (实际 60.00 s)  payload 64 B  timeout 10000 µs  TSC 2.600 GHz
sent 5464119  received 5464119  timeouts 0  late 0  in-flight-at-end 0  unexpected 0  foreign 0  tsc-mismatch 0  other 0  arp-replied 1  tx-full 0  no-mbuf 0
对账：sent − received − timeouts − in-flight = 0（应为 0）；丢包 = timeouts = 0（其中 0 个迟到收到）
收包对账：rx 5464120 − (received + late + unexpected + foreign + other + arp) = 0（应为 0）

metric (ns)                       count      min     mean      p50      p90      p99    p99.9   p99.99        max
in-process ①+②  [排名指标]          5464119       60      200      190      250      360      460      601      15790
seg① send  T1−T0                5464119       40       55       50       60       70      180      290       4880
seg② recv  T3−T2                5464119       20      146      130      200      300      401      521      15740
end-to-end T3−T0                5464119    55580   202596   227643   232369   235520   238670   257575     358920
seg③ wake→next T0               5464119       40      138       60      330      730     1147     1606      14180
sleep error                     5464119        0       37       10      100      290      803     2886      95970
deadline→next T0 (误差+③)         5464119       40      175       70      429      809     1332     3409      96740
  (诊断) seg① 距上次发送<100ns               0        0        0        0        0        0        0        0          0
  (诊断) seg① 100–250ns                15       60       65       70       70       70       70       70         70
  (诊断) seg① 250–500ns           1531271       40       55       50       60      160      200      310       4570
  (诊断) seg① 500ns–2µs           2850584       40       54       50       60       70      170      250       4880
  (诊断) seg① ≥2µs                1082249       40       55       50       60       70      160      240       4100
  (诊断) 维护: rte_timer_manage      599900       20       31       30       40       40       40      690       3770
  (诊断) 维护: 整个节拍                  599900       50      280       60      740      987     1147     1680       4970

段① ≥ 125 ns 的样本占 0.531%（段①是两段式分布，它的 p99 落在哪一段只看这个占比在 1% 的哪一边）
rx_burst 包数分布（非空 burst）：1:76.90%  2:18.76%  3:3.83%  4:0.51%  其余更大的 burst 共 123 次（最大一次 19 个包）
主循环被外部打断：空轮询 > 1 µs 共 12880 次（累计 39.5 ms，最长 99.0 µs）；取包前 > 10 µs 共 12 次（累计 0.2 ms，最长 50.3 µs）
port: ipackets 5464120  opackets 5464226  imissed 0  ierrors 0  oerrors 0  rx_nombuf 0
AWS allowance（本次运行增量）：bw_in_allowance_exceeded=0  bw_out_allowance_exceeded=0  pps_allowance_exceeded=0  conntrack_allowance_exceeded=0  linklocal_allowance_exceeded=0
mbuf：pool 8191，初值 avail 8191（端口启动后 7168），关停后 avail 8191 → 泄漏 0 ✔
退出原因：到达 --duration-sec，停止发送并等在途请求收尾
构建：commit ea2e92b1d3ac · rustc 1.98.1 (48a229cea 2026-09-01) · DPDK 25.11.3 · release
环境：AMD EPYC 9R45 · 内核 6.18.48-107.148.amzn2023.x86_64 · 网卡 0000:28:00.0 驱动 igb_uio（写合并映射：是）· clocksource tsc · rdtscp constant_tsc nonstop_tsc tsc_known_freq
时钟：读一次 rdtscp 平均 17.7 ns（每个被测段恰好含一次）；TSC 读数步长 26 周期 = 10.0 ns（时间戳分辨率，所有时间差都是它的整数倍）；周期→纳秒换算与 CLOCK_MONOTONIC_RAW 相差 -0.7 ppm
[1;34m[08:50:25][0m 退出码 0；报告：（由调用者指定）
