[1;34m[08:39:23][0m 运行 B（raw-ping）--delay-us 500 --duration-sec 60 --progress-sec 0 --json /home/ec2-user/dpdk-async-ping/logs/ab-20261001-083406/B-3.json  → /home/ec2-user/dpdk-async-ping/logs/B-20261001-083923.log
EAL: No free 1048576 kB hugepages reported on node 0
ENA_DRIVER: ena_get_metrics_entries(): 0x6 customer metrics are supported
ENA_DRIVER: ena_rx_queue_release(): Rx queue 0:0 released
ENA_DRIVER: ena_tx_queue_release(): Tx queue 0:0 released

==================== B · raw-ping（手写 busy-poll，无 runtime） ====================
sessions 64  delay 500 µs  duration 60 s (实际 60.00 s)  payload 64 B  timeout 10000 µs  TSC 2.600 GHz
sent 5847580  received 5847580  timeouts 0  late 0  in-flight-at-end 0  unexpected 0  foreign 0  tsc-mismatch 0  other 0  arp-replied 1  tx-full 0  no-mbuf 0
对账：sent − received − timeouts − in-flight = 0（应为 0）；丢包 = timeouts = 0（其中 0 个迟到收到）
收包对账：rx 5847581 − (received + late + unexpected + foreign + other + arp) = 0（应为 0）

metric (ns)                       count      min     mean      p50      p90      p99    p99.9   p99.99        max
in-process ①+②  [排名指标]          5847580       50      200      180      280      481      589      721      15660
seg① send  T1−T0                5847580       40       69       50       70      320      330      429       5280
seg② recv  T3−T2                5847580       10      131      120      180      280      380      490      15610
end-to-end T3−T0                5847580    53640   156534   160295   163446   167384   230793   237095     458200
seg③ wake→next T0               5847580       30      113       50      300      420      770     1129       7520
sleep error                     5847580        0       37       10      110      350      709     2738     108740
deadline→next T0 (误差+③)         5847580       30      150       60      420      700     1018     3058     108840
  (诊断) seg① 距上次发送<100ns          345049      130      312      310      320      340      441      681       4220
  (诊断) seg① 100–250ns              1500       50      207      210      220      280      380      589        590
  (诊断) seg① 250–500ns           1351885       40       54       50       60       70      180      290       3620
  (诊断) seg① 500ns–2µs           2944320       40       53       50       60       70      170      270       5280
  (诊断) seg① ≥2µs                1204826       40       55       50       60       80      170      270       3820
  (诊断) 维护: rte_timer_manage      599896       20       25       20       30       30       40      721       2990
  (诊断) 维护: 整个节拍                  599896       50      323       60      821     1018     1147     1950      16190

段① ≥ 125 ns 的样本占 6.307%（段①是两段式分布，它的 p99 落在哪一段只看这个占比在 1% 的哪一边）
rx_burst 包数分布（非空 burst）：1:76.26%  2:18.71%  3:4.38%  4:0.64%  其余更大的 burst 共 141 次（最大一次 22 个包）
主循环被外部打断：空轮询 > 1 µs 共 12887 次（累计 39.0 ms，最长 108.8 µs）；取包前 > 10 µs 共 11 次（累计 0.2 ms，最长 19.8 µs）
port: ipackets 5847581  opackets 5847687  imissed 0  ierrors 0  oerrors 0  rx_nombuf 0
AWS allowance（本次运行增量）：bw_in_allowance_exceeded=0  bw_out_allowance_exceeded=0  pps_allowance_exceeded=0  conntrack_allowance_exceeded=0  linklocal_allowance_exceeded=0
mbuf：pool 8191，初值 avail 8191（端口启动后 7168），关停后 avail 8191 → 泄漏 0 ✔
退出原因：到达 --duration-sec，停止发送并等在途请求收尾
构建：commit ea2e92b1d3ac · rustc 1.98.1 (48a229cea 2026-09-01) · DPDK 25.11.3 · release
环境：AMD EPYC 9R45 · 内核 6.18.48-107.148.amzn2023.x86_64 · 网卡 0000:28:00.0 驱动 igb_uio（写合并映射：是）· clocksource tsc · rdtscp constant_tsc nonstop_tsc tsc_known_freq
时钟：读一次 rdtscp 平均 17.7 ns（每个被测段恰好含一次）；TSC 读数步长 26 周期 = 10.0 ns（时间戳分辨率，所有时间差都是它的整数倍）；周期→纳秒换算与 CLOCK_MONOTONIC_RAW 相差 -0.7 ppm
[1;34m[08:40:23][0m 退出码 0；报告：（由调用者指定）
