[1;34m[08:44:24][0m 运行 B（raw-ping）--delay-us 500 --duration-sec 60 --progress-sec 0 --json /home/ec2-user/dpdk-async-ping/logs/ab-20261001-083406/B-6.json  → /home/ec2-user/dpdk-async-ping/logs/B-20261001-084424.log
EAL: No free 1048576 kB hugepages reported on node 0
ENA_DRIVER: ena_get_metrics_entries(): 0x6 customer metrics are supported
ENA_DRIVER: ena_rx_queue_release(): Rx queue 0:0 released
ENA_DRIVER: ena_tx_queue_release(): Tx queue 0:0 released

==================== B · raw-ping（手写 busy-poll，无 runtime） ====================
sessions 64  delay 500 µs  duration 60 s (实际 60.00 s)  payload 64 B  timeout 10000 µs  TSC 2.600 GHz
sent 5275963  received 5275963  timeouts 0  late 0  in-flight-at-end 0  unexpected 0  foreign 1  tsc-mismatch 0  other 0  arp-replied 1  tx-full 0  no-mbuf 0
对账：sent − received − timeouts − in-flight = 0（应为 0）；丢包 = timeouts = 0（其中 0 个迟到收到）
收包对账：rx 5275965 − (received + late + unexpected + foreign + other + arp) = 0（应为 0）

metric (ns)                       count      min     mean      p50      p90      p99    p99.9   p99.99        max
in-process ①+②  [排名指标]          5275963       50      204      180      310      481      580      709       5060
seg① send  T1−T0                5275963       40       74       50       70      320      330      429       4420
seg② recv  T3−T2                5275963       10      130      120      180      280      360      469       5010
end-to-end T3−T0                5275963    53480   227690   246547   249698   254424   257575   287507     396150
seg③ wake→next T0               5275963       20      102       50      300      410      770     1129      16200
sleep error                     5275963        0       37       10      110      360      858     2750      26680
deadline→next T0 (误差+③)         5275963       20      139       60      410      681     1092     3120      26770
  (诊断) seg① 距上次发送<100ns          305372      120      310      310      320      340      429      521       3740
  (诊断) seg① 100–250ns            183660       60      207      210      220      220      310      410       4420
  (诊断) seg① 250–500ns            971553       40       54       50       60       70      180      290       3330
  (诊断) seg① 500ns–2µs           2805737       40       53       50       60       70      160      260       4130
  (诊断) seg① ≥2µs                1009641       40       54       50       60       70      160      260       3560
  (诊断) 维护: rte_timer_manage      599904       20       31       30       40       40       40      601       3320
  (诊断) 维护: 整个节拍                  599904       50      301       60     1030     1369     1498     2073      14090

段① ≥ 125 ns 的样本占 9.532%（段①是两段式分布，它的 p99 落在哪一段只看这个占比在 1% 的哪一边）
rx_burst 包数分布（非空 burst）：1:76.86%  2:18.88%  3:3.75%  4:0.50%  其余更大的 burst 共 129 次（最大一次 32 个包）
主循环被外部打断：空轮询 > 1 µs 共 13109 次（累计 39.8 ms，最长 27.7 µs）；取包前 > 10 µs 共 10 次（累计 0.2 ms，最长 112.3 µs）
port: ipackets 5275965  opackets 5276070  imissed 0  ierrors 0  oerrors 0  rx_nombuf 0
AWS allowance（本次运行增量）：bw_in_allowance_exceeded=0  bw_out_allowance_exceeded=0  pps_allowance_exceeded=0  conntrack_allowance_exceeded=0  linklocal_allowance_exceeded=0
mbuf：pool 8191，初值 avail 8191（端口启动后 7168），关停后 avail 8191 → 泄漏 0 ✔
退出原因：到达 --duration-sec，停止发送并等在途请求收尾
构建：commit ea2e92b1d3ac · rustc 1.98.1 (48a229cea 2026-09-01) · DPDK 25.11.3 · release
环境：AMD EPYC 9R45 · 内核 6.18.48-107.148.amzn2023.x86_64 · 网卡 0000:28:00.0 驱动 igb_uio（写合并映射：是）· clocksource tsc · rdtscp constant_tsc nonstop_tsc tsc_known_freq
时钟：读一次 rdtscp 平均 17.8 ns（每个被测段恰好含一次）；TSC 读数步长 26 周期 = 10.0 ns（时间戳分辨率，所有时间差都是它的整数倍）；周期→纳秒换算与 CLOCK_MONOTONIC_RAW 相差 -0.7 ppm
异常包明细（最多 16 条）：
  [tsc 207534380325272] foreign：来自 13.214.173.166 的 echo reply（不是对端），id=16509 seq=14618，已丢弃
[1;34m[08:45:24][0m 退出码 0；报告：（由调用者指定）
