[1;34m[08:51:25][0m 运行 B（raw-ping）--delay-us 500 --duration-sec 60 --progress-sec 0 --json /home/ec2-user/dpdk-async-ping/logs/ab-20261001-083406/B-9.json  → /home/ec2-user/dpdk-async-ping/logs/B-20261001-085125.log
EAL: No free 1048576 kB hugepages reported on node 0
ENA_DRIVER: ena_get_metrics_entries(): 0x6 customer metrics are supported
ENA_DRIVER: ena_rx_queue_release(): Rx queue 0:0 released
ENA_DRIVER: ena_tx_queue_release(): Tx queue 0:0 released

==================== B · raw-ping（手写 busy-poll，无 runtime） ====================
sessions 64  delay 500 µs  duration 60 s (实际 60.00 s)  payload 64 B  timeout 10000 µs  TSC 2.600 GHz
sent 5504869  received 5504869  timeouts 0  late 0  in-flight-at-end 0  unexpected 0  foreign 0  tsc-mismatch 0  other 0  arp-replied 1  tx-full 0  no-mbuf 0
对账：sent − received − timeouts − in-flight = 0（应为 0）；丢包 = timeouts = 0（其中 0 个迟到收到）
收包对账：rx 5504870 − (received + late + unexpected + foreign + other + arp) = 0（应为 0）

metric (ns)                       count      min     mean      p50      p90      p99    p99.9   p99.99        max
in-process ①+②  [排名指标]          5504869       50      217      180      380      490      589      730      15110
seg① send  T1−T0                5504869       40       86       50      220      320      330      441      14960
seg② recv  T3−T2                5504869       10      130      120      180      280      370      469       6120
end-to-end T3−T0                5504869    52890   197436   243396   249698   252849   257575   300110     362170
seg③ wake→next T0               5504869       20       93       50      300      420      780     1141       6030
sleep error                     5504869        0       38       10      110      370      858     2812      39900
deadline→next T0 (误差+③)         5504869       20      131       60      401      681     1160     3120      39980
  (诊断) seg① 距上次发送<100ns          509663      130      304      300      320      330      429      749      10430
  (诊断) seg① 100–250ns            334095       60      210      210      220      230      330      469      14960
  (诊断) seg① 250–500ns            721343       40       54       50       60       70      210      300       4180
  (诊断) seg① 500ns–2µs           2846519       40       53       50       60       70      170      260       4640
  (诊断) seg① ≥2µs                1093249       40       54       50       60       70      170      280       3500
  (诊断) 维护: rte_timer_manage      599901       20       25       20       30       30       40      610       3460
  (诊断) 维护: 整个节拍                  599901       40      309       70     1000     1363     1523     2135      15740

段① ≥ 125 ns 的样本占 15.657%（段①是两段式分布，它的 p99 落在哪一段只看这个占比在 1% 的哪一边）
rx_burst 包数分布（非空 burst）：1:76.58%  2:18.85%  3:3.93%  4:0.63%  其余更大的 burst 共 152 次（最大一次 24 个包）
主循环被外部打断：空轮询 > 1 µs 共 13004 次（累计 39.5 ms，最长 41.9 µs）；取包前 > 10 µs 共 10 次（累计 0.1 ms，最长 16.8 µs）
port: ipackets 5504870  opackets 5504976  imissed 0  ierrors 0  oerrors 0  rx_nombuf 0
AWS allowance（本次运行增量）：bw_in_allowance_exceeded=0  bw_out_allowance_exceeded=0  pps_allowance_exceeded=0  conntrack_allowance_exceeded=0  linklocal_allowance_exceeded=0
mbuf：pool 8191，初值 avail 8191（端口启动后 7168），关停后 avail 8191 → 泄漏 0 ✔
退出原因：到达 --duration-sec，停止发送并等在途请求收尾
构建：commit ea2e92b1d3ac · rustc 1.98.1 (48a229cea 2026-09-01) · DPDK 25.11.3 · release
环境：AMD EPYC 9R45 · 内核 6.18.48-107.148.amzn2023.x86_64 · 网卡 0000:28:00.0 驱动 igb_uio（写合并映射：是）· clocksource tsc · rdtscp constant_tsc nonstop_tsc tsc_known_freq
时钟：读一次 rdtscp 平均 17.7 ns（每个被测段恰好含一次）；TSC 读数步长 26 周期 = 10.0 ns（时间戳分辨率，所有时间差都是它的整数倍）；周期→纳秒换算与 CLOCK_MONOTONIC_RAW 相差 -0.7 ppm
[1;34m[08:52:25][0m 退出码 0；报告：（由调用者指定）
