[1;34m[00:49:40][0m 运行 A（async-ping）--progress-sec 0 --json logs/sessions/day2-raw/rot/A1-5.json --delay-us 500 --duration-sec 60  → /dev/null
EAL: No free 1048576 kB hugepages reported on node 0
ENA_DRIVER: ena_get_metrics_entries(): 0x6 customer metrics are supported
ENA_DRIVER: ena_rx_queue_release(): Rx queue 0:0 released
ENA_DRIVER: ena_tx_queue_release(): Tx queue 0:0 released

==================== A · async-ping（自研 rt runtime） ====================
sessions 64  delay 500 µs  duration 60 s (实际 60.00 s)  payload 64 B  timeout 10000 µs  TSC 2.600 GHz
sent 5847940  received 5847940  timeouts 0  late 0  in-flight-at-end 0  unexpected 0  foreign 0  tsc-mismatch 0  other 1  arp-replied 1  tx-full 0  no-mbuf 0
对账：sent − received − timeouts − in-flight = 0（应为 0）；丢包 = timeouts = 0（其中 0 个迟到收到）
收包对账：rx 5847942 − (received + late + unexpected + foreign + other + arp) = 0（应为 0）

metric (ns)                       count      min     mean      p50      p90      p99    p99.9   p99.99        max
in-process ①+②  [排名指标]          5847940       60      206      190      270      360      469      641      15970
seg① send  T1−T0                5847940       40       54       50       60       70      180      280       6300
seg② recv  T3−T2                5847940       20      152      140      210      310      410      561      15910
end-to-end T3−T0                5847940    36260   156481   160295   163446   168960   246547   252849     317460
seg③ wake→next T0               5847940       40      129       70      320      700     1110     1400       7760
sleep error                     5847940        0       33       10      100      280      761     1753      21880
deadline→next T0 (误差+③)         5847940       40      162       70      420      770     1141     2406      22030
  (诊断) seg① 距上次发送<100ns               0        0        0        0        0        0        0        0          0
  (诊断) seg① 100–250ns                20       60       68       70       80       80       80       80         80
  (诊断) seg① 250–500ns           1534467       40       55       50       60      150      200      300       4140
  (诊断) seg① 500ns–2µs           3128905       40       53       50       60       70      160      250       6300
  (诊断) seg① ≥2µs                1184548       40       54       50       60       70      170      250       2740
  (诊断) 维护: rte_timer_manage      599895       20       30       30       30       40       40      589       1750
  (诊断) 维护: 整个节拍                  599895       40      316       70      790     1000     1203     1815      22210

段① ≥ 125 ns 的样本占 0.440%（段①是两段式分布，它的 p99 落在哪一段只看这个占比在 1% 的哪一边）
rx_burst 包数分布（非空 burst）：1:78.21%  2:18.14%  3:3.31%  4:0.34%  其余更大的 burst 共 58 次（最大一次 18 个包）
主循环被外部打断：空轮询 > 1 µs 共 12952 次（累计 26.8 ms，最长 22.2 µs）；取包前 > 10 µs 共 4 次（累计 0.1 ms，最长 42.2 µs）
port: ipackets 5847942  opackets 5848096  imissed 0  ierrors 0  oerrors 0  rx_nombuf 0
AWS allowance（本次运行增量）：bw_in_allowance_exceeded=0  bw_out_allowance_exceeded=0  pps_allowance_exceeded=0  conntrack_allowance_exceeded=0  linklocal_allowance_exceeded=0
mbuf：pool 8191，初值 avail 8191（端口启动后 7168），关停后 avail 8191 → 泄漏 0 ✔
退出原因：到达 --duration-sec，停止发送并等在途请求收尾
构建：commit ea2e92b1d3ac · rustc 1.98.1 (48a229cea 2026-09-01) · DPDK 25.11.3 · release
环境：AMD EPYC 9R45 · 内核 6.18.48-107.148.amzn2023.x86_64 · 网卡 0000:28:00.0 驱动 igb_uio（写合并映射：是）· clocksource tsc · rdtscp constant_tsc nonstop_tsc tsc_known_freq
时钟：读一次 rdtscp 平均 17.5 ns（每个被测段恰好含一次）；TSC 读数步长 26 周期 = 10.0 ns（时间戳分辨率，所有时间差都是它的整数倍）；周期→纳秒换算与 CLOCK_MONOTONIC_RAW 相差 +0.1 ppm
[1;34m[00:50:40][0m 退出码 0；报告：（由调用者指定）
