[1;34m[00:58:42][0m 运行 A（async-ping）--progress-sec 0 --json logs/sessions/day2-raw/rot/A1-8.json --delay-us 500 --duration-sec 60  → /dev/null
EAL: No free 1048576 kB hugepages reported on node 0
ENA_DRIVER: ena_get_metrics_entries(): 0x6 customer metrics are supported
ENA_DRIVER: ena_rx_queue_release(): Rx queue 0:0 released
ENA_DRIVER: ena_tx_queue_release(): Tx queue 0:0 released

==================== A · async-ping（自研 rt runtime） ====================
sessions 64  delay 500 µs  duration 60 s (实际 60.00 s)  payload 64 B  timeout 10000 µs  TSC 2.600 GHz
sent 5295366  received 5295366  timeouts 0  late 0  in-flight-at-end 0  unexpected 0  foreign 0  tsc-mismatch 0  other 0  arp-replied 1  tx-full 0  no-mbuf 0
对账：sent − received − timeouts − in-flight = 0（应为 0）；丢包 = timeouts = 0（其中 0 个迟到收到）
收包对账：rx 5295367 − (received + late + unexpected + foreign + other + arp) = 0（应为 0）

metric (ns)                       count      min     mean      p50      p90      p99    p99.9   p99.99        max
in-process ①+②  [排名指标]          5295366       60      206      190      270      360      469      629      24380
seg① send  T1−T0                5295366       40       54       50       60       70      170      260       9370
seg② recv  T3−T2                5295366       20      152      140      210      310      410      549      24330
end-to-end T3−T0                5295366    37450   225015   229218   233944   238670   248123   295384     376820
seg③ wake→next T0               5295366       30      120       70      310      700      827     1412      29710
sleep error                     5295366        0       31       10      100      270      740     1852      32400
deadline→next T0 (误差+③)         5295366       40      151       70      420      761     1110     2566      32960
  (诊断) seg① 距上次发送<100ns               0        0        0        0        0        0        0        0          0
  (诊断) seg① 100–250ns                13       60       69       70       80       80       80       80         80
  (诊断) seg① 250–500ns           1270567       40       54       50       60       70      180      290       9370
  (诊断) seg① 500ns–2µs           2865559       40       54       50       60       70      170      250       3300
  (诊断) seg① ≥2µs                1159227       40       54       50       60       70      170      250       2490
  (诊断) 维护: rte_timer_manage      599907       20       24       20       30       30       40      601       1730
  (诊断) 维护: 整个节拍                  599907       40      301       50      932     1240     1381     1680      19330

段① ≥ 125 ns 的样本占 0.330%（段①是两段式分布，它的 p99 落在哪一段只看这个占比在 1% 的哪一边）
rx_burst 包数分布（非空 burst）：1:80.16%  2:17.14%  3:2.57%  4:0.13%  其余更大的 burst 共 34 次（最大一次 24 个包）
主循环被外部打断：空轮询 > 1 µs 共 13028 次（累计 27.0 ms，最长 46.2 µs）；取包前 > 10 µs 共 12 次（累计 0.2 ms，最长 17.1 µs）
port: ipackets 5295367  opackets 5295522  imissed 0  ierrors 0  oerrors 0  rx_nombuf 0
AWS allowance（本次运行增量）：bw_in_allowance_exceeded=0  bw_out_allowance_exceeded=0  pps_allowance_exceeded=0  conntrack_allowance_exceeded=0  linklocal_allowance_exceeded=0
mbuf：pool 8191，初值 avail 8191（端口启动后 7168），关停后 avail 8191 → 泄漏 0 ✔
退出原因：到达 --duration-sec，停止发送并等在途请求收尾
构建：commit ea2e92b1d3ac · rustc 1.98.1 (48a229cea 2026-09-01) · DPDK 25.11.3 · release
环境：AMD EPYC 9R45 · 内核 6.18.48-107.148.amzn2023.x86_64 · 网卡 0000:28:00.0 驱动 igb_uio（写合并映射：是）· clocksource tsc · rdtscp constant_tsc nonstop_tsc tsc_known_freq
时钟：读一次 rdtscp 平均 17.9 ns（每个被测段恰好含一次）；TSC 读数步长 26 周期 = 10.0 ns（时间戳分辨率，所有时间差都是它的整数倍）；周期→纳秒换算与 CLOCK_MONOTONIC_RAW 相差 +0.1 ppm
[1;34m[00:59:42][0m 退出码 0；报告：（由调用者指定）
