[1;34m[01:12:45][0m 运行 A（async-ping）--progress-sec 0 --json logs/sessions/day2-raw/rot/A2-13.json --delay-us 500 --duration-sec 60  → /dev/null
EAL: No free 1048576 kB hugepages reported on node 0
ENA_DRIVER: ena_get_metrics_entries(): 0x6 customer metrics are supported
ENA_DRIVER: ena_rx_queue_release(): Rx queue 0:0 released
ENA_DRIVER: ena_tx_queue_release(): Tx queue 0:0 released

==================== A · async-ping（自研 rt runtime） ====================
sessions 64  delay 500 µs  duration 60 s (实际 60.00 s)  payload 64 B  timeout 10000 µs  TSC 2.600 GHz
sent 5338646  received 5338646  timeouts 0  late 0  in-flight-at-end 0  unexpected 0  foreign 0  tsc-mismatch 0  other 3  arp-replied 1  tx-full 0  no-mbuf 0
对账：sent − received − timeouts − in-flight = 0（应为 0）；丢包 = timeouts = 0（其中 0 个迟到收到）
收包对账：rx 5338650 − (received + late + unexpected + foreign + other + arp) = 0（应为 0）

metric (ns)                       count      min     mean      p50      p90      p99    p99.9   p99.99        max
in-process ①+②  [排名指标]          5338646       60      209      200      270      380      509      770      16540
seg① send  T1−T0                5338646       40       55       50       60       70      190      290       6430
seg② recv  T3−T2                5338646       20      154      140      220      320      450      669      16350
end-to-end T3−T0                5338646    37940   219139   229218   232369   235520   241821   295384     348460
seg③ wake→next T0               5338646       30      117       70      320      700      901     1741      15990
sleep error                     5338646        0       32       10      120      260      589     2492      32350
deadline→next T0 (误差+③)         5338646       40      150       70      429      790     1178     3729      33080
  (诊断) seg① 距上次发送<100ns               0        0        0        0        0        0        0        0          0
  (诊断) seg① 100–250ns                15       60       77       70       80      190      190      190        190
  (诊断) seg① 250–500ns           1220477       40       55       50       60      150      210      300       6430
  (诊断) seg① 500ns–2µs           3004403       40       54       50       60       70      180      270       6220
  (诊断) seg① ≥2µs                1113751       40       55       50       60       80      190      280       2910
  (诊断) 维护: rte_timer_manage      599903       20       25       30       30       30       40      690       3980
  (诊断) 维护: 整个节拍                  599903       40      282       60      809     1110     1283     1827      18010

段① ≥ 125 ns 的样本占 0.602%（段①是两段式分布，它的 p99 落在哪一段只看这个占比在 1% 的哪一边）
rx_burst 包数分布（非空 burst）：1:80.87%  2:17.14%  3:1.87%  4:0.11%  其余更大的 burst 共 79 次（最大一次 32 个包）
主循环被外部打断：空轮询 > 1 µs 共 13018 次（累计 29.8 ms，最长 116.1 µs）；取包前 > 10 µs 共 18 次（累计 0.4 ms，最长 123.4 µs）
port: ipackets 5338650  opackets 5338802  imissed 0  ierrors 0  oerrors 0  rx_nombuf 0
AWS allowance（本次运行增量）：bw_in_allowance_exceeded=0  bw_out_allowance_exceeded=0  pps_allowance_exceeded=0  conntrack_allowance_exceeded=0  linklocal_allowance_exceeded=0
mbuf：pool 8191，初值 avail 8191（端口启动后 7168），关停后 avail 8191 → 泄漏 0 ✔
退出原因：到达 --duration-sec，停止发送并等在途请求收尾
构建：commit b45fad686be5 · rustc 1.98.1 (48a229cea 2026-09-01) · DPDK 25.11.3 · release
环境：AMD EPYC 9R45 · 内核 6.18.48-107.148.amzn2023.x86_64 · 网卡 0000:28:00.0 驱动 igb_uio（写合并映射：是）· clocksource tsc · rdtscp constant_tsc nonstop_tsc tsc_known_freq
时钟：读一次 rdtscp 平均 17.9 ns（每个被测段恰好含一次）；TSC 读数步长 26 周期 = 10.0 ns（时间戳分辨率，所有时间差都是它的整数倍）；周期→纳秒换算与 CLOCK_MONOTONIC_RAW 相差 +0.1 ppm
[1;34m[01:13:46][0m 退出码 0；报告：（由调用者指定）
