[1;34m[00:36:37][0m 运行 A（async-ping）--progress-sec 0 --json logs/sessions/day2-raw/rot/A2-1.json --delay-us 500 --duration-sec 60  → /dev/null
EAL: No free 1048576 kB hugepages reported on node 0
ENA_DRIVER: ena_get_metrics_entries(): 0x6 customer metrics are supported
ENA_DRIVER: ena_rx_queue_release(): Rx queue 0:0 released
ENA_DRIVER: ena_tx_queue_release(): Tx queue 0:0 released

==================== A · async-ping（自研 rt runtime） ====================
sessions 64  delay 500 µs  duration 60 s (实际 60.00 s)  payload 64 B  timeout 10000 µs  TSC 2.600 GHz
sent 5723756  received 5723756  timeouts 0  late 0  in-flight-at-end 0  unexpected 0  foreign 0  tsc-mismatch 0  other 0  arp-replied 1  tx-full 0  no-mbuf 0
对账：sent − received − timeouts − in-flight = 0（应为 0）；丢包 = timeouts = 0（其中 0 个迟到收到）
收包对账：rx 5723757 − (received + late + unexpected + foreign + other + arp) = 0（应为 0）

metric (ns)                       count      min     mean      p50      p90      p99    p99.9   p99.99        max
in-process ①+②  [排名指标]          5723756       60      200      190      260      350      450      589      27350
seg① send  T1−T0                5723756       40       54       50       60       70      180      290       4820
seg② recv  T3−T2                5723756       20      147      140      200      290      390      509      27290
end-to-end T3−T0                5723756    36080   170722   161083   229218   233944   243396   260726     345270
seg③ wake→next T0               5723756       40      131       60      320      709     1123     1430       7060
sleep error                     5723756        0       36       10      120      280      660     1729      15850
deadline→next T0 (误差+③)         5723756       40      167       70      441      809     1190     2258      15970
  (诊断) seg① 距上次发送<100ns               0        0        0        0        0        0        0        0          0
  (诊断) seg① 100–250ns                13       60       70       70       80       80       80       80         80
  (诊断) seg① 250–500ns           1485958       40       55       50       60      160      210      310       3640
  (诊断) seg① 500ns–2µs           3060810       40       53       50       60       70      170      260       3950
  (诊断) seg① ≥2µs                1176975       40       54       50       60       70      170      280       4820
  (诊断) 维护: rte_timer_manage      599893       20       24       20       30       30       30      589       2320
  (诊断) 维护: 整个节拍                  599893       40      295       60      730      981     1178     1815      23550

段① ≥ 125 ns 的样本占 0.603%（段①是两段式分布，它的 p99 落在哪一段只看这个占比在 1% 的哪一边）
rx_burst 包数分布（非空 burst）：1:78.66%  2:17.54%  3:3.35%  4:0.44%  其余更大的 burst 共 55 次（最大一次 21 个包）
主循环被外部打断：空轮询 > 1 µs 共 13089 次（累计 26.6 ms，最长 39.8 µs）；取包前 > 10 µs 共 9 次（累计 0.1 ms，最长 18.1 µs）
port: ipackets 5723757  opackets 5723912  imissed 0  ierrors 0  oerrors 0  rx_nombuf 0
AWS allowance（本次运行增量）：bw_in_allowance_exceeded=0  bw_out_allowance_exceeded=0  pps_allowance_exceeded=0  conntrack_allowance_exceeded=0  linklocal_allowance_exceeded=0
mbuf：pool 8191，初值 avail 8191（端口启动后 7168），关停后 avail 8191 → 泄漏 0 ✔
退出原因：到达 --duration-sec，停止发送并等在途请求收尾
构建：commit b45fad686be5 · rustc 1.98.1 (48a229cea 2026-09-01) · DPDK 25.11.3 · release
环境：AMD EPYC 9R45 · 内核 6.18.48-107.148.amzn2023.x86_64 · 网卡 0000:28:00.0 驱动 igb_uio（写合并映射：是）· clocksource tsc · rdtscp constant_tsc nonstop_tsc tsc_known_freq
时钟：读一次 rdtscp 平均 17.4 ns（每个被测段恰好含一次）；TSC 读数步长 26 周期 = 10.0 ns（时间戳分辨率，所有时间差都是它的整数倍）；周期→纳秒换算与 CLOCK_MONOTONIC_RAW 相差 +0.1 ppm
[1;34m[00:37:37][0m 退出码 0；报告：（由调用者指定）
