[1;34m[00:38:38][0m 运行 A（async-ping）--progress-sec 0 --json logs/sessions/day2-raw/rot/A2-2.json --delay-us 500 --duration-sec 60  → /dev/null
EAL: No free 1048576 kB hugepages reported on node 0
ENA_DRIVER: ena_get_metrics_entries(): 0x6 customer metrics are supported
ENA_DRIVER: ena_rx_queue_release(): Rx queue 0:0 released
ENA_DRIVER: ena_tx_queue_release(): Tx queue 0:0 released

==================== A · async-ping（自研 rt runtime） ====================
sessions 64  delay 500 µs  duration 60 s (实际 60.00 s)  payload 64 B  timeout 10000 µs  TSC 2.600 GHz
sent 5875126  received 5875126  timeouts 0  late 0  in-flight-at-end 0  unexpected 0  foreign 0  tsc-mismatch 0  other 2  arp-replied 1  tx-full 0  no-mbuf 0
对账：sent − received − timeouts − in-flight = 0（应为 0）；丢包 = timeouts = 0（其中 0 个迟到收到）
收包对账：rx 5875129 − (received + late + unexpected + foreign + other + arp) = 0（应为 0）

metric (ns)                       count      min     mean      p50      p90      p99    p99.9   p99.99        max
in-process ①+②  [排名指标]          5875126       70      201      190      260      350      450      589      14790
seg① send  T1−T0                5875126       50       56       50       60       70      180      290      14640
seg② recv  T3−T2                5875126       20      145      140      200      290      390      509       4720
end-to-end T3−T0                5875126    35280   153436   160295   163446   168960   244972   262301     315950
seg③ wake→next T0               5875126       40      132       70      320      721     1123     1510       8190
sleep error                     5875126        0       36       10      120      280      660     1716      17090
deadline→next T0 (误差+③)         5875126       40      168       70      441      821     1203     2320      17250
  (诊断) seg① 距上次发送<100ns               0        0        0        0        0        0        0        0          0
  (诊断) seg① 100–250ns                19       60       69       70       80       80       80       80         80
  (诊断) seg① 250–500ns           1539531       50       57       50       60      160      220      310       2390
  (诊断) seg① 500ns–2µs           3114364       50       55       50       60       70      170      260      14640
  (诊断) seg① ≥2µs                1221212       50       56       50       60       70      170      260       3120
  (诊断) 维护: rte_timer_manage      599898       20       24       20       30       30       40      852       2140
  (诊断) 维护: 整个节拍                  599898       40      313       70      790     1000     1209     2233      30690

段① ≥ 125 ns 的样本占 0.611%（段①是两段式分布，它的 p99 落在哪一段只看这个占比在 1% 的哪一边）
rx_burst 包数分布（非空 burst）：1:78.57%  2:17.64%  3:3.36%  4:0.43%  其余更大的 burst 共 57 次（最大一次 23 个包）
主循环被外部打断：空轮询 > 1 µs 共 12947 次（累计 26.1 ms，最长 45.4 µs）；取包前 > 10 µs 共 7 次（累计 0.1 ms，最长 15.8 µs）
port: ipackets 5875129  opackets 5875282  imissed 0  ierrors 0  oerrors 0  rx_nombuf 0
AWS allowance（本次运行增量）：bw_in_allowance_exceeded=0  bw_out_allowance_exceeded=0  pps_allowance_exceeded=0  conntrack_allowance_exceeded=0  linklocal_allowance_exceeded=0
mbuf：pool 8191，初值 avail 8191（端口启动后 7168），关停后 avail 8191 → 泄漏 0 ✔
退出原因：到达 --duration-sec，停止发送并等在途请求收尾
构建：commit b45fad686be5 · rustc 1.98.1 (48a229cea 2026-09-01) · DPDK 25.11.3 · release
环境：AMD EPYC 9R45 · 内核 6.18.48-107.148.amzn2023.x86_64 · 网卡 0000:28:00.0 驱动 igb_uio（写合并映射：是）· clocksource tsc · rdtscp constant_tsc nonstop_tsc tsc_known_freq
时钟：读一次 rdtscp 平均 17.5 ns（每个被测段恰好含一次）；TSC 读数步长 26 周期 = 10.0 ns（时间戳分辨率，所有时间差都是它的整数倍）；周期→纳秒换算与 CLOCK_MONOTONIC_RAW 相差 +0.1 ppm
[1;34m[00:39:38][0m 退出码 0；报告：（由调用者指定）
