[1;34m[00:37:38][0m 运行 B（raw-ping）--progress-sec 0 --json logs/sessions/day2-raw/rot/B-1.json --delay-us 500 --duration-sec 60  → /dev/null
EAL: No free 1048576 kB hugepages reported on node 0
ENA_DRIVER: ena_get_metrics_entries(): 0x6 customer metrics are supported
ENA_DRIVER: ena_rx_queue_release(): Rx queue 0:0 released
ENA_DRIVER: ena_tx_queue_release(): Tx queue 0:0 released

==================== B · raw-ping（手写 busy-poll，无 runtime） ====================
sessions 64  delay 500 µs  duration 60 s (实际 60.00 s)  payload 64 B  timeout 10000 µs  TSC 2.600 GHz
sent 5813962  received 5813962  timeouts 0  late 0  in-flight-at-end 0  unexpected 0  foreign 0  tsc-mismatch 0  other 0  arp-replied 1  tx-full 0  no-mbuf 0
对账：sent − received − timeouts − in-flight = 0（应为 0）；丢包 = timeouts = 0（其中 0 个迟到收到）
收包对账：rx 5813963 − (received + late + unexpected + foreign + other + arp) = 0（应为 0）

metric (ns)                       count      min     mean      p50      p90      p99    p99.9   p99.99        max
in-process ①+②  [排名指标]          5813962       50      212      180      330      469      580      709      24430
seg① send  T1−T0                5813962       40       79       50      200      310      320      429      13520
seg② recv  T3−T2                5813962       10      133      120      190      280      370      481      24220
end-to-end T3−T0                5813962    41010   160345   160295   163446   166596   186289   233944     307510
seg③ wake→next T0               5813962       30      100       50      290      410      761      950       5880
sleep error                     5813962        0       35       10      110      330      650     1741      20710
deadline→next T0 (误差+③)         5813962       30      135       60      401      641      938     2061      20780
  (诊断) seg① 距上次发送<100ns          335500       70      303      300      310      330      429      620      13520
  (诊断) seg① 100–250ns            412362       60      204      200      210      220      330      481       3780
  (诊断) seg① 250–500ns            927739       40       54       50       60       70      200      290       2480
  (诊断) seg① 500ns–2µs           2942160       40       53       50       60       70      160      240       4110
  (诊断) seg① ≥2µs                1196201       40       54       50       60       70      160      240       2460
  (诊断) 维护: rte_timer_manage      599899       20       30       30       40       40       40      570       3020
  (诊断) 维护: 整个节拍                  599899       40      273       60      641      858     1000     1593      24930

段① ≥ 125 ns 的样本占 13.107%（段①是两段式分布，它的 p99 落在哪一段只看这个占比在 1% 的哪一边）
rx_burst 包数分布（非空 burst）：1:76.30%  2:18.66%  3:4.33%  4:0.71%  其余更大的 burst 共 74 次（最大一次 20 个包）
主循环被外部打断：空轮询 > 1 µs 共 13093 次（累计 26.3 ms，最长 40.8 µs）；取包前 > 10 µs 共 3 次（累计 0.0 ms，最长 14.3 µs）
port: ipackets 5813963  opackets 5814118  imissed 0  ierrors 0  oerrors 0  rx_nombuf 0
AWS allowance（本次运行增量）：bw_in_allowance_exceeded=0  bw_out_allowance_exceeded=0  pps_allowance_exceeded=0  conntrack_allowance_exceeded=0  linklocal_allowance_exceeded=0
mbuf：pool 8191，初值 avail 8191（端口启动后 7168），关停后 avail 8191 → 泄漏 0 ✔
退出原因：到达 --duration-sec，停止发送并等在途请求收尾
构建：commit b45fad686be5 · rustc 1.98.1 (48a229cea 2026-09-01) · DPDK 25.11.3 · release
环境：AMD EPYC 9R45 · 内核 6.18.48-107.148.amzn2023.x86_64 · 网卡 0000:28:00.0 驱动 igb_uio（写合并映射：是）· clocksource tsc · rdtscp constant_tsc nonstop_tsc tsc_known_freq
时钟：读一次 rdtscp 平均 17.6 ns（每个被测段恰好含一次）；TSC 读数步长 26 周期 = 10.0 ns（时间戳分辨率，所有时间差都是它的整数倍）；周期→纳秒换算与 CLOCK_MONOTONIC_RAW 相差 +0.1 ppm
[1;34m[00:38:38][0m 退出码 0；报告：（由调用者指定）
