[1;34m[01:04:44][0m 运行 B（raw-ping）--progress-sec 0 --json logs/sessions/day2-raw/rot/B-10.json --delay-us 500 --duration-sec 60  → /dev/null
EAL: No free 1048576 kB hugepages reported on node 0
ENA_DRIVER: ena_get_metrics_entries(): 0x6 customer metrics are supported
ENA_DRIVER: ena_rx_queue_release(): Rx queue 0:0 released
ENA_DRIVER: ena_tx_queue_release(): Tx queue 0:0 released

==================== B · raw-ping（手写 busy-poll，无 runtime） ====================
sessions 64  delay 500 µs  duration 60 s (实际 60.00 s)  payload 64 B  timeout 10000 µs  TSC 2.600 GHz
sent 5962220  received 5962220  timeouts 0  late 0  in-flight-at-end 0  unexpected 0  foreign 0  tsc-mismatch 0  other 1  arp-replied 1  tx-full 0  no-mbuf 0
对账：sent − received − timeouts − in-flight = 0（应为 0）；丢包 = timeouts = 0（其中 0 个迟到收到）
收包对账：rx 5962222 − (received + late + unexpected + foreign + other + arp) = 0（应为 0）

metric (ns)                       count      min     mean      p50      p90      p99    p99.9   p99.99        max
in-process ①+②  [排名指标]          5962220       50      219      190      330      490      601      803       8090
seg① send  T1−T0                5962220       40       77       50      200      310      330      420       7920
seg② recv  T3−T2                5962220       10      142      130      200      310      429      641       7450
end-to-end T3−T0                5962220    35880   143930   159507   163446   232369   248123   290658     315030
seg③ wake→next T0               5962220       20       93       50      290      410      761     1227      11800
sleep error                     5962220        0       34       10      110      300      681     2455     114910
deadline→next T0 (误差+③)         5962220       20      127       60      390      570      981     3107     114990
  (诊断) seg① 距上次发送<100ns          303786      130      301      300      320      330      429      509       6220
  (诊断) seg① 100–250ns            397932       60      206      200      210      230      340      429       7920
  (诊断) seg① 250–500ns            840473       40       55       50       60       70      200      290       5270
  (诊断) seg① 500ns–2µs           3049159       40       55       50       60       70      170      250       5270
  (诊断) seg① ≥2µs                1370870       40       55       50       60       70      170      260       4170
  (诊断) 维护: rte_timer_manage      599893       20       31       30       40       40       40      561       5420
  (诊断) 维护: 整个节拍                  599893       40      302      220      700     1012     1221     1618      26510

段① ≥ 125 ns 的样本占 12.016%（段①是两段式分布，它的 p99 落在哪一段只看这个占比在 1% 的哪一边）
rx_burst 包数分布（非空 burst）：1:78.58%  2:17.69%  3:3.31%  4:0.41%  其余更大的 burst 共 116 次（最大一次 23 个包）
主循环被外部打断：空轮询 > 1 µs 共 12907 次（累计 29.5 ms，最长 122.1 µs）；取包前 > 10 µs 共 15 次（累计 0.2 ms，最长 31.4 µs）
port: ipackets 5962222  opackets 5962376  imissed 0  ierrors 0  oerrors 0  rx_nombuf 0
AWS allowance（本次运行增量）：bw_in_allowance_exceeded=0  bw_out_allowance_exceeded=0  pps_allowance_exceeded=0  conntrack_allowance_exceeded=0  linklocal_allowance_exceeded=0
mbuf：pool 8191，初值 avail 8191（端口启动后 7168），关停后 avail 8191 → 泄漏 0 ✔
退出原因：到达 --duration-sec，停止发送并等在途请求收尾
构建：commit b45fad686be5 · rustc 1.98.1 (48a229cea 2026-09-01) · DPDK 25.11.3 · release
环境：AMD EPYC 9R45 · 内核 6.18.48-107.148.amzn2023.x86_64 · 网卡 0000:28:00.0 驱动 igb_uio（写合并映射：是）· clocksource tsc · rdtscp constant_tsc nonstop_tsc tsc_known_freq
时钟：读一次 rdtscp 平均 17.7 ns（每个被测段恰好含一次）；TSC 读数步长 26 周期 = 10.0 ns（时间戳分辨率，所有时间差都是它的整数倍）；周期→纳秒换算与 CLOCK_MONOTONIC_RAW 相差 +0.1 ppm
[1;34m[01:05:44][0m 退出码 0；报告：（由调用者指定）
