[1;34m[01:08:45][0m 运行 B（raw-ping）--progress-sec 0 --json logs/sessions/day2-raw/rot/B-12.json --delay-us 500 --duration-sec 60  → /dev/null
EAL: No free 1048576 kB hugepages reported on node 0
ENA_DRIVER: ena_get_metrics_entries(): 0x6 customer metrics are supported
ENA_DRIVER: ena_rx_queue_release(): Rx queue 0:0 released
ENA_DRIVER: ena_tx_queue_release(): Tx queue 0:0 released

==================== B · raw-ping（手写 busy-poll，无 runtime） ====================
sessions 64  delay 500 µs  duration 60 s (实际 60.00 s)  payload 64 B  timeout 10000 µs  TSC 2.600 GHz
sent 5906585  received 5906585  timeouts 0  late 0  in-flight-at-end 0  unexpected 0  foreign 0  tsc-mismatch 0  other 0  arp-replied 1  tx-full 0  no-mbuf 0
对账：sent − received − timeouts − in-flight = 0（应为 0）；丢包 = timeouts = 0（其中 0 个迟到收到）
收包对账：rx 5906586 − (received + late + unexpected + foreign + other + arp) = 0（应为 0）

metric (ns)                       count      min     mean      p50      p90      p99    p99.9   p99.99        max
in-process ①+②  [排名指标]          5906585       50      207      180      280      469      589      790      31590
seg① send  T1−T0                5906585       40       65       50       70      310      320      420       6320
seg② recv  T3−T2                5906585       10      142      130      200      300      429      641      31540
end-to-end T3−T0                5906585    36310   149991   159507   162658   167384   246547   251273     312450
seg③ wake→next T0               5906585       20      101       50      290      410      761     1110       7110
sleep error                     5906585        0       31       10      110      270      650     2332      28060
deadline→next T0 (误差+③)         5906585       30      132       60      401      620      969     2910      28310
  (诊断) seg① 距上次发送<100ns          245733       60      302      300      320      330      429     1418       3900
  (诊断) seg① 100–250ns             12386       60      203      200      210      220      320      660       2180
  (诊断) seg① 250–500ns           1193054       40       54       50       60       70      180      280       5060
  (诊断) seg① 500ns–2µs           3190946       40       54       50       60       70      170      250       6320
  (诊断) seg① ≥2µs                1264466       40       55       50       60       70      170      250       4850
  (诊断) 维护: rte_timer_manage      599894       20       31       30       40       40       40      589       7030
  (诊断) 维护: 整个节拍                  599894       50      290       90      669      938     1147     1876      23310

段① ≥ 125 ns 的样本占 4.647%（段①是两段式分布，它的 p99 落在哪一段只看这个占比在 1% 的哪一边）
rx_burst 包数分布（非空 burst）：1:79.87%  2:16.93%  3:2.73%  4:0.46%  其余更大的 burst 共 110 次（最大一次 25 个包）
主循环被外部打断：空轮询 > 1 µs 共 12889 次（累计 29.2 ms，最长 29.7 µs）；取包前 > 10 µs 共 17 次（累计 0.4 ms，最长 124.7 µs）
port: ipackets 5906586  opackets 5906741  imissed 0  ierrors 0  oerrors 0  rx_nombuf 0
AWS allowance（本次运行增量）：bw_in_allowance_exceeded=0  bw_out_allowance_exceeded=0  pps_allowance_exceeded=0  conntrack_allowance_exceeded=0  linklocal_allowance_exceeded=0
mbuf：pool 8191，初值 avail 8191（端口启动后 7168），关停后 avail 8191 → 泄漏 0 ✔
退出原因：到达 --duration-sec，停止发送并等在途请求收尾
构建：commit b45fad686be5 · rustc 1.98.1 (48a229cea 2026-09-01) · DPDK 25.11.3 · release
环境：AMD EPYC 9R45 · 内核 6.18.48-107.148.amzn2023.x86_64 · 网卡 0000:28:00.0 驱动 igb_uio（写合并映射：是）· clocksource tsc · rdtscp constant_tsc nonstop_tsc tsc_known_freq
时钟：读一次 rdtscp 平均 18.2 ns（每个被测段恰好含一次）；TSC 读数步长 26 周期 = 10.0 ns（时间戳分辨率，所有时间差都是它的整数倍）；周期→纳秒换算与 CLOCK_MONOTONIC_RAW 相差 +0.1 ppm
[1;34m[01:09:45][0m 退出码 0；报告：（由调用者指定）
