[1;34m[01:15:46][0m 运行 B（raw-ping）--progress-sec 0 --json logs/sessions/day2-raw/rot/B-14.json --delay-us 500 --duration-sec 60  → /dev/null
EAL: No free 1048576 kB hugepages reported on node 0
ENA_DRIVER: ena_get_metrics_entries(): 0x6 customer metrics are supported
ENA_DRIVER: ena_rx_queue_release(): Rx queue 0:0 released
ENA_DRIVER: ena_tx_queue_release(): Tx queue 0:0 released

==================== B · raw-ping（手写 busy-poll，无 runtime） ====================
sessions 64  delay 500 µs  duration 60 s (实际 60.00 s)  payload 64 B  timeout 10000 µs  TSC 2.600 GHz
sent 5687960  received 5687960  timeouts 0  late 0  in-flight-at-end 0  unexpected 0  foreign 0  tsc-mismatch 0  other 1  arp-replied 1  tx-full 0  no-mbuf 0
对账：sent − received − timeouts − in-flight = 0（应为 0）；丢包 = timeouts = 0（其中 0 个迟到收到）
收包对账：rx 5687962 − (received + late + unexpected + foreign + other + arp) = 0（应为 0）

metric (ns)                       count      min     mean      p50      p90      p99    p99.9   p99.99        max
in-process ①+②  [排名指标]          5687960       50      207      180      290      469      589      780      27800
seg① send  T1−T0                5687960       40       66       50       70      310      320      420       6360
seg② recv  T3−T2                5687960       10      141      130      200      300      429      641      27750
end-to-end T3−T0                5687960    35130   174979   161083   237095   240246   246547   293809     423190
seg③ wake→next T0               5687960       20      101       50      290      401      749     1227       9060
sleep error                     5687960        0       32       10      110      270      669     2283      55540
deadline→next T0 (误差+③)         5687960       30      133       60      401      570      969     3058      55630
  (诊断) seg① 距上次发送<100ns          238657       70      303      300      320      330      429      690       6360
  (诊断) seg① 100–250ns             56909       60      203      200      210      220      330      429       2710
  (诊断) seg① 250–500ns           1146690       40       54       50       60       70      180      270       5550
  (诊断) seg① 500ns–2µs           3038474       40       54       50       60       70      170      250       5720
  (诊断) seg① ≥2µs                1207230       40       54       50       60       70      170      250       5710
  (诊断) 维护: rte_timer_manage      599897       20       25       20       30       30       40      601       3430
  (诊断) 维护: 整个节拍                  599897       40      290       60      780     1147     1338     1975      15610

段① ≥ 125 ns 的样本占 5.476%（段①是两段式分布，它的 p99 落在哪一段只看这个占比在 1% 的哪一边）
rx_burst 包数分布（非空 burst）：1:78.84%  2:17.91%  3:2.94%  4:0.31%  其余更大的 burst 共 97 次（最大一次 32 个包）
主循环被外部打断：空轮询 > 1 µs 共 13022 次（累计 29.1 ms，最长 55.6 µs）；取包前 > 10 µs 共 9 次（累计 0.3 ms，最长 120.1 µs）
port: ipackets 5687962  opackets 5688116  imissed 0  ierrors 0  oerrors 0  rx_nombuf 0
AWS allowance（本次运行增量）：bw_in_allowance_exceeded=0  bw_out_allowance_exceeded=0  pps_allowance_exceeded=0  conntrack_allowance_exceeded=0  linklocal_allowance_exceeded=0
mbuf：pool 8191，初值 avail 8191（端口启动后 7168），关停后 avail 8191 → 泄漏 0 ✔
退出原因：到达 --duration-sec，停止发送并等在途请求收尾
构建：commit b45fad686be5 · rustc 1.98.1 (48a229cea 2026-09-01) · DPDK 25.11.3 · release
环境：AMD EPYC 9R45 · 内核 6.18.48-107.148.amzn2023.x86_64 · 网卡 0000:28:00.0 驱动 igb_uio（写合并映射：是）· clocksource tsc · rdtscp constant_tsc nonstop_tsc tsc_known_freq
时钟：读一次 rdtscp 平均 17.4 ns（每个被测段恰好含一次）；TSC 读数步长 26 周期 = 10.0 ns（时间戳分辨率，所有时间差都是它的整数倍）；周期→纳秒换算与 CLOCK_MONOTONIC_RAW 相差 +0.1 ppm
[1;34m[01:16:46][0m 退出码 0；报告：（由调用者指定）
