[1;34m[00:41:38][0m 运行 B（raw-ping）--progress-sec 0 --json logs/sessions/day2-raw/rot/B-3.json --delay-us 500 --duration-sec 60  → /dev/null
EAL: No free 1048576 kB hugepages reported on node 0
ENA_DRIVER: ena_get_metrics_entries(): 0x6 customer metrics are supported
ENA_DRIVER: ena_rx_queue_release(): Rx queue 0:0 released
ENA_DRIVER: ena_tx_queue_release(): Tx queue 0:0 released

==================== B · raw-ping（手写 busy-poll，无 runtime） ====================
sessions 64  delay 500 µs  duration 60 s (实际 60.00 s)  payload 64 B  timeout 10000 µs  TSC 2.600 GHz
sent 5910998  received 5910998  timeouts 0  late 0  in-flight-at-end 0  unexpected 0  foreign 0  tsc-mismatch 0  other 1  arp-replied 1  tx-full 0  no-mbuf 0
对账：sent − received − timeouts − in-flight = 0（应为 0）；丢包 = timeouts = 0（其中 0 个迟到收到）
收包对账：rx 5911000 − (received + late + unexpected + foreign + other + arp) = 0（应为 0）

metric (ns)                       count      min     mean      p50      p90      p99    p99.9   p99.99        max
in-process ①+②  [排名指标]          5910998       50      213      180      330      469      580      709      31610
seg① send  T1−T0                5910998       40       78       50      200      310      320      429       4130
seg② recv  T3−T2                5910998       10      135      130      190      280      370      490      31560
end-to-end T3−T0                5910998    36060   149512   159507   163446   244972   251273   285932     384120
seg③ wake→next T0               5910998       20       92       50      290      401      761     1110       7490
sleep error                     5910998        0       33       10      110      300      629     1766      19080
deadline→next T0 (误差+③)         5910998       20      125       60      380      580      932     2135      19190
  (诊断) seg① 距上次发送<100ns          312647      130      301      300      310      330      429      620       4130
  (诊断) seg① 100–250ns            467723       50      204      200      210      220      330      450       4050
  (诊断) seg① 250–500ns            784006       40       53       50       60       70      200      270       2220
  (诊断) seg① 500ns–2µs           3067109       40       53       50       60       70      160      240       3990
  (诊断) seg① ≥2µs                1279513       40       54       50       60       70      160      250       2600
  (诊断) 维护: rte_timer_manage      599899       20       25       20       30       30       40      610       2050
  (诊断) 维护: 整个节拍                  599899       40      293      200      690     1018     1252     1766      20230

段① ≥ 125 ns 的样本占 13.437%（段①是两段式分布，它的 p99 落在哪一段只看这个占比在 1% 的哪一边）
rx_burst 包数分布（非空 burst）：1:78.25%  2:17.77%  3:3.50%  4:0.47%  其余更大的 burst 共 73 次（最大一次 27 个包）
主循环被外部打断：空轮询 > 1 µs 共 13009 次（累计 26.4 ms，最长 30.0 µs）；取包前 > 10 µs 共 16 次（累计 0.3 ms，最长 41.0 µs）
port: ipackets 5911000  opackets 5911154  imissed 0  ierrors 0  oerrors 0  rx_nombuf 0
AWS allowance（本次运行增量）：bw_in_allowance_exceeded=0  bw_out_allowance_exceeded=0  pps_allowance_exceeded=0  conntrack_allowance_exceeded=0  linklocal_allowance_exceeded=0
mbuf：pool 8191，初值 avail 8191（端口启动后 7168），关停后 avail 8191 → 泄漏 0 ✔
退出原因：到达 --duration-sec，停止发送并等在途请求收尾
构建：commit b45fad686be5 · rustc 1.98.1 (48a229cea 2026-09-01) · DPDK 25.11.3 · release
环境：AMD EPYC 9R45 · 内核 6.18.48-107.148.amzn2023.x86_64 · 网卡 0000:28:00.0 驱动 igb_uio（写合并映射：是）· clocksource tsc · rdtscp constant_tsc nonstop_tsc tsc_known_freq
时钟：读一次 rdtscp 平均 17.6 ns（每个被测段恰好含一次）；TSC 读数步长 26 周期 = 10.0 ns（时间戳分辨率，所有时间差都是它的整数倍）；周期→纳秒换算与 CLOCK_MONOTONIC_RAW 相差 +0.1 ppm
[1;34m[00:42:39][0m 退出码 0；报告：（由调用者指定）
