[1;34m[00:46:40][0m 运行 B（raw-ping）--progress-sec 0 --json logs/sessions/day2-raw/rot/B-4.json --delay-us 500 --duration-sec 60  → /dev/null
EAL: No free 1048576 kB hugepages reported on node 0
ENA_DRIVER: ena_get_metrics_entries(): 0x6 customer metrics are supported
ENA_DRIVER: ena_rx_queue_release(): Rx queue 0:0 released
ENA_DRIVER: ena_tx_queue_release(): Tx queue 0:0 released

==================== B · raw-ping（手写 busy-poll，无 runtime） ====================
sessions 64  delay 500 µs  duration 60 s (实际 60.00 s)  payload 64 B  timeout 10000 µs  TSC 2.600 GHz
sent 5360604  received 5360604  timeouts 0  late 0  in-flight-at-end 0  unexpected 0  foreign 0  tsc-mismatch 0  other 0  arp-replied 1  tx-full 0  no-mbuf 0
对账：sent − received − timeouts − in-flight = 0（应为 0）；丢包 = timeouts = 0（其中 0 个迟到收到）
收包对账：rx 5360605 − (received + late + unexpected + foreign + other + arp) = 0（应为 0）

metric (ns)                       count      min     mean      p50      p90      p99    p99.9   p99.99        max
in-process ①+②  [排名指标]          5360604       50      205      180      300      469      580      709      15900
seg① send  T1−T0                5360604       40       69       50       70      310      320      420       4840
seg② recv  T3−T2                5360604       10      136      130      190      280      380      500      15850
end-to-end T3−T0                5360604    36330   216201   229218   232369   237095   248123   295384     364740
seg③ wake→next T0               5360604       20      105       50      290      410      761     1098       7640
sleep error                     5360604        0       34       10      110      320      660     1889      30140
deadline→next T0 (误差+③)         5360604       30      139       60      401      650      969     2332      30200
  (诊断) seg① 距上次发送<100ns          273512       60      302      300      320      330      429      580       4840
  (诊断) seg① 100–250ns            106005       50      202      200      210      220      320      450       2760
  (诊断) seg① 250–500ns           1083038       40       53       50       60       70      180      280       3070
  (诊断) seg① 500ns–2µs           2737811       40       53       50       60       70      160      240       3920
  (诊断) seg① ≥2µs                1160238       40       53       50       60       70      160      240       2790
  (诊断) 维护: rte_timer_manage      599907       20       25       20       30       30       40      601       3640
  (诊断) 维护: 整个节拍                  599907       40      258       60      770     1043     1203     1741      19170

段① ≥ 125 ns 的样本占 7.329%（段①是两段式分布，它的 p99 落在哪一段只看这个占比在 1% 的哪一边）
rx_burst 包数分布（非空 burst）：1:77.35%  2:18.39%  3:3.72%  4:0.55%  其余更大的 burst 共 59 次（最大一次 25 个包）
主循环被外部打断：空轮询 > 1 µs 共 13132 次（累计 26.9 ms，最长 40.5 µs）；取包前 > 10 µs 共 13 次（累计 0.2 ms，最长 22.5 µs）
port: ipackets 5360605  opackets 5360760  imissed 0  ierrors 0  oerrors 0  rx_nombuf 0
AWS allowance（本次运行增量）：bw_in_allowance_exceeded=0  bw_out_allowance_exceeded=0  pps_allowance_exceeded=0  conntrack_allowance_exceeded=0  linklocal_allowance_exceeded=0
mbuf：pool 8191，初值 avail 8191（端口启动后 7168），关停后 avail 8191 → 泄漏 0 ✔
退出原因：到达 --duration-sec，停止发送并等在途请求收尾
构建：commit b45fad686be5 · rustc 1.98.1 (48a229cea 2026-09-01) · DPDK 25.11.3 · release
环境：AMD EPYC 9R45 · 内核 6.18.48-107.148.amzn2023.x86_64 · 网卡 0000:28:00.0 驱动 igb_uio（写合并映射：是）· clocksource tsc · rdtscp constant_tsc nonstop_tsc tsc_known_freq
时钟：读一次 rdtscp 平均 17.6 ns（每个被测段恰好含一次）；TSC 读数步长 26 周期 = 10.0 ns（时间戳分辨率，所有时间差都是它的整数倍）；周期→纳秒换算与 CLOCK_MONOTONIC_RAW 相差 +0.1 ppm
[1;34m[00:47:40][0m 退出码 0；报告：（由调用者指定）
