[1;34m[08:36:22][0m 运行 B（raw-ping）--delay-us 500 --duration-sec 60 --progress-sec 0 --json /home/ec2-user/dpdk-async-ping/logs/ab-20261001-083406/B-2.json  → /home/ec2-user/dpdk-async-ping/logs/B-20261001-083622.log
EAL: No free 1048576 kB hugepages reported on node 0
ENA_DRIVER: ena_get_metrics_entries(): 0x6 customer metrics are supported
ENA_DRIVER: ena_rx_queue_release(): Rx queue 0:0 released
ENA_DRIVER: ena_tx_queue_release(): Tx queue 0:0 released

==================== B · raw-ping（手写 busy-poll，无 runtime） ====================
sessions 64  delay 500 µs  duration 60 s (实际 60.00 s)  payload 64 B  timeout 10000 µs  TSC 2.600 GHz
sent 6073750  received 6073750  timeouts 0  late 0  in-flight-at-end 0  unexpected 0  foreign 0  tsc-mismatch 0  other 0  arp-replied 1  tx-full 0  no-mbuf 0
对账：sent − received − timeouts − in-flight = 0（应为 0）；丢包 = timeouts = 0（其中 0 个迟到收到）
收包对账：rx 6073751 − (received + late + unexpected + foreign + other + arp) = 0（应为 0）

metric (ns)                       count      min     mean      p50      p90      p99    p99.9   p99.99        max
in-process ①+②  [排名指标]          6073750       50      204      180      320      469      570      709       5960
seg① send  T1−T0                6073750       40       74       50      180      320      330      441       5780
seg② recv  T3−T2                6073750       10      130      120      180      270      360      469       5220
end-to-end T3−T0                6073750    51940   132110   108307   226067   233944   246547   279630     358000
seg③ wake→next T0               6073750       20       90       50      300      410      770     1141      13130
sleep error                     6073750        0       32       10      110      270      709     2726      59500
deadline→next T0 (误差+③)         6073750       20      121       60      380      540     1061     3058      59600
  (诊断) seg① 距上次发送<100ns          271010      130      310      310      320      340      441     2775       5780
  (诊断) seg① 100–250ns            332896       60      210      210      220      230      330      481       4040
  (诊断) seg① 250–500ns            825196       40       54       50       60       70      210      290       3840
  (诊断) seg① 500ns–2µs           3085618       40       54       50       60       70      170      260       5680
  (诊断) seg① ≥2µs                1559030       40       55       50       60       70      170      250       4720
  (诊断) 维护: rte_timer_manage      599896       20       25       20       30       30       40      901       4330
  (诊断) 维护: 整个节拍                  599896       50      379      270      840     1123     1338     2713      13470

段① ≥ 125 ns 的样本占 10.242%（段①是两段式分布，它的 p99 落在哪一段只看这个占比在 1% 的哪一边）
rx_burst 包数分布（非空 burst）：1:80.95%  2:16.09%  3:2.64%  4:0.31%  其余更大的 burst 共 114 次（最大一次 32 个包）
主循环被外部打断：空轮询 > 1 µs 共 12534 次（累计 37.7 ms，最长 38.7 µs）；取包前 > 10 µs 共 20 次（累计 0.4 ms，最长 114.9 µs）
port: ipackets 6073751  opackets 6073857  imissed 0  ierrors 0  oerrors 0  rx_nombuf 0
AWS allowance（本次运行增量）：bw_in_allowance_exceeded=0  bw_out_allowance_exceeded=0  pps_allowance_exceeded=0  conntrack_allowance_exceeded=0  linklocal_allowance_exceeded=0
mbuf：pool 8191，初值 avail 8191（端口启动后 7168），关停后 avail 8191 → 泄漏 0 ✔
退出原因：到达 --duration-sec，停止发送并等在途请求收尾
构建：commit ea2e92b1d3ac · rustc 1.98.1 (48a229cea 2026-09-01) · DPDK 25.11.3 · release
环境：AMD EPYC 9R45 · 内核 6.18.48-107.148.amzn2023.x86_64 · 网卡 0000:28:00.0 驱动 igb_uio（写合并映射：是）· clocksource tsc · rdtscp constant_tsc nonstop_tsc tsc_known_freq
时钟：读一次 rdtscp 平均 17.7 ns（每个被测段恰好含一次）；TSC 读数步长 26 周期 = 10.0 ns（时间戳分辨率，所有时间差都是它的整数倍）；周期→纳秒换算与 CLOCK_MONOTONIC_RAW 相差 -0.7 ppm
[1;34m[08:37:22][0m 退出码 0；报告：（由调用者指定）
