[1;34m[08:47:24][0m 运行 B（raw-ping）--delay-us 500 --duration-sec 60 --progress-sec 0 --json /home/ec2-user/dpdk-async-ping/logs/ab-20261001-083406/B-7.json  → /home/ec2-user/dpdk-async-ping/logs/B-20261001-084724.log
EAL: No free 1048576 kB hugepages reported on node 0
ENA_DRIVER: ena_get_metrics_entries(): 0x6 customer metrics are supported
ENA_DRIVER: ena_rx_queue_release(): Rx queue 0:0 released
ENA_DRIVER: ena_tx_queue_release(): Tx queue 0:0 released

==================== B · raw-ping（手写 busy-poll，无 runtime） ====================
sessions 64  delay 500 µs  duration 60 s (实际 60.00 s)  payload 64 B  timeout 10000 µs  TSC 2.600 GHz
sent 5588015  received 5588015  timeouts 0  late 0  in-flight-at-end 0  unexpected 0  foreign 0  tsc-mismatch 0  other 0  arp-replied 1  tx-full 0  no-mbuf 0
对账：sent − received − timeouts − in-flight = 0（应为 0）；丢包 = timeouts = 0（其中 0 个迟到收到）
收包对账：rx 5588016 − (received + late + unexpected + foreign + other + arp) = 0（应为 0）

metric (ns)                       count      min     mean      p50      p90      p99    p99.9   p99.99        max
in-process ①+②  [排名指标]          5588015       50      216      190      300      521      629      761       5300
seg① send  T1−T0                5588015       40       71       50       70      330      350      450       4600
seg② recv  T3−T2                5588015       10      145      130      200      310      401      509       5250
end-to-end T3−T0                5588015    53420   187039   162658   244972   251273   254424   282781     333770
seg③ wake→next T0               5588015       20      113       50      320      429      803     1190      23710
sleep error                     5588015        0       37       10      110      360      770     2984      22170
deadline→next T0 (误差+③)         5588015       30      150       60      429      730     1129     3335      23710
  (诊断) seg① 距上次发送<100ns          325627       60      323      320      330      350      460      821       4600
  (诊断) seg① 100–250ns             53247       60      212      210      220      230      340      500       3500
  (诊断) seg① 250–500ns           1224373       40       54       50       60       70      190      300       4570
  (诊断) seg① 500ns–2µs           2845344       40       54       50       60       70      170      280       4280
  (诊断) seg① ≥2µs                1139424       40       54       50       60       70      170      260       4270
  (诊断) 维护: rte_timer_manage      599892       20       28       30       30       40       40      570       3830
  (诊断) 维护: 整个节拍                  599892       50      327       60      901     1283     1461     3556      32870

段① ≥ 125 ns 的样本占 7.142%（段①是两段式分布，它的 p99 落在哪一段只看这个占比在 1% 的哪一边）
rx_burst 包数分布（非空 burst）：1:76.43%  2:18.76%  3:4.17%  4:0.63%  其余更大的 burst 共 164 次（最大一次 32 个包）
主循环被外部打断：空轮询 > 1 µs 共 12905 次（累计 41.0 ms，最长 38.0 µs）；取包前 > 10 µs 共 13 次（累计 0.2 ms，最长 40.6 µs）
port: ipackets 5588016  opackets 5588122  imissed 0  ierrors 0  oerrors 0  rx_nombuf 0
AWS allowance（本次运行增量）：bw_in_allowance_exceeded=0  bw_out_allowance_exceeded=0  pps_allowance_exceeded=0  conntrack_allowance_exceeded=0  linklocal_allowance_exceeded=0
mbuf：pool 8191，初值 avail 8191（端口启动后 7168），关停后 avail 8191 → 泄漏 0 ✔
退出原因：到达 --duration-sec，停止发送并等在途请求收尾
构建：commit ea2e92b1d3ac · rustc 1.98.1 (48a229cea 2026-09-01) · DPDK 25.11.3 · release
环境：AMD EPYC 9R45 · 内核 6.18.48-107.148.amzn2023.x86_64 · 网卡 0000:28:00.0 驱动 igb_uio（写合并映射：是）· clocksource tsc · rdtscp constant_tsc nonstop_tsc tsc_known_freq
时钟：读一次 rdtscp 平均 17.8 ns（每个被测段恰好含一次）；TSC 读数步长 26 周期 = 10.0 ns（时间戳分辨率，所有时间差都是它的整数倍）；周期→纳秒换算与 CLOCK_MONOTONIC_RAW 相差 -0.7 ppm
[1;34m[08:48:25][0m 退出码 0；报告：（由调用者指定）
