EAL: No free 1048576 kB hugepages reported on node 0
ENA_DRIVER: ena_get_metrics_entries(): 0x6 customer metrics are supported
ENA_DRIVER: ena_rx_queue_release(): Rx queue 0:0 released
ENA_DRIVER: ena_tx_queue_release(): Tx queue 0:0 released

==================== B · raw-ping（手写 busy-poll，无 runtime） ====================
sessions 64  delay 500 µs  duration 8 s (实际 7.99 s)  payload 1472 B  timeout 10000 µs  TSC 2.600 GHz
sent 824890  received 824809  timeouts 81  late 0  in-flight-at-end 0  unexpected 0  foreign 0  tsc-mismatch 0  other 0  arp-replied 0  tx-full 0  no-mbuf 0
对账：sent − received − timeouts − in-flight = 0（应为 0）；丢包 = timeouts = 81（其中 0 个迟到收到）
收包对账：rx 824809 − (received + late + unexpected + foreign + other + arp) = 0（应为 0）

metric (ns)                       count      min     mean      p50      p90      p99    p99.9   p99.99        max
in-process ①+②  [排名指标]           824809       70      352      330      441      561      669     2160      16040
seg① send  T1−T0                 824809       60      238      210      320      429      521      610      15730
seg② recv  T3−T2                 824809       10      114      110      140      240      300      401      15860
end-to-end T3−T0                 824809    38090   119593   107520   173686   260726   267027   306412     316530
seg③ wake→next T0                824890       20       86       50      150      549      809     1252      13370
sleep error                      824890        0       51       10      240      401      803     2492     111860
deadline→next T0 (误差+③)          824890       30      137       60      410      809     1190     2898     111940
  (诊断) seg① 距上次发送<100ns           27652      250      356      330      450      561      610     2492       2630
  (诊断) seg① 100–250ns             33761      200      377      360      441      500      549      589       4070
  (诊断) seg① 250–500ns             89407       60      227      210      300      350      410      580       2690
  (诊断) seg① 500ns–2µs            423251       60      228      210      290      350      380      460       4850
  (诊断) seg① ≥2µs                 250738       60      227      210      290      350      380      490      15730
  (诊断) 维护: rte_timer_manage       79986       20       25       20       30       30       40      969       1790
  (诊断) 维护: 整个节拍                   79986       40      345      270      770     1049     1227     2516       4430

段① ≥ 125 ns 的样本占 99.974%（段①是两段式分布，它的 p99 落在哪一段只看这个占比在 1% 的哪一边）
rx_burst 包数分布（非空 burst）：1:87.94%  2:10.82%  3:1.15%  4:0.09%  其余更大的 burst 共 1 次（最大一次 5 个包）
主循环被外部打断：空轮询 > 1 µs 共 1635 次（累计 3.8 ms，最长 10.9 µs）；取包前 > 10 µs 共 3 次（累计 0.1 ms，最长 117.3 µs）
port: ipackets 824809  opackets 61909349  imissed 0  ierrors 0  oerrors 0  rx_nombuf 0
AWS allowance（本次运行增量）：bw_in_allowance_exceeded=0  bw_out_allowance_exceeded=0  pps_allowance_exceeded=0  conntrack_allowance_exceeded=0  linklocal_allowance_exceeded=0
mbuf：pool 8191，初值 avail 8191（端口启动后 7168），关停后 avail 8191 → 泄漏 0 ✔
退出原因：到达 --duration-sec，停止发送并等在途请求收尾
构建：commit f5b43e521118 · rustc 1.98.1 (48a229cea 2026-09-01) · DPDK 25.11.3 · release
环境：AMD EPYC 9R45 · 内核 6.18.48-107.148.amzn2023.x86_64 · 网卡 0000:28:00.0 驱动 igb_uio（写合并映射：是）· clocksource tsc · rdtscp constant_tsc nonstop_tsc tsc_known_freq
时钟：读一次 rdtscp 平均 17.6 ns（每个被测段恰好含一次）；TSC 读数步长 26 周期 = 10.0 ns（时间戳分辨率，所有时间差都是它的整数倍）；周期→纳秒换算与 CLOCK_MONOTONIC_RAW 相差 -0.7 ppm
