EAL: No free 1048576 kB hugepages reported on node 0
ENA_DRIVER: ena_get_metrics_entries(): 0x6 customer metrics are supported
ENA_DRIVER: ena_rx_queue_release(): Rx queue 0:0 released
ENA_DRIVER: ena_tx_queue_release(): Tx queue 0:0 released

==================== B · raw-ping（手写 busy-poll，无 runtime） ====================
sessions 4  delay 0 µs  duration 3 s (实际 3.00 s)  payload 64 B  timeout 10000 µs  TSC 2.600 GHz
sent 245680  received 245680  timeouts 0  late 0  in-flight-at-end 0  unexpected 0  foreign 0  tsc-mismatch 0  other 0  arp-replied 0  tx-full 0  no-mbuf 0
对账：sent − received − timeouts − in-flight = 0（应为 0）；丢包 = timeouts = 0（其中 0 个迟到收到）
收包对账：rx 245680 − (received + late + unexpected + foreign + other + arp) = 0（应为 0）

metric (ns)                       count      min     mean      p50      p90      p99    p99.9   p99.99        max
in-process ①+②  [排名指标]           245680       60      171      160      210      300      450      530       2520
seg① send  T1−T0                 245680       40       58       50       70      160      330      340       2230
seg② recv  T3−T2                 245680       10      113      110      130      190      280      360       2290
end-to-end T3−T0                 245680    33740    48806    45390    68726    72270    94326   107520     198460
seg③ wake→next T0                245680       20       23       20       30       40      120      250       3220
sleep error                      245680       10       17       20       20       20      100      190       1670
deadline→next T0 (误差+③)          245680       30       40       40       40       60      160      320       3240
  (诊断) seg① 距上次发送<100ns             972      270      323      320      330      340      469      469        470
  (诊断) seg① 100–250ns                 6      180      212      200      270      270      270      270        270
  (诊断) seg① 250–500ns              1086       40       54       50       60      110      170      290        290
  (诊断) seg① 500ns–2µs             28906       40       57       50       60      160      200      300        400
  (诊断) seg① ≥2µs                 214710       40       57       50       60      150      180      290       2230
  (诊断) 维护: rte_timer_manage       29997       20       25       20       30       30       40     1012       2800
  (诊断) 维护: 整个节拍                   29997      190      362      380      460      570      669     2024       3150

段① ≥ 125 ns 的样本占 3.241%（段①是两段式分布，它的 p99 落在哪一段只看这个占比在 1% 的哪一边）
rx_burst 包数分布（非空 burst）：1:99.61%  2:0.39%  其余更大的 burst 共 7 次（最大一次 4 个包）
主循环被外部打断：空轮询 > 1 µs 共 646 次（累计 1.2 ms，最长 5.2 µs）；取包前 > 10 µs 共 4 次（累计 0.2 ms，最长 154.5 µs）
port: ipackets 245680  opackets 61330139  imissed 0  ierrors 0  oerrors 0  rx_nombuf 0
AWS allowance（本次运行增量）：bw_in_allowance_exceeded=0  bw_out_allowance_exceeded=0  pps_allowance_exceeded=0  conntrack_allowance_exceeded=0  linklocal_allowance_exceeded=0
mbuf：pool 8191，初值 avail 8191（端口启动后 7168），关停后 avail 8191 → 泄漏 0 ✔
退出原因：到达 --duration-sec，停止发送并等在途请求收尾
构建：commit f5b43e521118 · rustc 1.98.1 (48a229cea 2026-09-01) · DPDK 25.11.3 · release
环境：AMD EPYC 9R45 · 内核 6.18.48-107.148.amzn2023.x86_64 · 网卡 0000:28:00.0 驱动 igb_uio（写合并映射：是）· clocksource tsc · rdtscp constant_tsc nonstop_tsc tsc_known_freq
时钟：读一次 rdtscp 平均 17.5 ns（每个被测段恰好含一次）；TSC 读数步长 26 周期 = 10.0 ns（时间戳分辨率，所有时间差都是它的整数倍）；周期→纳秒换算与 CLOCK_MONOTONIC_RAW 相差 -0.7 ppm
