EAL: No free 1048576 kB hugepages reported on node 0
ENA_DRIVER: ena_get_metrics_entries(): 0x6 customer metrics are supported
ENA_DRIVER: ena_rx_queue_release(): Rx queue 0:0 released
ENA_DRIVER: ena_tx_queue_release(): Tx queue 0:0 released

==================== B · raw-ping（手写 busy-poll，无 runtime） ====================
sessions 64  delay 500 µs  duration 1 s (实际 1.00 s)  payload 64 B  timeout 10000 µs  TSC 2.600 GHz
sent 99154  received 99154  timeouts 0  late 0  in-flight-at-end 0  unexpected 0  foreign 0  tsc-mismatch 0  other 0  arp-replied 0  tx-full 0  no-mbuf 0
对账：sent − received − timeouts − in-flight = 0（应为 0）；丢包 = timeouts = 0（其中 0 个迟到收到）
收包对账：rx 99154 − (received + late + unexpected + foreign + other + arp) = 0（应为 0）

metric (ns)                       count      min     mean      p50      p90      p99    p99.9   p99.99        max
in-process ①+②  [排名指标]            99154       60      189      170      260      450      570      721       2660
seg① send  T1−T0                  99154       40       66       50       70      310      330      429       2540
seg② recv  T3−T2                  99154       10      122      110      170      270      360      500       2050
end-to-end T3−T0                  99154    38270   145398   159507   162658   166596   224492   232369     304520
seg③ wake→next T0                 99154       30      102       50      290      401      761      901       2440
sleep error                       99154        0       33       10      110      280      561     1618       2580
deadline→next T0 (误差+③)           99154       40      135       60      410      641      932     1778       2870
  (诊断) seg① 距上次发送<100ns            4893      250      304      300      320      330      441     2450       2450
  (诊断) seg① 100–250ns                33      190      206      200      210      260      260      260        260
  (诊断) seg① 250–500ns             20069       40       54       50       60      150      190      270        310
  (诊断) seg① 500ns–2µs             51487       40       54       50       60      150      190      280        340
  (诊断) seg① ≥2µs                  22672       40       55       50       60      160      210      370       2540
  (诊断) 维护: rte_timer_manage       10004       20       25       20       30       30       40      250       2220
  (诊断) 维护: 整个节拍                   10004       40      285      220      629      809     1000     2492       2970

段① ≥ 125 ns 的样本占 6.188%（段①是两段式分布，它的 p99 落在哪一段只看这个占比在 1% 的哪一边）
rx_burst 包数分布（非空 burst）：1:79.85%  2:16.49%  3:3.16%  4:0.50%  其余更大的 burst 共 0 次（最大一次 4 个包）
主循环被外部打断：空轮询 > 1 µs 共 213 次（累计 0.4 ms，最长 24.2 µs）；取包前 > 10 µs 共 0 次（累计 0.0 ms，最长 0.0 µs）
port: ipackets 99154  opackets 61183613  imissed 0  ierrors 0  oerrors 0  rx_nombuf 0
AWS allowance（本次运行增量）：bw_in_allowance_exceeded=0  bw_out_allowance_exceeded=0  pps_allowance_exceeded=0  conntrack_allowance_exceeded=0  linklocal_allowance_exceeded=0
mbuf：pool 8191，初值 avail 8191（端口启动后 7168），关停后 avail 8191 → 泄漏 0 ✔
退出原因：到达 --duration-sec，停止发送并等在途请求收尾
构建：commit f5b43e521118 · rustc 1.98.1 (48a229cea 2026-09-01) · DPDK 25.11.3 · release
环境：AMD EPYC 9R45 · 内核 6.18.48-107.148.amzn2023.x86_64 · 网卡 0000:28:00.0 驱动 igb_uio（写合并映射：是）· clocksource tsc · rdtscp constant_tsc nonstop_tsc tsc_known_freq
时钟：读一次 rdtscp 平均 17.6 ns（每个被测段恰好含一次）；TSC 读数步长 26 周期 = 10.0 ns（时间戳分辨率，所有时间差都是它的整数倍）；周期→纳秒换算与 CLOCK_MONOTONIC_RAW 相差 -0.6 ppm
