EAL: No free 1048576 kB hugepages reported on node 0
ENA_DRIVER: ena_get_metrics_entries(): 0x6 customer metrics are supported
ENA_DRIVER: ena_rx_queue_release(): Rx queue 0:0 released
ENA_DRIVER: ena_tx_queue_release(): Tx queue 0:0 released

==================== A · async-ping（自研 rt runtime） ====================
sessions 64  delay 500 µs  duration 5 s (实际 5.00 s)  payload 64 B  timeout 10000 µs  TSC 2.600 GHz
sent 416530  received 413930  timeouts 2600  late 0  in-flight-at-end 0  unexpected 0  foreign 0  tsc-mismatch 0  other 0  arp-replied 0  tx-full 0  no-mbuf 16041
对账：sent − received − timeouts − in-flight = 0（应为 0）；丢包 = timeouts = 2600（其中 0 个迟到收到）
收包对账：rx 413930 − (received + late + unexpected + foreign + other + arp) = 0（应为 0）

metric (ns)                       count      min     mean      p50      p90      p99    p99.9   p99.99        max
in-process ①+②  [排名指标]           413930       60      186      180      230      340      450      761      15710
seg① send  T1−T0                 413930       40       56       50       70       80      190      330       2710
seg② recv  T3−T2                 413930       20      130      120      180      280      370      580      15650
end-to-end T3−T0                 413930    36360   206536   230793   233944   238670   248123   307987     324980
seg③ wake→next T0                416530       40      191       60      320      730     5058   205587     503780
sleep error                      416530        0       71       10      200      481     2283     4369      14750
deadline→next T0 (误差+③)          416530       40      262       80      490      981     6867   205587     503910
  (诊断) seg① 距上次发送<100ns             112      310      329      330      340      350      460      460        460
  (诊断) seg① 100–250ns                 3       60       67       60       80       80       80       80         80
  (诊断) seg① 250–500ns            113941       40       56       50       70      150      190      310       2710
  (诊断) seg① 500ns–2µs            211025       40       55       50       60       70      170      280       2110
  (诊断) seg① ≥2µs                  88849       40       56       50       70       80      170      290       2040
  (诊断) 维护: rte_timer_manage       50004       20       24       20       30       30       30      150       1560
  (诊断) 维护: 整个节拍                   50004       40      265       60      749     1141     1307     1606       3720

段① ≥ 125 ns 的样本占 0.676%（段①是两段式分布，它的 p99 落在哪一段只看这个占比在 1% 的哪一边）
rx_burst 包数分布（非空 burst）：1:78.20%  2:17.86%  3:3.54%  4:0.39%  其余更大的 burst 共 6 次（最大一次 16 个包）
主循环被外部打断：空轮询 > 1 µs 共 1093 次（累计 2.0 ms，最长 16.7 µs）；取包前 > 10 µs 共 0 次（累计 0.0 ms，最长 0.0 µs）
port: ipackets 413930  opackets 61500989  imissed 2600  ierrors 0  oerrors 0  rx_nombuf 23333863
AWS allowance（本次运行增量）：bw_in_allowance_exceeded=0  bw_out_allowance_exceeded=0  pps_allowance_exceeded=0  conntrack_allowance_exceeded=0  linklocal_allowance_exceeded=0
mbuf：pool 1040，初值 avail 1040（端口启动后 17），关停后 avail 1040 → 泄漏 0 ✔
退出原因：到达 --duration-sec，停止发送并等在途请求收尾
构建：commit f5b43e521118 · rustc 1.98.1 (48a229cea 2026-09-01) · DPDK 25.11.3 · release
环境：AMD EPYC 9R45 · 内核 6.18.48-107.148.amzn2023.x86_64 · 网卡 0000:28:00.0 驱动 igb_uio（写合并映射：是）· clocksource tsc · rdtscp constant_tsc nonstop_tsc tsc_known_freq
时钟：读一次 rdtscp 平均 17.5 ns（每个被测段恰好含一次）；TSC 读数步长 26 周期 = 10.0 ns（时间戳分辨率，所有时间差都是它的整数倍）；周期→纳秒换算与 CLOCK_MONOTONIC_RAW 相差 -0.8 ppm
