EAL: No free 1048576 kB hugepages reported on node 0
ENA_DRIVER: ena_get_metrics_entries(): 0x6 customer metrics are supported
ENA_DRIVER: ena_rx_queue_release(): Rx queue 0:0 released
ENA_DRIVER: ena_tx_queue_release(): Tx queue 0:0 released

==================== B · raw-ping（手写 busy-poll，无 runtime） ====================
sessions 64  delay 500 µs  duration 5 s (实际 5.00 s)  payload 64 B  timeout 10000 µs  TSC 2.600 GHz
sent 427121  received 425550  timeouts 1571  late 0  in-flight-at-end 0  unexpected 0  foreign 0  tsc-mismatch 0  other 0  arp-replied 0  tx-full 0  no-mbuf 11878
对账：sent − received − timeouts − in-flight = 0（应为 0）；丢包 = timeouts = 1571（其中 0 个迟到收到）
收包对账：rx 425550 − (received + late + unexpected + foreign + other + arp) = 0（应为 0）

metric (ns)                       count      min     mean      p50      p90      p99    p99.9   p99.99        max
in-process ①+②  [排名指标]           425550       50      193      160      300      469      570      681       2630
seg① send  T1−T0                 425550       40       75       50       70      320      330      441       2520
seg② recv  T3−T2                 425550       10      118      110      160      260      340      460       2120
end-to-end T3−T0                 425550    37870   212901   229218   233944   244972   252849   304836     311010
seg③ wake→next T0                427121       20       96       50      290      410     3286     7852      10310
sleep error                      427121        0       55       10      130      460      803     1766       6270
deadline→next T0 (误差+③)          427121       30      151       70      420      809     3556     7852      10340
  (诊断) seg① 距上次发送<100ns           33630       60      305      300      320      340      441      530       2520
  (诊断) seg① 100–250ns              4991       70      203      200      210      220      320      440        440
  (诊断) seg① 250–500ns             80160       40       53       50       60       70      180      300       2390
  (诊断) seg① 500ns–2µs            218907       40       53       50       60       70      160      250       2130
  (诊断) seg① ≥2µs                  87862       40       54       50       60       70      160      270       2260
  (诊断) 维护: rte_timer_manage       49996       20       25       20       30       30       40      629       2250
  (诊断) 维护: 整个节拍                   49996       40      255       60      740     1030     1240     1901      12990

段① ≥ 125 ns 的样本占 9.412%（段①是两段式分布，它的 p99 落在哪一段只看这个占比在 1% 的哪一边）
rx_burst 包数分布（非空 burst）：1:77.17%  2:18.80%  3:3.53%  4:0.50%  其余更大的 burst 共 4 次（最大一次 11 个包）
主循环被外部打断：空轮询 > 1 µs 共 1100 次（累计 2.0 ms，最长 13.7 µs）；取包前 > 10 µs 共 1 次（累计 0.0 ms，最长 21.4 µs）
port: ipackets 425550  opackets 61511580  imissed 1571  ierrors 0  oerrors 0  rx_nombuf 21226656
AWS allowance（本次运行增量）：bw_in_allowance_exceeded=0  bw_out_allowance_exceeded=0  pps_allowance_exceeded=0  conntrack_allowance_exceeded=0  linklocal_allowance_exceeded=0
mbuf：pool 1040，初值 avail 1040（端口启动后 17），关停后 avail 1040 → 泄漏 0 ✔
退出原因：到达 --duration-sec，停止发送并等在途请求收尾
构建：commit f5b43e521118 · rustc 1.98.1 (48a229cea 2026-09-01) · DPDK 25.11.3 · release
环境：AMD EPYC 9R45 · 内核 6.18.48-107.148.amzn2023.x86_64 · 网卡 0000:28:00.0 驱动 igb_uio（写合并映射：是）· clocksource tsc · rdtscp constant_tsc nonstop_tsc tsc_known_freq
时钟：读一次 rdtscp 平均 17.5 ns（每个被测段恰好含一次）；TSC 读数步长 26 周期 = 10.0 ns（时间戳分辨率，所有时间差都是它的整数倍）；周期→纳秒换算与 CLOCK_MONOTONIC_RAW 相差 -0.8 ppm
