EAL: No free 1048576 kB hugepages reported on node 0
ENA_DRIVER: ena_get_metrics_entries(): 0x6 customer metrics are supported
ENA_DRIVER: ena_rx_queue_release(): Rx queue 0:0 released
ENA_DRIVER: ena_tx_queue_release(): Tx queue 0:0 released

==================== B · raw-ping（手写 busy-poll，无 runtime） ====================
sessions 64  delay 500 µs  duration 6 s (实际 6.00 s)  payload 64 B  timeout 10000 µs  TSC 2.600 GHz
sent 590034  received 590034  timeouts 0  late 0  in-flight-at-end 0  unexpected 0  foreign 0  tsc-mismatch 0  other 1  arp-replied 0  tx-full 0  no-mbuf 0
对账：sent − received − timeouts − in-flight = 0（应为 0）；丢包 = timeouts = 0（其中 0 个迟到收到）
收包对账：rx 590035 − (received + late + unexpected + foreign + other + arp) = 0（应为 0）

metric (ns)                       count      min     mean      p50      p90      p99    p99.9   p99.99        max
in-process ①+②  [排名指标]           590034       50      199      170      310      450      561      700       2670
seg① send  T1−T0                 590034       40       78       50      200      310      330      429       2530
seg② recv  T3−T2                 590034       10      121      110      170      260      330      450       2560
end-to-end T3−T0                 590034    36030   150688   159507   163446   235520   249698   259150     307470
seg③ wake→next T0                590034       20       89       50      290      401      749      987       3120
sleep error                      590034        0       32       10      110      260      561     1766      17390
deadline→next T0 (误差+③)          590034       30      122       60      350      540      858     1975      17440
  (诊断) seg① 距上次发送<100ns           29656      240      305      310      320      330      429     1975       2530
  (诊断) seg① 100–250ns             46706      150      203      200      210      220      310      460       2250
  (诊断) seg① 250–500ns             72306       40       54       50       60       70      200      290       2290
  (诊断) seg① 500ns–2µs            315100       40       53       50       60       70      160      260       2090
  (诊断) seg① ≥2µs                 126266       40       54       50       60       70      170      290       2170
  (诊断) 维护: rte_timer_manage       59994       20       24       20       30       30       40     1141       3200
  (诊断) 维护: 整个节拍                   59994       40      275      180      610      883     1141     1950       3510

段① ≥ 125 ns 的样本占 13.277%（段①是两段式分布，它的 p99 落在哪一段只看这个占比在 1% 的哪一边）
rx_burst 包数分布（非空 burst）：1:79.28%  2:17.31%  3:2.98%  4:0.43%  其余更大的 burst 共 1 次（最大一次 14 个包）
主循环被外部打断：空轮询 > 1 µs 共 1311 次（累计 2.5 ms，最长 21.8 µs）；取包前 > 10 µs 共 1 次（累计 0.0 ms，最长 14.9 µs）
port: ipackets 590035  opackets 61674493  imissed 0  ierrors 0  oerrors 0  rx_nombuf 0
AWS allowance（本次运行增量）：bw_in_allowance_exceeded=0  bw_out_allowance_exceeded=0  pps_allowance_exceeded=0  conntrack_allowance_exceeded=0  linklocal_allowance_exceeded=0
mbuf：pool 8191，初值 avail 8191（端口启动后 7168），关停后 avail 8191 → 泄漏 0 ✔
退出原因：到达 --duration-sec，停止发送并等在途请求收尾
构建：commit f5b43e521118 · rustc 1.98.1 (48a229cea 2026-09-01) · DPDK 25.11.3 · release
环境：AMD EPYC 9R45 · 内核 6.18.48-107.148.amzn2023.x86_64 · 网卡 0000:28:00.0 驱动 igb_uio（写合并映射：是）· clocksource tsc · rdtscp constant_tsc nonstop_tsc tsc_known_freq
时钟：读一次 rdtscp 平均 17.5 ns（每个被测段恰好含一次）；TSC 读数步长 26 周期 = 10.0 ns（时间戳分辨率，所有时间差都是它的整数倍）；周期→纳秒换算与 CLOCK_MONOTONIC_RAW 相差 -0.7 ppm
