EAL: No free 1048576 kB hugepages reported on node 0
ENA_DRIVER: ena_get_metrics_entries(): 0x6 customer metrics are supported
ENA_DRIVER: ena_rx_queue_release(): Rx queue 0:0 released
ENA_DRIVER: ena_tx_queue_release(): Tx queue 0:0 released

==================== B · raw-ping（手写 busy-poll，无 runtime） ====================
sessions 64  delay 500 µs  duration 5 s (实际 5.00 s)  payload 64 B  timeout 1 µs  TSC 2.600 GHz
sent 616982  received 17346  timeouts 599636  late 599636  in-flight-at-end 0  unexpected 0  foreign 0  tsc-mismatch 0  other 0  arp-replied 0  tx-full 0  no-mbuf 0
对账：sent − received − timeouts − in-flight = 0（应为 0）；丢包 = timeouts = 599636（其中 599636 个迟到收到）
收包对账：rx 616982 − (received + late + unexpected + foreign + other + arp) = 0（应为 0）

metric (ns)                       count      min     mean      p50      p90      p99    p99.9   p99.99        max
in-process ①+②  [排名指标]            17346       70      418      429      490      589      709     2356       2370
seg① send  T1−T0                  17346       40      294      310      330      429      460      540       2230
seg② recv  T3−T2                  17346       10      124      120      170      270      390     1975       2310
end-to-end T3−T0                  17346    39240    83008    84873    98264   105156   109095   117760     118880
seg③ wake→next T0                616982       20     3030     2283     6769    14129    18560    20135      23050
sleep error                      616982        0       16       10       20      240      790     2098       2200
deadline→next T0 (误差+③)          616982       30     3046     2332     6769    14129    18560    20135      23060
  (诊断) seg① 距上次发送<100ns           15793      250      317      320      330      429      460      521        540
  (诊断) seg① 100–250ns                 1      270      270      270      270      270      270      270        270
  (诊断) seg① 250–500ns                36       50       63       50      140      220      220      220        220
  (诊断) seg① 500ns–2µs                36       50       57       50       70      160      160      160        160
  (诊断) seg① ≥2µs                   1480       40       59       50       70      160      230     2230       2230
  (诊断) 维护: rte_timer_manage       49256       20       25       20       30       30       30      690       2360
  (诊断) 维护: 整个节拍                   49256       40      417      410      660      969     1172     2541       3140

段① ≥ 125 ns 的样本占 91.283%（段①是两段式分布，它的 p99 落在哪一段只看这个占比在 1% 的哪一边）
rx_burst 包数分布（非空 burst）：1:74.65%  2:17.24%  3:5.18%  4:2.57%  5:0.19%  6:0.10%  7:0.04%  8:0.02%  其余更大的 burst 共 65 次（最大一次 19 个包）
主循环被外部打断：空轮询 > 1 µs 共 1056 次（累计 2.0 ms，最长 15.7 µs）；取包前 > 10 µs 共 3 次（累计 0.0 ms，最长 15.7 µs）
port: ipackets 616982  opackets 61701441  imissed 0  ierrors 0  oerrors 0  rx_nombuf 0
AWS allowance（本次运行增量）：bw_in_allowance_exceeded=0  bw_out_allowance_exceeded=0  pps_allowance_exceeded=0  conntrack_allowance_exceeded=0  linklocal_allowance_exceeded=0
mbuf：pool 8191，初值 avail 8191（端口启动后 7168），关停后 avail 8191 → 泄漏 0 ✔
退出原因：到达 --duration-sec，停止发送并等在途请求收尾
构建：commit f5b43e521118 · rustc 1.98.1 (48a229cea 2026-09-01) · DPDK 25.11.3 · release
环境：AMD EPYC 9R45 · 内核 6.18.48-107.148.amzn2023.x86_64 · 网卡 0000:28:00.0 驱动 igb_uio（写合并映射：是）· clocksource tsc · rdtscp constant_tsc nonstop_tsc tsc_known_freq
时钟：读一次 rdtscp 平均 17.5 ns（每个被测段恰好含一次）；TSC 读数步长 26 周期 = 10.0 ns（时间戳分辨率，所有时间差都是它的整数倍）；周期→纳秒换算与 CLOCK_MONOTONIC_RAW 相差 -0.7 ppm
