[1;34m[11:54:36][0m 运行 B（raw-ping）--progress-sec 0 --json logs/sessions/reboot1/B-600.json --delay-us 500 --duration-sec 600 --samples logs/tmp/reboot1-B.samples  → /dev/null
EAL: No free 1048576 kB hugepages reported on node 0
ENA_DRIVER: ena_get_metrics_entries(): 0x6 customer metrics are supported
ENA_DRIVER: ena_rx_queue_release(): Rx queue 0:0 released
ENA_DRIVER: ena_tx_queue_release(): Tx queue 0:0 released

==================== B · raw-ping（手写 busy-poll，无 runtime） ====================
sessions 64  delay 500 µs  duration 600 s (实际 600.01 s)  payload 64 B  timeout 10000 µs  TSC 2.600 GHz
sent 53206848  received 53206848  timeouts 0  late 0  in-flight-at-end 0  unexpected 0  foreign 1  tsc-mismatch 0  other 4  arp-replied 10  tx-full 0  no-mbuf 0
对账：sent − received − timeouts − in-flight = 0（应为 0）；丢包 = timeouts = 0（其中 0 个迟到收到）
收包对账：rx 53206863 − (received + late + unexpected + foreign + other + arp) = 0（应为 0）

metric (ns)                       count      min     mean      p50      p90      p99    p99.9   p99.99        max
in-process ①+②  [排名指标]         53206848       50      199      180      280      469      580      709      33440
seg① send  T1−T0               53206848       40       69       50       70      320      330      429      16040
seg② recv  T3−T2               53206848       10      131      120      180      280      370      481      33380
end-to-end T3−T0               53206848    51850   221567   233944   248123   252849   256000   290658     383930
seg③ wake→next T0              53206848       20      109       50      300      410      770     1129       9980
sleep error                    53206848        0       36       10      110      350      740     2664      59430
deadline→next T0 (误差+③)        53206848       20      145       60      420      669     1043     3009      59600
  (诊断) seg① 距上次发送<100ns         2922200       60      311      310      320      340      441      669       7140
  (诊断) seg① 100–250ns            270715       60      209      210      220      230      330      460       3890
  (诊断) seg① 250–500ns          11606572       40       54       50       60       70      180      290       4350
  (诊断) seg① 500ns–2µs          27694826       40       54       50       60       70      170      290      16040
  (诊断) seg① ≥2µs               10712535       40       55       50       60       80      180      290      14940
  (诊断) 维护: rte_timer_manage     5998987       20       30       30       40       40       40      963       3920
  (诊断) 维护: 整个节拍                 5998987       50      273       60      858     1258     1443     1840      33630

段① ≥ 125 ns 的样本占 6.546%（段①是两段式分布，它的 p99 落在哪一段只看这个占比在 1% 的哪一边）
rx_burst 包数分布（非空 burst）：1:76.92%  2:18.79%  3:3.81%  4:0.47%  其余更大的 burst 共 980 次（最大一次 26 个包）
主循环被外部打断：空轮询 > 1 µs 共 130763 次（累计 381.1 ms，最长 104.2 µs）；取包前 > 10 µs 共 105 次（累计 1.7 ms，最长 45.3 µs）
port: ipackets 53206863  opackets 53206916  imissed 0  ierrors 0  oerrors 0  rx_nombuf 0
AWS allowance（本次运行增量）：bw_in_allowance_exceeded=0  bw_out_allowance_exceeded=0  pps_allowance_exceeded=0  conntrack_allowance_exceeded=0  linklocal_allowance_exceeded=0
mbuf：pool 8191，初值 avail 8191（端口启动后 7168），关停后 avail 8191 → 泄漏 0 ✔
退出原因：到达 --duration-sec，停止发送并等在途请求收尾
构建：commit 11334b196717 · rustc 1.98.1 (48a229cea 2026-09-01) · DPDK 25.11.3 · release
环境：AMD EPYC 9R45 · 内核 6.18.48-107.148.amzn2023.x86_64 · 网卡 0000:28:00.0 驱动 igb_uio（写合并映射：是）· clocksource tsc · rdtscp constant_tsc nonstop_tsc tsc_known_freq
时钟：读一次 rdtscp 平均 17.6 ns（每个被测段恰好含一次）；TSC 读数步长 26 周期 = 10.0 ns（时间戳分辨率，所有时间差都是它的整数倍）；周期→纳秒换算与 CLOCK_MONOTONIC_RAW 相差 -0.7 ppm
原始样本：53206848 个 → logs/tmp/reboot1-B.samples（容量 77541976）
异常包明细（最多 16 条）：
  [tsc 2471767314588] foreign：来自 13.214.173.166 的 echo reply（不是对端），id=16509 seq=14618，已丢弃
[1;34m[12:04:36][0m 退出码 0；报告：（由调用者指定）
