[1;34m[02:56:58][0m 运行 B（raw-ping）--delay-us 500 --duration-sec 60 --progress-sec 0 --json /home/ec2-user/dpdk-async-ping/logs/ab-20261001-025146/B-3.json  → /home/ec2-user/dpdk-async-ping/logs/B-20261001-025658.log
EAL: No free 1048576 kB hugepages reported on node 0
ENA_DRIVER: ena_get_metrics_entries(): 0x6 customer metrics are supported
ENA_DRIVER: ena_rx_queue_release(): Rx queue 0:0 released
ENA_DRIVER: ena_tx_queue_release(): Tx queue 0:0 released

==================== B · raw-ping（手写 busy-poll，无 runtime） ====================
sessions 64  delay 500 µs  duration 60 s (实际 60.00 s)  payload 64 B  timeout 10000 µs  TSC 2.600 GHz
sent 5737976  received 5737976  timeouts 0  late 0  in-flight-at-end 0  unexpected 0  foreign 0  tsc-mismatch 0  other 0  arp-replied 1  tx-full 0  no-mbuf 0
对账：sent − received − timeouts − in-flight = 0（应为 0）；丢包 = timeouts = 0（其中 0 个迟到收到）
收包对账：rx 5737977 − (received + late + unexpected + foreign + other + arp) = 0（应为 0）

metric (ns)                       count      min     mean      p50      p90      p99    p99.9   p99.99        max
in-process ①+②  [排名指标]          5737976       50      195      170      270      469      580      700       5920
seg① send  T1−T0                5737976       40       69       50       70      320      330      429       4220
seg② recv  T3−T2                5737976       10      127      120      180      270      360      469       5870
end-to-end T3−T0                5737976    53110   169083   160295   248123   252849   256000   282781     381040
seg③ wake→next T0               5737976       20      108       50      300      420      780     1160       6540
sleep error                     5737976        0       36       10      120      340      740     2590      39240
deadline→next T0 (误差+③)         5737976       20      145       60      420      721     1209     2898      39310
  (诊断) seg① 距上次发送<100ns          324469      150      308      310      320      330      441      610       4050
  (诊断) seg① 100–250ns             27594       60      208      210      220      230      320      450        460
  (诊断) seg① 250–500ns           1206422       40       53       50       60       70      170      270       4020
  (诊断) seg① 500ns–2µs           3003909       40       53       50       60       70      160      250       4220
  (诊断) seg① ≥2µs                1175582       40       54       50       60       70      160      240       3350
  (诊断) 维护: rte_timer_manage      599898       20       31       30       40       40       40      570       3580
  (诊断) 维护: 整个节拍                  599898       50      288      200      761     1147     1320     1606      25460

rx_burst 包数分布（非空 burst）：1:77.87%  2:18.02%  3:3.49%  4:0.61%  其余更大的 burst 共 116 次（最大一次 26 个包）
主循环被外部打断：空轮询 > 1 µs 共 12858 次（累计 37.0 ms，最长 109.6 µs）；取包前 > 10 µs 共 14 次（累计 0.3 ms，最长 87.3 µs）
port: ipackets 5737977  opackets 5738083  imissed 0  ierrors 0  oerrors 0  rx_nombuf 0
AWS allowance（本次运行增量）：bw_in_allowance_exceeded=0  bw_out_allowance_exceeded=0  pps_allowance_exceeded=0  conntrack_allowance_exceeded=0  linklocal_allowance_exceeded=0
mbuf：pool 8191，初值 avail 8191（端口启动后 7168），关停后 avail 8191 → 泄漏 0 ✔
退出原因：到达 --duration-sec，停止发送并等在途请求收尾
[1;34m[02:57:58][0m 退出码 0；报告：（由调用者指定）
