[1;34m[02:11:16][0m 运行 A（async-ping）--delay-us 500 --duration-sec 30 --progress-sec 0 --json /home/ec2-user/dpdk-async-ping/logs/ab-20261001-020904/A-3.json  → /home/ec2-user/dpdk-async-ping/logs/A-20261001-021116.log
EAL: No free 1048576 kB hugepages reported on node 0
ENA_DRIVER: ena_get_metrics_entries(): 0x6 customer metrics are supported
ENA_DRIVER: ena_rx_queue_release(): Rx queue 0:0 released
ENA_DRIVER: ena_tx_queue_release(): Tx queue 0:0 released

==================== A · async-ping（自研 rt runtime） ====================
sessions 64  delay 500 µs  duration 30 s (实际 30.00 s)  payload 64 B  timeout 10000 µs  TSC 2.600 GHz
sent 2901245  received 2901245  timeouts 0  late 0  in-flight-at-end 0  unexpected 0  foreign 0  tsc-mismatch 0  other 0  arp-replied 0  tx-full 0  no-mbuf 0
对账：sent − received − timeouts − in-flight = 0（应为 0）；丢包 = timeouts = 0（其中 0 个迟到收到）
收包对账：rx 2901245 − (received + late + unexpected + foreign + other + arp) = 0（应为 0）

metric (ns)                       count      min     mean      p50      p90      p99    p99.9   p99.99        max
in-process ①+②  [排名指标]          2901245       60      199      180      260      370      481      650      15830
seg① send  T1−T0                2901245       40       55       50       60      150      190      310      14940
seg② recv  T3−T2                2901245       20      144      130      200      310      410      561      15780
end-to-end T3−T0                2901245    55470   161603   160295   163446   229218   233944   243396     323450
seg③ wake→next T0               2901245       40      147       70      320      730     1147     1766       9010
sleep error                     2901245        0       40       10      100      320      803     2750     113580
deadline→next T0 (误差+③)         2901245       40      187       80      429      827     1369     3384     114080
  (诊断) seg① 距上次发送<100ns               0        0        0        0        0        0        0        0          0
  (诊断) seg① 100–250ns                 6       60       63       60       70       70       70       70         70
  (诊断) seg① 250–500ns            879345       40       56       50       60      160      230      320       4510
  (诊断) seg① 500ns–2µs           1449002       40       54       50       60       80      180      300      14940
  (诊断) seg① ≥2µs                 572892       40       55       50       60       80      180      300       3250
  (诊断) 维护: rte_timer_manage      299952       20       30       30       40       40       40      580       3140
  (诊断) 维护: 整个节拍                  299952       50      322       60      809     1012     1129     1729      16110

rx_burst 包数分布（非空 burst）：1:75.27%  2:19.43%  3:4.61%  4:0.68%  其余更大的 burst 共 75 次（最大一次 22 个包）
主循环被外部打断：空轮询 > 1 µs 共 6419 次（累计 19.0 ms，最长 113.9 µs）；取包前 > 10 µs 共 8 次（累计 0.2 ms，最长 95.5 µs）
port: ipackets 2901245  opackets 2901351  imissed 0  ierrors 0  oerrors 0  rx_nombuf 0
AWS allowance（本次运行增量）：bw_in_allowance_exceeded=0  bw_out_allowance_exceeded=0  pps_allowance_exceeded=0  conntrack_allowance_exceeded=0  linklocal_allowance_exceeded=0
mbuf：pool 8191，初值 avail 8191（端口启动后 7168），关停后 avail 8191 → 泄漏 0 ✔
退出原因：到达 --duration-sec，停止发送并等在途请求收尾
[1;34m[02:11:47][0m 退出码 0；报告：（由调用者指定）
