[1;34m[02:10:16][0m 运行 B（raw-ping）--delay-us 500 --duration-sec 30 --progress-sec 0 --json /home/ec2-user/dpdk-async-ping/logs/ab-20261001-020904/B-2.json  → /home/ec2-user/dpdk-async-ping/logs/B-20261001-021016.log
EAL: No free 1048576 kB hugepages reported on node 0
ENA_DRIVER: ena_get_metrics_entries(): 0x6 customer metrics are supported
ENA_DRIVER: ena_rx_queue_release(): Rx queue 0:0 released
ENA_DRIVER: ena_tx_queue_release(): Tx queue 0:0 released

==================== B · raw-ping（手写 busy-poll，无 runtime） ====================
sessions 64  delay 500 µs  duration 30 s (实际 30.00 s)  payload 64 B  timeout 10000 µs  TSC 2.600 GHz
sent 2671598  received 2671598  timeouts 0  late 0  in-flight-at-end 0  unexpected 0  foreign 0  tsc-mismatch 0  other 0  arp-replied 0  tx-full 0  no-mbuf 0
对账：sent − received − timeouts − in-flight = 0（应为 0）；丢包 = timeouts = 0（其中 0 个迟到收到）
收包对账：rx 2671598 − (received + late + unexpected + foreign + other + arp) = 0（应为 0）

metric (ns)                       count      min     mean      p50      p90      p99    p99.9   p99.99        max
in-process ①+②  [排名指标]          2671598       50      197      170      290      469      580      709       4380
seg① send  T1−T0                2671598       40       71       50       70      320      330      429       4220
seg② recv  T3−T2                2671598       10      126      120      170      270      360      481       4100
end-to-end T3−T0                2671598    52570   218538   244972   249698   252849   257575   314289     381560
seg③ wake→next T0               2671598       20      108       50      300      420      780     1332      15290
sleep error                     2671598        0       38       10      110      360      809     2689     165740
deadline→next T0 (误差+③)         2671598       30      145       60      410      709     1203     3107     166410
  (诊断) seg① 距上次发送<100ns          156293      130      308      310      320      330      441      589       4220
  (诊断) seg① 100–250ns             34884       60      209      210      220      260      340      450        460
  (诊断) seg① 250–500ns            549492       40       54       50       60      150      190      300       3550
  (诊断) seg① 500ns–2µs           1412411       40       54       50       60       80      180      300       3820
  (诊断) seg① ≥2µs                 518518       40       55       50       60       80      180      300       3310
  (诊断) 维护: rte_timer_manage      299956       20       25       20       30       30       40      969       3190
  (诊断) 维护: 整个节拍                  299956       50      267       60      889     1270     1443     2098      10160

rx_burst 包数分布（非空 burst）：1:77.00%  2:18.69%  3:3.76%  4:0.55%  其余更大的 burst 共 50 次（最大一次 20 个包）
主循环被外部打断：空轮询 > 1 µs 共 6544 次（累计 19.3 ms，最长 167.5 µs）；取包前 > 10 µs 共 5 次（累计 0.1 ms，最长 16.8 µs）
port: ipackets 2671598  opackets 2671704  imissed 0  ierrors 0  oerrors 0  rx_nombuf 0
AWS allowance（本次运行增量）：bw_in_allowance_exceeded=0  bw_out_allowance_exceeded=0  pps_allowance_exceeded=0  conntrack_allowance_exceeded=0  linklocal_allowance_exceeded=0
mbuf：pool 8191，初值 avail 8191（端口启动后 7168），关停后 avail 8191 → 泄漏 0 ✔
退出原因：到达 --duration-sec，停止发送并等在途请求收尾
[1;34m[02:10:46][0m 退出码 0；报告：（由调用者指定）
