[1;34m[16:42:59][0m 运行 A（async-ping）--progress-sec 0 --json logs/sessions/v4-reboot2/A-600.json --delay-us 500 --duration-sec 600 --samples logs/tmp/v4-reboot2-A.samples  → /dev/null
EAL: No free 1048576 kB hugepages reported on node 0
ENA_DRIVER: ena_get_metrics_entries(): 0x6 customer metrics are supported
ENA_DRIVER: ena_rx_queue_release(): Rx queue 0:0 released
ENA_DRIVER: ena_tx_queue_release(): Tx queue 0:0 released

==================== A · async-ping（自研 rt runtime） ====================
sessions 64  delay 500 µs  duration 600 s (实际 600.00 s)  payload 64 B  timeout 10000 µs  TSC 2.600 GHz
sent 67537859  received 67537859  timeouts 0  late 0  in-flight-at-end 0  unexpected 0  foreign 1  tsc-mismatch 0  other 3  arp-replied 10  tx-full 0  no-mbuf 0
对账：sent − received − timeouts − in-flight = 0（应为 0）；丢包 = timeouts = 0（其中 0 个迟到收到）
收包对账：rx 67537873 − (received + late + unexpected + foreign + tsc-mismatch + other + arp) = 0（应为 0）

metric (ns)                       count      min     mean      p50      p90      p99    p99.9   p99.99        max
in-process ①+②  [排名指标]         67537859       60      181      170      220      320      390      509      30610
seg① send  T1−T0               67537859       40       54       50       60       70      160      250      15040
seg② recv  T3−T2               67537859       20      127      120      170      260      330      429      30560
end-to-end T3−T0               67537859    22980    68441    53366   158720   164233   237095   248123     428870
seg③ wake→next T0              67537859       40      101       60      310      690      883     1283      36270
sleep error                    67537859        0       29       10      110      250      610     3046      43270
deadline→next T0 (误差+③)        67537859       40      129       70      420      780     1178     3433      43350
  (诊断) seg① 距上次发送<100ns               0        0        0        0        0        0        0        0          0
  (诊断) seg① 100–250ns               138       50       65       60       70       80       90       90         90
  (诊断) seg① 250–500ns          11053782       40       54       50       60       70      180      290       7670
  (诊断) seg① 500ns–2µs          32124608       40       54       50       60       70      160      230      13040
  (诊断) seg① ≥2µs               24359331       40       54       50       60       70      160      230      15040
  (诊断) 维护: rte_timer_manage     5998774       20       25       20       30       30       40     1547       4780
  (诊断) 维护: 整个节拍                 5998774       40      384      360      620      809     1000     2664      34000

段① ≥ 125 ns 的样本占 0.266%（段①是两段式分布，它的 p99 落在哪一段只看这个占比在 1% 的哪一边）
rx_burst 包数分布（非空 burst）：1:87.43%  2:11.16%  3:1.30%  4:0.11%  其余更大的 burst 共 728 次（最大一次 28 个包）
主循环被外部打断：空轮询 > 1 µs 共 121628 次（累计 359.5 ms，最长 41.2 µs）；取包前 > 10 µs 共 212 次（累计 3.3 ms，最长 48.6 µs）
port: ipackets 67537873  opackets 67537919  imissed 0  ierrors 0  oerrors 0  rx_nombuf 0
AWS allowance（本次运行增量）：bw_in_allowance_exceeded=0  bw_out_allowance_exceeded=0  pps_allowance_exceeded=0  conntrack_allowance_exceeded=0  linklocal_allowance_exceeded=0
mbuf：pool 8191，初值 avail 8191（端口启动后 7168），关停后 avail 8191 → 泄漏 0 ✔
退出原因：到达 --duration-sec，停止发送并等在途请求收尾
构建：commit 556a373584b8 · rustc 1.98.1 (48a229cea 2026-09-01) · DPDK 25.11.3 · release
环境：AMD EPYC 9R45 · 内核 6.18.48-107.148.amzn2023.x86_64 · 网卡 0000:28:00.0 驱动 igb_uio（写合并映射：是）· clocksource tsc · rdtscp constant_tsc nonstop_tsc tsc_known_freq
时钟：读一次 rdtscp 平均 17.7 ns（每个被测段恰好含一次）；TSC 读数步长 26 周期 = 10.0 ns（时间戳分辨率，所有时间差都是它的整数倍）；周期→纳秒换算与 CLOCK_MONOTONIC_RAW 相差 +0.1 ppm
原始样本：67537859 个 → logs/tmp/v4-reboot2-A.samples（容量 77541976）
异常包明细（最多 16 条）：
  [tsc 1493221143596] foreign：来自 13.214.173.166 的 echo reply（不是对端），id=16509 seq=14618，已丢弃
[1;34m[16:52:59][0m 退出码 0；报告：（由调用者指定）
