[1;34m[16:53:04][0m 运行 B（raw-ping）--progress-sec 0 --json logs/sessions/v4-reboot2/B-600.json --delay-us 500 --duration-sec 600 --samples logs/tmp/v4-reboot2-B.samples  → /dev/null
EAL: No free 1048576 kB hugepages reported on node 0
ENA_DRIVER: ena_get_metrics_entries(): 0x6 customer metrics are supported
ENA_DRIVER: ena_rx_queue_release(): Rx queue 0:0 released
ENA_DRIVER: ena_tx_queue_release(): Tx queue 0:0 released

==================== B · raw-ping（手写 busy-poll，无 runtime） ====================
sessions 64  delay 500 µs  duration 600 s (实际 600.00 s)  payload 64 B  timeout 10000 µs  TSC 2.600 GHz
sent 66654444  received 66654444  timeouts 0  late 0  in-flight-at-end 0  unexpected 0  foreign 0  tsc-mismatch 0  other 4  arp-replied 10  tx-full 0  no-mbuf 0
对账：sent − received − timeouts − in-flight = 0（应为 0）；丢包 = timeouts = 0（其中 0 个迟到收到）
收包对账：rx 66654458 − (received + late + unexpected + foreign + tsc-mismatch + other + arp) = 0（应为 0）

metric (ns)                       count      min     mean      p50      p90      p99    p99.9   p99.99        max
in-process ①+②  [排名指标]         66654444       50      178      160      220      429      530      641      32270
seg① send  T1−T0               66654444       40       60       50       60      310      320      429      28260
seg② recv  T3−T2               66654444       10      119      110      160      250      320      420      32210
end-to-end T3−T0               66654444    22930    75996    53366   160295   164233   233944   248123     314260
seg③ wake→next T0              66654444       20       83       50      290      401      530      938      23390
sleep error                    66654444        0       27       10      110      240      570     3107      44070
deadline→next T0 (误差+③)        66654444       30      109       60      390      500      870     3409      44140
  (诊断) seg① 距上次发送<100ns         1800377       60      305      300      320      360      450     1338      28260
  (诊断) seg① 100–250ns              9161       50      206      200      230      481     1030     3630       3640
  (诊断) seg① 250–500ns           9648469       40       53       50       60       70      160      250       7040
  (诊断) seg① 500ns–2µs          31954780       40       53       50       60       70      160      230       6340
  (诊断) seg① ≥2µs               23241657       40       53       50       60       70      160      230       6670
  (诊断) 维护: rte_timer_manage     5998871       20       25       20       30       30       40     1510       4960
  (诊断) 维护: 整个节拍                 5998871       40      365      350      601      790      969     2849      31830

段① ≥ 125 ns 的样本占 2.905%（段①是两段式分布，它的 p99 落在哪一段只看这个占比在 1% 的哪一边）
rx_burst 包数分布（非空 burst）：1:86.71%  2:11.72%  3:1.46%  4:0.11%  其余更大的 burst 共 911 次（最大一次 31 个包）
主循环被外部打断：空轮询 > 1 µs 共 123377 次（累计 366.4 ms，最长 47.3 µs）；取包前 > 10 µs 共 200 次（累计 3.2 ms，最长 56.8 µs）
port: ipackets 66654458  opackets 66654504  imissed 0  ierrors 0  oerrors 0  rx_nombuf 0
AWS allowance（本次运行增量）：bw_in_allowance_exceeded=0  bw_out_allowance_exceeded=0  pps_allowance_exceeded=0  conntrack_allowance_exceeded=0  linklocal_allowance_exceeded=0
mbuf：pool 8191，初值 avail 8191（端口启动后 7168），关停后 avail 8191 → 泄漏 0 ✔
退出原因：到达 --duration-sec，停止发送并等在途请求收尾
构建：commit 556a373584b8 · rustc 1.98.1 (48a229cea 2026-09-01) · DPDK 25.11.3 · release
环境：AMD EPYC 9R45 · 内核 6.18.48-107.148.amzn2023.x86_64 · 网卡 0000:28:00.0 驱动 igb_uio（写合并映射：是）· clocksource tsc · rdtscp constant_tsc nonstop_tsc tsc_known_freq
时钟：读一次 rdtscp 平均 17.4 ns（每个被测段恰好含一次）；TSC 读数步长 26 周期 = 10.0 ns（时间戳分辨率，所有时间差都是它的整数倍）；周期→纳秒换算与 CLOCK_MONOTONIC_RAW 相差 +0.1 ppm
原始样本：66654444 个 → logs/tmp/v4-reboot2-B.samples（容量 77541976）
[1;34m[17:03:05][0m 退出码 0；报告：（由调用者指定）
