[1;34m[03:19:18][0m 运行 A（async-ping）--progress-sec 0 --json logs/sessions/day2b-raw/rot/A1-6.json --delay-us 500 --duration-sec 60  → /dev/null
EAL: No free 1048576 kB hugepages reported on node 0
ENA_DRIVER: ena_get_metrics_entries(): 0x6 customer metrics are supported
ENA_DRIVER: ena_rx_queue_release(): Rx queue 0:0 released
ENA_DRIVER: ena_tx_queue_release(): Tx queue 0:0 released

==================== A · async-ping（自研 rt runtime） ====================
sessions 64  delay 500 µs  duration 60 s (实际 60.00 s)  payload 64 B  timeout 10000 µs  TSC 2.600 GHz
sent 5889371  received 5889371  timeouts 0  late 0  in-flight-at-end 0  unexpected 0  foreign 1  tsc-mismatch 0  other 1  arp-replied 1  tx-full 0  no-mbuf 0
对账：sent − received − timeouts − in-flight = 0（应为 0）；丢包 = timeouts = 0（其中 0 个迟到收到）
收包对账：rx 5889374 − (received + late + unexpected + foreign + other + arp) = 0（应为 0）

metric (ns)                       count      min     mean      p50      p90      p99    p99.9   p99.99        max
in-process ①+②  [排名指标]          5889371       60      198      190      250      360      460      601      37120
seg① send  T1−T0                5889371       40       54       50       60       70      180      280       3130
seg② recv  T3−T2                5889371       20      145      130      200      300      401      521      37070
end-to-end T3−T0                5889371    35730   151858   159507   163446   238670   246547   282781     311580
seg③ wake→next T0               5889371       40      131       70      320      709     1123     1523      10110
sleep error                     5889371        0       34       10      110      290      761     1741      26350
deadline→next T0 (误差+③)         5889371       40      166       80      420      780     1160     2406      26800
  (诊断) seg① 距上次发送<100ns               0        0        0        0        0        0        0        0          0
  (诊断) seg① 100–250ns                21       60       65       60       70       70       70       70         70
  (诊断) seg① 250–500ns           1537677       40       55       50       60      150      200      300       2220
  (诊断) seg① 500ns–2µs           3122552       40       53       50       60       70      160      240       3110
  (诊断) seg① ≥2µs                1229121       40       54       50       60       70      160      240       3130
  (诊断) 维护: rte_timer_manage      599897       20       30       30       30       40       40      570       2680
  (诊断) 维护: 整个节拍                  599897       40      308      190      749      987     1203     1975      13010

段① ≥ 125 ns 的样本占 0.477%（段①是两段式分布，它的 p99 落在哪一段只看这个占比在 1% 的哪一边）
rx_burst 包数分布（非空 burst）：1:78.58%  2:17.75%  3:3.24%  4:0.43%  其余更大的 burst 共 55 次（最大一次 23 个包）
主循环被外部打断：空轮询 > 1 µs 共 12933 次（累计 25.8 ms，最长 38.9 µs）；取包前 > 10 µs 共 14 次（累计 0.2 ms，最长 30.7 µs）
port: ipackets 5889374  opackets 5889438  imissed 0  ierrors 0  oerrors 0  rx_nombuf 0
AWS allowance（本次运行增量）：bw_in_allowance_exceeded=0  bw_out_allowance_exceeded=0  pps_allowance_exceeded=0  conntrack_allowance_exceeded=0  linklocal_allowance_exceeded=0
mbuf：pool 8191，初值 avail 8191（端口启动后 7168），关停后 avail 8191 → 泄漏 0 ✔
退出原因：到达 --duration-sec，停止发送并等在途请求收尾
构建：commit ea2e92b1d3ac · rustc 1.98.1 (48a229cea 2026-09-01) · DPDK 25.11.3 · release
环境：AMD EPYC 9R45 · 内核 6.18.48-107.148.amzn2023.x86_64 · 网卡 0000:28:00.0 驱动 igb_uio（写合并映射：是）· clocksource tsc · rdtscp constant_tsc nonstop_tsc tsc_known_freq
时钟：读一次 rdtscp 平均 17.6 ns（每个被测段恰好含一次）；TSC 读数步长 26 周期 = 10.0 ns（时间戳分辨率，所有时间差都是它的整数倍）；周期→纳秒换算与 CLOCK_MONOTONIC_RAW 相差 +0.1 ppm
异常包明细（最多 16 条）：
  [tsc 2664934439856] foreign：来自 13.214.173.166 的 echo reply（不是对端），id=16509 seq=14618，已丢弃
[1;34m[03:20:18][0m 退出码 0；报告：（由调用者指定）
