[1;34m[03:26:19][0m 运行 A（async-ping）--progress-sec 0 --json logs/sessions/day2b-raw/rot/A1-8.json --delay-us 500 --duration-sec 60  → /dev/null
EAL: No free 1048576 kB hugepages reported on node 0
ENA_DRIVER: ena_get_metrics_entries(): 0x6 customer metrics are supported
ENA_DRIVER: ena_rx_queue_release(): Rx queue 0:0 released
ENA_DRIVER: ena_tx_queue_release(): Tx queue 0:0 released

==================== A · async-ping（自研 rt runtime） ====================
sessions 64  delay 500 µs  duration 60 s (实际 60.00 s)  payload 64 B  timeout 10000 µs  TSC 2.600 GHz
sent 5827194  received 5827194  timeouts 0  late 0  in-flight-at-end 0  unexpected 0  foreign 0  tsc-mismatch 0  other 0  arp-replied 1  tx-full 0  no-mbuf 0
对账：sent − received − timeouts − in-flight = 0（应为 0）；丢包 = timeouts = 0（其中 0 个迟到收到）
收包对账：rx 5827195 − (received + late + unexpected + foreign + other + arp) = 0（应为 0）

metric (ns)                       count      min     mean      p50      p90      p99    p99.9   p99.99        max
in-process ①+②  [排名指标]          5827194       60      200      190      260      360      460      589       4900
seg① send  T1−T0                5827194       40       54       50       60       70      180      290       4750
seg② recv  T3−T2                5827194       20      146      130      200      300      401      509       4670
end-to-end T3−T0                5827194    37690   158809   160295   163446   172110   246547   282781     455820
seg③ wake→next T0               5827194       40      136       70      320      709     1123     1541      12880
sleep error                     5827194        0       36       10      110      280      770     1729      39940
deadline→next T0 (误差+③)         5827194       40      171       70      420      790     1227     2356      40470
  (诊断) seg① 距上次发送<100ns               0        0        0        0        0        0        0        0          0
  (诊断) seg① 100–250ns                13       50       65       70       70       70       70       70         70
  (诊断) seg① 250–500ns           1635250       40       55       50       60      160      210      310       3670
  (诊断) seg① 500ns–2µs           3016657       40       53       50       60       70      160      250       4750
  (诊断) seg① ≥2µs                1175274       40       54       50       60       70      160      240       2240
  (诊断) 维护: rte_timer_manage      599897       20       31       30       30       40       40      709       3710
  (诊断) 维护: 整个节拍                  599897       40      301       70      740      981     1141     2049      10070

段① ≥ 125 ns 的样本占 0.576%（段①是两段式分布，它的 p99 落在哪一段只看这个占比在 1% 的哪一边）
rx_burst 包数分布（非空 burst）：1:76.93%  2:18.86%  3:3.65%  4:0.56%  其余更大的 burst 共 61 次（最大一次 31 个包）
主循环被外部打断：空轮询 > 1 µs 共 13048 次（累计 26.0 ms，最长 41.3 µs）；取包前 > 10 µs 共 10 次（累计 0.2 ms，最长 27.6 µs）
port: ipackets 5827195  opackets 5827261  imissed 0  ierrors 0  oerrors 0  rx_nombuf 0
AWS allowance（本次运行增量）：bw_in_allowance_exceeded=0  bw_out_allowance_exceeded=0  pps_allowance_exceeded=0  conntrack_allowance_exceeded=0  linklocal_allowance_exceeded=0
mbuf：pool 8191，初值 avail 8191（端口启动后 7168），关停后 avail 8191 → 泄漏 0 ✔
退出原因：到达 --duration-sec，停止发送并等在途请求收尾
构建：commit ea2e92b1d3ac · rustc 1.98.1 (48a229cea 2026-09-01) · DPDK 25.11.3 · release
环境：AMD EPYC 9R45 · 内核 6.18.48-107.148.amzn2023.x86_64 · 网卡 0000:28:00.0 驱动 igb_uio（写合并映射：是）· clocksource tsc · rdtscp constant_tsc nonstop_tsc tsc_known_freq
时钟：读一次 rdtscp 平均 17.5 ns（每个被测段恰好含一次）；TSC 读数步长 26 周期 = 10.0 ns（时间戳分辨率，所有时间差都是它的整数倍）；周期→纳秒换算与 CLOCK_MONOTONIC_RAW 相差 +0.1 ppm
[1;34m[03:27:20][0m 退出码 0；报告：（由调用者指定）
