[1;34m[03:25:19][0m 运行 B（raw-ping）--progress-sec 0 --json logs/sessions/day2b-raw/rot/B-8.json --delay-us 500 --duration-sec 60  → /dev/null
EAL: No free 1048576 kB hugepages reported on node 0
ENA_DRIVER: ena_get_metrics_entries(): 0x6 customer metrics are supported
ENA_DRIVER: ena_rx_queue_release(): Rx queue 0:0 released
ENA_DRIVER: ena_tx_queue_release(): Tx queue 0:0 released

==================== B · raw-ping（手写 busy-poll，无 runtime） ====================
sessions 64  delay 500 µs  duration 60 s (实际 60.00 s)  payload 64 B  timeout 10000 µs  TSC 2.600 GHz
sent 5825603  received 5825603  timeouts 0  late 0  in-flight-at-end 0  unexpected 0  foreign 0  tsc-mismatch 0  other 1  arp-replied 1  tx-full 0  no-mbuf 0
对账：sent − received − timeouts − in-flight = 0（应为 0）；丢包 = timeouts = 0（其中 0 个迟到收到）
收包对账：rx 5825605 − (received + late + unexpected + foreign + other + arp) = 0（应为 0）

metric (ns)                       count      min     mean      p50      p90      p99    p99.9   p99.99        max
in-process ①+②  [排名指标]          5825603       50      195      170      270      460      570      690      12880
seg① send  T1−T0                5825603       40       67       50       70      310      320      420      12770
seg② recv  T3−T2                5825603       10      129      120      180      270      360      460       3550
end-to-end T3−T0                5825603    35570   159014   160295   163446   167384   232369   240246     311050
seg③ wake→next T0               5825603       20      111       50      300      410      761     1098       7500
sleep error                     5825603        0       35       10      110      300      629     1630      12110
deadline→next T0 (误差+③)         5825603       30      146       60      410      650      981     2012      12390
  (诊断) seg① 距上次发送<100ns          320587      120      303      300      320      330      429      530      12770
  (诊断) seg① 100–250ns              2114       60      202      200      210      270      380      440        440
  (诊断) seg① 250–500ns           1350644       40       53       50       60       70      170      280       3380
  (诊断) seg① 500ns–2µs           2949607       40       53       50       60       70      160      250       2700
  (诊断) seg① ≥2µs                1202651       40       53       50       60       70      160      240      10730
  (诊断) 维护: rte_timer_manage      599899       20       25       20       30       30       40      803       2890
  (诊断) 维护: 整个节拍                  599899       40      267       60      641      852     1012     1790      16310

段① ≥ 125 ns 的样本占 5.810%（段①是两段式分布，它的 p99 落在哪一段只看这个占比在 1% 的哪一边）
rx_burst 包数分布（非空 burst）：1:75.99%  2:19.34%  3:4.07%  4:0.60%  其余更大的 burst 共 63 次（最大一次 26 个包）
主循环被外部打断：空轮询 > 1 µs 共 13030 次（累计 25.5 ms，最长 41.4 µs）；取包前 > 10 µs 共 7 次（累计 0.1 ms，最长 58.2 µs）
port: ipackets 5825605  opackets 5825670  imissed 0  ierrors 0  oerrors 0  rx_nombuf 0
AWS allowance（本次运行增量）：bw_in_allowance_exceeded=0  bw_out_allowance_exceeded=0  pps_allowance_exceeded=0  conntrack_allowance_exceeded=0  linklocal_allowance_exceeded=0
mbuf：pool 8191，初值 avail 8191（端口启动后 7168），关停后 avail 8191 → 泄漏 0 ✔
退出原因：到达 --duration-sec，停止发送并等在途请求收尾
构建：commit 7c98e813316e · rustc 1.98.1 (48a229cea 2026-09-01) · DPDK 25.11.3 · release
环境：AMD EPYC 9R45 · 内核 6.18.48-107.148.amzn2023.x86_64 · 网卡 0000:28:00.0 驱动 igb_uio（写合并映射：是）· clocksource tsc · rdtscp constant_tsc nonstop_tsc tsc_known_freq
时钟：读一次 rdtscp 平均 17.5 ns（每个被测段恰好含一次）；TSC 读数步长 26 周期 = 10.0 ns（时间戳分辨率，所有时间差都是它的整数倍）；周期→纳秒换算与 CLOCK_MONOTONIC_RAW 相差 +0.1 ppm
[1;34m[03:26:19][0m 退出码 0；报告：（由调用者指定）
