[1;34m[03:27:20][0m 运行 B（raw-ping）--progress-sec 0 --json logs/sessions/day2b-raw/rot/B-9.json --delay-us 500 --duration-sec 60  → /dev/null
EAL: No free 1048576 kB hugepages reported on node 0
ENA_DRIVER: ena_get_metrics_entries(): 0x6 customer metrics are supported
ENA_DRIVER: ena_rx_queue_release(): Rx queue 0:0 released
ENA_DRIVER: ena_tx_queue_release(): Tx queue 0:0 released

==================== B · raw-ping（手写 busy-poll，无 runtime） ====================
sessions 64  delay 500 µs  duration 60 s (实际 60.00 s)  payload 64 B  timeout 10000 µs  TSC 2.600 GHz
sent 5766697  received 5766697  timeouts 0  late 0  in-flight-at-end 0  unexpected 0  foreign 0  tsc-mismatch 0  other 0  arp-replied 1  tx-full 0  no-mbuf 0
对账：sent − received − timeouts − in-flight = 0（应为 0）；丢包 = timeouts = 0（其中 0 个迟到收到）
收包对账：rx 5766698 − (received + late + unexpected + foreign + other + arp) = 0（应为 0）

metric (ns)                       count      min     mean      p50      p90      p99    p99.9   p99.99        max
in-process ①+②  [排名指标]          5766697       50      193      170      260      450      561      669      29120
seg① send  T1−T0                5766697       40       64       50       60      310      320      420       4580
seg② recv  T3−T2                5766697       10      128      120      180      270      360      460      29070
end-to-end T3−T0                5766697    36140   165767   160295   230793   238670   251273   293809     357860
seg③ wake→next T0               5766697       20       99       50      290      401      749      907       7970
sleep error                     5766697        0       31       10      110      270      549     1692      39040
deadline→next T0 (误差+③)         5766697       30      130       60      401      549      883     1987      39130
  (诊断) seg① 距上次发送<100ns          243638      220      305      300      320      330      429      540       3090
  (诊断) seg① 100–250ns             28091       50      202      200      210      220      310      420       1790
  (诊断) seg① 250–500ns           1148486       40       53       50       60       70      170      270       2250
  (诊断) seg① 500ns–2µs           3028336       40       53       50       60       70      160      240       4580
  (诊断) seg① ≥2µs                1318146       40       53       50       60       70      160      250       3420
  (诊断) 维护: rte_timer_manage      599906       20       25       20       30       30       40      601       2950
  (诊断) 维护: 整个节拍                  599906       40      284      210      700     1000     1209     1913      16230

段① ≥ 125 ns 的样本占 4.945%（段①是两段式分布，它的 p99 落在哪一段只看这个占比在 1% 的哪一边）
rx_burst 包数分布（非空 burst）：1:79.84%  2:17.02%  3:2.81%  4:0.33%  其余更大的 burst 共 44 次（最大一次 13 个包）
主循环被外部打断：空轮询 > 1 µs 共 13050 次（累计 25.6 ms，最长 46.1 µs）；取包前 > 10 µs 共 11 次（累计 0.2 ms，最长 41.1 µs）
port: ipackets 5766698  opackets 5766764  imissed 0  ierrors 0  oerrors 0  rx_nombuf 0
AWS allowance（本次运行增量）：bw_in_allowance_exceeded=0  bw_out_allowance_exceeded=0  pps_allowance_exceeded=0  conntrack_allowance_exceeded=0  linklocal_allowance_exceeded=0
mbuf：pool 8191，初值 avail 8191（端口启动后 7168），关停后 avail 8191 → 泄漏 0 ✔
退出原因：到达 --duration-sec，停止发送并等在途请求收尾
构建：commit 7c98e813316e · rustc 1.98.1 (48a229cea 2026-09-01) · DPDK 25.11.3 · release
环境：AMD EPYC 9R45 · 内核 6.18.48-107.148.amzn2023.x86_64 · 网卡 0000:28:00.0 驱动 igb_uio（写合并映射：是）· clocksource tsc · rdtscp constant_tsc nonstop_tsc tsc_known_freq
时钟：读一次 rdtscp 平均 17.6 ns（每个被测段恰好含一次）；TSC 读数步长 26 周期 = 10.0 ns（时间戳分辨率，所有时间差都是它的整数倍）；周期→纳秒换算与 CLOCK_MONOTONIC_RAW 相差 +0.1 ppm
[1;34m[03:28:20][0m 退出码 0；报告：（由调用者指定）
