EAL: No free 1048576 kB hugepages reported on node 0
ENA_DRIVER: ena_get_metrics_entries(): 0x6 customer metrics are supported
[A async   10.0s] sent    1047160  recv    1047155  timeouts 0  late 0  104648 req/s
[A async   20.0s] sent    1982161  recv    1982145  timeouts 0  late 0  93439 req/s
[A async   30.0s] sent    2859905  recv    2859905  timeouts 0  late 0  87717 req/s
[A async   40.0s] sent    3749452  recv    3749439  timeouts 0  late 0  88897 req/s
[A async   50.0s] sent    4709331  recv    4709328  timeouts 0  late 0  95926 req/s
[A async   60.0s] sent    5676056  recv    5676056  timeouts 0  late 0  96610 req/s
ENA_DRIVER: ena_rx_queue_release(): Rx queue 0:0 released
ENA_DRIVER: ena_tx_queue_release(): Tx queue 0:0 released

==================== A · async-ping（自研 rt runtime） ====================
sessions 64  delay 500 µs  duration 60 s (实际 60.00 s)  payload 64 B  timeout 10000 µs  TSC 2.600 GHz
sent 5676056  received 5676056  timeouts 0  late 0  in-flight-at-end 0  unexpected 0  other 0  arp-replied 1  tx-full 0  no-mbuf 0
对账：sent − received − timeouts − in-flight = 0（应为 0）；丢包 = timeouts = 0（其中 0 个迟到收到）

metric (ns)                       count      min     mean      p50      p90      p99    p99.9   p99.99        max
in-process ①+②  [排名指标]          5676056       60      194      180      250      350      450      601      33150
seg① send  T1−T0                5676056       40       54       50       60       70      170      270       4200
seg② recv  T3−T2                5676056       20      140      130      190      300      390      521      33090
end-to-end T3−T0                5676056    52830   176361   167384   230793   233944   240246   251273     369300
seg③ wake→next T0               5676056       30      134       60      320      721     1129     1618       9980
sleep error                     5676056        0       34       10      100      280      790     2640      83060
  (诊断) seg① 距上次发送<100ns               0        0        0        0        0        0        0        0          0
  (诊断) seg① 100–250ns                 6       60       65       60       70       70       70       70         70
  (诊断) seg① 250–500ns           1508226       40       54       50       60      150      190      300       3940
  (诊断) seg① 500ns–2µs           2984768       40       53       50       60       70      160      230       4200
  (诊断) seg① ≥2µs                1183056       40       54       50       60       70      160      220       3540

rx_burst 包数分布（非空 burst）：1:78.09%  2:18.00%  3:3.55%  4:0.36%  5:0.00%  6:0.00%  7:0.00%  8:0.00%  9:0.00%  10:0.00%  14:0.00%  15:0.00%  16:0.00%  21:0.00%  24:0.00%
port: ipackets 5676057  opackets 5676163  imissed 0  ierrors 0  oerrors 0  rx_nombuf 0
AWS allowance（本次运行增量）：bw_in_allowance_exceeded=0  bw_out_allowance_exceeded=0  pps_allowance_exceeded=0  conntrack_allowance_exceeded=0  linklocal_allowance_exceeded=0
mbuf：pool 8191，初值 avail 8191（端口启动后 7168），关停后 avail 8191 → 泄漏 0 ✔
退出原因：到达 --duration-sec，停止发送并等在途请求收尾
