EAL: No free 1048576 kB hugepages reported on node 0
ENA_DRIVER: ena_get_metrics_entries(): 0x6 customer metrics are supported
[A async    5.0s] sent     499080  recv     499080  timeouts 0  late 0  99744 req/s
[A async   10.0s] sent    1025335  recv    1025331  timeouts 0  late 0  105183 req/s
[A async   15.0s] sent    1549999  recv    1549997  timeouts 0  late 0  104866 req/s
[A async   20.0s] sent    2071371  recv    2071371  timeouts 0  late 0  104209 req/s
[A async   25.0s] sent    2501453  recv    2501448  timeouts 0  late 0  85960 req/s
[A async   30.0s] sent    2933439  recv    2933389  timeouts 0  late 0  86340 req/s
[A async   35.0s] sent    3365384  recv    3365384  timeouts 0  late 0  86334 req/s
[A async   40.0s] sent    3797325  recv    3797320  timeouts 0  late 0  86329 req/s
[A async   45.0s] sent    4229227  recv    4229197  timeouts 0  late 0  86323 req/s
[A async   50.0s] sent    4661192  recv    4661192  timeouts 0  late 0  86338 req/s
[A async   55.0s] sent    5093133  recv    5093133  timeouts 0  late 0  86331 req/s
[A async   60.0s] sent    5520909  recv    5520909  timeouts 0  late 0  85499 req/s
ENA_DRIVER: ena_rx_queue_release(): Rx queue 0:0 released
ENA_DRIVER: ena_tx_queue_release(): Tx queue 0:0 released

==================== A · async-ping（自研 rt runtime） ====================
sessions 64  delay 500 µs  duration 60 s (实际 60.00 s)  payload 64 B  timeout 10000 µs  TSC 2.600 GHz
sent 5520909  received 5520909  timeouts 0  late 0  in-flight-at-end 0  unexpected 0  other 0  arp-replied 1  tx-full 0  no-mbuf 0
对账：sent − received − timeouts − in-flight = 0（应为 0）；丢包 = timeouts = 0（其中 0 个迟到收到）

metric (ns)                       count      min     mean      p50      p90      p99    p99.9   p99.99        max
in-process ①+②  [排名指标]          5520909       60      193      180      250      360      469      620      20460
seg① send  T1−T0                5520909       40       54       50       60       80      180      290       5530
seg② recv  T3−T2                5520909       20      139      120      190      300      401      540      20400
end-to-end T3−T0                5520909    52110   195355   238670   243396   248123   252849   311138    4413090
seg③ wake→next T0               5520909       20      145       70      320      721     1129     1572       9430
sleep error                     5520909        0       39       10      110      360      883     2726      83060
  (诊断) seg① 距上次发送<100ns               0        0        0        0        0        0        0        0          0
  (诊断) seg① 100–250ns                15       60       64       60       70       80       80       80         80
  (诊断) seg① 250–500ns           1551310       40       55       50       60      160      220      310       4090
  (诊断) seg① 500ns–2µs           2744909       40       53       50       60       70      160      240       5530
  (诊断) seg① ≥2µs                1224675       40       54       50       60       70      160      250       4160

rx_burst 包数分布（非空 burst）：1:77.63%  2:17.82%  3:3.78%  4:0.76%  5:0.00%  6:0.00%  7:0.00%  8:0.00%  9:0.00%  10:0.00%  15:0.00%  20:0.00%  25:0.00%  28:0.00%
port: ipackets 5520910  opackets 5521016  imissed 0  ierrors 0  oerrors 0  rx_nombuf 0
AWS allowance（本次运行增量）：bw_in_allowance_exceeded=0  bw_out_allowance_exceeded=0  pps_allowance_exceeded=0  conntrack_allowance_exceeded=0  linklocal_allowance_exceeded=0
mbuf：pool 8191，初值 avail 8191（端口启动后 7168），关停后 avail 8191 → 泄漏 0 ✔
退出原因：到达 --duration-sec，停止发送并等在途请求收尾
