EAL: No free 1048576 kB hugepages reported on node 0
ENA_DRIVER: ena_get_metrics_entries(): 0x6 customer metrics are supported
ENA_DRIVER: ena_rx_queue_release(): Rx queue 0:0 released
ENA_DRIVER: ena_tx_queue_release(): Tx queue 0:0 released

==================== B · raw-ping（手写 busy-poll，无 runtime） ====================
sessions 64  delay 800 µs  duration 60 s (实际 60.00 s)  payload 64 B  timeout 10000 µs  TSC 2.600 GHz
sent 4021910  received 4021910  timeouts 0  late 0  in-flight-at-end 0  unexpected 0  other 1  arp-replied 1  tx-full 0  no-mbuf 0
对账：sent − received − timeouts − in-flight = 0（应为 0）；丢包 = timeouts = 0（其中 0 个迟到收到）

metric (ns)                       count      min     mean      p50      p90      p99    p99.9   p99.99        max
in-process ①+②  [排名指标]          4021910       50      219      180      401      509      610      749      16180
seg① send  T1−T0                4021910       40       92       50      280      320      420      460       3970
seg② recv  T3−T2                4021910       10      128      120      180      270      360      469      15910
end-to-end T3−T0                4021910    54710   154677   188652   192590   195741   201255   263876     335520
seg③ wake→next T0               4021910       20       61       50       70      370      530      840       5160
sleep error                     4021910        0       32       20      110      300      610     2615      41070
  (诊断) seg① 距上次发送<100ns          550260      110      297      290      320      410      450      561       3920
  (诊断) seg① 100–250ns             97180       60      266      260      270      380      410      540       3320
  (诊断) seg① 250–500ns            156120       40       53       50       60       70      170      250       2940
  (诊断) seg① 500ns–2µs           1991791       40       53       50       60       70      160      250       3970
  (诊断) seg① ≥2µs                1226559       40       54       50       60       70      160      250       3520

rx_burst 包数分布（非空 burst）：1:83.85%  2:13.91%  3:2.06%  4:0.17%  5:0.00%  6:0.00%  7:0.00%  8:0.00%  9:0.00%  10:0.00%  14:0.00%
port: ipackets 4021912  opackets 4022017  imissed 0  ierrors 0  oerrors 0  rx_nombuf 0
AWS allowance（本次运行增量）：bw_in_allowance_exceeded=0  bw_out_allowance_exceeded=0  pps_allowance_exceeded=0  conntrack_allowance_exceeded=0  linklocal_allowance_exceeded=0
mbuf：pool 8191，初值 avail 8191（端口启动后 7168），关停后 avail 8191 → 泄漏 0 ✔
退出原因：到达 --duration-sec，停止发送并等在途请求收尾
