EAL: No free 1048576 kB hugepages reported on node 0
ENA_DRIVER: ena_get_metrics_entries(): 0x6 customer metrics are supported
ENA_DRIVER: ena_rx_queue_release(): Rx queue 0:0 released
ENA_DRIVER: ena_tx_queue_release(): Tx queue 0:0 released

==================== B · raw-ping（手写 busy-poll，无 runtime） ====================
sessions 64  delay 500 µs  duration 60 s (实际 60.00 s)  payload 64 B  timeout 10000 µs  TSC 2.600 GHz
sent 5842263  received 5842263  timeouts 0  late 0  in-flight-at-end 0  unexpected 0  other 0  arp-replied 1  tx-full 0  no-mbuf 0
对账：sent − received − timeouts − in-flight = 0（应为 0）；丢包 = timeouts = 0（其中 0 个迟到收到）

metric (ns)                       count      min     mean      p50      p90      p99    p99.9   p99.99        max
in-process ①+②  [排名指标]          5842263       50      231      180      420      521      610      740      20210
seg① send  T1−T0                5842263       40      106       50      290      320      401      450      10610
seg② recv  T3−T2                5842263       10      126      110      170      270      350      460      19900
end-to-end T3−T0                5842263    52830   157174   160295   163446   168960   232369   238670     456230
seg③ wake→next T0               5842263       20       67       50       80      380      730     1080      10180
sleep error                     5842263        0       38       20      120      460      700     2640      41280
  (诊断) seg① 距上次发送<100ns         1085308       70      297      290      320      370      441      561      10610
  (诊断) seg① 100–250ns            193098       70      265      260      270      340      401      700       3820
  (诊断) seg① 250–500ns            281183       40       53       50       60       70      170      240       2750
  (诊断) seg① 500ns–2µs           3128345       40       53       50       60       70      160      230      10080
  (诊断) seg① ≥2µs                1154329       40       54       50       60       70      160      230       4130

rx_burst 包数分布（非空 burst）：1:77.35%  2:18.89%  3:3.48%  4:0.28%  5:0.00%  6:0.00%  7:0.00%  8:0.00%  9:0.00%  10:0.00%  11:0.00%  12:0.00%  14:0.00%  17:0.00%  18:0.00%  24:0.00%
port: ipackets 5842264  opackets 5842370  imissed 0  ierrors 0  oerrors 0  rx_nombuf 0
AWS allowance（本次运行增量）：bw_in_allowance_exceeded=0  bw_out_allowance_exceeded=0  pps_allowance_exceeded=0  conntrack_allowance_exceeded=0  linklocal_allowance_exceeded=0
mbuf：pool 8191，初值 avail 8191（端口启动后 7168），关停后 avail 8191 → 泄漏 0 ✔
退出原因：到达 --duration-sec，停止发送并等在途请求收尾
