EAL: No free 1048576 kB hugepages reported on node 0
ENA_DRIVER: ena_get_metrics_entries(): 0x6 customer metrics are supported
[B raw   60.0s] sent    5309053  recv    5309024  timeouts 0  late 0  88424 req/s
[B raw  120.1s] sent   10793411  recv   10793411  timeouts 0  late 0  91342 req/s
[B raw  180.1s] sent   16611267  recv   16611236  timeouts 0  late 0  96894 req/s
[B raw  240.2s] sent   22428287  recv   22428287  timeouts 0  late 0  96888 req/s
[B raw  300.2s] sent   28245550  recv   28245536  timeouts 0  late 0  96890 req/s
[B raw  360.2s] sent   33792677  recv   33792614  timeouts 0  late 0  92388 req/s
[B raw  420.3s] sent   39150176  recv   39150176  timeouts 0  late 0  89233 req/s
[B raw  480.3s] sent   44549108  recv   44549107  timeouts 0  late 0  89908 req/s
[B raw  540.4s] sent   49698279  recv   49698228  timeouts 0  late 0  85754 req/s
ENA_DRIVER: ena_rx_queue_release(): Rx queue 0:0 released
ENA_DRIVER: ena_tx_queue_release(): Tx queue 0:0 released

==================== B · raw-ping（手写 busy-poll，无 runtime） ====================
sessions 64  delay 500 µs  duration 600 s (实际 600.01 s)  payload 64 B  timeout 10000 µs  TSC 2.600 GHz
sent 54903703  received 54903703  timeouts 0  late 0  in-flight-at-end 0  unexpected 0  other 1  arp-replied 10  tx-full 0  no-mbuf 0
对账：sent − received − timeouts − in-flight = 0（应为 0）；丢包 = timeouts = 0（其中 0 个迟到收到）

metric (ns)                       count      min     mean      p50      p90      p99    p99.9   p99.99        max
in-process ①+②  [排名指标]         54903703       50      234      180      420      521      610      749      50540
seg① send  T1−T0               54903703       40      107       50      300      330      401      460      50380
seg② recv  T3−T2               54903703       10      127      120      180      270      350      469      42780
end-to-end T3−T0               54903703    52030   199297   229218   248123   251273   256000   293809     472670
seg③ wake→next T0              54903703       20       69       50      120      380      749     1110      14320
sleep error                    54903703        0       41       20      120      481      840     2640      49700
  (诊断) seg① 距上次发送<100ns        10417325       60      299      300      320      350      441      610      50380
  (诊断) seg① 100–250ns           1919896       60      267      270      280      340      401      610       4350
  (诊断) seg① 250–500ns           2671948       40       53       50       60       70      160      260       4370
  (诊断) seg① 500ns–2µs          29167757       40       53       50       60       70      160      230      14210
  (诊断) seg① ≥2µs               10726777       40       54       50       60       70      150      210       6050

rx_burst 包数分布（非空 burst）：1:77.26%  2:18.53%  3:3.65%  4:0.56%  5:0.00%  6:0.00%  7:0.00%  8:0.00%  9:0.00%  10:0.00%  11:0.00%  12:0.00%  13:0.00%  14:0.00%  15:0.00%  17:0.00%  18:0.00%  19:0.00%  20:0.00%  21:0.00%  22:0.00%  23:0.00%  24:0.00%  27:0.00%  32:0.00%
port: ipackets 54903714  opackets 54903819  imissed 0  ierrors 0  oerrors 0  rx_nombuf 0
AWS allowance（本次运行增量）：bw_in_allowance_exceeded=0  bw_out_allowance_exceeded=0  pps_allowance_exceeded=0  conntrack_allowance_exceeded=0  linklocal_allowance_exceeded=0
mbuf：pool 8191，初值 avail 8191（端口启动后 7168），关停后 avail 8191 → 泄漏 0 ✔
退出原因：到达 --duration-sec，停止发送并等在途请求收尾
